[ddemidov.github.io/ev3dev-lang-python/index.html]
[backblue.gif]
[fade.gif]
[index.html]
[ddemidov.github.io/ev3dev-lang-python/_static/pyramid.css]
[ddemidov.github.io/ev3dev-lang-python/_static/pygments.css]
[ddemidov.github.io/ev3dev-lang-python/_static/jquery.js]
[ddemidov.github.io/ev3dev-lang-python/_static/underscore.js]
[ddemidov.github.io/ev3dev-lang-python/_static/doctools.js]
[ddemidov.github.io/ev3dev-lang-python/genindex.html]
[ddemidov.github.io/ev3dev-lang-python/py-modindex.html]
[ddemidov.github.io/ev3dev-lang-python/index.html]
[ddemidov.github.io/ev3dev-lang-python/search.html]
[fonts.googleapis.com/css45f9.css]
[fonts.googleapis.com/css42aa.css]
[ddemidov.github.io/ev3dev-lang-python/genindex.html]
[ddemidov.github.io/ev3dev-lang-python/py-modindex.html]
[ddemidov.github.io/ev3dev-lang-python/index-2.html]
[ddemidov.github.io/ev3dev-lang-python/_static/searchtools.js]
[ddemidov.github.io/ev3dev-lang-python/search.html]
[ddemidov.github.io/ev3dev-lang-python/index-2.html]
[ddemidov.github.io/ev3dev-lang-python/searchindex.js]
[ddemidov.github.io/ev3dev-lang-python/_static/underscore.js]
[ddemidov.github.io/ev3dev-lang-python/_static/basic.css]
[ddemidov.github.io/ev3dev-lang-python/_static/doctools.js]
[ddemidov.github.io/ev3dev-lang-python/_static/searchtools.js]
[ddemidov.github.io/ev3dev-lang-python/_static/jquery.js]
[ddemidov.github.io/ev3dev-lang-python/_static/headerbg.png]
[ddemidov.github.io/ev3dev-lang-python/searchindex.js]
[ddemidov.github.io/ev3dev-lang-python/_static/dialog-note.png]
[ddemidov.github.io/ev3dev-lang-python/_static/headerbg.png]
[ddemidov.github.io/ev3dev-lang-python/_static/dialog-seealso.png]
[ddemidov.github.io/ev3dev-lang-python/_static/dialog-warning.png]
[ddemidov.github.io/ev3dev-lang-python/_static/dialog-seealso.png]
[ddemidov.github.io/ev3dev-lang-python/_static/pyramid.css]
[ddemidov.github.io/ev3dev-lang-python/_static/pygments.css]
[ddemidov.github.io/ev3dev-lang-python/_static/dialog-todo.png]
[ddemidov.github.io/ev3dev-lang-python/_static/basic.css]
[ddemidov.github.io/ev3dev-lang-python/_static/file.png]
