[zetcode.com/databases/mysqltutorial/index.html]
[backblue.gif]
[fade.gif]
[index.html]
[apis.google.com/js/platform.js]
[connect.facebook.net/en_US/sdk.js]
[pagead2.googlesyndication.com/pagead/js/f.txt]
[zetcode.com/databases/mysqltutorial/firststeps.6.delayed]
[zetcode.com/databases/mysqltutorial/introduction/index.html]
[zetcode.com/databases/mysqltutorial/firststeps/index.html]
[zetcode.com/databases/mysqltutorial/quick]
[zetcode.com/databases/mysqltutorial/installation/index.html]
[zetcode.com/databases/mysqltutorial/quick/index.html]
[zetcode.com/databases/mysqltutorial/quick]
[zetcode.com/databases/mysqltutorial/storageengines]
[zetcode.com/databases/mysqltutorial/storageengines/index.html]
[zetcode.com/databases/mysqltutorial/storageengines]
[zetcode.com/databases/mysqltutorial/datatypes]
[zetcode.com/databases/mysqltutorial/datatypes/index.html]
[zetcode.com/databases/mysqltutorial/datatypes]
[zetcode.com/databases/mysqltutorial/tables]
[zetcode.com/databases/mysqltutorial/tables/index.html]
[zetcode.com/databases/mysqltutorial/tables]
[zetcode.com/databases/mysqltutorial/expressions]
[zetcode.com/databases/mysqltutorial/expressions/index.html]
[zetcode.com/databases/mysqltutorial/expressions]
[zetcode.com/databases/mysqltutorial/datamanipulation]
[zetcode.com/databases/mysqltutorial/datamanipulation/index.html]
[zetcode.com/databases/mysqltutorial/datamanipulation]
[zetcode.com/databases/mysqltutorial/select]
[zetcode.com/databases/mysqltutorial/select/index.html]
[zetcode.com/databases/mysqltutorial/select]
[zetcode.com/databases/mysqltutorial/exportimport]
[zetcode.com/databases/mysqltutorial/subqueries/index.html]
[zetcode.com/databases/mysqltutorial/exportimport]
[zetcode.com/databases/mysqltutorial/constraints/index.html]
[zetcode.com/databases/mysqltutorial/exportimport]
[zetcode.com/databases/mysqltutorial/exportimport/index.html]
[zetcode.com/databases/mysqltutorial/joins]
[zetcode.com/databases/mysqltutorial/joins/index.html]
[zetcode.com/databases/mysqltutorial/joins]
[zetcode.com/databases/mysqltutorial/functions]
[zetcode.com/databases/mysqltutorial/functions/index.html]
[zetcode.com/databases/mysqltutorial/functions]
[zetcode.com/databases/mysqltutorial/views]
[zetcode.com/databases/mysqltutorial/views/index.html]
[zetcode.com/databases/mysqltutorial/views]
[zetcode.com/databases/mysqltutorial/transactions]
[zetcode.com/databases/mysqltutorial/transactions/index.html]
[zetcode.com/databases/mysqltutorial/transactions]
[zetcode.com/databases/mysqltutorial/routines]
[zetcode.com/databases/mysqltutorial/routines/index.html]
[zetcode.com/databases/mysqltutorial/routines]
[zetcode.com/databases/mysqltutorial/index.html]
[zetcode.com/databases/mysqltutorial/introduction/index.html]
[zetcode.com/databases/mysqltutorial/installation/index.html]
[zetcode.com/databases/mysqltutorial/firststeps/index.html]
[zetcode.com/databases/mysqltutorial/quick/index.html]
[zetcode.com/databases/mysqltutorial/quick.html]
[zetcode.com/databases/mysqltutorial/storageengines/index.html]
[zetcode.com/databases/mysqltutorial/storageengines.html]
[zetcode.com/databases/mysqltutorial/datatypes/index.html]
[zetcode.com/databases/mysqltutorial/datatypes.html]
[zetcode.com/databases/mysqltutorial/tables/index.html]
[zetcode.com/databases/mysqltutorial/tables.html]
[zetcode.com/databases/mysqltutorial/expressions/index.html]
[zetcode.com/databases/mysqltutorial/expressions.html]
[zetcode.com/databases/mysqltutorial/datamanipulation/index.html]
[zetcode.com/databases/mysqltutorial/datamanipulation.html]
[zetcode.com/databases/mysqltutorial/select/index.html]
[zetcode.com/databases/mysqltutorial/select.html]
[zetcode.com/databases/mysqltutorial/subqueries/index.html]
[zetcode.com/databases/mysqltutorial/constraints/index.html]
[zetcode.com/databases/mysqltutorial/exportimport/index.html]
[zetcode.com/databases/mysqltutorial/joins/index.html]
[zetcode.com/databases/mysqltutorial/joins.html]
[zetcode.com/databases/mysqltutorial/functions/index.html]
[zetcode.com/databases/mysqltutorial/functions.html]
[zetcode.com/databases/mysqltutorial/views/index.html]
[zetcode.com/databases/mysqltutorial/views.html]
[zetcode.com/databases/mysqltutorial/transactions/index.html]
[zetcode.com/databases/mysqltutorial/transactions.html]
[zetcode.com/databases/mysqltutorial/routines/index.html]
[zetcode.com/databases/mysqltutorial/routines.html]
[zetcode.com/databases/mysqltutorial/installation]
[zetcode.com/databases/mysqltutorial/introduction]
[zetcode.com/databases/mysqltutorial/introduction]
[zetcode.com/databases/mysqltutorial/installation]
[zetcode.com/cfg/format2.css]
[zetcode.com/img/cmn/stripe.jpg]
[connect.facebook.net/en_US/sdk.js]
[zetcode.com/databases/mysqltutorial/ABCDEFGHIJKLMNOPQRSTUVWXYZabcdefghijklmnopqrstuvwxyz0123456789+/index.html]
[apis.google.com/js/platform.js]
[zetcode.com/databases/mysqltutorial/introduction/index.html]
[zetcode.com/databases/mysqltutorial/ABCDEFGHIJKLMNOPQRSTUVWXYZabcdefghijklmnopqrstuvwxyz0123456789+/index.html]
[zetcode.com/databases/mysqltutorial/dialog/index.html]
[zetcode.com/databases/mysqltutorial/dialog/index.html]
[zetcode.com/databases/mysqltutorial/%s/profile4d6d.html]
