[www.tutorialspoint.com/hadoop/index.html]
[backblue.gif]
[fade.gif]
[index.html]
[www.tutorialspoint.com/favicon.ico]
[cdn.tutorialspoint.com/theme/css/fonts/font-awesome/css/font-awesome.css]
[cdn.tutorialspoint.com/theme/css/custom-mini.css]
[cdn.tutorialspoint.com/theme/prettify.js]
[cdn.tutorialspoint.com/theme/vendor/modernizr.js]
[www.tutorialspoint.com/images/pattern.png]
[www.tutorialspoint.com/hadoop/images/logo.png]
[www.tutorialspoint.com/images/free-training.png]
[www.tutorialspoint.com/hadoop/images/hadoop-mini-logo.jpg]
[www.tutorialspoint.com/hadoop/hadoop_big_data_overview.html]
[www.tutorialspoint.com/hadoop/hadoop_big_data_solutions.html]
[www.tutorialspoint.com/hadoop/hadoop_introduction.html]
[www.tutorialspoint.com/hadoop/hadoop_enviornment_setup.html]
[www.tutorialspoint.com/hadoop/hadoop_hdfs_overview.html]
[www.tutorialspoint.com/hadoop/hadoop_hdfs_operations.html]
[www.tutorialspoint.com/hadoop/hadoop_command_reference.html]
[www.tutorialspoint.com/hadoop/hadoop_mapreduce.html]
[www.tutorialspoint.com/hadoop/hadoop_streaming.html]
[www.tutorialspoint.com/hadoop/hadoop_multi_node_cluster.html]
[www.tutorialspoint.com/hadoop/hadoop_quick_guide.html]
[www.tutorialspoint.com/hadoop/hadoop_useful_resources.html]
[www.tutorialspoint.com/hadoop/hadoop_discussion.html]
[www.tutorialspoint.com/hadoop/images/hadoop.jpg]
[www.tutorialspoint.com/hadoop/hadoop_pdf_version.html]
[pagead2.googlesyndication.com/pagead/f.txt]
[cdn.tutorialspoint.com/images/apple_store.png]
[s7.addthis.com/js/300/addthis_widget.js]
[cdn.tutorialspoint.com/images/google_play.png]
[cdn.tutorialspoint.com/images/windows_store.png]
[cdn.tutorialspoint.com/scripts/img/logo-footer.png]
[cdn.tutorialspoint.com/theme/js/custom-mini.js]
[www.google-analytics.com/urchin.js]
[cdn.tutorialspoint.com/theme/js/jquery.colorbox-min.js]
[www.tutorialspoint.com/hadoop/try_hadoop.25.delayed]
[www.tutorialspoint.com/hadoop/index.html]
[fonts.googleapis.com/cssf1e9.css]
[www.tutorialspoint.com/hadoop/hadoop_big_data_overview.html]
[www.tutorialspoint.com/hadoop/images/big_data.jpg]
[www.tutorialspoint.com/hadoop/images/traditional_approach.jpg]
[www.tutorialspoint.com/hadoop/images/mapreduce.jpg]
[www.tutorialspoint.com/hadoop/hadoop_big_data_solutions.html]
[www.tutorialspoint.com/hadoop/images/hadoop_framework.jpg]
[www.tutorialspoint.com/hadoop/hadoop_introduction.html]
[www.tutorialspoint.com/hadoop/images/hadoop_architecture.jpg]
[www.tutorialspoint.com/hadoop/images/hadoop_on_browser.jpg]
[www.tutorialspoint.com/hadoop/hadoop_enviornment_setup.html]
[www.tutorialspoint.com/hadoop/images/hadoop_application_cluster.jpg]
[www.tutorialspoint.com/hadoop/hadoop_hdfs_overview.html]
[www.tutorialspoint.com/hadoop/hadoop_hdfs_operations.html]
[www.tutorialspoint.com/hadoop/hadoop_command_reference.html]
[www.tutorialspoint.com/hadoop/images/hdfs_architecture.jpg]
[www.tutorialspoint.com/hadoop/hadoop_mapreduce.html]
[www.tutorialspoint.com/hadoop/hadoop_streaming.html]
[www.tutorialspoint.com/hadoop/hadoop_multi_node_cluster.html]
[www.tutorialspoint.com/hadoop/hadoop_quick_guide.html]
[www.tutorialspoint.com/hadoop/images/mapreduce_algorithm.jpg]
[www.tutorialspoint.com/hadoop/images/index.html]
[ecx.images-amazon.com/images/I/81VFU9r7wtL.jpg]
[ecx.images-amazon.com/images/I/51nM+kNSxQL.jpg]
[ecx.images-amazon.com/images/I/51i8wZI6tBL.jpg]
[ecx.images-amazon.com/images/I/41t20VPuiWL.jpg]
[ecx.images-amazon.com/images/I/41dxZtqCGhL.jpg]
[www.tutorialspoint.com/hadoop/hadoop_useful_resources.html]
[ecx.images-amazon.com/images/I/31u8JbyBAYL.jpg]
[www.tutorialspoint.com/hadoop/hadoop_discussion.html]
[connect.facebook.net/en_US/sdk.js]
[www.paypalobjects.com/en_GB/i/btn/btn_buynowCC_LG.gif]
[www.paypalobjects.com/en_GB/i/scr/pixel.gif]
[www.tutorialspoint.com/hadoop/hadoop_tutorial.pdf]
[www.tutorialspoint.com/hadoop/hadoop_pdf_version.html]
[www.tutorialspoint.com/hadoop/try_hadoop.html]
[www.tutorialspoint.com/hadoop/images/index.html]
[www.tutorialspoint.com/hadoop/images/pdf.jpg]
[cdn.tutorialspoint.com/theme/prettify.js]
[cdn.tutorialspoint.com/theme/vendor/modernizr.js]
[cdn.tutorialspoint.com/theme/css/fonts/font-awesome/css/font-awesome.css]
[cdn.tutorialspoint.com/images/pattern.png]
[www.tutorialspoint.com/hadoop/images/hadoop-mini-logo.jpg]
[cdn.tutorialspoint.com/images/link-icon.png]
[www.tutorialspoint.com/hadoop/images/hadoop.jpg]
[cdn.tutorialspoint.com/images/absolute-classes.png]
[cdn.tutorialspoint.com/images/absolute-classes-h.png]
[cdn.tutorialspoint.com/images/tutor.png]
[pagead2.googlesyndication.com/pagead/f.txt]
[cdn.tutorialspoint.com/images/tutor-h.png]
[cdn.tutorialspoint.com/images/hook.png]
[cdn.tutorialspoint.com/images/cdgrnd-sprite.jpg]
[cdn.tutorialspoint.com/theme/css/fonts/font-awesome/fonts/fontawesome-webfont862f.svg]
[cdn.tutorialspoint.com/theme/img/map-top.png]
[s7.addthis.com/js/300/addthis_widget.js]
[cdn.tutorialspoint.com/theme/img/map-bottom.png]
[cdn.tutorialspoint.com/images/apple_store.png]
[cdn.tutorialspoint.com/theme/img/home-concept.png]
[cdn.tutorialspoint.com/images/google_play.png]
[cdn.tutorialspoint.com/images/windows_store.png]
[cdn.tutorialspoint.com/scripts/img/logo-footer.png]
[cdn.tutorialspoint.com/theme/img/home-concept-icons.png]
[cdn.tutorialspoint.com/theme/js/custom-mini.js]
[cdn.tutorialspoint.com/theme/img/social-sprites.png]
[cdn.tutorialspoint.com/images/link.png]
[cdn.tutorialspoint.com/images/hits.gif]
[cdn.tutorialspoint.com/theme/js/jquery.colorbox-min.js]
[cdn.tutorialspoint.com/images/list-icon.png]
[cdn.tutorialspoint.com/images/icon-bullet.png]
[www.tutorialspoint.com/hadoop/images/big_data.jpg]
[cdn.tutorialspoint.com/images/sprite.png]
[cdn.tutorialspoint.com/images/controls.png]
[cdn.tutorialspoint.com/theme/css/custom-mini.css]
[www.tutorialspoint.com/hadoop/images/traditional_approach.jpg]
[www.tutorialspoint.com/hadoop/images/mapreduce.jpg]
[www.tutorialspoint.com/hadoop/images/hadoop_framework.jpg]
[www.tutorialspoint.com/hadoop/images/hadoop_architecture.jpg]
[www.tutorialspoint.com/hadoop/hadoop_big_data_overview.html]
[www.tutorialspoint.com/hadoop/images/hadoop_on_browser.jpg]
[www.tutorialspoint.com/hadoop/hadoop_pdf_version.html]
[www.tutorialspoint.com/hadoop/try_hadoop.html]
[www.tutorialspoint.com/hadoop/images/hadoop_application_cluster.jpg]
[www.tutorialspoint.com/hadoop/images/index.html]
[www.tutorialspoint.com/hadoop/%s/profile.504d6d.delayed]
[connect.facebook.net/en_US/sdk.js]
[www.tutorialspoint.com/hadoop/images/pdf.jpg]
[cdn.tutorialspoint.com/images/pattern.png]
[cdn.tutorialspoint.com/images/link-icon.png]
[cdn.tutorialspoint.com/images/absolute-classes.png]
[cdn.tutorialspoint.com/images/absolute-classes-h.png]
[cdn.tutorialspoint.com/images/tutor.png]
[cdn.tutorialspoint.com/images/hook.png]
[cdn.tutorialspoint.com/images/cdgrnd-sprite.jpg]
[cdn.tutorialspoint.com/theme/img/map-top.png]
[cdn.tutorialspoint.com/theme/img/map-bottom.png]
[cdn.tutorialspoint.com/theme/img/home-concept.png]
[cdn.tutorialspoint.com/theme/img/home-concept-icons.png]
[cdn.tutorialspoint.com/theme/img/social-sprites.png]
[cdn.tutorialspoint.com/images/link.png]
[www.paypalobjects.com/en_GB/i/btn/btn_buynowCC_LG.gif]
[cdn.tutorialspoint.com/images/hits.gif]
[cdn.tutorialspoint.com/images/list-icon.png]
[cdn.tutorialspoint.com/images/icon-bullet.png]
[cdn.tutorialspoint.com/images/sprite.png]
[cdn.tutorialspoint.com/images/controls.png]
[cdn.tutorialspoint.com/images/loading-cg.gif]
[www.tutorialspoint.com/hadoop/ABCDEFGHIJKLMNOPQRSTUVWXYZabcdefghijklmnopqrstuvwxyz0123456789+/index.html]
[www.tutorialspoint.com/hadoop/dialog/index.html]
[www.paypalobjects.com/en_GB/i/scr/pixel.gif]
[cdn.tutorialspoint.com/theme/js/jquery.js]
[cdn.tutorialspoint.com/theme/css/fonts/font-awesome/fonts/fontawesome-webfont862f.svg]
[www.tutorialspoint.com/hadoop/ABCDEFGHIJKLMNOPQRSTUVWXYZabcdefghijklmnopqrstuvwxyz0123456789+/index.html]
[www.tutorialspoint.com/hadoop/dialog/index.html]
[www.tutorialspoint.com/hadoop/%s/profile4d6d.html]
[cdn.tutorialspoint.com/images/loading.gif]
[cdn.tutorialspoint.com/theme/img/home-concept-item.png]
