[www.freeos.com/guides/lsst/index.html]
[backblue.gif]
[fade.gif]
[index.html]
[www.freeos.com/guides/lsst/008000.0.delayed]
[pagead2.googlesyndication.com/pagead/f.txt]
[www.freeos.com/guides/lsst/aboutthisdoc.html]
[www.freeos.com/guides/lsst/images/nixcraftlogo.gif]
[www.freeos.com/guides/lsst/main-page.html]
[www.freeos.com/guides/lsst/images/Book-Main Page200x190.jpg]
[www.freeos.com/guides/lsst/ch01.html]
[www.freeos.com/guides/lsst/ch01sec01.html]
[www.freeos.com/guides/lsst/ch01sec02.html]
[www.freeos.com/guides/lsst/ch01sec03.html]
[www.freeos.com/guides/lsst/ch01sec04.html]
[www.freeos.com/guides/lsst/ch01sec05.html]
[www.freeos.com/guides/lsst/ch01sec06.html]
[www.freeos.com/guides/lsst/ch01sec07.html]
[www.freeos.com/guides/lsst/ch01sec08.html]
[www.freeos.com/guides/lsst/ch01sec09.html]
[www.freeos.com/guides/lsst/ch01sec10.html]
[www.freeos.com/guides/lsst/ch01sec11.html]
[www.freeos.com/guides/lsst/ch02.html]
[www.freeos.com/guides/lsst/ch02sec01.html]
[www.freeos.com/guides/lsst/ch02sec02.html]
[www.freeos.com/guides/lsst/ch02sec03.html]
[www.freeos.com/guides/lsst/ch02sec04.html]
[www.freeos.com/guides/lsst/ch02sec05.html]
[www.freeos.com/guides/lsst/ch02sec06.html]
[www.freeos.com/guides/lsst/ch02sec07.html]
[www.freeos.com/guides/lsst/ch02sec08.html]
[www.freeos.com/guides/lsst/ch02sec09.html]
[www.freeos.com/guides/lsst/ch02sec10.html]
[www.freeos.com/guides/lsst/ch02sec11.html]
[www.freeos.com/guides/lsst/ch02sec12.html]
[www.freeos.com/guides/lsst/ch02sec13.html]
[www.freeos.com/guides/lsst/ch02sec14.html]
[www.freeos.com/guides/lsst/ch02sec15.html]
[www.freeos.com/guides/lsst/ch02sec16.html]
[www.freeos.com/guides/lsst/ch02sec17.html]
[www.freeos.com/guides/lsst/ch02sec18.html]
[www.freeos.com/guides/lsst/ch02sec19.html]
[www.freeos.com/guides/lsst/ch02sec20.html]
[www.freeos.com/guides/lsst/ch03.html]
[www.freeos.com/guides/lsst/ch03sec01.html]
[www.freeos.com/guides/lsst/ch03sec02.html]
[www.freeos.com/guides/lsst/ch03sec03.html]
[www.freeos.com/guides/lsst/ch03sec04.html]
[www.freeos.com/guides/lsst/ch03sec05.html]
[www.freeos.com/guides/lsst/ch03sec06.html]
[www.freeos.com/guides/lsst/ch03sec07.html]
[www.freeos.com/guides/lsst/ch03sec08.html]
[www.freeos.com/guides/lsst/ch03sec09.html]
[www.freeos.com/guides/lsst/ch04.html]
[www.freeos.com/guides/lsst/ch04sec1.html]
[www.freeos.com/guides/lsst/ch04sec2.html]
[www.freeos.com/guides/lsst/ch04sec3.html]
[www.freeos.com/guides/lsst/ch04sec4.html]
[www.freeos.com/guides/lsst/ch04sec5.html]
[www.freeos.com/guides/lsst/ch04sec6.html]
[www.freeos.com/guides/lsst/ch04sec7.html]
[www.freeos.com/guides/lsst/ch04sec8.html]
[www.freeos.com/guides/lsst/ch04sec9.html]
[www.freeos.com/guides/lsst/ch04sec10.html]
[www.freeos.com/guides/lsst/ch04sec11.html]
[www.freeos.com/guides/lsst/ch04sec12.html]
[www.freeos.com/guides/lsst/ch04sec14.html]
[www.freeos.com/guides/lsst/ch04sec13.html]
[www.freeos.com/guides/lsst/ch05.html]
[www.freeos.com/guides/lsst/ch05sec01.html]
[www.freeos.com/guides/lsst/ch05sec02.html]
[www.freeos.com/guides/lsst/ch05sec03.html]
[www.freeos.com/guides/lsst/ch05sec04.html]
[www.freeos.com/guides/lsst/ch05sec05.html]
[www.freeos.com/guides/lsst/ch05sec06.html]
[www.freeos.com/guides/lsst/ch05sec07.html]
[www.freeos.com/guides/lsst/ch05sec08.html]
[www.freeos.com/guides/lsst/ch05sec09.html]
[www.freeos.com/guides/lsst/ch06.html]
[www.freeos.com/guides/lsst/ch06sec01.html]
[www.freeos.com/guides/lsst/ch06sec02.html]
[www.freeos.com/guides/lsst/ch06sec03.html]
[www.freeos.com/guides/lsst/ch06sec04.html]
[www.freeos.com/guides/lsst/ch06sec05.html]
[www.freeos.com/guides/lsst/ch06sec06.html]
[www.freeos.com/guides/lsst/ch06sec07.html]
[www.freeos.com/guides/lsst/ch06sec08.html]
[www.freeos.com/guides/lsst/ch06sec09.html]
[www.freeos.com/guides/lsst/ch06sec10.html]
[www.freeos.com/guides/lsst/ch06sec11.html]
[www.freeos.com/guides/lsst/ch07.html]
[www.freeos.com/guides/lsst/ch07sec01.html]
[www.freeos.com/guides/lsst/ch07sec02.html]
[www.freeos.com/guides/lsst/ch07sec03.html]
[www.freeos.com/guides/lsst/ch07sec04.html]
[www.freeos.com/guides/lsst/ch07sec05.html]
[www.freeos.com/guides/lsst/ch07sec06.html]
[www.freeos.com/guides/lsst/ch07sec07.html]
[www.freeos.com/guides/lsst/ch07sec08.html]
[www.freeos.com/guides/lsst/ch07sec09.html]
[www.freeos.com/guides/lsst/ch07sec10.html]
[www.freeos.com/guides/lsst/ch07sec11.html]
[www.freeos.com/guides/lsst/ch07sec12.html]
[www.freeos.com/guides/lsst/ch07sec13.html]
[www.freeos.com/guides/lsst/ch07sec14.html]
[www.freeos.com/guides/lsst/ch08.html]
[www.freeos.com/guides/lsst/scripts/leap]
[www.freeos.com/guides/lsst/scripts/sortA]
[www.freeos.com/guides/lsst/scripts/calavg]
[www.freeos.com/guides/lsst/scripts/dec2hex]
[www.freeos.com/guides/lsst/scripts/fact]
[www.freeos.com/guides/lsst/scripts/AddDomain]
[www.freeos.com/guides/lsst/ch09.html]
[www.freeos.com/guides/lsst/appa.html]
[www.freeos.com/guides/lsst/aboutauth.html]
[www.freeos.com/guides/lsst/index.html]
[www.freeos.com/guides/lsst/008000.html]
[www.freeos.com/guides/lsst/aboutthisdoc.html]
[www.freeos.com/guides/lsst/index-2.html]
[www.freeos.com/guides/lsst/main-page.html]
[www.freeos.com/guides/lsst/images/Book-Main Page800x600.jpg]
[www.freeos.com/guides/lsst/ch01.html]
[www.freeos.com/guides/lsst/images/bulb.gif]
[www.freeos.com/guides/lsst/ch01sec01.html]
[www.freeos.com/guides/lsst/ch01sec02.html]
[www.freeos.com/guides/lsst/misc.html]
[www.freeos.com/guides/lsst/images/redhat.gif]
[www.freeos.com/guides/lsst/images/suse.gif]
[www.freeos.com/guides/lsst/images/logo-mandrakesoft.jpg]
[www.freeos.com/guides/lsst/images/caldera.gif]
[www.freeos.com/guides/lsst/images/debian.jpg]
[www.freeos.com/guides/lsst/images/debiantext.jpg]
[www.freeos.com/guides/lsst/ch01sec03.html]
[www.freeos.com/guides/lsst/ch01sec04.html]
[www.freeos.com/guides/lsst/images/slackware.jpg]
[www.freeos.com/guides/lsst/images/server.gif]
[www.freeos.com/guides/lsst/ch01sec05.html]
[www.freeos.com/guides/lsst/images/internet.gif]
[www.freeos.com/guides/lsst/ch01sec06.html]
[www.freeos.com/guides/lsst/ch01sec07.html]
[www.freeos.com/guides/lsst/ch01sec08.html]
[www.freeos.com/guides/lsst/ch01sec09.html]
[www.freeos.com/guides/lsst/ch01sec10.html]
[www.freeos.com/guides/lsst/ch01sec11.html]
[www.freeos.com/guides/lsst/ch02.html]
[www.freeos.com/guides/lsst/ch02sec01.html]
[www.freeos.com/guides/lsst/ch02sec02.html]
[www.freeos.com/guides/lsst/ch02sec03.html]
[www.freeos.com/guides/lsst/ch02sec04.html]
[www.freeos.com/guides/lsst/ch02sec05.html]
[www.freeos.com/guides/lsst/ch02sec06.html]
[www.freeos.com/guides/lsst/ch02sec07.html]
[www.freeos.com/guides/lsst/ch02sec08.html]
[www.freeos.com/guides/lsst/ch02sec09.html]
[www.freeos.com/guides/lsst/ch02sec10.html]
[www.freeos.com/guides/lsst/ch02sec11.html]
[www.freeos.com/guides/lsst/ch02sec12.html]
[www.freeos.com/guides/lsst/ch02sec13.html]
[www.freeos.com/guides/lsst/images/rela.gif]
[www.freeos.com/guides/lsst/images/myshell.gif]
[www.freeos.com/guides/lsst/images/1.gif]
[www.freeos.com/guides/lsst/images/2.gif]
[www.freeos.com/guides/lsst/ch02sec14.html]
[www.freeos.com/guides/lsst/ch02sec15.html]
[www.freeos.com/guides/lsst/images/3.gif]
[www.freeos.com/guides/lsst/ch02sec16.html]
[www.freeos.com/guides/lsst/ch02sec17.html]
[www.freeos.com/guides/lsst/ch02sec18.html]
[www.freeos.com/guides/lsst/ch02sec19.html]
[www.freeos.com/guides/lsst/images/pipe.gif]
[www.freeos.com/guides/lsst/ch02sec20.html]
[www.freeos.com/guides/lsst/ch03.html]
[www.freeos.com/guides/lsst/ch03sec01.html]
[www.freeos.com/guides/lsst/ch03sec02.html]
[www.freeos.com/guides/lsst/ch03sec03.html]
[www.freeos.com/guides/lsst/ch03sec04.html]
[www.freeos.com/guides/lsst/ch03sec05.html]
[www.freeos.com/guides/lsst/images/toppid.jpg]
[www.freeos.com/guides/lsst/ch03sec06.html]
[www.freeos.com/guides/lsst/ch03sec07.html]
[www.freeos.com/guides/lsst/ch03sec08.html]
[www.freeos.com/guides/lsst/ch03sec09.html]
[www.freeos.com/guides/lsst/ch04.html]
[www.freeos.com/guides/lsst/ch04sec1.html]
[www.freeos.com/guides/lsst/ch04sec2.html]
[www.freeos.com/guides/lsst/ch04sec3.html]
[www.freeos.com/guides/lsst/ch04sec4.html]
[www.freeos.com/guides/lsst/images/chessboard-output.jpg]
[www.freeos.com/guides/lsst/ch04sec5.html]
[www.freeos.com/guides/lsst/ch04sec6.html]
[www.freeos.com/guides/lsst/advance01.html]
[www.freeos.com/guides/lsst/scripts/dial]
[www.freeos.com/guides/lsst/ch04sec7.html]
[www.freeos.com/guides/lsst/images/dia01.sh-output.jpg]
[www.freeos.com/guides/lsst/scripts/dia2]
[www.freeos.com/guides/lsst/ch04sec8.html]
[www.freeos.com/guides/lsst/images/dia2-output.jpg]
[www.freeos.com/guides/lsst/scripts/dia3]
[www.freeos.com/guides/lsst/ch04sec9.html]
[www.freeos.com/guides/lsst/images/dia3-output.jpg]
[www.freeos.com/guides/lsst/scripts/dia4]
[www.freeos.com/guides/lsst/ch04sec10.html]
[www.freeos.com/guides/lsst/images/dia4-output.jpg]
[www.freeos.com/guides/lsst/scripts/smenu]
[www.freeos.com/guides/lsst/ch04sec11.html]
[www.freeos.com/guides/lsst/ch04sec12.html]
[www.freeos.com/guides/lsst/ch04sec14.html]
[www.freeos.com/guides/lsst/ch04sec13.html]
[www.freeos.com/guides/lsst/ch05.html]
[www.freeos.com/guides/lsst/images/dia5-output.jpg]
[www.freeos.com/guides/lsst/datafiles/sname]
[www.freeos.com/guides/lsst/ch05sec01.html]
[www.freeos.com/guides/lsst/ch05sec02.html]
[www.freeos.com/guides/lsst/ch05sec03.html]
[www.freeos.com/guides/lsst/ch05sec04.html]
[www.freeos.com/guides/lsst/ch05sec05.html]
[www.freeos.com/guides/lsst/datafiles/smark]
[www.freeos.com/guides/lsst/ch05sec06.html]
[www.freeos.com/guides/lsst/datafiles/inventory]
[www.freeos.com/guides/lsst/ch05sec07.html]
[www.freeos.com/guides/lsst/datafiles/teaormilk]
[www.freeos.com/guides/lsst/ch05sec08.html]
[www.freeos.com/guides/lsst/datafiles/personame]
[www.freeos.com/guides/lsst/ch05sec09.html]
[www.freeos.com/guides/lsst/datafiles/demo-file]
[www.freeos.com/guides/lsst/ch06.html]
[www.freeos.com/guides/lsst/ch06sec01.html]
[www.freeos.com/guides/lsst/ch06sec02.html]
[www.freeos.com/guides/lsst/ch06sec03.html]
[www.freeos.com/guides/lsst/ch06sec04.html]
[www.freeos.com/guides/lsst/ch06sec05.html]
[www.freeos.com/guides/lsst/ch06sec06.html]
[www.freeos.com/guides/lsst/ch06sec07.html]
[www.freeos.com/guides/lsst/ch06sec08.html]
[www.freeos.com/guides/lsst/ch06sec09.html]
[www.freeos.com/guides/lsst/ch06sec10.html]
[www.freeos.com/guides/lsst/ch06sec11.html]
[www.freeos.com/guides/lsst/ch07.html]
[www.freeos.com/guides/lsst/datafiles/demofile]
[www.freeos.com/guides/lsst/ch07sec01.html]
[www.freeos.com/guides/lsst/ch07sec02.html]
[www.freeos.com/guides/lsst/datafiles/inven]
[www.freeos.com/guides/lsst/ch07sec03.html]
[www.freeos.com/guides/lsst/datafiles/math]
[www.freeos.com/guides/lsst/datafiles/math1]
[www.freeos.com/guides/lsst/datafiles/bill]
[www.freeos.com/guides/lsst/datafiles/bill1]
[www.freeos.com/guides/lsst/ch07sec04.html]
[www.freeos.com/guides/lsst/datafiles/bill2]
[www.freeos.com/guides/lsst/ch07sec05.html]
[www.freeos.com/guides/lsst/datafiles/bill3]
[www.freeos.com/guides/lsst/ch07sec06.html]
[www.freeos.com/guides/lsst/datafiles/bill4]
[www.freeos.com/guides/lsst/ch07sec07.html]
[www.freeos.com/guides/lsst/datafiles/math2]
[www.freeos.com/guides/lsst/datafiles/while01.awk]
[www.freeos.com/guides/lsst/datafiles/for_loop]
[www.freeos.com/guides/lsst/ch07sec08.html]
[www.freeos.com/guides/lsst/datafiles/while_loop]
[www.freeos.com/guides/lsst/datafiles/filelist.conf]
[www.freeos.com/guides/lsst/datafiles/tryrmsys]
[www.freeos.com/guides/lsst/scripts/up2low]
[www.freeos.com/guides/lsst/ch07sec09.html]
[www.freeos.com/guides/lsst/scripts/rename.awk]
[www.freeos.com/guides/lsst/datafiles/testusrip]
[www.freeos.com/guides/lsst/datafiles/awkread_file]
[www.freeos.com/guides/lsst/datafiles/awkread_file1]
[www.freeos.com/guides/lsst/ch07sec10.html]
[www.freeos.com/guides/lsst/scripts/temp2final1.awk]
[www.freeos.com/guides/lsst/ch07sec11.html]
[www.freeos.com/guides/lsst/ch07sec12.html]
[www.freeos.com/guides/lsst/datafiles/demofile1]
[www.freeos.com/guides/lsst/datafiles/inven1]
[www.freeos.com/guides/lsst/ch07sec13.html]
[www.freeos.com/guides/lsst/datafiles/chg1.sed]
[www.freeos.com/guides/lsst/datafiles/demofile2]
[www.freeos.com/guides/lsst/datafiles/dem_gsed]
[www.freeos.com/guides/lsst/datafiles/demofile3]
[www.freeos.com/guides/lsst/ch07sec14.html]
[www.freeos.com/guides/lsst/datafiles/friends]
[www.freeos.com/guides/lsst/scripts/q1]
[www.freeos.com/guides/lsst/scripts/q2]
[www.freeos.com/guides/lsst/scripts/q3]
[www.freeos.com/guides/lsst/scripts/q4]
[www.freeos.com/guides/lsst/scripts/q5]
[www.freeos.com/guides/lsst/scripts/q6]
[www.freeos.com/guides/lsst/scripts/q7]
[www.freeos.com/guides/lsst/scripts/q10]
[www.freeos.com/guides/lsst/scripts/q11]
[www.freeos.com/guides/lsst/scripts/q12]
[www.freeos.com/guides/lsst/scripts/q13]
[www.freeos.com/guides/lsst/scripts/q14]
[www.freeos.com/guides/lsst/scripts/q15]
[www.freeos.com/guides/lsst/scripts/q16]
[www.freeos.com/guides/lsst/scripts/q17]
[www.freeos.com/guides/lsst/scripts/q18]
[www.freeos.com/guides/lsst/scripts/q19]
[www.freeos.com/guides/lsst/scripts/for2]
[www.freeos.com/guides/lsst/scripts/for3]
[www.freeos.com/guides/lsst/scripts/for4]
[www.freeos.com/guides/lsst/images/forloop/for2.jpg]
[www.freeos.com/guides/lsst/images/forloop/for3.jpg]
[www.freeos.com/guides/lsst/images/forloop/for4.jpg]
[www.freeos.com/guides/lsst/scripts/for5]
[www.freeos.com/guides/lsst/scripts/for6]
[www.freeos.com/guides/lsst/scripts/for7]
[www.freeos.com/guides/lsst/images/forloop/for5.jpg]
[www.freeos.com/guides/lsst/images/forloop/for6.jpg]
[www.freeos.com/guides/lsst/images/forloop/for7.jpg]
[www.freeos.com/guides/lsst/images/forloop/thumbs/for7_small.jpg]
[www.freeos.com/guides/lsst/scripts/for8]
[www.freeos.com/guides/lsst/scripts/for9]
[www.freeos.com/guides/lsst/images/forloop/for8.jpg]
[www.freeos.com/guides/lsst/images/forloop/thumbs/for8_small.jpg]
[www.freeos.com/guides/lsst/images/forloop/for8-b.jpg]
[www.freeos.com/guides/lsst/images/forloop/thumbs/for8-b_small.jpg]
[www.freeos.com/guides/lsst/images/forloop/for9.jpg]
[www.freeos.com/guides/lsst/ch08.html]
[www.freeos.com/guides/lsst/ch09.html]
[www.freeos.com/guides/lsst/images/forloop/thumbs/for9_small.jpg]
[www.freeos.com/guides/lsst/appb.d7.delayed]
[www.freeos.com/guides/lsst/linuxcom.d8.delayed]
[www.freeos.com/guides/lsst/images/filesys.gif]
[www.freeos.com/guides/lsst/images/fig01.html]
[www.freeos.com/guides/lsst/scripts/dir.db.delayed]
[www.freeos.com/guides/lsst/images/expfileidentify.jpg]
[www.freeos.com/guides/lsst/images/konqueror.jpg]
[www.freeos.com/guides/lsst/images/kdefileinfo1.jpg]
[www.freeos.com/guides/lsst/images/kdefileinfo2.jpg]
[www.freeos.com/guides/lsst/images/kdefileinfo3.jpg]
[www.freeos.com/guides/lsst/images/treeex1.gif]
[www.freeos.com/guides/lsst/appa.html]
[www.freeos.com/guides/lsst/aboutauth.html]
[www.freeos.com/guides/lsst/index-2.html]
[www.freeos.com/guides/lsst/images/treelinux.gif]
[www.freeos.com/guides/lsst/images/backarr.gif]
[www.freeos.com/guides/lsst/images/binfirst.gif]
[www.freeos.com/guides/lsst/datafiles/kbdfuns]
[www.freeos.com/guides/lsst/datafiles/demom]
[www.freeos.com/guides/lsst/misc.html]
[www.freeos.com/guides/lsst/images/boxecer.jpg]
[www.freeos.com/guides/lsst/scripts/pass]
[www.freeos.com/guides/lsst/advance01.html]
[www.freeos.com/guides/lsst/appb.html]
[www.freeos.com/guides/lsst/linuxcom.html]
[www.freeos.com/guides/lsst/images/fig01.html]
[www.freeos.com/guides/lsst/scripts/dir.html]
[www.freeos.com/guides/lsst/scripts/pass1]
[www.freeos.com/guides/lsst/aboutthisdoc.html]
[www.freeos.com/guides/lsst/images/Book-Main Page200x190.jpg]
[www.freeos.com/guides/lsst/images/nixcraftlogo.gif]
[www.freeos.com/guides/lsst/scripts/leap]
[www.freeos.com/guides/lsst/main-page.html]
[www.freeos.com/guides/lsst/scripts/sortA]
[www.freeos.com/guides/lsst/scripts/calavg]
[www.freeos.com/guides/lsst/ch01.html]
[www.freeos.com/guides/lsst/scripts/dec2hex]
[www.freeos.com/guides/lsst/scripts/fact]
[www.freeos.com/guides/lsst/scripts/AddDomain]
[www.freeos.com/guides/lsst/ch09.html]
[www.freeos.com/guides/lsst/images/Book-Main Page800x600.jpg]
[www.freeos.com/guides/lsst/images/bulb.gif]
[www.freeos.com/guides/lsst/images/redhat.gif]
[www.freeos.com/guides/lsst/misc.html]
[www.freeos.com/guides/lsst/images/logo-mandrakesoft.jpg]
[www.freeos.com/guides/lsst/images/suse.gif]
[www.freeos.com/guides/lsst/images/caldera.gif]
[www.freeos.com/guides/lsst/advance01.html]
[www.freeos.com/guides/lsst/appb.html]
[www.freeos.com/guides/lsst/scripts/dial]
[www.freeos.com/guides/lsst/images/expfileidentify.jpg]
[www.freeos.com/guides/lsst/images/filesys.gif]
[www.freeos.com/guides/lsst/images/fig01.html]
[www.freeos.com/guides/lsst/images/konqueror.jpg]
[www.freeos.com/guides/lsst/scripts/pass1]
[www.freeos.com/guides/lsst/scripts/pass1]
