[www.w3schools.com/bootstrap/default.html]
[backblue.gif]
[fade.gif]
[index.html]
[www.w3schools.com/favicon.ico]
[www.w3schools.com/bs/css/bootstrap_w3schools.css]
[www.w3schools.com/jquery.js]
[www.w3schools.com/bs/js/bootstrap.min.js]
[www.google-analytics.com/analytics.js]
[www.w3schools.com/stdtheme.css]
[www.w3schools.com/images/w3schools.png]
[www.w3schools.com/bootstrap/bootstrap_get_started.html]
[www.w3schools.com/bootstrap/bootstrap_grid_basic.html]
[www.w3schools.com/bootstrap/bootstrap_typography.html]
[www.w3schools.com/bootstrap/bootstrap_tables.html]
[www.w3schools.com/bootstrap/bootstrap_images.html]
[www.w3schools.com/bootstrap/bootstrap_jumbotron_header.html]
[www.w3schools.com/bootstrap/bootstrap_wells.html]
[www.w3schools.com/bootstrap/bootstrap_alerts.html]
[www.w3schools.com/bootstrap/bootstrap_buttons.html]
[www.w3schools.com/bootstrap/bootstrap_button_groups.html]
[www.w3schools.com/bootstrap/bootstrap_glyphicons.html]
[www.w3schools.com/bootstrap/bootstrap_badges_labels.html]
[www.w3schools.com/bootstrap/bootstrap_progressbars.html]
[www.w3schools.com/bootstrap/bootstrap_pagination.html]
[www.w3schools.com/bootstrap/bootstrap_pager.html]
[www.w3schools.com/bootstrap/bootstrap_list_groups.html]
[www.w3schools.com/bootstrap/bootstrap_panels.html]
[www.w3schools.com/bootstrap/bootstrap_dropdowns.html]
[www.w3schools.com/bootstrap/bootstrap_tabs_pills.html]
[www.w3schools.com/bootstrap/bootstrap_navbar.html]
[www.w3schools.com/bootstrap/bootstrap_forms.html]
[www.w3schools.com/bootstrap/bootstrap_forms_inputs.html]
[www.w3schools.com/bootstrap/bootstrap_forms_inputs2.html]
[www.w3schools.com/bootstrap/bootstrap_forms_sizing.html]
[www.w3schools.com/bootstrap/bootstrap_carousel.html]
[www.w3schools.com/bootstrap/bootstrap_modal.html]
[www.w3schools.com/bootstrap/bootstrap_tooltip.html]
[www.w3schools.com/bootstrap/bootstrap_popover.html]
[www.w3schools.com/bootstrap/bootstrap_scrollspy.html]
[www.w3schools.com/bootstrap/bootstrap_grid_system.html]
[www.w3schools.com/bootstrap/bootstrap_grid_stacked_to_horizontal.html]
[www.w3schools.com/bootstrap/bootstrap_grid_small.html]
[www.w3schools.com/bootstrap/bootstrap_grid_medium.html]
[www.w3schools.com/bootstrap/bootstrap_grid_large.html]
[www.w3schools.com/bootstrap/bootstrap_grid_examples.html]
[www.w3schools.com/bootstrap/bootstrap_case_container.html]
[www.w3schools.com/bootstrap/bootstrap_case_jumbotron.html]
[www.w3schools.com/bootstrap/bootstrap_case_buttons.html]
[www.w3schools.com/bootstrap/bootstrap_case_multicolumns.html]
[www.w3schools.com/bootstrap/bootstrap_case_menu.html]
[www.w3schools.com/bootstrap/bootstrap_case_navigation.html]
[www.w3schools.com/bootstrap/bootstrap_quiz.html]
[www.w3schools.com/bootstrap/bootstrap_exam.html]
[www.w3schools.com/bootstrap/bootstrap_ref_css_text.html]
[www.w3schools.com/bootstrap/bootstrap_ref_css_buttons.html]
[www.w3schools.com/bootstrap/bootstrap_ref_css_forms.html]
[www.w3schools.com/bootstrap/bootstrap_ref_css_helpers.html]
[www.w3schools.com/bootstrap/bootstrap_ref_css_images.html]
[www.w3schools.com/bootstrap/bootstrap_ref_css_tables.html]
[www.w3schools.com/bootstrap/bootstrap_ref_comp_glyphs.html]
[www.w3schools.com/bootstrap/bootstrap_ref_comp_dropdowns.html]
[www.w3schools.com/bootstrap/bootstrap_ref_comp_navs.html]
[www.w3schools.com/bootstrap/bootstrap_ref_js_alert.html]
[www.w3schools.com/bootstrap/bootstrap_ref_js_button.html]
[www.w3schools.com/bootstrap/bootstrap_ref_js_carousel.html]
[www.w3schools.com/bootstrap/bootstrap_ref_js_collapse.html]
[www.w3schools.com/bootstrap/bootstrap_ref_js_dropdown.html]
[www.w3schools.com/bootstrap/bootstrap_ref_js_modal.html]
[www.w3schools.com/bootstrap/bootstrap_ref_js_popover.html]
[www.w3schools.com/bootstrap/bootstrap_ref_js_scrollspy.html]
[www.w3schools.com/bootstrap/bootstrap_ref_js_tab.html]
[www.w3schools.com/bootstrap/bootstrap_ref_js_tooltip.html]
[www.w3schools.com/bootstrap/bs.png]
[www.w3schools.com/bootstrap/tryit689b.html]
[www.w3schools.com/images/colorpicker.gif]
[www.w3schools.com/images/w3schoolscom_gray.gif]
[www.w3schools.com/w3schools.js]
[translate.google.com/translate_a/element.4ba0d8.delayed]
[www.w3schools.com/bootstrap/default.html]
[www.w3schools.com/images/lamp.jpg]
[www.w3schools.com/bootstrap/tryitd4d9.html]
[www.w3schools.com/bootstrap/bootstrap_get_started.html]
[www.w3schools.com/bootstrap/tryitb386.html]
[www.w3schools.com/bootstrap/tryitc236.html]
[www.w3schools.com/bootstrap/tryite1a2.html]
[www.w3schools.com/bootstrap/bootstrap_grid_basic.html]
[www.w3schools.com/jsref/ontesting.png]
[www.w3schools.com/bootstrap/tryitd083.html]
[www.w3schools.com/bootstrap/tryitc1d5.html]
[www.w3schools.com/bootstrap/tryit149a.html]
[www.w3schools.com/bootstrap/tryit1968.html]
[www.w3schools.com/bootstrap/tryit87a3.html]
[www.w3schools.com/bootstrap/tryit7bac.html]
[www.w3schools.com/bootstrap/tryit44f5.html]
[www.w3schools.com/bootstrap/tryit41b3.html]
[www.w3schools.com/bootstrap/tryit762f.html]
[www.w3schools.com/bootstrap/tryit259f.html]
[www.w3schools.com/bootstrap/tryit9816.html]
[www.w3schools.com/bootstrap/tryit0ced.html]
[www.w3schools.com/bootstrap/tryita635.html]
[www.w3schools.com/bootstrap/tryite1ce.html]
[www.w3schools.com/bootstrap/tryitef52.html]
[www.w3schools.com/bootstrap/tryitc378.html]
[www.w3schools.com/bootstrap/tryit58f6.html]
[www.w3schools.com/bootstrap/tryitf725.html]
[www.w3schools.com/bootstrap/tryitf321.html]
[www.w3schools.com/bootstrap/tryit14b1.html]
[www.w3schools.com/bootstrap/bootstrap_typography.html]
[www.w3schools.com/bootstrap/tryitfcfe.html]
[www.w3schools.com/bootstrap/tryit88b5.html]
[www.w3schools.com/bootstrap/tryitf90b.html]
[www.w3schools.com/bootstrap/tryite2ee.html]
[www.w3schools.com/bootstrap/tryit3dfa.html]
[www.w3schools.com/bootstrap/tryita59b.html]
[www.w3schools.com/bootstrap/tryit021d.html]
[www.w3schools.com/bootstrap/exercise1175.html]
[www.w3schools.com/bootstrap/exercise87e9.html]
[www.w3schools.com/bootstrap/exercise779e.html]
[www.w3schools.com/bootstrap/exercise7384.html]
[www.w3schools.com/bootstrap/exercisea9a0.html]
[www.w3schools.com/bootstrap/bootstrap_tables.html]
[www.w3schools.com/bootstrap/exercise5358.html]
[www.w3schools.com/bootstrap/cinqueterre.jpg]
[www.w3schools.com/bootstrap/tryit5fdf.html]
[www.w3schools.com/bootstrap/tryit6a64.html]
[www.w3schools.com/bootstrap/tryit8c2c.html]
[www.w3schools.com/bootstrap/tryit1f51.html]
[www.w3schools.com/bootstrap/tryitd347.html]
[www.w3schools.com/bootstrap/tryitbd1b.html]
[www.w3schools.com/bootstrap/exercise10cd.html]
[www.w3schools.com/bootstrap/exercise2182.html]
[www.w3schools.com/bootstrap/exercise1735.html]
[www.w3schools.com/bootstrap/bootstrap_images.html]
[www.w3schools.com/bootstrap/exercise585e.html]
[www.w3schools.com/bootstrap/tryit737f.html]
[www.w3schools.com/bootstrap/tryitc72c.html]
[www.w3schools.com/bootstrap/bootstrap_jumbotron_header.html]
[www.w3schools.com/bootstrap/tryite483.html]
[www.w3schools.com/bootstrap/tryit38d4.html]
[www.w3schools.com/bootstrap/bootstrap_wells.html]
[www.w3schools.com/bootstrap/tryitc7ab.html]
[www.w3schools.com/bootstrap/tryitb1db.html]
[www.w3schools.com/bootstrap/tryit4b98.html]
[www.w3schools.com/bootstrap/tryitee3f.html]
[www.w3schools.com/bootstrap/exercisec2f8.html]
[www.w3schools.com/bootstrap/exercise26b9.html]
[www.w3schools.com/bootstrap/bootstrap_alerts.html]
[www.w3schools.com/bootstrap/exercisef448.html]
[www.w3schools.com/bootstrap/tryit15f5.html]
[www.w3schools.com/bootstrap/tryit68f7.html]
[www.w3schools.com/bootstrap/tryit55bb.html]
[www.w3schools.com/bootstrap/tryit2439.html]
[www.w3schools.com/bootstrap/tryit0b62.html]
[www.w3schools.com/bootstrap/exercise2e2c.html]
[www.w3schools.com/bootstrap/exercisec42c.html]
[www.w3schools.com/bootstrap/exercisecdb9.html]
[www.w3schools.com/bootstrap/bootstrap_buttons.html]
[www.w3schools.com/bootstrap/exercise0497.html]
[www.w3schools.com/bootstrap/tryitd00f.html]
[www.w3schools.com/bootstrap/tryit181c.html]
[www.w3schools.com/bootstrap/tryit1f37.html]
[www.w3schools.com/bootstrap/tryit7b2b.html]
[www.w3schools.com/bootstrap/tryit76cf.html]
[www.w3schools.com/bootstrap/tryit229b.html]
[www.w3schools.com/bootstrap/tryit5751.html]
[www.w3schools.com/bootstrap/exercise8ec4.html]
[www.w3schools.com/bootstrap/exercisecf24.html]
[www.w3schools.com/bootstrap/exercised7b8.html]
[www.w3schools.com/bootstrap/exercise6a0f.html]
[www.w3schools.com/bootstrap/bootstrap_button_groups.html]
[www.w3schools.com/bootstrap/exercise3b2a.html]
[www.w3schools.com/bootstrap/tryit08a6.html]
[www.w3schools.com/bootstrap/exercise5275.html]
[www.w3schools.com/bootstrap/exercisee4b5.html]
[www.w3schools.com/bootstrap/bootstrap_glyphicons.html]
[www.w3schools.com/bootstrap/exerciseef69.html]
[www.w3schools.com/bootstrap/tryit5eee.html]
[www.w3schools.com/bootstrap/tryit359f.html]
[www.w3schools.com/bootstrap/tryit6ac0.html]
[www.w3schools.com/bootstrap/tryit69df.html]
[www.w3schools.com/bootstrap/exercisef2aa.html]
[www.w3schools.com/bootstrap/exercisec439.html]
[www.w3schools.com/bootstrap/exercise3ada.html]
[www.w3schools.com/bootstrap/bootstrap_badges_labels.html]
[www.w3schools.com/bootstrap/exercisee673.html]
[www.w3schools.com/bootstrap/tryitf1b0.html]
[www.w3schools.com/bootstrap/tryit46da.html]
[www.w3schools.com/bootstrap/tryitb220.html]
[www.w3schools.com/bootstrap/tryitef9a.html]
[www.w3schools.com/bootstrap/tryit3da0.html]
[www.w3schools.com/bootstrap/tryit61d0.html]
[www.w3schools.com/bootstrap/exercise80a7.html]
[www.w3schools.com/bootstrap/exercisea989.html]
[www.w3schools.com/bootstrap/exerciseac04.html]
[www.w3schools.com/bootstrap/bootstrap_progressbars.html]
[www.w3schools.com/bootstrap/exercise31f1.html]
[www.w3schools.com/bootstrap/tryitd12a.html]
[www.w3schools.com/bootstrap/tryit8d2c.html]
[www.w3schools.com/bootstrap/tryita01d.html]
[www.w3schools.com/bootstrap/tryit7478.html]
[www.w3schools.com/bootstrap/exercisee1cf.html]
[www.w3schools.com/bootstrap/exercise0f28.html]
[www.w3schools.com/bootstrap/exercisef93f.html]
[www.w3schools.com/bootstrap/exercise8bd8.html]
[www.w3schools.com/bootstrap/bootstrap_pagination.html]
[www.w3schools.com/bootstrap/exercise911b.html]
[www.w3schools.com/bootstrap/trybs_pager_res.html]
[www.w3schools.com/bootstrap/tryit7ad9.html]
[www.w3schools.com/bootstrap/trybs_pager_prev_res.html]
[www.w3schools.com/bootstrap/bootstrap_pager.html]
[www.w3schools.com/bootstrap/tryite5c8.html]
[www.w3schools.com/bootstrap/tryit80da.html]
[www.w3schools.com/bootstrap/tryit45d9.html]
[www.w3schools.com/bootstrap/tryitb2d2.html]
[www.w3schools.com/bootstrap/tryite577.html]
[www.w3schools.com/bootstrap/tryit4ce5.html]
[www.w3schools.com/bootstrap/tryitee56.html]
[www.w3schools.com/bootstrap/exercise792e.html]
[www.w3schools.com/bootstrap/exercisea44f.html]
[www.w3schools.com/bootstrap/exercise986e.html]
[www.w3schools.com/bootstrap/exercisec292.html]
[www.w3schools.com/bootstrap/bootstrap_list_groups.html]
[www.w3schools.com/bootstrap/exercise7ffa.html]
[www.w3schools.com/bootstrap/tryitf8a4.html]
[www.w3schools.com/bootstrap/tryit38b7.html]
[www.w3schools.com/bootstrap/tryitc425.html]
[www.w3schools.com/bootstrap/tryit7071.html]
[www.w3schools.com/bootstrap/tryitf60d.html]
[www.w3schools.com/bootstrap/exercise2fed.html]
[www.w3schools.com/bootstrap/exercise2d19.html]
[www.w3schools.com/bootstrap/exercise9946.html]
[www.w3schools.com/bootstrap/exercised33d.html]
[www.w3schools.com/bootstrap/bootstrap_panels.html]
[www.w3schools.com/bootstrap/exercise36e9.html]
[www.w3schools.com/bootstrap/tryit3c39.html]
[www.w3schools.com/bootstrap/tryit54ff.html]
[www.w3schools.com/bootstrap/tryit9d5c.html]
[www.w3schools.com/bootstrap/tryit618c.html]
[www.w3schools.com/bootstrap/tryitc326.html]
[www.w3schools.com/bootstrap/tryita8c3.html]
[www.w3schools.com/bootstrap/tryit6940.html]
[www.w3schools.com/bootstrap/exerciseb64d.html]
[www.w3schools.com/bootstrap/exercised942.html]
[www.w3schools.com/bootstrap/exerciseca79.html]
[www.w3schools.com/bootstrap/exercise2117.html]
[www.w3schools.com/bootstrap/bootstrap_dropdowns.html]
[www.w3schools.com/bootstrap/exercise964f.html]
[www.w3schools.com/bootstrap/tryite4e9.html]
[www.w3schools.com/bootstrap/tryitafda.html]
[www.w3schools.com/bootstrap/tryit22e4.html]
[www.w3schools.com/bootstrap/tryit980d.html]
[www.w3schools.com/bootstrap/tryitc3a7.html]
[www.w3schools.com/bootstrap/tryitfffe.html]
[www.w3schools.com/bootstrap/tryit4d01.html]
[www.w3schools.com/bootstrap/tryite653.html]
[www.w3schools.com/bootstrap/tryit8a1e.html]
[www.w3schools.com/bootstrap/exercise9ebe.html]
[www.w3schools.com/bootstrap/exercise2784.html]
[www.w3schools.com/bootstrap/exercise90e3.html]
[www.w3schools.com/bootstrap/exercise5d45.html]
[www.w3schools.com/bootstrap/exerciseacd4.html]
[www.w3schools.com/bootstrap/bootstrap_tabs_pills.html]
[www.w3schools.com/bootstrap/exercise1f54.html]
[www.w3schools.com/bootstrap/tryitfe3b.html]
[www.w3schools.com/bootstrap/tryitd65c.html]
[www.w3schools.com/bootstrap/tryit1827.html]
[www.w3schools.com/bootstrap/tryitdfa7.html]
[www.w3schools.com/bootstrap/tryit7356.html]
[www.w3schools.com/bootstrap/tryitc55f.html]
[www.w3schools.com/bootstrap/tryit208f.html]
[www.w3schools.com/bootstrap/exercisec1b1.html]
[www.w3schools.com/bootstrap/exercisec3a0.html]
[www.w3schools.com/bootstrap/exercise4e8d.html]
[www.w3schools.com/bootstrap/bootstrap_navbar.html]
[www.w3schools.com/bootstrap/exercise9594.html]
[www.w3schools.com/bootstrap/tryit3d7a.html]
[www.w3schools.com/bootstrap/tryit9f3f.html]
[www.w3schools.com/bootstrap/tryit40c3.html]
[www.w3schools.com/bootstrap/bootstrap_forms.html]
[www.w3schools.com/bootstrap/tryit7db4.html]
[www.w3schools.com/bootstrap/tryitd04d.html]
[www.w3schools.com/bootstrap/tryitfcc3.html]
[www.w3schools.com/bootstrap/tryit7026.html]
[www.w3schools.com/bootstrap/tryita26b.html]
[www.w3schools.com/bootstrap/tryit1460.html]
[www.w3schools.com/bootstrap/tryit6f92.html]
[www.w3schools.com/bootstrap/bootstrap_forms_inputs.html]
[www.w3schools.com/bootstrap/tryit29cb.html]
[www.w3schools.com/bootstrap/tryit9956.html]
[www.w3schools.com/bootstrap/tryit6cba.html]
[www.w3schools.com/bootstrap/bootstrap_forms_inputs2.html]
[www.w3schools.com/bootstrap/tryit4ab1.html]
[www.w3schools.com/bootstrap/tryit8525.html]
[www.w3schools.com/bootstrap/tryit325c.html]
[www.w3schools.com/bootstrap/tryit4da6.html]
[www.w3schools.com/bootstrap/bootstrap_forms_sizing.html]
[www.w3schools.com/bootstrap/tryit64f9.html]
[ajax.googleapis.com/ajax/libs/jquery/1.11.1/jquery.min.js]
[maxcdn.bootstrapcdn.com/bootstrap/3.2.0/js/bootstrap.min.js]
[www.w3schools.com/bootstrap/img_chania.jpg]
[www.w3schools.com/bootstrap/img_chania2.jpg]
[www.w3schools.com/bootstrap/img_flower.jpg]
[www.w3schools.com/bootstrap/img_flower2.jpg]
[www.w3schools.com/bootstrap/tryitb3bd.html]
[www.w3schools.com/bootstrap/bootstrap_carousel.html]
[www.w3schools.com/bootstrap/tryit5d59.html]
[www.w3schools.com/bootstrap/tryitd2b2.html]
[www.w3schools.com/bootstrap/tryitb6e4.html]
[www.w3schools.com/bootstrap/bootstrap_modal.html]
[www.w3schools.com/bootstrap/tryit5abe.html]
[ajax.googleapis.com/ajax/libs/jquery/1.11.3/jquery.min.js]
[www.w3schools.com/bootstrap/tryit495c.html]
[www.w3schools.com/bootstrap/bootstrap_tooltip.html]
[www.w3schools.com/bootstrap/tryitcdd0.html]
[www.w3schools.com/bootstrap/tryit0336.html]
[www.w3schools.com/bootstrap/tryit748d.html]
[www.w3schools.com/bootstrap/tryit69d2.html]
[www.w3schools.com/bootstrap/bootstrap_popover.html]
[www.w3schools.com/bootstrap/tryitb4cf.html]
[www.w3schools.com/bootstrap/trybs_scrollspy.html]
[www.w3schools.com/bootstrap/tryita7e1.html]
[www.w3schools.com/bootstrap/trybs_scrollspy2.html]
[www.w3schools.com/bootstrap/bootstrap_scrollspy.html]
[www.w3schools.com/bootstrap/bootstrap_grid_system.html]
[www.w3schools.com/bootstrap/tryit25b3.html]
[www.w3schools.com/bootstrap/tryit30b5.html]
[www.w3schools.com/bootstrap/bootstrap_grid_stacked_to_horizontal.html]
[www.w3schools.com/bootstrap/tryitf4dc.html]
[www.w3schools.com/bootstrap/bootstrap_grid_small.html]
[www.w3schools.com/bootstrap/tryit9cca.html]
[www.w3schools.com/bootstrap/bootstrap_grid_medium.html]
[www.w3schools.com/bootstrap/tryitfbae.html]
[www.w3schools.com/bootstrap/bootstrap_grid_large.html]
[www.w3schools.com/bootstrap/tryit629d.html]
[www.w3schools.com/bootstrap/tryit0956.html]
[www.w3schools.com/bootstrap/tryit06c2.html]
[www.w3schools.com/bootstrap/tryit4350.html]
[www.w3schools.com/bootstrap/tryit6d92.html]
[www.w3schools.com/bootstrap/tryiteef8.html]
[www.w3schools.com/bootstrap/tryitab8e.html]
[www.w3schools.com/bootstrap/bootstrap_grid_examples.html]
[www.w3schools.com/bootstrap/tryitf78b.html]
[www.w3schools.com/bootstrap/tryit474a.html]
[www.w3schools.com/bootstrap/bootstrap_case_container.html]
[www.w3schools.com/bootstrap/tryita9e8.html]
[www.w3schools.com/bootstrap/bootstrap_case_jumbotron.html]
[www.w3schools.com/bootstrap/tryit476d.html]
[www.w3schools.com/bootstrap/tryitff74.html]
[www.w3schools.com/bootstrap/bootstrap_case_buttons.html]
[www.w3schools.com/bootstrap/tryit4d7a.html]
[www.w3schools.com/bootstrap/tryitcba7.html]
[www.w3schools.com/bootstrap/bootstrap_case_multicolumns.html]
[www.w3schools.com/bootstrap/tryit0fd0.html]
[www.w3schools.com/bootstrap/tryit6dd4.html]
[www.w3schools.com/bootstrap/tryit8e73.html]
[www.w3schools.com/bootstrap/tryit08fa.html]
[www.w3schools.com/bootstrap/tryita552.html]
[www.w3schools.com/bootstrap/bootstrap_case_menu.html]
[www.w3schools.com/bootstrap/tryit2ab1.html]
[www.w3schools.com/bootstrap/tryitc04b.html]
[www.w3schools.com/bootstrap/tryitd148.html]
[www.w3schools.com/bootstrap/tryit06bf.html]
[www.w3schools.com/bootstrap/tryit9a0e.html]
[www.w3schools.com/bootstrap/tryit6349.html]
[www.w3schools.com/bootstrap/tryit1160.html]
[www.w3schools.com/bootstrap/bootstrap_case_navigation.html]
[www.w3schools.com/bootstrap/tryit400b.html]
[www.w3schools.com/bootstrap/bootstrap_quiz.html]
[www.w3schools.com/images/w3cert.gif]
[www.w3schools.com/bootstrap/bootstrap_exam.html]
[www.w3schools.com/cert/pic_html_cert_small.gif]
[www.w3schools.com/bootstrap/tryit3783.html]
[www.w3schools.com/bootstrap/tryit12f4.html]
[www.w3schools.com/bootstrap/tryit8377.html]
[www.w3schools.com/bootstrap/tryitcc2e.html]
[www.w3schools.com/bootstrap/tryitdce4.html]
[www.w3schools.com/bootstrap/tryit2d82.html]
[www.w3schools.com/bootstrap/tryit9d06.html]
[www.w3schools.com/bootstrap/tryit4082.html]
[www.w3schools.com/bootstrap/tryitb328.html]
[www.w3schools.com/bootstrap/tryit93ee.html]
[www.w3schools.com/bootstrap/tryit6e16.html]
[www.w3schools.com/bootstrap/tryit523a.html]
[www.w3schools.com/bootstrap/tryite42e.html]
[www.w3schools.com/bootstrap/tryit38d7.html]
[www.w3schools.com/bootstrap/tryit8809.html]
[www.w3schools.com/bootstrap/tryit6fbc.html]
[www.w3schools.com/bootstrap/tryit4a7a.html]
[www.w3schools.com/bootstrap/tryit6b45.html]
[www.w3schools.com/bootstrap/bootstrap_ref_css_text.html]
[www.w3schools.com/bootstrap/tryit7612.html]
[www.w3schools.com/bootstrap/tryit5042.html]
[www.w3schools.com/bootstrap/tryit3e05.html]
[www.w3schools.com/bootstrap/tryitefb4.html]
[www.w3schools.com/bootstrap/tryit09c0.html]
[www.w3schools.com/bootstrap/tryit5eb9.html]
[www.w3schools.com/bootstrap/tryit2916.html]
[www.w3schools.com/bootstrap/tryit763a.html]
[www.w3schools.com/bootstrap/tryit3e34.html]
[www.w3schools.com/bootstrap/tryitf6fe.html]
[www.w3schools.com/bootstrap/tryit5f6c.html]
[www.w3schools.com/bootstrap/tryitb82a.html]
[www.w3schools.com/bootstrap/tryitd383.html]
[www.w3schools.com/bootstrap/tryit588f.html]
[www.w3schools.com/bootstrap/bootstrap_ref_css_buttons.html]
[www.w3schools.com/bootstrap/tryit3ec9.html]
[www.w3schools.com/bootstrap/tryite12d.html]
[www.w3schools.com/bootstrap/tryit696c.html]
[www.w3schools.com/bootstrap/bootstrap_ref_css_forms.html]
[www.w3schools.com/bootstrap/tryitd0b7.html]
[www.w3schools.com/bootstrap/tryitb3ef.html]
[www.w3schools.com/bootstrap/tryit4325.html]
[www.w3schools.com/bootstrap/tryit9065.html]
[www.w3schools.com/bootstrap/tryit0b05.html]
[www.w3schools.com/bootstrap/tryit6072.html]
[www.w3schools.com/bootstrap/tryit94c2.html]
[www.w3schools.com/bootstrap/tryita4f8.html]
[www.w3schools.com/bootstrap/tryitd382.html]
[www.w3schools.com/bootstrap/tryit7c10.html]
[www.w3schools.com/bootstrap/tryitf166.html]
[www.w3schools.com/bootstrap/tryit0039.html]
[www.w3schools.com/bootstrap/tryitb035.html]
[www.w3schools.com/bootstrap/tryit0ffa.html]
[www.w3schools.com/bootstrap/tryit4831.html]
[www.w3schools.com/bootstrap/tryit578c.html]
[www.w3schools.com/bootstrap/tryitaae2.html]
[www.w3schools.com/bootstrap/tryitf2e3.html]
[www.w3schools.com/bootstrap/tryit84e3.html]
[www.w3schools.com/bootstrap/bootstrap_ref_css_helpers.html]
[www.w3schools.com/bootstrap/tryit043e.html]
[www.w3schools.com/bootstrap/tryitb0a1.html]
[www.w3schools.com/bootstrap/tryita1f2.html]
[www.w3schools.com/bootstrap/tryitdbf9.html]
[www.w3schools.com/bootstrap/bootstrap_ref_css_images.html]
[www.w3schools.com/bootstrap/tryit1269.html]
[www.w3schools.com/bootstrap/tryit8c3e.html]
[www.w3schools.com/bootstrap/tryit203b.html]
[www.w3schools.com/bootstrap/tryit4232.html]
[www.w3schools.com/bootstrap/tryit2871.html]
[www.w3schools.com/bootstrap/tryit9037.html]
[www.w3schools.com/bootstrap/tryit9a36.html]
[www.w3schools.com/bootstrap/tryited3b.html]
[www.w3schools.com/bootstrap/tryit35de.html]
[www.w3schools.com/bootstrap/tryit2355.html]
[www.w3schools.com/bootstrap/tryite836.html]
[www.w3schools.com/bootstrap/tryit029e.html]
[www.w3schools.com/bootstrap/bootstrap_ref_css_tables.html]
[www.w3schools.com/bootstrap/tryit589b.html]
[www.w3schools.com/bootstrap/tryit2842.html]
[www.w3schools.com/bootstrap/tryit464e.html]
[www.w3schools.com/bootstrap/tryitdf8e.html]
[www.w3schools.com/bootstrap/tryit1217.html]
[www.w3schools.com/bootstrap/tryitf499.html]
[www.w3schools.com/bootstrap/tryit46ba.html]
[www.w3schools.com/bootstrap/tryit9624.html]
[www.w3schools.com/bootstrap/tryit5c7b.html]
[www.w3schools.com/bootstrap/tryit0911.html]
[www.w3schools.com/bootstrap/tryit2d01.html]
[www.w3schools.com/bootstrap/tryit8657.html]
[www.w3schools.com/bootstrap/tryited43.html]
[www.w3schools.com/bootstrap/tryit6f10.html]
[www.w3schools.com/bootstrap/tryitec25.html]
[www.w3schools.com/bootstrap/tryitbd67.html]
[www.w3schools.com/bootstrap/tryit2066.html]
[www.w3schools.com/bootstrap/tryitcd13.html]
[www.w3schools.com/bootstrap/tryitb78e.html]
[www.w3schools.com/bootstrap/tryit4d04.html]
[www.w3schools.com/bootstrap/tryit6103.html]
[www.w3schools.com/bootstrap/tryitaf67.html]
[www.w3schools.com/bootstrap/tryit7c92.html]
[www.w3schools.com/bootstrap/tryit8592.html]
[www.w3schools.com/bootstrap/tryit2096.html]
[www.w3schools.com/bootstrap/tryitdeda.html]
[www.w3schools.com/bootstrap/tryitf648.html]
[www.w3schools.com/bootstrap/tryit08e6.html]
[www.w3schools.com/bootstrap/tryit631e.html]
[www.w3schools.com/bootstrap/tryitc713.html]
[www.w3schools.com/bootstrap/tryitee98.html]
[www.w3schools.com/bootstrap/tryite3aa.html]
[www.w3schools.com/bootstrap/tryitbc29.html]
[www.w3schools.com/bootstrap/tryita169.html]
[www.w3schools.com/bootstrap/tryit6571.html]
[www.w3schools.com/bootstrap/tryite57a.html]
[www.w3schools.com/bootstrap/tryita8df.html]
[www.w3schools.com/bootstrap/tryit41c3.html]
[www.w3schools.com/bootstrap/tryit0b50.html]
[www.w3schools.com/bootstrap/tryit6749.html]
[www.w3schools.com/bootstrap/tryitd04e.html]
[www.w3schools.com/bootstrap/tryit3a40.html]
[www.w3schools.com/bootstrap/tryit7502.html]
[www.w3schools.com/bootstrap/tryitaed8.html]
[www.w3schools.com/bootstrap/tryit2479.html]
[www.w3schools.com/bootstrap/tryit56cf.html]
[www.w3schools.com/bootstrap/tryitd9c1.html]
[www.w3schools.com/bootstrap/tryite61f.html]
[www.w3schools.com/bootstrap/tryitd637.html]
[www.w3schools.com/bootstrap/tryit8863.html]
[www.w3schools.com/bootstrap/tryit66b3.html]
[www.w3schools.com/bootstrap/tryitd849.html]
[www.w3schools.com/bootstrap/tryitd37e.html]
[www.w3schools.com/bootstrap/tryiteb76.html]
[www.w3schools.com/bootstrap/tryitff48.html]
[www.w3schools.com/bootstrap/tryitd954.html]
[www.w3schools.com/bootstrap/tryitb18e.html]
[www.w3schools.com/bootstrap/tryitc6b8.html]
[www.w3schools.com/bootstrap/tryit107f.html]
[www.w3schools.com/bootstrap/tryitd1a3.html]
[www.w3schools.com/bootstrap/tryit273b.html]
[www.w3schools.com/bootstrap/tryitc715.html]
[www.w3schools.com/bootstrap/tryit7374.html]
[www.w3schools.com/bootstrap/tryitc7d5.html]
[www.w3schools.com/bootstrap/tryita6d7.html]
[www.w3schools.com/bootstrap/tryit44de.html]
[www.w3schools.com/bootstrap/tryite768.html]
[www.w3schools.com/bootstrap/tryitfc2c.html]
[www.w3schools.com/bootstrap/tryit3799.html]
[www.w3schools.com/bootstrap/tryit6dea.html]
[www.w3schools.com/bootstrap/tryitf658.html]
[www.w3schools.com/bootstrap/tryit7fc0.html]
[www.w3schools.com/bootstrap/tryitd379.html]
[www.w3schools.com/bootstrap/tryitb4a8.html]
[www.w3schools.com/bootstrap/tryit1543.html]
[www.w3schools.com/bootstrap/tryit639b.html]
[www.w3schools.com/bootstrap/tryit31f1.html]
[www.w3schools.com/bootstrap/tryit28ee.html]
[www.w3schools.com/bootstrap/tryitfcdb.html]
[www.w3schools.com/bootstrap/tryitfdf9.html]
[www.w3schools.com/bootstrap/tryitdfc2.html]
[www.w3schools.com/bootstrap/tryit1102.html]
[www.w3schools.com/bootstrap/tryitd517.html]
[www.w3schools.com/bootstrap/tryitb624.html]
[www.w3schools.com/bootstrap/tryit8213.html]
[www.w3schools.com/bootstrap/tryit5abb.html]
[www.w3schools.com/bootstrap/tryit5c4b.html]
[www.w3schools.com/bootstrap/tryit7683.html]
[www.w3schools.com/bootstrap/tryit9c82.html]
[www.w3schools.com/bootstrap/tryit6b7d.html]
[www.w3schools.com/bootstrap/tryitfff3.html]
[www.w3schools.com/bootstrap/tryitb4b7.html]
[www.w3schools.com/bootstrap/tryit7199.html]
[www.w3schools.com/bootstrap/tryitd43d.html]
[www.w3schools.com/bootstrap/tryit585e.html]
[www.w3schools.com/bootstrap/tryitfd82.html]
[www.w3schools.com/bootstrap/tryit7329.html]
[www.w3schools.com/bootstrap/tryitb6e9.html]
[www.w3schools.com/bootstrap/tryitafc1.html]
[www.w3schools.com/bootstrap/tryitd517-2.html]
[www.w3schools.com/bootstrap/tryitc1cd.html]
[www.w3schools.com/bootstrap/tryit3e81.html]
[www.w3schools.com/bootstrap/tryit9b96.html]
[www.w3schools.com/bootstrap/tryitcf80.html]
[www.w3schools.com/bootstrap/tryit95d5.html]
[www.w3schools.com/bootstrap/tryit749b.html]
[www.w3schools.com/bootstrap/tryit05d3.html]
[www.w3schools.com/bootstrap/tryitca2b.html]
[www.w3schools.com/bootstrap/tryita01f.html]
[www.w3schools.com/bootstrap/tryita3a2.html]
[www.w3schools.com/bootstrap/tryit666c.html]
[www.w3schools.com/bootstrap/tryitc601.html]
[www.w3schools.com/bootstrap/tryit099f.html]
[www.w3schools.com/bootstrap/tryitd588.html]
[www.w3schools.com/bootstrap/tryit8164.html]
[www.w3schools.com/bootstrap/tryit3916.html]
[www.w3schools.com/bootstrap/tryitae0b.html]
[www.w3schools.com/bootstrap/tryit8ff0.html]
[www.w3schools.com/bootstrap/tryitac43.html]
[www.w3schools.com/bootstrap/tryit1751.html]
[www.w3schools.com/bootstrap/tryitb105.html]
[www.w3schools.com/bootstrap/tryit2c1b.html]
[www.w3schools.com/bootstrap/tryitbcc0.html]
[www.w3schools.com/bootstrap/tryit15dd.html]
[www.w3schools.com/bootstrap/tryit74bd.html]
[www.w3schools.com/bootstrap/tryita34d.html]
[www.w3schools.com/bootstrap/tryit040b.html]
[www.w3schools.com/bootstrap/tryitccc4.html]
[www.w3schools.com/bootstrap/tryit90f9.html]
[www.w3schools.com/bootstrap/tryitf1ba.html]
[www.w3schools.com/bootstrap/tryita103.html]
[www.w3schools.com/bootstrap/tryit602a.html]
[www.w3schools.com/bootstrap/tryit5d62.html]
[www.w3schools.com/bootstrap/tryitc58e.html]
[www.w3schools.com/bootstrap/tryite639.html]
[www.w3schools.com/bootstrap/tryitc90a.html]
[www.w3schools.com/bootstrap/tryit6c0f.html]
[www.w3schools.com/bootstrap/tryit6717.html]
[www.w3schools.com/bootstrap/tryit11d9.html]
[www.w3schools.com/bootstrap/tryit41c6.html]
[www.w3schools.com/bootstrap/tryita649.html]
[www.w3schools.com/bootstrap/tryitbd59.html]
[www.w3schools.com/bootstrap/tryit9589.html]
[www.w3schools.com/bootstrap/tryitea9f.html]
[www.w3schools.com/bootstrap/tryitee87.html]
[www.w3schools.com/bootstrap/tryit7d0c.html]
[www.w3schools.com/bootstrap/tryit885e.html]
[www.w3schools.com/bootstrap/tryite774.html]
[www.w3schools.com/bootstrap/tryitdda3.html]
[www.w3schools.com/bootstrap/tryit7991.html]
[www.w3schools.com/bootstrap/tryit78e5.html]
[www.w3schools.com/bootstrap/tryit2f28.html]
[www.w3schools.com/bootstrap/tryit6900.html]
[www.w3schools.com/bootstrap/tryite516.html]
[www.w3schools.com/bootstrap/tryitac93.html]
[www.w3schools.com/bootstrap/tryitb89e.html]
[www.w3schools.com/bootstrap/tryitfd3d.html]
[www.w3schools.com/bootstrap/tryit0a23.html]
[www.w3schools.com/bootstrap/tryitc5c9.html]
[www.w3schools.com/bootstrap/tryit9665.html]
[www.w3schools.com/bootstrap/tryit1eff.html]
[www.w3schools.com/bootstrap/tryit6974.html]
[www.w3schools.com/bootstrap/tryit3205.html]
[www.w3schools.com/bootstrap/tryit99a9.html]
[www.w3schools.com/bootstrap/tryit397f.html]
[www.w3schools.com/bootstrap/tryitc16c.html]
[www.w3schools.com/bootstrap/tryit9fb5.html]
[www.w3schools.com/bootstrap/tryit6e14.html]
[www.w3schools.com/bootstrap/tryite305.html]
[www.w3schools.com/bootstrap/tryitc348.html]
[www.w3schools.com/bootstrap/tryit12bb.html]
[www.w3schools.com/bootstrap/tryite301.html]
[www.w3schools.com/bootstrap/tryit2b0a.html]
[www.w3schools.com/bootstrap/tryitc5f5.html]
[www.w3schools.com/bootstrap/tryit72f7.html]
[www.w3schools.com/bootstrap/tryitbe64.html]
[www.w3schools.com/bootstrap/tryit6c09.html]
[www.w3schools.com/bootstrap/tryit1b99.html]
[www.w3schools.com/bootstrap/tryit52a5.html]
[www.w3schools.com/bootstrap/tryit3e2c.html]
[www.w3schools.com/bootstrap/tryit3502.html]
[www.w3schools.com/bootstrap/tryitd84a.html]
[www.w3schools.com/bootstrap/tryitbd8d.html]
[www.w3schools.com/bootstrap/tryit6e7c.html]
[www.w3schools.com/bootstrap/tryite412.html]
[www.w3schools.com/bootstrap/tryit548c.html]
[www.w3schools.com/bootstrap/tryit737b.html]
[www.w3schools.com/bootstrap/tryitee29.html]
[www.w3schools.com/bootstrap/tryitaaf4.html]
[www.w3schools.com/bootstrap/tryitb977.html]
[www.w3schools.com/bootstrap/tryite1ca.html]
[www.w3schools.com/bootstrap/tryit04e6.html]
[www.w3schools.com/bootstrap/tryit4f93.html]
[www.w3schools.com/bootstrap/tryit7978.html]
[www.w3schools.com/bootstrap/tryit588e.html]
[www.w3schools.com/bootstrap/tryit3c14.html]
[www.w3schools.com/bootstrap/tryit2969.html]
[www.w3schools.com/bootstrap/tryitda80.html]
[www.w3schools.com/bootstrap/tryitda9a.html]
[www.w3schools.com/bootstrap/tryitf083.html]
[www.w3schools.com/bootstrap/tryit74e5.html]
[www.w3schools.com/bootstrap/bootstrap_ref_comp_glyphs.html]
[www.w3schools.com/bootstrap/tryita185.html]
[www.w3schools.com/bootstrap/tryit3742.html]
[www.w3schools.com/bootstrap/tryit8a82.html]
[www.w3schools.com/bootstrap/tryit3a39.html]
[www.w3schools.com/bootstrap/tryit3438.html]
[www.w3schools.com/bootstrap/bootstrap_ref_comp_dropdowns.html]
[www.w3schools.com/bootstrap/tryit1f78.html]
[www.w3schools.com/bootstrap/tryit4758.html]
[www.w3schools.com/bootstrap/tryit4618.html]
[www.w3schools.com/bootstrap/tryit270b.html]
[www.w3schools.com/bootstrap/tryit36b9.html]
[www.w3schools.com/bootstrap/tryit4349.html]
[www.w3schools.com/bootstrap/tryit93b8.html]
[www.w3schools.com/bootstrap/tryit0d87.html]
[www.w3schools.com/bootstrap/tryit44db.html]
[www.w3schools.com/bootstrap/tryitcfd0.html]
[www.w3schools.com/bootstrap/tryit708b.html]
[www.w3schools.com/bootstrap/tryit2bfa.html]
[www.w3schools.com/bootstrap/tryite506.html]
[www.w3schools.com/bootstrap/tryitb200.html]
[www.w3schools.com/bootstrap/tryite2cc.html]
[www.w3schools.com/bootstrap/tryit257d.html]
[www.w3schools.com/bootstrap/tryit3ec1.html]
[www.w3schools.com/bootstrap/tryitdc32.html]
[www.w3schools.com/bootstrap/tryit738c.html]
[www.w3schools.com/bootstrap/tryit9590.html]
[www.w3schools.com/bootstrap/tryit35e7.html]
[www.w3schools.com/bootstrap/tryit9f9b.html]
[www.w3schools.com/bootstrap/tryitd4fa.html]
[www.w3schools.com/bootstrap/tryit3f95.html]
[www.w3schools.com/bootstrap/bootstrap_ref_comp_navs.html]
[www.w3schools.com/bootstrap/tryitf4e7.html]
[www.w3schools.com/bootstrap/tryit1dbb.html]
[www.w3schools.com/bootstrap/tryit741c.html]
[www.w3schools.com/bootstrap/tryit9a25.html]
[www.w3schools.com/bootstrap/tryit201e.html]
[www.w3schools.com/bootstrap/tryitd97d.html]
[www.w3schools.com/bootstrap/tryit4786.html]
[www.w3schools.com/bootstrap/tryit8678.html]
[www.w3schools.com/bootstrap/tryitd671.html]
[www.w3schools.com/bootstrap/tryit88f6.html]
[www.w3schools.com/bootstrap/tryit322a.html]
[www.w3schools.com/bootstrap/bootstrap_ref_js_alert.html]
[www.w3schools.com/bootstrap/tryit7673.html]
[www.w3schools.com/bootstrap/tryitdb23.html]
[www.w3schools.com/bootstrap/tryitd0d9.html]
[www.w3schools.com/bootstrap/tryit19ff.html]
[www.w3schools.com/bootstrap/bootstrap_ref_js_button.html]
[www.w3schools.com/bootstrap/tryitb0ee.html]
[www.w3schools.com/bootstrap/tryit3d30.html]
[www.w3schools.com/bootstrap/tryit8852.html]
[www.w3schools.com/bootstrap/tryita48d.html]
[www.w3schools.com/bootstrap/tryit3690.html]
[www.w3schools.com/bootstrap/tryit833b.html]
[www.w3schools.com/bootstrap/tryitaeff.html]
[www.w3schools.com/bootstrap/tryit595c.html]
[www.w3schools.com/bootstrap/tryitb03f.html]
[www.w3schools.com/bootstrap/tryit0962.html]
[www.w3schools.com/bootstrap/tryitcdaf.html]
[www.w3schools.com/bootstrap/tryit900b.html]
[www.w3schools.com/bootstrap/tryit8830.html]
[www.w3schools.com/bootstrap/tryit941b.html]
[www.w3schools.com/bootstrap/bootstrap_ref_js_carousel.html]
[www.w3schools.com/images/tryitimg.gif]
[www.w3schools.com/bootstrap/tryit5136.html]
[www.w3schools.com/bootstrap/tryit0d14.html]
[www.w3schools.com/bootstrap/tryitfb9e.html]
[www.w3schools.com/bootstrap/tryit8524.html]
[www.w3schools.com/bootstrap/tryit9a54.html]
[www.w3schools.com/bootstrap/bootstrap_ref_js_collapse.html]
[www.w3schools.com/bootstrap/tryit2350.html]
[www.w3schools.com/bootstrap/tryit8205.html]
[www.w3schools.com/bootstrap/tryitdebd.html]
[www.w3schools.com/bootstrap/tryitf947.html]
[www.w3schools.com/bootstrap/tryit32d2.html]
[www.w3schools.com/bootstrap/bootstrap_ref_js_dropdown.html]
[www.w3schools.com/bootstrap/tryit9c98.html]
[www.w3schools.com/bootstrap/tryit2d30.html]
[www.w3schools.com/bootstrap/tryit3547.html]
[www.w3schools.com/bootstrap/tryitc60a.html]
[www.w3schools.com/bootstrap/tryit82c5.html]
[www.w3schools.com/bootstrap/tryitac10.html]
[www.w3schools.com/bootstrap/tryita6d7-2.html]
[www.w3schools.com/bootstrap/tryit093d.html]
[www.w3schools.com/bootstrap/tryit5d78.html]
[www.w3schools.com/bootstrap/tryit23d0.html]
[www.w3schools.com/bootstrap/tryit00e0.html]
[www.w3schools.com/bootstrap/tryit6475.html]
[www.w3schools.com/bootstrap/tryitee71.html]
[www.w3schools.com/bootstrap/tryit4e49.html]
[www.w3schools.com/bootstrap/tryit6e06.html]
[www.w3schools.com/bootstrap/bootstrap_ref_js_modal.html]
[www.w3schools.com/bootstrap/tryit25d7.html]
[www.w3schools.com/bootstrap/tryit0473.html]
[www.w3schools.com/bootstrap/tryit5213.html]
[www.w3schools.com/bootstrap/tryitcd0b.html]
[www.w3schools.com/bootstrap/tryit5643.html]
[www.w3schools.com/bootstrap/tryit1bd8.html]
[www.w3schools.com/bootstrap/tryit8d55.html]
[www.w3schools.com/bootstrap/tryitc5ff.html]
[www.w3schools.com/bootstrap/tryit8cf6.html]
[www.w3schools.com/bootstrap/tryit1f1f.html]
[www.w3schools.com/bootstrap/tryit450b.html]
[www.w3schools.com/bootstrap/tryit31b0.html]
[www.w3schools.com/bootstrap/tryit05c4.html]
[www.w3schools.com/bootstrap/bootstrap_ref_js_popover.html]
[www.w3schools.com/bootstrap/tryita94e.html]
[www.w3schools.com/bootstrap/tryit8b72.html]
[www.w3schools.com/bootstrap/tryitca51.html]
[www.w3schools.com/bootstrap/tryitc1f9.html]
[www.w3schools.com/bootstrap/bootstrap_ref_js_scrollspy.html]
[www.w3schools.com/bootstrap/tryit7a82.html]
[www.w3schools.com/bootstrap/tryit20f8.html]
[www.w3schools.com/bootstrap/tryit610b.html]
[www.w3schools.com/bootstrap/tryit3261.html]
[www.w3schools.com/bootstrap/tryit1bbb.html]
[www.w3schools.com/bootstrap/bootstrap_ref_js_tab.html]
[www.w3schools.com/bootstrap/tryitee61.html]
[www.w3schools.com/bootstrap/tryit578a.html]
[www.w3schools.com/bootstrap/tryit72ff.html]
[www.w3schools.com/bootstrap/tryitac4e.html]
[www.w3schools.com/bootstrap/tryit67bd.html]
[www.w3schools.com/bootstrap/tryitf434.html]
[www.w3schools.com/bootstrap/tryit2f3b.html]
[www.w3schools.com/bootstrap/tryit325f.html]
[www.w3schools.com/bootstrap/tryitdc16.html]
[www.w3schools.com/bootstrap/tryit3177.html]
[www.w3schools.com/bootstrap/tryita81e.html]
[www.w3schools.com/bootstrap/tryit2dca.html]
[www.w3schools.com/bootstrap/tryitece1.html]
[www.w3schools.com/bootstrap/bootstrap_ref_js_tooltip.html]
[www.w3schools.com/bootstrap/tryit4ba3.html]
[www.w3schools.com/trystyle.css]
[www.w3schools.com/bootstrap/tryit_view52a0.html]
[maxcdn.bootstrapcdn.com/bootstrap/3.3.5/css/bootstrap.min.css]
[www.w3schools.com/bootstrap/tryit689b.html]
[www.w3schools.com/bootstrap/tryitd4d9.html]
[www.w3schools.com/bootstrap/tryitb386.html]
[www.w3schools.com/bootstrap/tryitc236.html]
[www.w3schools.com/bootstrap/tryite1a2.html]
[www.w3schools.com/bootstrap/tryitd083.html]
[www.w3schools.com/bootstrap/tryitc1d5.html]
[www.w3schools.com/bootstrap/tryit149a.html]
[www.w3schools.com/bootstrap/tryit1968.html]
[www.w3schools.com/bootstrap/tryit87a3.html]
[www.w3schools.com/bootstrap/tryit7bac.html]
[www.w3schools.com/bootstrap/tryit44f5.html]
[www.w3schools.com/bootstrap/tryit41b3.html]
[www.w3schools.com/bootstrap/tryit762f.html]
[www.w3schools.com/bootstrap/tryit259f.html]
[www.w3schools.com/bootstrap/tryit9816.html]
[www.w3schools.com/bootstrap/tryit0ced.html]
[www.w3schools.com/bootstrap/tryita635.html]
[www.w3schools.com/bootstrap/tryite1ce.html]
[www.w3schools.com/bootstrap/tryitef52.html]
[www.w3schools.com/bootstrap/tryitc378.html]
[www.w3schools.com/bootstrap/tryit58f6.html]
[www.w3schools.com/bootstrap/tryitf725.html]
[www.w3schools.com/bootstrap/tryitf321.html]
[www.w3schools.com/bootstrap/tryit14b1.html]
[www.w3schools.com/bootstrap/tryitfcfe.html]
[www.w3schools.com/bootstrap/tryit88b5.html]
[www.w3schools.com/bootstrap/tryitf90b.html]
[www.w3schools.com/bootstrap/tryite2ee.html]
[www.w3schools.com/bootstrap/tryit3dfa.html]
[www.w3schools.com/bootstrap/tryita59b.html]
[www.w3schools.com/bootstrap/tryit021d.html]
[maxcdn.bootstrapcdn.com/bootstrap/3.3.5/js/bootstrap.min.js]
[www.w3schools.com/exercise.css]
[www.w3schools.com/bootstrap/exercise1175.html]
[www.w3schools.com/bootstrap/exercise_tables1.html]
[www.w3schools.com/bootstrap/exercise87e9.html]
[www.w3schools.com/bootstrap/exercise_tables2.html]
[www.w3schools.com/bootstrap/exercise779e.html]
[www.w3schools.com/bootstrap/exercise_tables3.html]
[www.w3schools.com/bootstrap/exercise7384.html]
[www.w3schools.com/bootstrap/exercise_tables4.html]
[www.w3schools.com/bootstrap/exercisea9a0.html]
[www.w3schools.com/bootstrap/exercise_tables5.html]
[www.w3schools.com/bootstrap/exercise5358.html]
[www.w3schools.com/bootstrap/tryit5fdf.html]
[www.w3schools.com/bootstrap/tryit6a64.html]
[www.w3schools.com/bootstrap/tryit8c2c.html]
[www.w3schools.com/bootstrap/tryit1f51.html]
[www.w3schools.com/bootstrap/exercise_tables6.html]
[www.w3schools.com/bootstrap/pulpitrock.jpg]
[www.w3schools.com/bootstrap/tryitd347.html]
[www.w3schools.com/bootstrap/tryitbd1b.html]
[www.w3schools.com/bootstrap/moustiers-sainte-marie.jpg]
[www.w3schools.com/bootstrap/exercise10cd.html]
[www.w3schools.com/bootstrap/exercise_images1.html]
[www.w3schools.com/bootstrap/exercise2182.html]
[www.w3schools.com/bootstrap/exercise_images2.html]
[www.w3schools.com/bootstrap/exercise1735.html]
[www.w3schools.com/bootstrap/exercise_images3.html]
[www.w3schools.com/bootstrap/exercise585e.html]
[www.w3schools.com/bootstrap/tryit737f.html]
[www.w3schools.com/bootstrap/tryitc72c.html]
[www.w3schools.com/bootstrap/tryite483.html]
[www.w3schools.com/bootstrap/tryit38d4.html]
[www.w3schools.com/bootstrap/tryitc7ab.html]
[www.w3schools.com/bootstrap/tryitb1db.html]
[www.w3schools.com/bootstrap/tryit4b98.html]
[www.w3schools.com/bootstrap/tryitee3f.html]
[www.w3schools.com/bootstrap/exercise_images4.html]
[www.w3schools.com/bootstrap/exercisec2f8.html]
[www.w3schools.com/bootstrap/exercise_alerts1.html]
[www.w3schools.com/bootstrap/exercise26b9.html]
[www.w3schools.com/bootstrap/exercise_alerts2.html]
[www.w3schools.com/bootstrap/exercisef448.html]
[www.w3schools.com/bootstrap/tryit15f5.html]
[www.w3schools.com/bootstrap/tryit68f7.html]
[www.w3schools.com/bootstrap/tryit55bb.html]
[www.w3schools.com/bootstrap/tryit2439.html]
[www.w3schools.com/bootstrap/tryit0b62.html]
[www.w3schools.com/bootstrap/exercise_alerts3.html]
[www.w3schools.com/bootstrap/exercise2e2c.html]
[www.w3schools.com/bootstrap/exercise_buttons1.html]
[www.w3schools.com/bootstrap/exercisec42c.html]
[www.w3schools.com/bootstrap/exercise_buttons2.html]
[www.w3schools.com/bootstrap/exercisecdb9.html]
[www.w3schools.com/bootstrap/exercise_buttons3.html]
[www.w3schools.com/bootstrap/exercise0497.html]
[www.w3schools.com/bootstrap/tryitd00f.html]
[www.w3schools.com/bootstrap/tryit181c.html]
[www.w3schools.com/bootstrap/tryit1f37.html]
[www.w3schools.com/bootstrap/tryit7b2b.html]
[www.w3schools.com/bootstrap/tryit76cf.html]
[www.w3schools.com/bootstrap/tryit229b.html]
[www.w3schools.com/bootstrap/tryit5751.html]
[www.w3schools.com/bootstrap/exercise_buttons4.html]
[www.w3schools.com/bootstrap/exercise8ec4.html]
[www.w3schools.com/bootstrap/exercise_button_groups1.html]
[www.w3schools.com/bootstrap/exercisecf24.html]
[www.w3schools.com/bootstrap/exercise_button_groups2.html]
[www.w3schools.com/bootstrap/exercised7b8.html]
[www.w3schools.com/bootstrap/exercise_button_groups3.html]
[www.w3schools.com/bootstrap/exercise6a0f.html]
[www.w3schools.com/bootstrap/exercise_button_groups4.html]
[www.w3schools.com/bootstrap/exercise3b2a.html]
[www.w3schools.com/bootstrap/tryit08a6.html]
[www.w3schools.com/bootstrap/exercise_button_groups5.html]
[www.w3schools.com/bootstrap/exercise5275.html]
[www.w3schools.com/bootstrap/exercise_glyphicons1.html]
[www.w3schools.com/bootstrap/exercisee4b5.html]
[www.w3schools.com/bootstrap/exercise_glyphicons2.html]
[www.w3schools.com/bootstrap/exerciseef69.html]
[www.w3schools.com/bootstrap/tryit5eee.html]
[www.w3schools.com/bootstrap/tryit359f.html]
[www.w3schools.com/bootstrap/tryit6ac0.html]
[www.w3schools.com/bootstrap/tryit69df.html]
[www.w3schools.com/bootstrap/exercise_glyphicons3.html]
[www.w3schools.com/bootstrap/exercisef2aa.html]
[www.w3schools.com/bootstrap/exercise_badges1.html]
[www.w3schools.com/bootstrap/exercisec439.html]
[www.w3schools.com/bootstrap/exercise_badges2.html]
[www.w3schools.com/bootstrap/exercise3ada.html]
[www.w3schools.com/bootstrap/exercise_labels1.html]
[www.w3schools.com/bootstrap/exercisee673.html]
[www.w3schools.com/bootstrap/tryitf1b0.html]
[www.w3schools.com/bootstrap/tryit46da.html]
[www.w3schools.com/bootstrap/tryitb220.html]
[www.w3schools.com/bootstrap/tryitef9a.html]
[www.w3schools.com/bootstrap/tryit3da0.html]
[www.w3schools.com/bootstrap/tryit61d0.html]
[www.w3schools.com/bootstrap/exercise_labels2.html]
[www.w3schools.com/bootstrap/exercise80a7.html]
[www.w3schools.com/bootstrap/exercise_progressbars1.html]
[www.w3schools.com/bootstrap/exercisea989.html]
[www.w3schools.com/bootstrap/exercise_progressbars2.html]
[www.w3schools.com/bootstrap/exerciseac04.html]
[www.w3schools.com/bootstrap/exercise_progressbars3.html]
[www.w3schools.com/bootstrap/exercise31f1.html]
[www.w3schools.com/bootstrap/tryitd12a.html]
[www.w3schools.com/bootstrap/tryit8d2c.html]
[www.w3schools.com/bootstrap/tryita01d.html]
[www.w3schools.com/bootstrap/tryit7478.html]
[www.w3schools.com/bootstrap/exercise_progressbars4.html]
[www.w3schools.com/bootstrap/exercisee1cf.html]
[www.w3schools.com/bootstrap/exercise_pagination1.html]
[www.w3schools.com/bootstrap/exercise0f28.html]
[www.w3schools.com/bootstrap/exercise_pagination2.html]
[www.w3schools.com/bootstrap/exercisef93f.html]
[www.w3schools.com/bootstrap/exercise_pagination3.html]
[www.w3schools.com/bootstrap/exercise8bd8.html]
[www.w3schools.com/bootstrap/exercise_pagination4.html]
[www.w3schools.com/bootstrap/exercise911b.html]
[www.w3schools.com/bootstrap/trybs_pager_res.html]
[www.w3schools.com/bootstrap/tryit7ad9.html]
[www.w3schools.com/bootstrap/trybs_pager_prev_res.html]
[www.w3schools.com/bootstrap/tryite5c8.html]
[www.w3schools.com/bootstrap/tryit80da.html]
[www.w3schools.com/bootstrap/tryit45d9.html]
[www.w3schools.com/bootstrap/tryitb2d2.html]
[www.w3schools.com/bootstrap/tryite577.html]
[www.w3schools.com/bootstrap/tryit4ce5.html]
[www.w3schools.com/bootstrap/tryitee56.html]
[www.w3schools.com/bootstrap/exercise_pagination5.html]
[www.w3schools.com/bootstrap/exercise792e.html]
[www.w3schools.com/bootstrap/exercise_listgroups1.html]
[www.w3schools.com/bootstrap/exercisea44f.html]
[www.w3schools.com/bootstrap/exercise_listgroups2.html]
[www.w3schools.com/bootstrap/exercise986e.html]
[www.w3schools.com/bootstrap/exercise_listgroups3.html]
[www.w3schools.com/bootstrap/exercisec292.html]
[www.w3schools.com/bootstrap/exercise_listgroups4.html]
[www.w3schools.com/bootstrap/exercise7ffa.html]
[www.w3schools.com/bootstrap/tryitf8a4.html]
[www.w3schools.com/bootstrap/tryit38b7.html]
[www.w3schools.com/bootstrap/tryitc425.html]
[www.w3schools.com/bootstrap/tryit7071.html]
[www.w3schools.com/bootstrap/tryitf60d.html]
[www.w3schools.com/bootstrap/exercise_listgroups5.html]
[www.w3schools.com/bootstrap/exercise2fed.html]
[www.w3schools.com/bootstrap/exercise_panels1.html]
[www.w3schools.com/bootstrap/exercise2d19.html]
[www.w3schools.com/bootstrap/exercise_panels2.html]
[www.w3schools.com/bootstrap/exercise9946.html]
[www.w3schools.com/bootstrap/exercise_panels3.html]
[www.w3schools.com/bootstrap/exercised33d.html]
[www.w3schools.com/bootstrap/exercise_panels4.html]
[www.w3schools.com/bootstrap/exercise36e9.html]
[www.w3schools.com/bootstrap/tryit3c39.html]
[www.w3schools.com/bootstrap/tryit54ff.html]
[www.w3schools.com/bootstrap/tryit9d5c.html]
[www.w3schools.com/bootstrap/tryit618c.html]
[www.w3schools.com/bootstrap/tryitc326.html]
[www.w3schools.com/bootstrap/tryita8c3.html]
[www.w3schools.com/bootstrap/tryit6940.html]
[www.w3schools.com/bootstrap/exercise_panels5.html]
[www.w3schools.com/bootstrap/exerciseb64d.html]
[www.w3schools.com/bootstrap/exercise_dropdowns1.html]
[www.w3schools.com/bootstrap/exercised942.html]
[www.w3schools.com/bootstrap/exercise_dropdowns2.html]
[www.w3schools.com/bootstrap/exerciseca79.html]
[www.w3schools.com/bootstrap/exercise_dropdowns3.html]
[www.w3schools.com/bootstrap/exercise2117.html]
[www.w3schools.com/bootstrap/exercise_dropdowns4.html]
[www.w3schools.com/bootstrap/exercise964f.html]
[www.w3schools.com/bootstrap/tryite4e9.html]
[www.w3schools.com/bootstrap/tryitafda.html]
[www.w3schools.com/bootstrap/tryit22e4.html]
[www.w3schools.com/bootstrap/tryit980d.html]
[www.w3schools.com/bootstrap/tryitc3a7.html]
[www.w3schools.com/bootstrap/tryitfffe.html]
[www.w3schools.com/bootstrap/tryit4d01.html]
[www.w3schools.com/bootstrap/tryite653.html]
[www.w3schools.com/bootstrap/tryit8a1e.html]
[www.w3schools.com/bootstrap/exercise_dropdowns5.html]
[www.w3schools.com/bootstrap/exercise9ebe.html]
[www.w3schools.com/bootstrap/exercise_tabs1.html]
[www.w3schools.com/bootstrap/exercise2784.html]
[www.w3schools.com/bootstrap/exercise_tabs2.html]
[www.w3schools.com/bootstrap/exercise90e3.html]
[www.w3schools.com/bootstrap/exercise_tabs3.html]
[www.w3schools.com/bootstrap/exercise5d45.html]
[www.w3schools.com/bootstrap/exercise_tabs4.html]
[www.w3schools.com/bootstrap/exerciseacd4.html]
[www.w3schools.com/bootstrap/exercise_tabs5.html]
[www.w3schools.com/bootstrap/exercise1f54.html]
[www.w3schools.com/bootstrap/tryitfe3b.html]
[www.w3schools.com/bootstrap/tryitd65c.html]
[www.w3schools.com/bootstrap/tryit1827.html]
[www.w3schools.com/bootstrap/tryitdfa7.html]
[www.w3schools.com/bootstrap/tryit7356.html]
[www.w3schools.com/bootstrap/tryitc55f.html]
[www.w3schools.com/bootstrap/tryit208f.html]
[www.w3schools.com/bootstrap/exercise_tabs6.html]
[www.w3schools.com/bootstrap/exercisec1b1.html]
[www.w3schools.com/bootstrap/exercise_navbars1.html]
[www.w3schools.com/bootstrap/exercisec3a0.html]
[www.w3schools.com/bootstrap/exercise_navbars2.html]
[www.w3schools.com/bootstrap/exercise4e8d.html]
[www.w3schools.com/bootstrap/exercise_navbars3.html]
[www.w3schools.com/bootstrap/exercise9594.html]
[www.w3schools.com/bootstrap/tryit3d7a.html]
[www.w3schools.com/bootstrap/tryit9f3f.html]
[www.w3schools.com/bootstrap/tryit40c3.html]
[www.w3schools.com/bootstrap/tryit7db4.html]
[www.w3schools.com/bootstrap/tryitd04d.html]
[www.w3schools.com/bootstrap/tryitfcc3.html]
[www.w3schools.com/bootstrap/tryit7026.html]
[www.w3schools.com/bootstrap/tryita26b.html]
[www.w3schools.com/bootstrap/tryit1460.html]
[www.w3schools.com/bootstrap/tryit6f92.html]
[www.w3schools.com/bootstrap/tryit29cb.html]
[www.w3schools.com/bootstrap/tryit9956.html]
[www.w3schools.com/bootstrap/tryit6cba.html]
[www.w3schools.com/bootstrap/tryit4ab1.html]
[www.w3schools.com/bootstrap/tryit8525.html]
[www.w3schools.com/bootstrap/tryit325c.html]
[www.w3schools.com/bootstrap/tryit4da6.html]
[www.w3schools.com/bootstrap/tryit64f9.html]
[www.w3schools.com/bootstrap/tryitb3bd.html]
[www.w3schools.com/bootstrap/tryit5d59.html]
[www.w3schools.com/bootstrap/tryitd2b2.html]
[www.w3schools.com/bootstrap/tryitb6e4.html]
[www.w3schools.com/bootstrap/tryit5abe.html]
[www.w3schools.com/bootstrap/tryit495c.html]
[www.w3schools.com/bootstrap/tryitcdd0.html]
[www.w3schools.com/bootstrap/tryit0336.html]
[www.w3schools.com/bootstrap/tryit748d.html]
[www.w3schools.com/bootstrap/tryit69d2.html]
[www.w3schools.com/bootstrap/tryitb4cf.html]
[www.w3schools.com/bootstrap/trybs_scrollspy.html]
[www.w3schools.com/bootstrap/tryita7e1.html]
[www.w3schools.com/bootstrap/trybs_scrollspy2.html]
[www.w3schools.com/bootstrap/tryit25b3.html]
[www.w3schools.com/bootstrap/tryit30b5.html]
[www.w3schools.com/bootstrap/tryitf4dc.html]
[www.w3schools.com/bootstrap/tryit9cca.html]
[www.w3schools.com/bootstrap/tryitfbae.html]
[www.w3schools.com/bootstrap/tryit629d.html]
[www.w3schools.com/bootstrap/tryit0956.html]
[www.w3schools.com/bootstrap/tryit06c2.html]
[www.w3schools.com/bootstrap/tryit4350.html]
[www.w3schools.com/bootstrap/tryit6d92.html]
[www.w3schools.com/bootstrap/tryiteef8.html]
[www.w3schools.com/bootstrap/tryitab8e.html]
[www.w3schools.com/bootstrap/tryitf78b.html]
[www.w3schools.com/bootstrap/tryit474a.html]
[www.w3schools.com/bootstrap/tryita9e8.html]
[www.w3schools.com/bootstrap/tryit476d.html]
[www.w3schools.com/bootstrap/tryitff74.html]
[www.w3schools.com/bootstrap/tryit4d7a.html]
[www.w3schools.com/bootstrap/tryitcba7.html]
[www.w3schools.com/bootstrap/tryit0fd0.html]
[www.w3schools.com/bootstrap/tryit6dd4.html]
[www.w3schools.com/bootstrap/tryit8e73.html]
[www.w3schools.com/bootstrap/tryit08fa.html]
[www.w3schools.com/bootstrap/tryita552.html]
[www.w3schools.com/bootstrap/tryit2ab1.html]
[www.w3schools.com/bootstrap/tryitc04b.html]
[www.w3schools.com/bootstrap/tryitd148.html]
[www.w3schools.com/bootstrap/tryit06bf.html]
[www.w3schools.com/bootstrap/tryit9a0e.html]
[www.w3schools.com/bootstrap/tryit6349.html]
[www.w3schools.com/bootstrap/tryit1160.html]
[www.w3schools.com/bootstrap/tryit400b.html]
[www.w3schools.com/bootstrap/tryit3783.html]
[www.w3schools.com/bootstrap/tryit12f4.html]
[www.w3schools.com/bootstrap/tryit8377.html]
[www.w3schools.com/bootstrap/tryitcc2e.html]
[www.w3schools.com/bootstrap/tryitdce4.html]
[www.w3schools.com/bootstrap/tryit2d82.html]
[www.w3schools.com/bootstrap/tryit9d06.html]
[www.w3schools.com/bootstrap/exercise_navbars4.html]
[www.w3schools.com/bootstrap/tryit4082.html]
[www.w3schools.com/bootstrap/tryitb328.html]
[www.w3schools.com/bootstrap/tryit93ee.html]
[www.w3schools.com/bootstrap/tryit6e16.html]
[www.w3schools.com/bootstrap/tryit523a.html]
[www.w3schools.com/bootstrap/tryite42e.html]
[www.w3schools.com/bootstrap/tryit38d7.html]
[www.w3schools.com/bootstrap/tryit8809.html]
[www.w3schools.com/bootstrap/tryit6fbc.html]
[www.w3schools.com/bootstrap/tryit4a7a.html]
[www.w3schools.com/bootstrap/tryit6b45.html]
[www.w3schools.com/bootstrap/tryit7612.html]
[www.w3schools.com/bootstrap/tryit5042.html]
[www.w3schools.com/bootstrap/tryit3e05.html]
[www.w3schools.com/bootstrap/tryitefb4.html]
[www.w3schools.com/bootstrap/tryit09c0.html]
[www.w3schools.com/bootstrap/tryit5eb9.html]
[www.w3schools.com/bootstrap/tryit2916.html]
[www.w3schools.com/bootstrap/tryit763a.html]
[www.w3schools.com/bootstrap/tryit3e34.html]
[www.w3schools.com/bootstrap/tryitf6fe.html]
[www.w3schools.com/bootstrap/tryit5f6c.html]
[www.w3schools.com/bootstrap/tryitb82a.html]
[www.w3schools.com/bootstrap/tryitd383.html]
[www.w3schools.com/bootstrap/tryit588f.html]
[www.w3schools.com/bootstrap/tryit3ec9.html]
[www.w3schools.com/bootstrap/tryite12d.html]
[www.w3schools.com/bootstrap/tryit696c.html]
[www.w3schools.com/bootstrap/tryitd0b7.html]
[www.w3schools.com/bootstrap/tryitb3ef.html]
[www.w3schools.com/bootstrap/tryit4325.html]
[www.w3schools.com/bootstrap/tryit9065.html]
[www.w3schools.com/bootstrap/tryit0b05.html]
[www.w3schools.com/bootstrap/tryit6072.html]
[www.w3schools.com/bootstrap/tryit94c2.html]
[www.w3schools.com/bootstrap/tryita4f8.html]
[www.w3schools.com/bootstrap/tryitd382.html]
[www.w3schools.com/bootstrap/tryit7c10.html]
[www.w3schools.com/bootstrap/tryitf166.html]
[www.w3schools.com/bootstrap/tryit0039.html]
[www.w3schools.com/bootstrap/tryitb035.html]
[www.w3schools.com/bootstrap/tryit0ffa.html]
[www.w3schools.com/bootstrap/tryit4831.html]
[www.w3schools.com/bootstrap/tryit578c.html]
[www.w3schools.com/bootstrap/tryitaae2.html]
[www.w3schools.com/bootstrap/tryitf2e3.html]
[www.w3schools.com/bootstrap/tryit84e3.html]
[www.w3schools.com/bootstrap/tryit043e.html]
[www.w3schools.com/bootstrap/tryitb0a1.html]
[www.w3schools.com/bootstrap/tryita1f2.html]
[www.w3schools.com/bootstrap/tryitdbf9.html]
[www.w3schools.com/bootstrap/tryit1269.html]
[www.w3schools.com/bootstrap/tryit8c3e.html]
[www.w3schools.com/bootstrap/tryit203b.html]
[www.w3schools.com/bootstrap/tryit4232.html]
[www.w3schools.com/bootstrap/tryit2871.html]
[www.w3schools.com/bootstrap/tryit9037.html]
[www.w3schools.com/bootstrap/tryit9a36.html]
[www.w3schools.com/bootstrap/tryited3b.html]
[www.w3schools.com/bootstrap/tryit35de.html]
[www.w3schools.com/bootstrap/tryit2355.html]
[www.w3schools.com/bootstrap/tryite836.html]
[www.w3schools.com/bootstrap/tryit029e.html]
[www.w3schools.com/bootstrap/tryit589b.html]
[www.w3schools.com/bootstrap/tryit2842.html]
[www.w3schools.com/bootstrap/tryit464e.html]
[www.w3schools.com/bootstrap/tryitdf8e.html]
[www.w3schools.com/bootstrap/tryit1217.html]
[www.w3schools.com/bootstrap/tryitf499.html]
[www.w3schools.com/bootstrap/tryit46ba.html]
[www.w3schools.com/bootstrap/tryit9624.html]
[www.w3schools.com/bootstrap/tryit5c7b.html]
[www.w3schools.com/bootstrap/tryit0911.html]
[www.w3schools.com/bootstrap/tryit2d01.html]
[www.w3schools.com/bootstrap/tryit8657.html]
[www.w3schools.com/bootstrap/tryited43.html]
[www.w3schools.com/bootstrap/tryit6f10.html]
[www.w3schools.com/bootstrap/tryitec25.html]
[www.w3schools.com/bootstrap/tryitbd67.html]
[www.w3schools.com/bootstrap/tryit2066.html]
[www.w3schools.com/bootstrap/tryitcd13.html]
[www.w3schools.com/bootstrap/tryitb78e.html]
[www.w3schools.com/bootstrap/tryit4d04.html]
[www.w3schools.com/bootstrap/tryit6103.html]
[www.w3schools.com/bootstrap/tryitaf67.html]
[www.w3schools.com/bootstrap/tryit7c92.html]
[www.w3schools.com/bootstrap/tryit8592.html]
[www.w3schools.com/bootstrap/tryit2096.html]
[www.w3schools.com/bootstrap/tryitdeda.html]
[www.w3schools.com/bootstrap/tryitf648.html]
[www.w3schools.com/bootstrap/tryit08e6.html]
[www.w3schools.com/bootstrap/tryit631e.html]
[www.w3schools.com/bootstrap/tryitc713.html]
[www.w3schools.com/bootstrap/tryitee98.html]
[www.w3schools.com/bootstrap/tryite3aa.html]
[www.w3schools.com/bootstrap/tryitbc29.html]
[www.w3schools.com/bootstrap/tryita169.html]
[www.w3schools.com/bootstrap/tryit6571.html]
[www.w3schools.com/bootstrap/tryite57a.html]
[www.w3schools.com/bootstrap/tryita8df.html]
[www.w3schools.com/bootstrap/tryit41c3.html]
[www.w3schools.com/bootstrap/tryit0b50.html]
[www.w3schools.com/bootstrap/tryit6749.html]
[www.w3schools.com/bootstrap/tryitd04e.html]
[www.w3schools.com/bootstrap/tryit3a40.html]
[www.w3schools.com/bootstrap/tryit7502.html]
[www.w3schools.com/bootstrap/tryitaed8.html]
[www.w3schools.com/bootstrap/tryit2479.html]
[www.w3schools.com/bootstrap/tryit56cf.html]
[www.w3schools.com/bootstrap/tryitd9c1.html]
[www.w3schools.com/bootstrap/tryite61f.html]
[www.w3schools.com/bootstrap/tryitd637.html]
[www.w3schools.com/bootstrap/tryit8863.html]
[www.w3schools.com/bootstrap/tryit66b3.html]
[www.w3schools.com/bootstrap/tryitd849.html]
[www.w3schools.com/bootstrap/tryitd37e.html]
[www.w3schools.com/bootstrap/tryiteb76.html]
[www.w3schools.com/bootstrap/tryitff48.html]
[www.w3schools.com/bootstrap/tryitd954.html]
[www.w3schools.com/bootstrap/tryitb18e.html]
[www.w3schools.com/bootstrap/tryitc6b8.html]
[www.w3schools.com/bootstrap/tryit107f.html]
[www.w3schools.com/bootstrap/tryitd1a3.html]
[www.w3schools.com/bootstrap/tryit273b.html]
[www.w3schools.com/bootstrap/tryitc715.html]
[www.w3schools.com/bootstrap/tryit7374.html]
[www.w3schools.com/bootstrap/tryitc7d5.html]
[www.w3schools.com/bootstrap/tryita6d7.html]
[www.w3schools.com/bootstrap/tryit44de.html]
[www.w3schools.com/bootstrap/tryite768.html]
[www.w3schools.com/bootstrap/tryitfc2c.html]
[www.w3schools.com/bootstrap/tryit3799.html]
[www.w3schools.com/bootstrap/tryit6dea.html]
[www.w3schools.com/bootstrap/tryitf658.html]
[www.w3schools.com/bootstrap/tryit7fc0.html]
[www.w3schools.com/bootstrap/tryitd379.html]
[www.w3schools.com/bootstrap/tryitb4a8.html]
[www.w3schools.com/bootstrap/tryit1543.html]
[www.w3schools.com/bootstrap/tryit639b.html]
[www.w3schools.com/bootstrap/tryit31f1.html]
[www.w3schools.com/bootstrap/tryit28ee.html]
[www.w3schools.com/bootstrap/tryitfcdb.html]
[www.w3schools.com/bootstrap/tryitfdf9.html]
[www.w3schools.com/bootstrap/tryitdfc2.html]
[www.w3schools.com/bootstrap/tryit1102.html]
[www.w3schools.com/bootstrap/tryitd517.html]
[www.w3schools.com/bootstrap/tryitb624.html]
[www.w3schools.com/bootstrap/tryit8213.html]
[www.w3schools.com/bootstrap/tryit5abb.html]
[www.w3schools.com/bootstrap/tryit5c4b.html]
[www.w3schools.com/bootstrap/tryit7683.html]
[www.w3schools.com/bootstrap/tryit9c82.html]
[www.w3schools.com/bootstrap/tryit6b7d.html]
[www.w3schools.com/bootstrap/tryitfff3.html]
[www.w3schools.com/bootstrap/tryitb4b7.html]
[www.w3schools.com/bootstrap/tryit7199.html]
[www.w3schools.com/bootstrap/tryitd43d.html]
[www.w3schools.com/bootstrap/tryit585e.html]
[www.w3schools.com/bootstrap/tryitfd82.html]
[www.w3schools.com/bootstrap/tryit7329.html]
[www.w3schools.com/bootstrap/tryitb6e9.html]
[www.w3schools.com/bootstrap/tryitafc1.html]
[www.w3schools.com/bootstrap/tryitd517-2.html]
[www.w3schools.com/bootstrap/tryitc1cd.html]
[www.w3schools.com/bootstrap/tryit3e81.html]
[www.w3schools.com/bootstrap/tryit9b96.html]
[www.w3schools.com/bootstrap/tryitcf80.html]
[www.w3schools.com/bootstrap/tryit95d5.html]
[www.w3schools.com/bootstrap/tryit749b.html]
[www.w3schools.com/bootstrap/tryit05d3.html]
[www.w3schools.com/bootstrap/tryitca2b.html]
[www.w3schools.com/bootstrap/tryita01f.html]
[www.w3schools.com/bootstrap/tryita3a2.html]
[www.w3schools.com/bootstrap/tryit666c.html]
[www.w3schools.com/bootstrap/tryitc601.html]
[www.w3schools.com/bootstrap/tryit099f.html]
[www.w3schools.com/bootstrap/tryitd588.html]
[www.w3schools.com/bootstrap/tryit8164.html]
[www.w3schools.com/bootstrap/tryit3916.html]
[www.w3schools.com/bootstrap/tryitae0b.html]
[www.w3schools.com/bootstrap/tryit8ff0.html]
[www.w3schools.com/bootstrap/tryitac43.html]
[www.w3schools.com/bootstrap/tryit1751.html]
[www.w3schools.com/bootstrap/tryitb105.html]
[www.w3schools.com/bootstrap/tryit2c1b.html]
[www.w3schools.com/bootstrap/tryitbcc0.html]
[www.w3schools.com/bootstrap/tryit15dd.html]
[www.w3schools.com/bootstrap/tryit74bd.html]
[www.w3schools.com/bootstrap/tryita34d.html]
[www.w3schools.com/bootstrap/tryit040b.html]
[www.w3schools.com/bootstrap/tryitccc4.html]
[www.w3schools.com/bootstrap/tryit90f9.html]
[www.w3schools.com/bootstrap/tryitf1ba.html]
[www.w3schools.com/bootstrap/tryita103.html]
[www.w3schools.com/bootstrap/tryit602a.html]
[www.w3schools.com/bootstrap/tryit5d62.html]
[www.w3schools.com/bootstrap/tryitc58e.html]
[www.w3schools.com/bootstrap/tryite639.html]
[www.w3schools.com/bootstrap/tryitc90a.html]
[www.w3schools.com/bootstrap/tryit6c0f.html]
[www.w3schools.com/bootstrap/tryit6717.html]
[www.w3schools.com/bootstrap/tryit11d9.html]
[www.w3schools.com/bootstrap/tryit41c6.html]
[www.w3schools.com/bootstrap/tryita649.html]
[www.w3schools.com/bootstrap/tryitbd59.html]
[www.w3schools.com/bootstrap/tryit9589.html]
[www.w3schools.com/bootstrap/tryitea9f.html]
[www.w3schools.com/bootstrap/tryitee87.html]
[www.w3schools.com/bootstrap/tryit7d0c.html]
[www.w3schools.com/bootstrap/tryit885e.html]
[www.w3schools.com/bootstrap/tryite774.html]
[www.w3schools.com/bootstrap/tryitdda3.html]
[www.w3schools.com/bootstrap/tryit7991.html]
[www.w3schools.com/bootstrap/tryit78e5.html]
[www.w3schools.com/bootstrap/tryit2f28.html]
[www.w3schools.com/bootstrap/tryit6900.html]
[www.w3schools.com/bootstrap/tryite516.html]
[www.w3schools.com/bootstrap/tryitac93.html]
[www.w3schools.com/bootstrap/tryitb89e.html]
[www.w3schools.com/bootstrap/tryitfd3d.html]
[www.w3schools.com/bootstrap/tryit0a23.html]
[www.w3schools.com/bootstrap/tryitc5c9.html]
[www.w3schools.com/bootstrap/tryit9665.html]
[www.w3schools.com/bootstrap/tryit1eff.html]
[www.w3schools.com/bootstrap/tryit6974.html]
[www.w3schools.com/bootstrap/tryit3205.html]
[www.w3schools.com/bootstrap/tryit99a9.html]
[www.w3schools.com/bootstrap/tryit397f.html]
[www.w3schools.com/bootstrap/tryitc16c.html]
[www.w3schools.com/bootstrap/tryit9fb5.html]
[www.w3schools.com/bootstrap/tryit6e14.html]
[www.w3schools.com/bootstrap/tryite305.html]
[www.w3schools.com/bootstrap/tryitc348.html]
[www.w3schools.com/bootstrap/tryit12bb.html]
[www.w3schools.com/bootstrap/tryite301.html]
[www.w3schools.com/bootstrap/tryit2b0a.html]
[www.w3schools.com/bootstrap/tryitc5f5.html]
[www.w3schools.com/bootstrap/tryit72f7.html]
[www.w3schools.com/bootstrap/tryitbe64.html]
[www.w3schools.com/bootstrap/tryit6c09.html]
[www.w3schools.com/bootstrap/tryit1b99.html]
[www.w3schools.com/bootstrap/tryit52a5.html]
[www.w3schools.com/bootstrap/tryit3e2c.html]
[www.w3schools.com/bootstrap/tryit3502.html]
[www.w3schools.com/bootstrap/tryitd84a.html]
[www.w3schools.com/bootstrap/tryitbd8d.html]
[www.w3schools.com/bootstrap/tryit6e7c.html]
[www.w3schools.com/bootstrap/tryite412.html]
[www.w3schools.com/bootstrap/tryit548c.html]
[www.w3schools.com/bootstrap/tryit737b.html]
[www.w3schools.com/bootstrap/tryitee29.html]
[www.w3schools.com/bootstrap/tryitaaf4.html]
[www.w3schools.com/bootstrap/tryitb977.html]
[www.w3schools.com/bootstrap/tryite1ca.html]
[www.w3schools.com/bootstrap/tryit04e6.html]
[www.w3schools.com/bootstrap/tryit4f93.html]
[www.w3schools.com/bootstrap/tryit7978.html]
[www.w3schools.com/bootstrap/tryit588e.html]
[www.w3schools.com/bootstrap/tryit3c14.html]
[www.w3schools.com/bootstrap/tryit2969.html]
[www.w3schools.com/bootstrap/tryitda80.html]
[www.w3schools.com/bootstrap/tryitda9a.html]
[www.w3schools.com/bootstrap/tryitf083.html]
[www.w3schools.com/bootstrap/tryit74e5.html]
[www.w3schools.com/bootstrap/tryita185.html]
[www.w3schools.com/bootstrap/tryit3742.html]
[www.w3schools.com/bootstrap/tryit8a82.html]
[www.w3schools.com/bootstrap/tryit3a39.html]
[www.w3schools.com/bootstrap/tryit3438.html]
[www.w3schools.com/bootstrap/tryit1f78.html]
[www.w3schools.com/bootstrap/tryit4758.html]
[www.w3schools.com/bootstrap/tryit4618.html]
[www.w3schools.com/bootstrap/tryit270b.html]
[www.w3schools.com/bootstrap/tryit36b9.html]
[www.w3schools.com/bootstrap/tryit4349.html]
[www.w3schools.com/bootstrap/tryit93b8.html]
[www.w3schools.com/bootstrap/tryit0d87.html]
[www.w3schools.com/bootstrap/tryit44db.html]
[www.w3schools.com/bootstrap/tryitcfd0.html]
[www.w3schools.com/bootstrap/tryit708b.html]
[www.w3schools.com/bootstrap/tryit2bfa.html]
[www.w3schools.com/bootstrap/tryite506.html]
[www.w3schools.com/bootstrap/tryitb200.html]
[www.w3schools.com/bootstrap/tryite2cc.html]
[www.w3schools.com/bootstrap/tryit257d.html]
[www.w3schools.com/bootstrap/tryit3ec1.html]
[www.w3schools.com/bootstrap/tryitdc32.html]
[www.w3schools.com/bootstrap/tryit738c.html]
[www.w3schools.com/bootstrap/tryit9590.html]
[www.w3schools.com/bootstrap/tryit35e7.html]
[www.w3schools.com/bootstrap/tryit9f9b.html]
[www.w3schools.com/bootstrap/tryitd4fa.html]
[www.w3schools.com/bootstrap/tryit3f95.html]
[www.w3schools.com/bootstrap/tryitf4e7.html]
[www.w3schools.com/bootstrap/tryit1dbb.html]
[www.w3schools.com/bootstrap/tryit741c.html]
[www.w3schools.com/bootstrap/tryit9a25.html]
[www.w3schools.com/bootstrap/tryit201e.html]
[www.w3schools.com/bootstrap/tryitd97d.html]
[www.w3schools.com/bootstrap/tryit4786.html]
[www.w3schools.com/bootstrap/tryit8678.html]
[www.w3schools.com/bootstrap/tryitd671.html]
[www.w3schools.com/bootstrap/tryit88f6.html]
[www.w3schools.com/bootstrap/tryit322a.html]
[www.w3schools.com/bootstrap/tryit7673.html]
[www.w3schools.com/bootstrap/tryitdb23.html]
[www.w3schools.com/bootstrap/tryitd0d9.html]
[www.w3schools.com/bootstrap/tryit19ff.html]
[www.w3schools.com/bootstrap/tryitb0ee.html]
[www.w3schools.com/bootstrap/tryit3d30.html]
[www.w3schools.com/bootstrap/tryit8852.html]
[www.w3schools.com/bootstrap/tryita48d.html]
[www.w3schools.com/bootstrap/tryit3690.html]
[www.w3schools.com/bootstrap/tryit833b.html]
[www.w3schools.com/bootstrap/tryitaeff.html]
[www.w3schools.com/bootstrap/tryit595c.html]
[www.w3schools.com/bootstrap/tryitb03f.html]
[www.w3schools.com/bootstrap/tryit0962.html]
[www.w3schools.com/bootstrap/tryitcdaf.html]
[www.w3schools.com/bootstrap/tryit900b.html]
[www.w3schools.com/bootstrap/tryit8830.html]
[www.w3schools.com/bootstrap/tryit941b.html]
[www.w3schools.com/bootstrap/tryit5136.html]
[www.w3schools.com/bootstrap/tryit0d14.html]
[www.w3schools.com/bootstrap/tryitfb9e.html]
[www.w3schools.com/bootstrap/tryit8524.html]
[www.w3schools.com/bootstrap/tryit9a54.html]
[www.w3schools.com/bootstrap/tryit2350.html]
[www.w3schools.com/bootstrap/tryit8205.html]
[www.w3schools.com/bootstrap/tryitdebd.html]
[www.w3schools.com/bootstrap/tryitf947.html]
[www.w3schools.com/bootstrap/tryit32d2.html]
[www.w3schools.com/bootstrap/tryit9c98.html]
[www.w3schools.com/bootstrap/tryit2d30.html]
[www.w3schools.com/bootstrap/tryit3547.html]
[www.w3schools.com/bootstrap/tryitc60a.html]
[www.w3schools.com/bootstrap/tryit82c5.html]
[www.w3schools.com/bootstrap/tryitac10.html]
[www.w3schools.com/bootstrap/tryita6d7-2.html]
[www.w3schools.com/bootstrap/tryit093d.html]
[www.w3schools.com/bootstrap/tryit5d78.html]
[www.w3schools.com/bootstrap/tryit23d0.html]
[www.w3schools.com/bootstrap/tryit00e0.html]
[www.w3schools.com/bootstrap/tryit6475.html]
[www.w3schools.com/bootstrap/tryitee71.html]
[www.w3schools.com/bootstrap/tryit4e49.html]
[www.w3schools.com/bootstrap/tryit6e06.html]
[www.w3schools.com/bootstrap/tryit25d7.html]
[www.w3schools.com/bootstrap/tryit0473.html]
[www.w3schools.com/bootstrap/tryit5213.html]
[www.w3schools.com/bootstrap/tryitcd0b.html]
[www.w3schools.com/bootstrap/tryit5643.html]
[www.w3schools.com/bootstrap/tryit1bd8.html]
[www.w3schools.com/bootstrap/tryit8d55.html]
[www.w3schools.com/bootstrap/tryitc5ff.html]
[www.w3schools.com/bootstrap/tryit8cf6.html]
[www.w3schools.com/bootstrap/tryit1f1f.html]
[www.w3schools.com/bootstrap/tryit450b.html]
[www.w3schools.com/bootstrap/tryit31b0.html]
[www.w3schools.com/bootstrap/tryit05c4.html]
[www.w3schools.com/bootstrap/tryita94e.html]
[www.w3schools.com/bootstrap/tryit8b72.html]
[www.w3schools.com/bootstrap/tryitca51.html]
[www.w3schools.com/bootstrap/tryitc1f9.html]
[www.w3schools.com/bootstrap/tryit7a82.html]
[www.w3schools.com/bootstrap/tryit20f8.html]
[www.w3schools.com/bootstrap/tryit610b.html]
[www.w3schools.com/bootstrap/tryit3261.html]
[www.w3schools.com/bootstrap/tryit1bbb.html]
[www.w3schools.com/bootstrap/tryitee61.html]
[www.w3schools.com/bootstrap/tryit578a.html]
[www.w3schools.com/bootstrap/tryit72ff.html]
[www.w3schools.com/bootstrap/tryitac4e.html]
[www.w3schools.com/images/stop.gif]
[www.w3schools.com/bootstrap/tryit67bd.html]
[www.w3schools.com/bootstrap/tryitf434.html]
[www.w3schools.com/bootstrap/tryit2f3b.html]
[www.w3schools.com/bootstrap/tryit325f.html]
[www.w3schools.com/bootstrap/tryitdc16.html]
[www.w3schools.com/bootstrap/tryit3177.html]
[www.w3schools.com/bootstrap/tryita81e.html]
[www.w3schools.com/bootstrap/tryit2dca.html]
[www.w3schools.com/bootstrap/tryitece1.html]
[www.w3schools.com/bootstrap/tryit4ba3.html]
[www.w3schools.com/bootstrap/tryit_view52a0.html]
[www.w3schools.com/bootstrap/exercise_tables1.html]
[www.w3schools.com/bootstrap/exercise_tables2.html]
[www.w3schools.com/bootstrap/exercise_tables3.html]
[www.w3schools.com/bootstrap/exercise_tables4.html]
[www.w3schools.com/bootstrap/exercise_tables5.html]
[www.w3schools.com/bootstrap/exercise_tables6.html]
[www.w3schools.com/bootstrap/exercise_images1.html]
[www.w3schools.com/bootstrap/exercise_images2.html]
[www.w3schools.com/bootstrap/exercise_images3.html]
[www.w3schools.com/bootstrap/exercise_images4.html]
[www.w3schools.com/bootstrap/exercise_alerts1.html]
[www.w3schools.com/bootstrap/exercise_alerts2.html]
[www.w3schools.com/bootstrap/exercise_alerts3.html]
[www.w3schools.com/bootstrap/exercise_buttons1.html]
[www.w3schools.com/bootstrap/exercise_buttons2.html]
[www.w3schools.com/bootstrap/exercise_buttons3.html]
[www.w3schools.com/bootstrap/exercise_buttons4.html]
[www.w3schools.com/bootstrap/exercise_button_groups1.html]
[www.w3schools.com/bootstrap/exercise_button_groups2.html]
[www.w3schools.com/bootstrap/exercise_button_groups3.html]
[www.w3schools.com/bootstrap/exercise_button_groups4.html]
[www.w3schools.com/bootstrap/exercise_button_groups5.html]
[www.w3schools.com/bootstrap/exercise_glyphicons1.html]
[www.w3schools.com/bootstrap/exercise_glyphicons2.html]
[www.w3schools.com/bootstrap/exercise_glyphicons3.html]
[www.w3schools.com/bootstrap/exercise_badges1.html]
[www.w3schools.com/bootstrap/exercise_badges2.html]
[www.w3schools.com/bootstrap/exercise_labels1.html]
[www.w3schools.com/bootstrap/exercise_labels2.html]
[www.w3schools.com/bootstrap/exercise_progressbars1.html]
[www.w3schools.com/bootstrap/exercise_progressbars2.html]
[www.w3schools.com/bootstrap/exercise_progressbars3.html]
[www.w3schools.com/bootstrap/exercise_progressbars4.html]
[www.w3schools.com/bootstrap/exercise_pagination1.html]
[www.w3schools.com/bootstrap/exercise_pagination2.html]
[www.w3schools.com/bootstrap/exercise_pagination3.html]
[www.w3schools.com/bootstrap/exercise_pagination4.html]
[www.w3schools.com/bootstrap/exercise_pagination5.html]
[www.w3schools.com/bootstrap/exercise_listgroups1.html]
[www.w3schools.com/bootstrap/exercise_listgroups2.html]
[www.w3schools.com/bootstrap/exercise_listgroups3.html]
[www.w3schools.com/bootstrap/exercise_listgroups4.html]
[www.w3schools.com/bootstrap/exercise_listgroups5.html]
[www.w3schools.com/bootstrap/exercise_panels1.html]
[www.w3schools.com/bootstrap/exercise_panels2.html]
[www.w3schools.com/bootstrap/exercise_panels3.html]
[www.w3schools.com/bootstrap/exercise_panels4.html]
[www.w3schools.com/bootstrap/exercise_panels5.html]
[www.w3schools.com/bootstrap/exercise_dropdowns1.html]
[www.w3schools.com/bootstrap/exercise_dropdowns2.html]
[www.w3schools.com/bootstrap/exercise_dropdowns3.html]
[www.w3schools.com/bootstrap/exercise_dropdowns4.html]
[www.w3schools.com/bootstrap/exercise_dropdowns5.html]
[www.w3schools.com/bootstrap/exercise_tabs1.html]
[www.w3schools.com/bootstrap/exercise_tabs2.html]
[www.w3schools.com/bootstrap/exercise_tabs3.html]
[www.w3schools.com/bootstrap/exercise_tabs4.html]
[www.w3schools.com/bootstrap/exercise_tabs5.html]
[www.w3schools.com/bootstrap/exercise_tabs6.html]
[www.w3schools.com/bootstrap/exercise_navbars1.html]
[www.w3schools.com/bootstrap/exercise_navbars2.html]
[www.w3schools.com/bootstrap/exercise_navbars3.html]
[www.w3schools.com/bootstrap/exercise_navbars4.html]
[www.w3schools.com/bs/css/bootstrap_w3schools.css]
[www.w3schools.com/jquery.js]
[maxcdn.bootstrapcdn.com/bootstrap/3.2.0/js/bootstrap.min.js]
[www.w3schools.com/bs/js/bootstrap.min.js]
[www.w3schools.com/images/home.png]
[www.w3schools.com/images/search.png]
[maxcdn.bootstrapcdn.com/bootstrap/3.3.5/js/bootstrap.min.js]
[www.w3schools.com/images/translate.png]
[www.w3schools.com/images/html5_badge20.png]
[www.w3schools.com/stdtheme.css]
[www.w3schools.com/bootstrap/bootstrap_get_started.html]
[www.w3schools.com/bootstrap/tryit689b.html]
[www.w3schools.com/w3schools.js]
[translate.google.com/translate_a/elementa0d8.html]
[www.w3schools.com/err_sup.html]
[www.w3schools.com/bootstrap/tryitd4d9.html]
[www.w3schools.com/bootstrap/tryitd083.html]
[www.w3schools.com/bootstrap/tryit5fdf.html]
[www.w3schools.com/bootstrap/tryitb3bd.html]
[www.w3schools.com/bootstrap/tryit495c.html]
[www.w3schools.com/bootstrap/tryit3783.html]
[www.w3schools.com/bootstrap/tryit5136.html]
[www.w3schools.com/trystyle.css]
[maxcdn.bootstrapcdn.com/bootstrap/3.3.5/css/bootstrap.min.css]
[www.w3schools.com/exercise.css]
[maxcdn.bootstrapcdn.com/bootstrap/3.3.5/fonts/glyphicons-halflings-regular.svg]
[www.w3schools.com/bootstrap/exercise_images1.html]
[www.w3schools.com/bs/fonts/glyphicons-halflings-regular.svg]
[www.w3schools.com/bs/fonts/glyphicons-regular.svg]
[www.w3schools.com/bs/fonts/glyphicons-social-regular.svg]
[www.w3schools.com/bootstrap/Popover requires tooltip.html]
[www.w3schools.com/bootstrap/POST.html]
[www.w3schools.com/err_sup.html]
[maxcdn.bootstrapcdn.com/bootstrap/3.3.5/fonts/glyphicons-halflings-regular.svg]
