[www.hobo-web.co.uk/seo-tutorial/index.html]
[backblue.gif]
[fade.gif]
[index.html]
[www.hobo-web.co.uk/wp-content/plugins/wysija-newsletters/css/validationEngine.jquery.css]
[www.hobo-web.co.uk/feed/index.html]
[www.hobo-web.co.uk/comments/feed/index.html]
[www.hobo-web.co.uk/wp-content/plugins/wbounce/css/min/wbounce.min.css]
[www.hobo-web.co.uk/wp-includes/js/jquery/jquery-migrate.min.js]
[www.hobo-web.co.uk/wp-content/plugins/wbounce/js/min/wbounce.min.js]
[www.hobo-web.co.uk/xmlrpc.php]
[www.hobo-web.co.uk/wp-includes/js/jquery/jquery.js]
[www.hobo-web.co.uk/wp-content/themes/hobo2013/style.css]
[www.hobo-web.co.uk/wp-content/themes/hobo2013/css/print.css]
[www.hobo-web.co.uk/wp-content/themes/hobo2013/images/favicon.ico]
[www.hobo-web.co.uk/wp-content/themes/hobo2013/css/responsive.css]
[ajax.googleapis.com/ajax/libs/jquery/2.1.3/jquery.min.js]
[www.hobo-web.co.uk/wp-content/themes/hobo2013/javascripts/modernizr.foundation.js]
[www.hobo-web.co.uk/wp-content/themes/hobo2013/javascripts/localtime.js]
[www.google.com/recaptcha/api.js]
[www.hobo-web.co.uk/hobologo.png]
[www.hobo-web.co.uk/wp-content/themes/hobo2013/images/logo.png]
[www.hobo-web.co.uk/wp-content/uploads/Search-Engine-Market-Share-In-The-UK-2015-12-18-at-04.27.24.png]
[www.hobo-web.co.uk/wp-content/uploads/Screen-Shot-2013-07-19-at-02.13.14.png]
[www.hobo-web.co.uk/wp-content/uploads/Screenshot-2014-01-25-01.35.12.png]
[www.hobo-web.co.uk/wp-content/uploads/Screenshot-2014-01-16-13.40.38.png]
[csrb.files.wordpress.com/2011/08/secret.jpg]
[www.hobo-web.co.uk/wp-content/uploads/2008/07/picture-9.png]
[upload.wikimedia.org/wikipedia/commons/thumb/c/ca/Inverted_pyramid_2.svg/500px-Inverted_pyramid_2.svg.png]
[www.hobo-web.co.uk/wp-content/uploads/2008/01/internal-structure.jpg]
[www.hobo-web.co.uk/wp-content/uploads/Screen-Shot-2015-04-14-at-00.53.05.png]
[static.googleusercontent.com/media/www.google.com/en/webmasters/docs/search-engine-optimization-starter-guide.pdf]
[www.hobo-web.co.uk/wp-content/uploads/hobo-uk-seo-a-beginners-guide-v4-2016.pdf]
[www.hobo-web.co.uk/wp-content/uploads/doorway-page-penalty-google.png]
[www.hobo-web.co.uk/wp-content/uploads/detected-doorway-pages-google.png]
[www.hobo-web.co.uk/shaun-anderson.jpg]
[www.hobo-web.co.uk/wp-content/uploads/Hobo-UK-SEO-Beginners-Guide-v3.jpg]
[www.hobo-web.co.uk/wp-content/uploads/Screenshot-2015-11-06-04.24.181.png]
[www.feedburner.com/fb/images/pub/feed-icon32x32.png]
[www.hobo-web.co.uk/wp-content/uploads/tw-share.png]
[www.hobo-web.co.uk/wp-content/uploads/fb-share.png]
[www.hobo-web.co.uk/wp-content/uploads/gp-share.png]
[www.hobo-web.co.uk/wp-content/uploads/li-share.png]
[www.hobo-web.co.uk/hobo-logo-sideb.png]
[www.hobo-web.co.uk/wp-content/themes/hobo2013/images/socialft-twt.png]
[www.hobo-web.co.uk/wp-content/themes/hobo2013/images/socialft-fb.png]
[www.hobo-web.co.uk/wp-content/themes/hobo2013/images/socialft-in.png]
[www.hobo-web.co.uk/wp-content/themes/hobo2013/images/socialft-gplus.png]
[www.hobo-web.co.uk/wp-content/themes/hobo2013/javascripts/app.js]
[www.hobo-web.co.uk/wp-content/themes/hobo2013/javascripts/jquery.hc-sticky.min.js]
[www.hobo-web.co.uk/wp-content/uploads/Hobo-UK-SEO-Beginners-Guide-v3-2.jpg]
[www.hobo-web.co.uk/wp-content/themes/hobo2013/javascripts/foundation.min.js]
[www.hobo-web.co.uk/wp-content/plugins/bj-lazy-load/js/bj-lazy-load.min.js]
[www.hobo-web.co.uk/wp-content/themes/hobo2013/javascripts/toc.js]
[www.hobo-web.co.uk/wp-includes/js/wp-embed.min.js]
[www.hobo-web.co.uk/wp-content/themes/hobo2013/javascripts/remove-classes.js]
[www.hobo-web.co.uk/wp-content/themes/hobo2013/javascripts/main.js]
[www.hobo-web.co.uk/wp-content/themes/hobo2013/javascripts/jquery.fitvids.js]
[in.getclicky.com/207602ns.gif]
[www.hobo-web.co.uk/seo-tutorial/index.html]
[apis.google.com/js/plusone.js]
[www.hobo-web.co.uk/xmlrpc.html]
[www.hobo-web.co.uk/wp-json/index.html]
[www.hobo-web.co.uk/wp-json/oembed/1.0/embed048f.html]
[www.hobo-web.co.uk/wp-json/oembed/1.0/embed07c7.html]
[www.hobo-web.co.uk/comments/feed/index.html]
[www.hobo-web.co.uk/feed/index.html]
[www.hobo-web.co.uk/wp-includes/js/jquery/jquery-migrate.min.js]
[www.hobo-web.co.uk/wp-content/plugins/wysija-newsletters/css/validationEngine.jquery.css]
[www.hobo-web.co.uk/wp-content/plugins/wbounce/js/min/wbounce.min.js]
[www.hobo-web.co.uk/wp-content/plugins/wbounce/css/min/wbounce.min.css]
[www.hobo-web.co.uk/wp-includes/js/jquery/jquery.js]
[www.hobo-web.co.uk/wp-content/themes/hobo2013/images/header-tile-mobile.jpg]
[www.hobo-web.co.uk/wp-content/themes/hobo2013/images/icons-small-hover.png]
[www.hobo-web.co.uk/wp-content/themes/hobo2013/images/shaun-profile.png]
[www.hobo-web.co.uk/wp-content/themes/hobo2013/images/michael-profile.png]
[www.hobo-web.co.uk/wp-content/themes/hobo2013/images/alan-profile.png]
[www.hobo-web.co.uk/wp-content/themes/hobo2013/javascripts/modernizr.foundation.js]
[www.hobo-web.co.uk/wp-content/themes/hobo2013/images/chris-profile.png]
[www.hobo-web.co.uk/wp-content/themes/hobo2013/images/marty-profile.png]
[www.hobo-web.co.uk/wp-content/themes/hobo2013/images/rodger-profile.png]
[www.hobo-web.co.uk/wp-content/themes/hobo2013/images/roberto-profile.png]
[www.hobo-web.co.uk/wp-content/themes/hobo2013/javascripts/localtime.js]
[www.hobo-web.co.uk/wp-content/themes/hobo2013/images/contact-banner.jpg]
[www.hobo-web.co.uk/wp-content/themes/hobo2013/images/contact-icons-phone.png]
[www.hobo-web.co.uk/wp-content/themes/hobo2013/images/contact-icons-fax.png]
[www.hobo-web.co.uk/wp-content/themes/hobo2013/images/response-arrow.png]
[www.hobo-web.co.uk/wp-content/themes/hobo2013/images/header-bg.png]
[www.google.com/recaptcha/api.js]
[www.hobo-web.co.uk/wp-content/themes/hobo2013/images/arrow-left-highlight.png]
[www.hobo-web.co.uk/wp-content/themes/hobo2013/images/arrow-right-highlight.png]
[www.hobo-web.co.uk/hobologo.png]
[www.hobo-web.co.uk/wp-content/uploads/Search-Engine-Market-Share-In-The-UK-2015-12-18-at-04.27.24.png]
[www.hobo-web.co.uk/wp-content/themes/hobo2013/images/logo.png]
[www.hobo-web.co.uk/wp-content/themes/hobo2013/images/greeen-arrow.png]
[www.hobo-web.co.uk/wp-content/uploads/Screen-Shot-2013-07-19-at-02.13.14.png]
[www.hobo-web.co.uk/wp-content/uploads/Screenshot-2014-01-25-01.35.12.png]
[www.hobo-web.co.uk/wp-content/uploads/Screenshot-2014-01-16-13.40.38.png]
[www.hobo-web.co.uk/wp-content/uploads/2008/07/picture-9.png]
[upload.wikimedia.org/wikipedia/commons/thumb/c/ca/Inverted_pyramid_2.svg/500px-Inverted_pyramid_2.svg.png]
[www.hobo-web.co.uk/wp-content/uploads/2008/01/internal-structure.jpg]
[www.hobo-web.co.uk/wp-content/uploads/Screen-Shot-2015-04-14-at-00.53.05.png]
[csrb.files.wordpress.com/2011/08/secret.jpg]
[www.hobo-web.co.uk/wp-content/uploads/doorway-page-penalty-google.png]
[www.hobo-web.co.uk/wp-content/uploads/detected-doorway-pages-google.png]
[www.hobo-web.co.uk/wp-content/themes/hobo2013/images/loading.gif]
[www.hobo-web.co.uk/shaun-anderson.jpg]
[www.hobo-web.co.uk/wp-content/uploads/Hobo-UK-SEO-Beginners-Guide-v3.jpg]
[www.hobo-web.co.uk/wp-content/themes/hobo2013/images/eccom-optim.png]
[www.feedburner.com/fb/images/pub/feed-icon32x32.png]
[www.hobo-web.co.uk/wp-content/uploads/Screenshot-2015-11-06-04.24.181.png]
[www.hobo-web.co.uk/wp-content/themes/hobo2013/images/big-warn.png]
[www.hobo-web.co.uk/wp-content/uploads/tw-share.png]
[www.hobo-web.co.uk/wp-content/themes/hobo2013/images/web-testing-small-colour.png]
[www.hobo-web.co.uk/wp-content/uploads/gp-share.png]
[www.hobo-web.co.uk/wp-content/themes/hobo2013/images/book-small-colour.png]
[www.hobo-web.co.uk/wp-content/uploads/li-share.png]
[www.hobo-web.co.uk/wp-content/themes/hobo2013/images/backlinks-search-small-colour.png]
[www.hobo-web.co.uk/hobo-logo-sideb.png]
[www.hobo-web.co.uk/wp-content/themes/hobo2013/images/socialft-twt.png]
[www.hobo-web.co.uk/wp-content/themes/hobo2013/images/content-markt-small-colour.png]
[www.hobo-web.co.uk/wp-content/themes/hobo2013/images/socialft-fb.png]
[www.hobo-web.co.uk/wp-content/themes/hobo2013/images/competition-rosette-colour.png]
[www.hobo-web.co.uk/wp-content/themes/hobo2013/images/socialft-in.png]
[www.hobo-web.co.uk/wp-content/themes/hobo2013/images/socialft-gplus.png]
[www.hobo-web.co.uk/wp-content/themes/hobo2013/images/seoauditicon-small-colour.png]
[www.hobo-web.co.uk/wp-content/themes/hobo2013/images/ppc-icon-pound.png]
[www.hobo-web.co.uk/wp-content/themes/hobo2013/images/content-markt-mod.png]
[www.hobo-web.co.uk/wp-content/themes/hobo2013/images/ppc-icon-pound-mod.png]
[www.hobo-web.co.uk/wp-content/themes/hobo2013/images/leeeeffftarrow.png]
[www.hobo-web.co.uk/wp-content/themes/hobo2013/javascripts/foundation.min.js]
[www.hobo-web.co.uk/wp-content/themes/hobo2013/style.css]
[www.hobo-web.co.uk/wp-content/themes/hobo2013/javascripts/jquery.hc-sticky.min.js]
[www.hobo-web.co.uk/wp-content/uploads/Hobo-UK-SEO-Beginners-Guide-v3-2.jpg]
[www.hobo-web.co.uk/wp-content/themes/hobo2013/javascripts/toc.js]
[www.hobo-web.co.uk/wp-content/plugins/bj-lazy-load/js/bj-lazy-load.min.js]
[www.hobo-web.co.uk/wp-includes/js/wp-embed.min.js]
[www.hobo-web.co.uk/wp-content/themes/hobo2013/javascripts/jquery.fitvids.js]
[www.hobo-web.co.uk/wp-content/themes/hobo2013/javascripts/main.js]
[www.hobo-web.co.uk/wp-content/themes/hobo2013/images/eccom-optim-small.png]
[www.hobo-web.co.uk/wp-content/themes/hobo2013/images/arrow-right.png]
[apis.google.com/js/plusone.js]
[www.hobo-web.co.uk/wp-content/themes/hobo2013/images/arrow-right-blue.png]
[www.hobo-web.co.uk/wp-content/themes/hobo2013/images/arrow-left.png]
[www.hobo-web.co.uk/wp-content/themes/hobo2013/images/arrow-left-blue.png]
[www.hobo-web.co.uk/wp-content/themes/hobo2013/css/responsive.css]
[www.hobo-web.co.uk/wp-content/themes/hobo2013/css/print.css]
[www.hobo-web.co.uk/wp-content/themes/hobo2013/images/icons-small-hover.png]
[www.hobo-web.co.uk/wp-content/themes/hobo2013/images/shaun-profile.png]
[www.hobo-web.co.uk/wp-content/themes/hobo2013/images/michael-profile.png]
[www.hobo-web.co.uk/wp-content/themes/hobo2013/images/alan-profile.png]
[www.hobo-web.co.uk/wp-content/themes/hobo2013/images/chris-profile.png]
[www.hobo-web.co.uk/wp-content/themes/hobo2013/images/marty-profile.png]
[www.hobo-web.co.uk/wp-content/themes/hobo2013/images/rodger-profile.png]
[www.hobo-web.co.uk/wp-content/themes/hobo2013/images/roberto-profile.png]
[www.hobo-web.co.uk/wp-content/themes/hobo2013/images/contact-banner.jpg]
[www.hobo-web.co.uk/wp-content/themes/hobo2013/images/contact-icons-phone.png]
[www.hobo-web.co.uk/wp-content/themes/hobo2013/images/contact-icons-fax.png]
[www.hobo-web.co.uk/wp-content/themes/hobo2013/images/response-arrow.png]
[www.hobo-web.co.uk/wp-content/themes/hobo2013/images/loading.gif]
[www.hobo-web.co.uk/wp-content/themes/hobo2013/images/eccom-optim.png]
[www.hobo-web.co.uk/wp-content/themes/hobo2013/images/web-testing-small-colour.png]
[www.hobo-web.co.uk/wp-content/themes/hobo2013/images/big-warn.png]
[www.hobo-web.co.uk/wp-content/themes/hobo2013/images/backlinks-search-small-colour.png]
[www.hobo-web.co.uk/wp-content/themes/hobo2013/images/book-small-colour.png]
[www.hobo-web.co.uk/wp-content/themes/hobo2013/images/competition-rosette-colour.png]
[www.hobo-web.co.uk/wp-content/themes/hobo2013/images/content-markt-small-colour.png]
[www.hobo-web.co.uk/wp-content/themes/hobo2013/images/seoauditicon-small-colour.png]
[www.hobo-web.co.uk/wp-content/themes/hobo2013/images/ppc-icon-pound.png]
[www.hobo-web.co.uk/wp-content/themes/hobo2013/images/content-markt-mod.png]
[www.hobo-web.co.uk/wp-content/themes/hobo2013/images/ppc-icon-pound-mod.png]
[www.hobo-web.co.uk/wp-content/themes/hobo2013/images/leeeeffftarrow.png]
[www.hobo-web.co.uk/wp-content/themes/hobo2013/images/eccom-optim-small.png]
[www.hobo-web.co.uk/wp-content/themes/hobo2013/images/arrow-right-blue.png]
[www.hobo-web.co.uk/wp-content/themes/hobo2013/images/arrow-left-blue.png]
[cdn.hobo-development.co.uk/images/icon_no_alt.html]
[cdn.hobo-development.co.uk/images/icon_yes_alt.html]
[cdn.hobo-development.co.uk/images/oops.html]
[cdn.hobo-development.co.uk/images/bg.html]
[cdn.hobo-development.co.uk/images/asc.html]
[cdn.hobo-development.co.uk/images/desc.html]
[www.hobo-web.co.uk/wp-json/index.html]
[www.hobo-web.co.uk/seo-tutorial/images/header-tile-mobile.html]
[www.hobo-web.co.uk/seo-tutorial/images/eccom-optim.html]
[www.hobo-web.co.uk/wp-json/index.html]
[www.hobo-web.co.uk/wp-content/themes/images/header-bg.html]
[www.hobo-web.co.uk/wp-content/themes/images/seo-king-icon-small-40.html]
[www.hobo-web.co.uk/wp-content/themes/img/vicons.html]
[www.hobo-web.co.uk/wp-content/themes/fonts/codropsicons/codropsicons.html]
[www.hobo-web.co.uk/wp-content/themes/hobo2013/css/images/rssfeed-icon-small.html]
