[www.tutorialspoint.com/seo/index.html]
[backblue.gif]
[fade.gif]
[index.html]
[www.tutorialspoint.com/favicon.ico]
[www.tutorialspoint.com/theme/js/script-min-v4.js]
[www.tutorialspoint.com/theme/css/style-min.css]
[www.tutorialspoint.com/images/pattern.png]
[www.tutorialspoint.com/images/loading-cg.gif]
[www.tutorialspoint.com/seo/images/logo.png]
[www.tutorialspoint.com/seo/images/seo-mini-logo.jpg]
[www.tutorialspoint.com/seo/what-is-seo.html]
[www.tutorialspoint.com/seo/seo-tactics-methods.html]
[www.tutorialspoint.com/seo/seo-web-site-domain.html]
[www.tutorialspoint.com/seo/seo-relevant-filenames.html]
[www.tutorialspoint.com/seo/seo-design-layout.html]
[www.tutorialspoint.com/seo/seo-optimized-keywords.html]
[www.tutorialspoint.com/seo/seo-optimized-metatags.html]
[www.tutorialspoint.com/seo/seo-title-optimization.html]
[www.tutorialspoint.com/seo/seo-hiring-expert.html]
[www.tutorialspoint.com/seo/seo-link-building.html]
[www.tutorialspoint.com/seo/images/seo.jpg]
[www.tutorialspoint.com/seo/seo_pdf_version.html]
[www.tutorialspoint.com/seo/pdf/index.pdf]
[pagead2.googlesyndication.com/pagead/f.txt]
[www.tutorialspoint.com/images/facebookIcon.jpg]
[www.tutorialspoint.com/images/twitterIcon.jpg]
[www.tutorialspoint.com/images/linkedinIcon.jpg]
[www.tutorialspoint.com/images/googlePlusIcon.jpg]
[www.tutorialspoint.com/images/StumbleUponIcon.jpg]
[www.tutorialspoint.com/images/reddit.jpg]
[www.tutorialspoint.com/scripts/img/logo-footer.png]
[www.tutorialspoint.com/theme/js/custom-min.js]
[www.tutorialspoint.com/seo/index.html]
[www.google-analytics.com/urchin.js]
[www.tutorialspoint.com/seo/index-2.html]
[www.tutorialspoint.com/seo/what-is-seo.html]
[www.tutorialspoint.com/seo/pdf/what-is-seo.pdf]
[www.tutorialspoint.com/seo/seo-tactics-methods.html]
[www.tutorialspoint.com/seo/pdf/seo-tactics-methods.pdf]
[www.tutorialspoint.com/seo/seo-web-site-domain.html]
[www.tutorialspoint.com/seo/pdf/seo-web-site-domain.pdf]
[www.tutorialspoint.com/seo/pdf/seo-relevant-filenames.pdf]
[www.tutorialspoint.com/seo/seo-relevant-filenames.html]
[www.tutorialspoint.com/seo/pdf/seo-design-layout.pdf]
[www.tutorialspoint.com/seo/seo-design-layout.html]
[www.tutorialspoint.com/seo/seo-optimized-keywords.html]
[www.tutorialspoint.com/seo/pdf/seo-optimized-keywords.pdf]
[www.tutorialspoint.com/seo/pdf/seo-optimized-metatags.pdf]
[www.tutorialspoint.com/seo/seo-optimized-metatags.html]
[www.tutorialspoint.com/seo/seo-title-optimization.html]
[www.tutorialspoint.com/seo/pdf/seo-title-optimization.pdf]
[www.tutorialspoint.com/seo/pdf/seo-optimized-anchor.pdf]
[www.tutorialspoint.com/seo/seo-optimized-anchor.html]
[www.tutorialspoint.com/seo/seo-content-is-the-king.html]
[www.tutorialspoint.com/seo/pdf/seo-content-is-the-king.pdf]
[www.tutorialspoint.com/seo/pdf/seo-verifying-web-site.pdf]
[www.tutorialspoint.com/seo/seo-verifying-web-site.html]
[www.tutorialspoint.com/seo/seo-hiring-expert.html]
[www.tutorialspoint.com/seo/pdf/seo-hiring-expert.pdf]
[www.tutorialspoint.com/seo/pdf/seo-link-building.pdf]
[www.tutorialspoint.com/seo/seo-link-building.html]
[www.tutorialspoint.com/seo/images/responsive_web_design.jpg]
[www.tutorialspoint.com/seo/images/dynamic_serving.jpg]
[www.tutorialspoint.com/seo/images/different_urls.jpg]
[www.tutorialspoint.com/seo/mobile-seo-techniques.html]
[www.tutorialspoint.com/seo/pdf/mobile-seo-techniques.pdf]
[www.tutorialspoint.com/seo/seo-misc-techniques.html]
[www.tutorialspoint.com/seo/pdf/seo-misc-techniques.pdf]
[www.tutorialspoint.com/seo/seo-summary.html]
[www.tutorialspoint.com/seo/pdf/seo-summary.pdf]
[www.tutorialspoint.com/seo/pdf/seo-quick-guide.pdf]
[www.tutorialspoint.com/seo/seo-quick-guide.html]
[ecx.images-amazon.com/images/I/51oVW4YIInL.jpg]
[ecx.images-amazon.com/images/I/41gAUNOIfWL.jpg]
[ecx.images-amazon.com/images/I/41dA2coad1L.jpg]
[ecx.images-amazon.com/images/I/41yx0-GC77L.jpg]
[ecx.images-amazon.com/images/I/51GQ1QmehwL.jpg]
[ecx.images-amazon.com/images/I/51dNJlJOVPL.jpg]
[www.tutorialspoint.com/seo/seo-useful-resources.html]
[www.tutorialspoint.com/seo/pdf/seo-useful-resources.pdf]
[connect.facebook.net/en_US/sdk.js]
[www.tutorialspoint.com/seo/pdf/seo-discussion.pdf]
[www.tutorialspoint.com/seo/seo-discussion.html]
[www.paypalobjects.com/en_GB/i/btn/btn_buynowCC_LG.gif]
[www.tutorialspoint.com/seo/seo_tutorial.pdf]
[www.tutorialspoint.com/seo/images/pdf.jpg]
[www.tutorialspoint.com/seo/seo_pdf_version.html]
[www.tutorialspoint.com/seo/seo-verifying-web.html]
[www.tutorialspoint.com/theme/css/style-min.css]
[www.tutorialspoint.com/seo/pdf/seo_pdf_version.pdf]
[www.tutorialspoint.com/seo/index-2.html]
[www.tutorialspoint.com/seo/seo_pdf_version.html]
[www.tutorialspoint.com/seo/seo-verifying-web.html]
[connect.facebook.net/en_US/sdk.js]
[www.tutorialspoint.com/seo/ABCDEFGHIJKLMNOPQRSTUVWXYZabcdefghijklmnopqrstuvwxyz0123456789+/index.html]
[www.tutorialspoint.com/seo/dialog/index.html]
[www.tutorialspoint.com/seo/%s/profile4d6d.html]
