[www.tutorialspoint.com/javascript/index.html]
[backblue.gif]
[fade.gif]
[index.html]
[www.tutorialspoint.com/favicon.ico]
[www.google-analytics.com/urchin.js]
[www.tutorialspoint.com/images/tp-logo.gif]
[www.google.com/logos/Logo_25wht.gif]
[www.tutorialspoint.com/javascript/javascript_overview.html]
[www.tutorialspoint.com/javascript/javascript_syntax.html]
[www.tutorialspoint.com/javascript/javascript_enabling.html]
[www.tutorialspoint.com/javascript/javascript_placement.html]
[www.tutorialspoint.com/javascript/javascript_variables.html]
[www.tutorialspoint.com/javascript/javascript_operators.html]
[www.tutorialspoint.com/javascript/javascript_ifelse.html]
[www.tutorialspoint.com/javascript/javascript_switch_case.html]
[www.tutorialspoint.com/javascript/javascript_while_loop.html]
[www.tutorialspoint.com/javascript/javascript_for_loop.html]
[www.tutorialspoint.com/javascript/javascript_forin_loop.html]
[www.tutorialspoint.com/javascript/javascript_loop_control.html]
[www.tutorialspoint.com/javascript/javascript_functions.html]
[www.tutorialspoint.com/javascript/javascript_events.html]
[www.tutorialspoint.com/javascript/javascript_cookies.html]
[www.tutorialspoint.com/javascript/javascript_page_redirect.html]
[www.tutorialspoint.com/javascript/javascript_dialog_boxes.html]
[www.tutorialspoint.com/javascript/javascript_void_keyword.html]
[www.tutorialspoint.com/javascript/javascript_page_printing.html]
[www.tutorialspoint.com/javascript/javascript_objects.html]
[www.tutorialspoint.com/javascript/javascript_number_object.html]
[www.tutorialspoint.com/javascript/javascript_boolean_object.html]
[www.tutorialspoint.com/javascript/javascript_strings_object.html]
[www.tutorialspoint.com/javascript/javascript_arrays_object.html]
[www.tutorialspoint.com/javascript/javascript_date_object.html]
[www.tutorialspoint.com/javascript/javascript_math_object.html]
[www.tutorialspoint.com/javascript/javascript_regexp_object.html]
[www.tutorialspoint.com/javascript/javascript_html_dom.html]
[www.tutorialspoint.com/javascript/javascript_error_handling.html]
[www.tutorialspoint.com/javascript/javascript_form_validations.html]
[www.tutorialspoint.com/javascript/javascript_animation.html]
[www.tutorialspoint.com/javascript/javascript_multimedia.html]
[www.tutorialspoint.com/javascript/javascript_debugging.html]
[www.tutorialspoint.com/javascript/javascript_image_map.html]
[www.tutorialspoint.com/javascript/javascript_browsers_handling.html]
[www.tutorialspoint.com/javascript/javascript_quick_guide.html]
[www.tutorialspoint.com/javascript/javascript_builtin_functions.html]
[www.tutorialspoint.com/javascript/javascript_resources.html]
[www.tutorialspoint.com/images/javascript.gif]
[www.tutorialspoint.com/images/previous.gif]
[www.tutorialspoint.com/images/next.gif]
[www.tutorialspoint.com/images/add-this.gif]
[pagead2.googlesyndication.com/pagead/f.txt]
[www.tutorialspoint.com/javascript/javascript_pdf_version.html]
[www.tutorialspoint.com/javascript/index.html]
[www.tutorialspoint.com/javascript/javascript_overview.html]
[www.tutorialspoint.com/javascript/javascript_syntax.html]
[www.tutorialspoint.com/javascript/javascript_enabling.html]
[www.tutorialspoint.com/javascript/javascript_placement.html]
[www.tutorialspoint.com/javascript/javascript_variables.html]
[www.tutorialspoint.com/javascript/javascript_operators.html]
[www.tutorialspoint.com/javascript/javascript_ifelse.html]
[www.tutorialspoint.com/javascript/javascript_switch_case.html]
[www.tutorialspoint.com/javascript/javascript_while_loop.html]
[www.tutorialspoint.com/javascript/javascript_for_loop.html]
[www.tutorialspoint.com/javascript/javascript_forin_loop.html]
[www.tutorialspoint.com/javascript/javascript_loop_control.html]
[www.tutorialspoint.com/images/print.gif]
[www.tutorialspoint.com/javascript/javascript_nested_functions.html]
[www.tutorialspoint.com/javascript/javascript_function_constructors.html]
[www.tutorialspoint.com/javascript/javascript_functions.html]
[www.tutorialspoint.com/javascript/javascript_events.html]
[www.tutorialspoint.com/javascript/javascript_cookies.html]
[www.tutorialspoint.com/javascript/javascript_function_literals.html]
[www.tutorialspoint.com/javascript/javascript_page_redirect.html]
[www.tutorialspoint.com/javascript/javascript_dialog_boxes.html]
[www.tutorialspoint.com/javascript/javascript_void_keyword.html]
[www.tutorialspoint.com/javascript/javascript_page_refresh.html]
[www.tutorialspoint.com/javascript/javascript_page_printing.html]
[www.tutorialspoint.com/javascript/javascript_objects.html]
[www.tutorialspoint.com/javascript/printfriendly.html]
[www.tutorialspoint.com/javascript/number_max_value.html]
[www.tutorialspoint.com/javascript/number_min_value.html]
[www.tutorialspoint.com/javascript/number_nan.html]
[www.tutorialspoint.com/javascript/number_negative_infinity.html]
[www.tutorialspoint.com/javascript/number_positive_infinity.html]
[www.tutorialspoint.com/javascript/object_prototype.html]
[www.tutorialspoint.com/javascript/number_constructor.html]
[www.tutorialspoint.com/javascript/number_toexponential.html]
[www.tutorialspoint.com/javascript/number_tofixed.html]
[www.tutorialspoint.com/javascript/number_tolocalestring.html]
[www.tutorialspoint.com/javascript/number_toprecision.html]
[www.tutorialspoint.com/javascript/number_tostring.html]
[www.tutorialspoint.com/javascript/javascript_number_object.html]
[www.tutorialspoint.com/javascript/number_valueof.html]
[www.tutorialspoint.com/javascript/boolean_constructor.html]
[www.tutorialspoint.com/javascript/boolean_tosource.html]
[www.tutorialspoint.com/javascript/boolean_tostring.html]
[www.tutorialspoint.com/javascript/javascript_boolean_object.html]
[www.tutorialspoint.com/javascript/boolean_valueof.html]
[www.tutorialspoint.com/javascript/string_constructor.html]
[www.tutorialspoint.com/javascript/string_length.html]
[www.tutorialspoint.com/javascript/string_charat.html]
[www.tutorialspoint.com/javascript/string_charcodeat.html]
[www.tutorialspoint.com/javascript/string_concat.html]
[www.tutorialspoint.com/javascript/string_indexof.html]
[www.tutorialspoint.com/javascript/string_lastindexof.html]
[www.tutorialspoint.com/javascript/string_localecompare.html]
[www.tutorialspoint.com/javascript/string_match.html]
[www.tutorialspoint.com/javascript/string_replace.html]
[www.tutorialspoint.com/javascript/string_search.html]
[www.tutorialspoint.com/javascript/string_slice.html]
[www.tutorialspoint.com/javascript/string_split.html]
[www.tutorialspoint.com/javascript/string_substr.html]
[www.tutorialspoint.com/javascript/string_substring.html]
[www.tutorialspoint.com/javascript/string_tolocalelowercase.html]
[www.tutorialspoint.com/javascript/string_tolocaleuppercase.html]
[www.tutorialspoint.com/javascript/string_tolowercase.html]
[www.tutorialspoint.com/javascript/string_tostring.html]
[www.tutorialspoint.com/javascript/string_touppercase.html]
[www.tutorialspoint.com/javascript/string_valueof.html]
[www.tutorialspoint.com/javascript/string_anchor.html]
[www.tutorialspoint.com/javascript/string_big.html]
[www.tutorialspoint.com/javascript/string_blink.html]
[www.tutorialspoint.com/javascript/string_bold.html]
[www.tutorialspoint.com/javascript/string_fixed.html]
[www.tutorialspoint.com/javascript/string_fontcolor.html]
[www.tutorialspoint.com/javascript/string_fontsize.html]
[www.tutorialspoint.com/javascript/string_italics.html]
[www.tutorialspoint.com/javascript/string_link.html]
[www.tutorialspoint.com/javascript/string_small.html]
[www.tutorialspoint.com/javascript/string_strike.html]
[www.tutorialspoint.com/javascript/string_sub.html]
[www.tutorialspoint.com/javascript/javascript_strings_object.html]
[www.tutorialspoint.com/javascript/string_sup.html]
[www.tutorialspoint.com/javascript/array_constructor.html]
[www.tutorialspoint.com/javascript/array_length.html]
[www.tutorialspoint.com/javascript/array_concat.html]
[www.tutorialspoint.com/javascript/array_every.html]
[www.tutorialspoint.com/javascript/array_filter.html]
[www.tutorialspoint.com/javascript/array_foreach.html]
[www.tutorialspoint.com/javascript/array_indexof.html]
[www.tutorialspoint.com/javascript/array_join.html]
[www.tutorialspoint.com/javascript/array_lastindexof.html]
[www.tutorialspoint.com/javascript/array_map.html]
[www.tutorialspoint.com/javascript/array_pop.html]
[www.tutorialspoint.com/javascript/array_push.html]
[www.tutorialspoint.com/javascript/array_reduce.html]
[www.tutorialspoint.com/javascript/array_reduceright.html]
[www.tutorialspoint.com/javascript/array_reverse.html]
[www.tutorialspoint.com/javascript/array_shift.html]
[www.tutorialspoint.com/javascript/array_slice.html]
[www.tutorialspoint.com/javascript/array_some.html]
[www.tutorialspoint.com/javascript/array_tosource.html]
[www.tutorialspoint.com/javascript/array_sort.html]
[www.tutorialspoint.com/javascript/array_splice.html]
[www.tutorialspoint.com/javascript/array_tostring.html]
[www.tutorialspoint.com/javascript/javascript_arrays_object.html]
[www.tutorialspoint.com/javascript/array_unshift.html]
[www.tutorialspoint.com/javascript/date_constructor.html]
[www.tutorialspoint.com/javascript/date_date.html]
[www.tutorialspoint.com/javascript/date_getdate.html]
[www.tutorialspoint.com/javascript/date_getday.html]
[www.tutorialspoint.com/javascript/date_getfullyear.html]
[www.tutorialspoint.com/javascript/date_gethours.html]
[www.tutorialspoint.com/javascript/date_getmilliseconds.html]
[www.tutorialspoint.com/javascript/date_getminutes.html]
[www.tutorialspoint.com/javascript/date_getmonth.html]
[www.tutorialspoint.com/javascript/date_getseconds.html]
[www.tutorialspoint.com/javascript/date_gettime.html]
[www.tutorialspoint.com/javascript/date_gettimezoneoffset.html]
[www.tutorialspoint.com/javascript/date_getutcdate.html]
[www.tutorialspoint.com/javascript/date_getutcday.html]
[www.tutorialspoint.com/javascript/date_getutcfullyear.html]
[www.tutorialspoint.com/javascript/date_getutchours.html]
[www.tutorialspoint.com/javascript/date_getutcmilliseconds.html]
[www.tutorialspoint.com/javascript/date_getutcminutes.html]
[www.tutorialspoint.com/javascript/date_getutcmonth.html]
[www.tutorialspoint.com/javascript/date_getutcseconds.html]
[www.tutorialspoint.com/javascript/date_getyear.html]
[www.tutorialspoint.com/javascript/date_setdate.html]
[www.tutorialspoint.com/javascript/date_setfullyear.html]
[www.tutorialspoint.com/javascript/date_sethours.html]
[www.tutorialspoint.com/javascript/date_setmilliseconds.html]
[www.tutorialspoint.com/javascript/date_setminutes.html]
[www.tutorialspoint.com/javascript/date_setmonth.html]
[www.tutorialspoint.com/javascript/date_setseconds.html]
[www.tutorialspoint.com/javascript/date_settime.html]
[www.tutorialspoint.com/javascript/date_setutcdate.html]
[www.tutorialspoint.com/javascript/date_setutcfullyear.html]
[www.tutorialspoint.com/javascript/date_setutchours.html]
[www.tutorialspoint.com/javascript/date_setutcmilliseconds.html]
[www.tutorialspoint.com/javascript/date_setutcminutes.html]
[www.tutorialspoint.com/javascript/date_setutcmonth.a4.delayed]
[www.tutorialspoint.com/javascript/date_setutcseconds.html]
[www.tutorialspoint.com/javascript/date_setyear.html]
[www.tutorialspoint.com/javascript/date_todatestring.html]
[www.tutorialspoint.com/javascript/date_togmtstring.html]
[www.tutorialspoint.com/javascript/date_tolocaledatestring.html]
[www.tutorialspoint.com/javascript/date_tolocaleformat.html]
[www.tutorialspoint.com/javascript/date_tolocalestring.html]
[www.tutorialspoint.com/javascript/date_tolocaletimestring.html]
[www.tutorialspoint.com/javascript/date_tosource.html]
[www.tutorialspoint.com/javascript/date_tostring.html]
[www.tutorialspoint.com/javascript/date_totimestring.html]
[www.tutorialspoint.com/javascript/date_toutcstring.html]
[www.tutorialspoint.com/javascript/date_valueof.html]
[www.tutorialspoint.com/javascript/date_parse.html]
[www.tutorialspoint.com/javascript/javascript_date_object.html]
[www.tutorialspoint.com/javascript/date_utc.html]
[www.tutorialspoint.com/javascript/math_e.html]
[www.tutorialspoint.com/javascript/math_ln2.html]
[www.tutorialspoint.com/javascript/math_ln10.html]
[www.tutorialspoint.com/javascript/math_log2e.html]
[www.tutorialspoint.com/javascript/math_log10e.html]
[www.tutorialspoint.com/javascript/math_pi.html]
[www.tutorialspoint.com/javascript/math_sqrt1_2.html]
[www.tutorialspoint.com/javascript/math_sqrt2.html]
[www.tutorialspoint.com/javascript/math_abs.html]
[www.tutorialspoint.com/javascript/math_acos.html]
[www.tutorialspoint.com/javascript/math_asin.html]
[www.tutorialspoint.com/javascript/math_atan.html]
[www.tutorialspoint.com/javascript/math_atan2.html]
[www.tutorialspoint.com/javascript/math_ceil.html]
[www.tutorialspoint.com/javascript/math_cos.html]
[www.tutorialspoint.com/javascript/math_exp.html]
[www.tutorialspoint.com/javascript/math_floor.html]
[www.tutorialspoint.com/javascript/math_log.html]
[www.tutorialspoint.com/javascript/math_max.html]
[www.tutorialspoint.com/javascript/math_min.html]
[www.tutorialspoint.com/javascript/math_pow.html]
[www.tutorialspoint.com/javascript/math_random.html]
[www.tutorialspoint.com/javascript/math_round.html]
[www.tutorialspoint.com/javascript/math_sin.html]
[www.tutorialspoint.com/javascript/math_sqrt.html]
[www.tutorialspoint.com/javascript/math_tan.html]
[www.tutorialspoint.com/javascript/javascript_math_object.html]
[www.tutorialspoint.com/javascript/math_tosource.html]
[www.tutorialspoint.com/javascript/regexp_constructor.html]
[www.tutorialspoint.com/javascript/regexp_global.html]
[www.tutorialspoint.com/javascript/regexp_ignorecase.html]
[www.tutorialspoint.com/javascript/regexp_lastindex.html]
[www.tutorialspoint.com/javascript/regexp_multiline.html]
[www.tutorialspoint.com/javascript/regexp_source.html]
[www.tutorialspoint.com/javascript/regexp_exec.html]
[www.tutorialspoint.com/javascript/regexp_test.html]
[www.tutorialspoint.com/javascript/regexp_tosource.html]
[www.tutorialspoint.com/javascript/javascript_regexp_object.html]
[www.tutorialspoint.com/javascript/regexp_tostring.html]
[www.tutorialspoint.com/images/html-dom.jpg]
[www.tutorialspoint.com/javascript/javascript_legacy_dom.html]
[www.tutorialspoint.com/javascript/javascript_w3c_dom.html]
[www.tutorialspoint.com/javascript/javascript_html_dom.html]
[www.tutorialspoint.com/javascript/javascript_error_handling.html]
[www.tutorialspoint.com/javascript/javascript_form_validations.html]
[www.tutorialspoint.com/javascript/javascript_animation.html]
[www.tutorialspoint.com/javascript/javascript_multimedia.html]
[www.tutorialspoint.com/javascript/javascript_ie4_dom.html]
[www.tutorialspoint.com/images/error_icon.gif]
[www.tutorialspoint.com/images/internet_options.gif]
[www.tutorialspoint.com/javascript/javascript_debugging.html]
[www.tutorialspoint.com/images/error_console.gif]
[www.tutorialspoint.com/javascript/javascript_image_map.html]
[www.tutorialspoint.com/javascript/javascript_browsers_handling.html]
[www.tutorialspoint.com/javascript/javascript_quick_guide.html]
[www.tutorialspoint.com/javascript/javascript_builtin_functions.html]
[www.tutorialspoint.com/javascript/javascript_resources.html]
[www.tutorialspoint.com/images/usemap.gif]
[www.paypalobjects.com/en_GB/i/btn/btn_buynowCC_LG.gif]
[www.paypalobjects.com/en_GB/i/scr/pixel.gif]
[www.tutorialspoint.com/javascript/javascript_tutorial.pdf]
[www.tutorialspoint.com/javascript/javascript_pdf_version.html]
[www.tutorialspoint.com/javascript/javascript_nested_functions.html]
[www.tutorialspoint.com/javascript/javascript_function_constructors.html]
[www.tutorialspoint.com/javascript/javascript_function_literals.html]
[www.tutorialspoint.com/javascript/javascript_page_refresh.html]
[www.tutorialspoint.com/images/pdf.jpg]
[www.tutorialspoint.com/javascript/printfriendly.html]
[www.tutorialspoint.com/javascript/number_max_value.html]
[www.tutorialspoint.com/javascript/number_min_value.html]
[www.tutorialspoint.com/javascript/number_nan.html]
[www.tutorialspoint.com/javascript/number_negative_infinity.html]
[www.tutorialspoint.com/javascript/number_positive_infinity.html]
[www.tutorialspoint.com/javascript/object_prototype.html]
[www.tutorialspoint.com/javascript/number_constructor.html]
[www.tutorialspoint.com/javascript/number_toexponential.html]
[www.tutorialspoint.com/javascript/number_tofixed.html]
[www.tutorialspoint.com/javascript/number_tolocalestring.html]
[www.tutorialspoint.com/javascript/number_toprecision.html]
[www.tutorialspoint.com/javascript/number_tostring.html]
[www.tutorialspoint.com/javascript/number_valueof.html]
[www.tutorialspoint.com/javascript/boolean_constructor.html]
[www.tutorialspoint.com/javascript/boolean_tosource.html]
[www.tutorialspoint.com/javascript/boolean_tostring.html]
[www.tutorialspoint.com/javascript/boolean_valueof.html]
[www.tutorialspoint.com/javascript/string_constructor.html]
[www.tutorialspoint.com/javascript/string_length.html]
[www.tutorialspoint.com/javascript/string_charat.html]
[www.tutorialspoint.com/javascript/string_charcodeat.html]
[www.tutorialspoint.com/javascript/string_concat.html]
[www.tutorialspoint.com/javascript/string_indexof.html]
[www.tutorialspoint.com/javascript/string_lastindexof.html]
[www.tutorialspoint.com/javascript/string_localecompare.html]
[www.tutorialspoint.com/javascript/string_match.html]
[www.tutorialspoint.com/javascript/string_replace.html]
[www.tutorialspoint.com/javascript/string_search.html]
[www.tutorialspoint.com/javascript/string_slice.html]
[www.tutorialspoint.com/javascript/string_split.html]
[www.tutorialspoint.com/javascript/string_substr.html]
[www.tutorialspoint.com/javascript/string_substring.html]
[www.tutorialspoint.com/javascript/string_tolocalelowercase.html]
[www.tutorialspoint.com/javascript/string_tolocaleuppercase.html]
[www.tutorialspoint.com/javascript/string_tolowercase.html]
[www.tutorialspoint.com/javascript/string_tostring.html]
[www.tutorialspoint.com/javascript/string_touppercase.html]
[www.tutorialspoint.com/javascript/string_valueof.html]
[www.tutorialspoint.com/javascript/string_anchor.html]
[www.tutorialspoint.com/javascript/string_big.html]
[www.tutorialspoint.com/javascript/string_blink.html]
[www.tutorialspoint.com/javascript/string_bold.html]
[www.tutorialspoint.com/javascript/string_fixed.html]
[www.tutorialspoint.com/javascript/string_fontcolor.html]
[www.tutorialspoint.com/javascript/string_fontsize.html]
[www.tutorialspoint.com/javascript/string_italics.html]
[www.tutorialspoint.com/javascript/string_link.html]
[www.tutorialspoint.com/javascript/string_small.html]
[www.tutorialspoint.com/javascript/string_strike.html]
[www.tutorialspoint.com/javascript/string_sub.html]
[www.tutorialspoint.com/javascript/string_sup.html]
[www.tutorialspoint.com/javascript/array_constructor.html]
[www.tutorialspoint.com/javascript/array_length.html]
[www.tutorialspoint.com/javascript/array_concat.html]
[www.tutorialspoint.com/javascript/array_every.html]
[www.tutorialspoint.com/javascript/array_filter.html]
[www.tutorialspoint.com/javascript/array_foreach.html]
[www.tutorialspoint.com/javascript/array_indexof.html]
[www.tutorialspoint.com/javascript/array_join.html]
[www.tutorialspoint.com/javascript/array_lastindexof.html]
[www.tutorialspoint.com/javascript/array_map.html]
[www.tutorialspoint.com/javascript/array_pop.html]
[www.tutorialspoint.com/javascript/array_push.html]
[www.tutorialspoint.com/javascript/array_reduce.html]
[www.tutorialspoint.com/javascript/array_reduceright.html]
[www.tutorialspoint.com/javascript/array_reverse.html]
[www.tutorialspoint.com/javascript/array_shift.html]
[www.tutorialspoint.com/javascript/array_slice.html]
[www.tutorialspoint.com/javascript/array_some.html]
[www.tutorialspoint.com/javascript/array_tosource.html]
[www.tutorialspoint.com/javascript/array_sort.html]
[www.tutorialspoint.com/javascript/array_splice.html]
[www.tutorialspoint.com/javascript/array_tostring.html]
[www.tutorialspoint.com/javascript/array_unshift.html]
[www.tutorialspoint.com/javascript/date_constructor.html]
[www.tutorialspoint.com/javascript/date_date.html]
[www.tutorialspoint.com/javascript/date_getdate.html]
[www.tutorialspoint.com/javascript/date_getday.html]
[www.tutorialspoint.com/javascript/date_getfullyear.html]
[www.tutorialspoint.com/javascript/date_gethours.html]
[www.tutorialspoint.com/javascript/date_getmilliseconds.html]
[www.tutorialspoint.com/javascript/date_getminutes.html]
[www.tutorialspoint.com/javascript/date_getmonth.html]
[www.tutorialspoint.com/javascript/date_getseconds.html]
[www.tutorialspoint.com/javascript/date_gettime.html]
[www.tutorialspoint.com/javascript/date_gettimezoneoffset.html]
[www.tutorialspoint.com/javascript/date_getutcdate.html]
[www.tutorialspoint.com/javascript/date_getutcday.html]
[www.tutorialspoint.com/javascript/date_getutcfullyear.html]
[www.tutorialspoint.com/javascript/date_getutchours.html]
[www.tutorialspoint.com/javascript/date_getutcmilliseconds.html]
[www.tutorialspoint.com/javascript/date_getutcminutes.html]
[www.tutorialspoint.com/javascript/date_getutcmonth.html]
[www.tutorialspoint.com/javascript/date_getutcseconds.html]
[www.tutorialspoint.com/javascript/date_getyear.html]
[www.tutorialspoint.com/javascript/date_setdate.html]
[www.tutorialspoint.com/javascript/date_setfullyear.html]
[www.tutorialspoint.com/javascript/date_sethours.html]
[www.tutorialspoint.com/javascript/date_setmilliseconds.html]
[www.tutorialspoint.com/javascript/date_setminutes.html]
[www.tutorialspoint.com/javascript/date_setmonth.html]
[www.tutorialspoint.com/javascript/date_setseconds.html]
[www.tutorialspoint.com/javascript/date_settime.html]
[www.tutorialspoint.com/javascript/date_setutcdate.html]
[www.tutorialspoint.com/javascript/date_setutcfullyear.html]
[www.tutorialspoint.com/javascript/date_setutchours.html]
[www.tutorialspoint.com/javascript/date_setutcmilliseconds.html]
[www.tutorialspoint.com/javascript/date_setutcminutes.html]
[www.tutorialspoint.com/javascript/date_setutcmonth.html]
[www.tutorialspoint.com/javascript/date_setutcseconds.html]
[www.tutorialspoint.com/javascript/date_setyear.html]
[www.tutorialspoint.com/javascript/date_todatestring.html]
[www.tutorialspoint.com/javascript/date_togmtstring.html]
[www.tutorialspoint.com/javascript/date_tolocaledatestring.html]
[www.tutorialspoint.com/javascript/date_tolocaleformat.html]
[www.tutorialspoint.com/javascript/date_tolocalestring.html]
[www.tutorialspoint.com/javascript/date_tolocaletimestring.html]
[www.tutorialspoint.com/javascript/date_tosource.html]
[www.tutorialspoint.com/javascript/date_tostring.html]
[www.tutorialspoint.com/javascript/date_totimestring.html]
[www.tutorialspoint.com/javascript/date_toutcstring.html]
[www.tutorialspoint.com/javascript/date_valueof.html]
[www.tutorialspoint.com/javascript/date_parse.html]
[www.tutorialspoint.com/javascript/date_utc.html]
[www.tutorialspoint.com/javascript/math_e.html]
[www.tutorialspoint.com/javascript/math_ln2.html]
[www.tutorialspoint.com/javascript/math_ln10.html]
[www.tutorialspoint.com/javascript/math_log2e.html]
[www.tutorialspoint.com/javascript/math_log10e.html]
[www.tutorialspoint.com/javascript/math_pi.html]
[www.tutorialspoint.com/javascript/math_sqrt1_2.html]
[www.tutorialspoint.com/javascript/math_sqrt2.html]
[www.tutorialspoint.com/javascript/math_abs.html]
[www.tutorialspoint.com/javascript/math_acos.html]
[www.tutorialspoint.com/javascript/math_asin.html]
[www.tutorialspoint.com/javascript/math_atan.html]
[www.tutorialspoint.com/javascript/math_atan2.html]
[www.tutorialspoint.com/javascript/math_ceil.html]
[www.tutorialspoint.com/javascript/math_cos.html]
[www.tutorialspoint.com/javascript/math_exp.html]
[www.tutorialspoint.com/javascript/math_floor.html]
[www.tutorialspoint.com/javascript/math_log.html]
[www.tutorialspoint.com/javascript/math_max.html]
[www.tutorialspoint.com/javascript/math_min.html]
[www.tutorialspoint.com/javascript/math_pow.html]
[www.tutorialspoint.com/javascript/math_random.html]
[www.tutorialspoint.com/javascript/math_round.html]
[www.tutorialspoint.com/javascript/math_sin.html]
[www.tutorialspoint.com/javascript/math_sqrt.html]
[www.tutorialspoint.com/javascript/math_tan.html]
[www.tutorialspoint.com/javascript/math_tosource.html]
[www.tutorialspoint.com/javascript/regexp_constructor.html]
[www.tutorialspoint.com/javascript/regexp_global.html]
[www.tutorialspoint.com/javascript/regexp_ignorecase.html]
[www.tutorialspoint.com/javascript/regexp_lastindex.html]
[www.tutorialspoint.com/javascript/regexp_multiline.html]
[www.tutorialspoint.com/javascript/regexp_source.html]
[www.tutorialspoint.com/javascript/regexp_exec.html]
[www.tutorialspoint.com/javascript/regexp_test.html]
[www.tutorialspoint.com/javascript/regexp_tosource.html]
[www.tutorialspoint.com/javascript/regexp_tostring.html]
[www.tutorialspoint.com/javascript/javascript_legacy_dom.html]
[www.tutorialspoint.com/javascript/javascript_w3c_dom.html]
[www.tutorialspoint.com/javascript/javascript_ie4_dom.html]
[www.tutorialspoint.com/images/icon-twitter.png]
[www.tutorialspoint.com/images/icon-facebook.png]
[www.tutorialspoint.com/images/icon-rss.png]
[pagead2.googlesyndication.com/pagead/f.txt]
[www.tutorialspoint.com/tp.css]
[www.tutorialspoint.com/javascript/javascript_overview.html]
[www.tutorialspoint.com/images/html-dom.jpg]
[www.tutorialspoint.com/javascript/javascript_pdf_version.html]
[www.tutorialspoint.com/javascript/javascript_nested_functions.html]
[www.tutorialspoint.com/javascript/javascript_legacy_dom.html]
[www.tutorialspoint.com/images/pdf.jpg]
[www.paypalobjects.com/en_GB/i/btn/btn_buynowCC_LG.gif]
[www.paypalobjects.com/en_GB/i/scr/pixel.gif]
[www.tutorialspoint.com/print.css]
[www.tutorialspoint.com/circle.html]
[www.tutorialspoint.com/bullet.gif]
