[www.tangowithdjango.com/book17/index.html]
[backblue.gif]
[fade.gif]
[index.html]
[www.tangowithdjango.com/book17/_static/sphinxdoc.css]
[www.tangowithdjango.com/book17/_static/pygments.css]
[www.tangowithdjango.com/book17/_static/underscore.js]
[www.tangowithdjango.com/book17/_static/jquery.js]
[www.tangowithdjango.com/book17/_static/doctools.js]
[www.tangowithdjango.com/book17/_static/twd.ico]
[www.tangowithdjango.com/book17/chapters/new17.html]
[www.google-analytics.com/analytics.js]
[www.tangowithdjango.com/book17/_static/twd200x200.jpg]
[www.tangowithdjango.com/book17/_sources/index.txt]
[www.tangowithdjango.com/book17/chapters/overview.html]
[www.tangowithdjango.com/book17/chapters/requirements.html]
[www.tangowithdjango.com/book17/chapters/setup.html]
[www.tangowithdjango.com/book17/chapters/templates_static.html]
[www.tangowithdjango.com/book17/chapters/models.html]
[www.tangowithdjango.com/book17/chapters/models_templates.html]
[www.tangowithdjango.com/book17/chapters/forms.html]
[www.tangowithdjango.com/book17/chapters/templates.html]
[www.tangowithdjango.com/book17/chapters/login.html]
[www.tangowithdjango.com/book17/chapters/cookie.html]
[www.tangowithdjango.com/book17/chapters/login_redux.html]
[www.tangowithdjango.com/book17/chapters/bootstrap.html]
[www.tangowithdjango.com/book17/chapters/template_tags.html]
[www.tangowithdjango.com/book17/chapters/bing_search.html]
[www.tangowithdjango.com/book17/chapters/tango.html]
[www.tangowithdjango.com/book17/chapters/tango_too.html]
[www.tangowithdjango.com/book17/chapters/jquery.html]
[www.tangowithdjango.com/book17/chapters/test.html]
[www.tangowithdjango.com/book17/chapters/deploy.html]
[www.tangowithdjango.com/book17/chapters/ajax.html]
[www.tangowithdjango.com/book17/chapters/summary.html]
[www.tangowithdjango.com/book17/chapters/git.html]
[www.tangowithdjango.com/book17/chapters/javascript.html]
[www.tangowithdjango.com/book17/chapters/virtual.html]
[www.tangowithdjango.com/book17/chapters/acknowledgements.html]
[www.tangowithdjango.com/book17/chapters/css_intro.html]
[www.tangowithdjango.com/book17/genindex.html]
[www.tangowithdjango.com/book17/py-modindex.html]
[www.tangowithdjango.com/book17/index.html]
[www.tangowithdjango.com/book17/search.html]
[www.tangowithdjango.com/book17/index-2.html]
[www.tangowithdjango.com/book17/chapters/new17.html]
[www.tangowithdjango.com/book17/_sources/chapters/new17.txt]
[www.tangowithdjango.com/book17/_sources/chapters/overview.txt]
[www.tangowithdjango.com/book17/_images/rango-ntier-architecture.svg]
[www.tangowithdjango.com/book17/_images/ch1-rango-index.png]
[www.tangowithdjango.com/book17/_images/ch1-rango-cat-page.png]
[www.tangowithdjango.com/book17/chapters/overview.html]
[www.tangowithdjango.com/book17/_images/rango-erd.svg]
[www.tangowithdjango.com/book17/chapters/requirements.html]
[www.tangowithdjango.com/book17/_sources/chapters/requirements.txt]
[www.tangowithdjango.com/book17/_sources/chapters/setup.txt]
[www.tangowithdjango.com/book17/_images/django-dev-server-firstrun.png]
[www.tangowithdjango.com/book17/_images/url-chain.svg]
[www.tangowithdjango.com/book17/_images/rango-hello-world.png]
[www.tangowithdjango.com/book17/chapters/setup.html]
[www.tangowithdjango.com/book17/_sources/chapters/templates_static.txt]
[www.tangowithdjango.com/book17/_images/rango-hello-world-template.png]
[www.tangowithdjango.com/book17/_images/rango-picture.png]
[www.tangowithdjango.com/book17/chapters/templates_static.html]
[www.tangowithdjango.com/book17/_images/rango-site-with-pic.png]
[www.tangowithdjango.com/book17/_images/ch5-rango-admin-models.png]
[www.tangowithdjango.com/book17/_sources/chapters/models.txt]
[www.tangowithdjango.com/book17/_images/ch5-rango-admin.png]
[www.tangowithdjango.com/book17/_images/ch5-rango-admin-custom.png]
[www.tangowithdjango.com/book17/chapters/models.html]
[www.tangowithdjango.com/book17/_sources/chapters/models_templates.txt]
[www.tangowithdjango.com/book17/_images/rango-categories-simple.png]
[www.ietf.org/rfc/rfc1738.txt]
[www.tangowithdjango.com/book17/_images/rango-links.png]
[www.tangowithdjango.com/book17/chapters/models_templates.html]
[www.tangowithdjango.com/book17/_sources/chapters/forms.txt]
[www.tangowithdjango.com/book17/_images/rango-form-steps.png]
[www.tangowithdjango.com/book17/chapters/forms.html]
[www.tangowithdjango.com/book17/_sources/chapters/login.txt]
[www.tangowithdjango.com/book17/_images/rango-register-form.png]
[www.tangowithdjango.com/book17/chapters/login.html]
[www.tangowithdjango.com/book17/_images/rango-login-message.png]
[www.tangowithdjango.com/book17/_sources/chapters/templates.txt]
[www.tangowithdjango.com/book17/_images/rango-template-inheritance.svg]
[www.tangowithdjango.com/book17/chapters/templates.html]
[www.tangowithdjango.com/book17/_images/bbcnews-cookies.png]
[www.tangowithdjango.com/book17/_sources/chapters/cookie.txt]
[www.tangowithdjango.com/book17/_images/session-id.png]
[www.tangowithdjango.com/book17/_images/test-cookie.png]
[www.tangowithdjango.com/book17/_images/cookie-visits.png]
[www.tangowithdjango.com/book17/chapters/cookie.html]
[www.tangowithdjango.com/book17/chapters/login_redux.html]
[www.tangowithdjango.com/book17/_sources/chapters/login_redux.txt]
[www.tangowithdjango.com/book17/_images/ch4-rango-about.png]
[www.tangowithdjango.com/book17/_sources/chapters/bootstrap.txt]
[www.tangowithdjango.com/book17/_images/ch11-bootstrap-about.png]
[www.tangowithdjango.com/book17/_images/ch11-bootstrap-register-initial.png]
[www.tangowithdjango.com/book17/_images/ch11-bootstrap-index-initial.png]
[www.tangowithdjango.com/book17/_images/ch11-bootstrap-index-rows.png]
[www.tangowithdjango.com/book17/_images/ch11-bootstrap-login-custom.png]
[www.tangowithdjango.com/book17/_images/ch11-bootstrap-register-custom.png]
[www.tangowithdjango.com/book17/chapters/bootstrap.html]
[www.tangowithdjango.com/book17/_sources/chapters/template_tags.txt]
[www.tangowithdjango.com/book17/chapters/template_tags.html]
[www.tangowithdjango.com/book17/_sources/chapters/bing_search.txt]
[www.tangowithdjango.com/book17/_images/bing-explore.png]
[www.tangowithdjango.com/book17/chapters/bing_search.html]
[www.tangowithdjango.com/book17/_sources/chapters/tango.txt]
[www.tangowithdjango.com/book17/chapters/tango.html]
[www.tangowithdjango.com/book17/chapters/tango_too.html]
[www.tangowithdjango.com/book17/_sources/chapters/tango_too.txt]
[www.tangowithdjango.com/book17/chapters/jquery.html]
[www.tangowithdjango.com/book17/_sources/chapters/jquery.txt]
[www.tangowithdjango.com/book17/chapters/ajax.html]
[www.tangowithdjango.com/book17/chapters/test.html]
[www.tangowithdjango.com/book17/_sources/chapters/ajax.txt]
[www.tangowithdjango.com/book17/_sources/chapters/test.txt]
[www.tangowithdjango.com/book17/chapters/deploy.html]
[www.tangowithdjango.com/book17/_images/deploy-pythonanywhere.png]
[www.tangowithdjango.com/book17/_sources/chapters/deploy.txt]
[www.tangowithdjango.com/book17/chapters/summary.html]
[www.tangowithdjango.com/book17/_sources/chapters/summary.txt]
[www.tangowithdjango.com/book17/chapters/git.html]
[www.tangowithdjango.com/book17/_images/git-sequence.svg]
[www.tangowithdjango.com/book17/_sources/chapters/git.txt]
[www.tangowithdjango.com/book17/_images/css-render.png]
[www.tangowithdjango.com/book17/_images/css-id.png]
[www.tangowithdjango.com/book17/_sources/chapters/css_intro.txt]
[www.tangowithdjango.com/book17/_images/css-class.png]
[www.tangowithdjango.com/book17/_images/css-colours.svg]
[www.tangowithdjango.com/book17/_images/css-nesting-blocks.svg]
[www.tangowithdjango.com/book17/_images/css-box-model.svg]
[www.tangowithdjango.com/book17/chapters/css_intro.html]
[www.tangowithdjango.com/book17/_images/css-cascading.png]
[www.tangowithdjango.com/book17/chapters/acknowledgements.html]
[www.tangowithdjango.com/book17/_sources/chapters/acknowledgements.txt]
[www.tangowithdjango.com/book17/chapters/javascript.html]
[www.tangowithdjango.com/book17/_sources/chapters/javascript.txt]
[www.tangowithdjango.com/book17/chapters/virtual.html]
[www.tangowithdjango.com/book17/genindex.html]
[www.tangowithdjango.com/book17/py-modindex.html]
[www.tangowithdjango.com/book17/_sources/chapters/virtual.txt]
[www.tangowithdjango.com/book17/search.html]
[www.tangowithdjango.com/book17/index-2.html]
[www.tangowithdjango.com/book17/_static/searchtools.js]
[www.tangowithdjango.com/book17/_static/basic.css]
[www.tangowithdjango.com/book17/_static/underscore.js]
[www.tangowithdjango.com/book17/_static/contents.png]
[www.tangowithdjango.com/book17/_static/navigation.png]
[www.tangowithdjango.com/book17/_static/sphinxdoc.css]
[www.tangowithdjango.com/book17/searchindex.js]
[www.tangowithdjango.com/book17/_static/doctools.js]
[www.tangowithdjango.com/book17/_static/pygments.css]
[www.tangowithdjango.com/book17/_static/twd.ico]
[www.tangowithdjango.com/book17/chapters/new17.html]
[www.tangowithdjango.com/book17/_static/jquery.js]
[www.tangowithdjango.com/book17/_static/twd200x200.jpg]
[www.tangowithdjango.com/book17/_sources/index.txt]
[www.tangowithdjango.com/book17/chapters/overview.html]
[www.tangowithdjango.com/book17/_images/ch1-rango-index.png]
[www.tangowithdjango.com/book17/_images/rango-ntier-architecture.svg]
[www.tangowithdjango.com/book17/_sources/chapters/new17.txt]
[www.tangowithdjango.com/book17/_images/rango-erd.svg]
[www.tangowithdjango.com/book17/_images/ch1-rango-cat-page.png]
[www.tangowithdjango.com/book17/_images/url-chain.svg]
[www.tangowithdjango.com/book17/_images/rango-hello-world.png]
[www.tangowithdjango.com/book17/_images/rango-template-inheritance.svg]
[www.tangowithdjango.com/book17/_sources/chapters/overview.txt]
[www.tangowithdjango.com/book17/_images/git-sequence.svg]
[www.tangowithdjango.com/book17/_images/css-cascading.png]
[www.tangowithdjango.com/book17/_images/css-colours.svg]
[www.tangowithdjango.com/book17/_sources/chapters/requirements.txt]
[www.tangowithdjango.com/book17/_images/css-nesting-blocks.svg]
[www.tangowithdjango.com/book17/_sources/chapters/cookie.txt]
[www.tangowithdjango.com/book17/_sources/chapters/javascript.txt]
[www.tangowithdjango.com/book17/_images/css-box-model.svg]
[www.tangowithdjango.com/book17/_sources/chapters/css_intro.txt]
[www.tangowithdjango.com/book17/_sources/chapters/acknowledgements.txt]
[www.tangowithdjango.com/book17/_static/contents.png]
[www.tangowithdjango.com/book17/_static/navigation.png]
[www.tangowithdjango.com/book17/_static/basic.css]
[www.tangowithdjango.com/book17/_static/file.png]
