[www.w3schools.com/sql/default.html]
[backblue.gif]
[fade.gif]
[index.html]
[www.w3schools.com/favicon.ico]
[www.w3schools.com/bs/css/bootstrap_w3schools.css]
[www.w3schools.com/jquery.js]
[www.w3schools.com/bs/js/bootstrap.min.js]
[www.google-analytics.com/analytics.js]
[www.w3schools.com/stdtheme.css]
[www.w3schools.com/images/w3schools.png]
[www.w3schools.com/sql/sql_intro.html]
[www.w3schools.com/sql/sql_syntax.html]
[www.w3schools.com/sql/sql_select.html]
[www.w3schools.com/sql/sql_distinct.html]
[www.w3schools.com/sql/sql_where.html]
[www.w3schools.com/sql/sql_and_or.html]
[www.w3schools.com/sql/sql_orderby.html]
[www.w3schools.com/sql/sql_insert.html]
[www.w3schools.com/sql/sql_update.html]
[www.w3schools.com/sql/sql_delete.html]
[www.w3schools.com/sql/sql_injection.html]
[www.w3schools.com/sql/sql_top.html]
[www.w3schools.com/sql/sql_like.html]
[www.w3schools.com/sql/sql_wildcards.html]
[www.w3schools.com/sql/sql_in.html]
[www.w3schools.com/sql/sql_between.html]
[www.w3schools.com/sql/sql_alias.html]
[www.w3schools.com/sql/sql_join.html]
[www.w3schools.com/sql/sql_join_inner.html]
[www.w3schools.com/sql/sql_join_left.html]
[www.w3schools.com/sql/sql_join_right.html]
[www.w3schools.com/sql/sql_join_full.html]
[www.w3schools.com/sql/sql_union.html]
[www.w3schools.com/sql/sql_select_into.html]
[www.w3schools.com/sql/sql_insert_into_select.html]
[www.w3schools.com/sql/sql_create_db.html]
[www.w3schools.com/sql/sql_create_table.html]
[www.w3schools.com/sql/sql_constraints.html]
[www.w3schools.com/sql/sql_notnull.html]
[www.w3schools.com/sql/sql_unique.html]
[www.w3schools.com/sql/sql_primarykey.html]
[www.w3schools.com/sql/sql_foreignkey.html]
[www.w3schools.com/sql/sql_check.html]
[www.w3schools.com/sql/sql_default.html]
[www.w3schools.com/sql/sql_create_index.html]
[www.w3schools.com/sql/sql_drop.html]
[www.w3schools.com/sql/sql_alter.html]
[www.w3schools.com/sql/sql_autoincrement.html]
[www.w3schools.com/sql/sql_view.html]
[www.w3schools.com/sql/sql_dates.html]
[www.w3schools.com/sql/sql_null_values.html]
[www.w3schools.com/sql/sql_isnull.html]
[www.w3schools.com/sql/sql_datatypes_general.html]
[www.w3schools.com/sql/sql_datatypes.html]
[www.w3schools.com/sql/sql_functions.html]
[www.w3schools.com/sql/sql_func_avg.html]
[www.w3schools.com/sql/sql_func_count.html]
[www.w3schools.com/sql/sql_func_first.html]
[www.w3schools.com/sql/sql_func_last.html]
[www.w3schools.com/sql/sql_func_max.html]
[www.w3schools.com/sql/sql_func_min.html]
[www.w3schools.com/sql/sql_func_sum.html]
[www.w3schools.com/sql/sql_groupby.html]
[www.w3schools.com/sql/sql_having.html]
[www.w3schools.com/sql/sql_func_ucase.html]
[www.w3schools.com/sql/sql_func_lcase.html]
[www.w3schools.com/sql/sql_func_mid.html]
[www.w3schools.com/sql/sql_func_len.html]
[www.w3schools.com/sql/sql_func_round.html]
[www.w3schools.com/sql/sql_func_now.html]
[www.w3schools.com/sql/sql_func_format.html]
[www.w3schools.com/sql/sql_quickref.html]
[www.w3schools.com/sql/sql_hosting.html]
[www.w3schools.com/sql/sql_quiz.html]
[www.w3schools.com/images/w3sql.gif]
[www.w3schools.com/sql/trysql786e.html]
[www.w3schools.com/images/w3cert.gif]
[www.w3schools.com/images/colorpicker.gif]
[www.w3schools.com/images/w3schoolscom_gray.gif]
[www.w3schools.com/w3schools.js]
[translate.google.com/translate_a/element.4ea0d8.delayed]
[www.w3schools.com/sql/default.html]
[www.w3schools.com/sql/sql_intro.html]
[www.w3schools.com/sql/sql_syntax.html]
[www.w3schools.com/images/lamp.jpg]
[www.w3schools.com/sql/sql_select.html]
[www.w3schools.com/sql/trysqld73d.html]
[www.w3schools.com/sql/sql_distinct.html]
[www.w3schools.com/sql/trysql5458.html]
[www.w3schools.com/sql/trysql03b0.html]
[www.w3schools.com/sql/sql_where.html]
[www.w3schools.com/sql/trysql3a0e.html]
[www.w3schools.com/sql/trysql78bc.html]
[www.w3schools.com/sql/trysql825f.html]
[www.w3schools.com/sql/sql_and_or.html]
[www.w3schools.com/sql/trysql0a27.html]
[www.w3schools.com/sql/trysql5221.html]
[www.w3schools.com/sql/trysql26ab.html]
[www.w3schools.com/sql/trysqled6e.html]
[www.w3schools.com/sql/sql_orderby.html]
[www.w3schools.com/sql/trysqleda3.html]
[www.w3schools.com/sql/trysqld73c.html]
[www.w3schools.com/sql/sql_insert.html]
[www.w3schools.com/sql/trysqlcc7f.html]
[www.w3schools.com/sql/sql_update.html]
[www.w3schools.com/sql/trysql7a9a.html]
[www.w3schools.com/sql/sql_delete.html]
[www.w3schools.com/sql/sql_injection.html]
[www.w3schools.com/sql/trysql278d.html]
[www.w3schools.com/sql/trysqla7c9.html]
[www.w3schools.com/sql/sql_top.html]
[www.w3schools.com/sql/trysql5cb4.html]
[www.w3schools.com/sql/trysql2c3e.html]
[www.w3schools.com/sql/trysql9d73.html]
[www.w3schools.com/sql/trysqle1fb.html]
[www.w3schools.com/sql/sql_like.html]
[www.w3schools.com/sql/trysql1fc3.html]
[www.w3schools.com/sql/trysql0d68.html]
[www.w3schools.com/sql/trysqlde9a.html]
[www.w3schools.com/sql/trysqlfcd8.html]
[www.w3schools.com/sql/trysql7227.html]
[www.w3schools.com/sql/trysql22f7.html]
[www.w3schools.com/sql/trysqld17a.html]
[www.w3schools.com/sql/sql_wildcards.html]
[www.w3schools.com/sql/trysql5e85.html]
[www.w3schools.com/sql/sql_in.html]
[www.w3schools.com/sql/trysql41d1.html]
[www.w3schools.com/sql/trysql16e2.html]
[www.w3schools.com/sql/trysql961d.html]
[www.w3schools.com/sql/trysqlae87.html]
[www.w3schools.com/sql/trysql702b.html]
[www.w3schools.com/sql/trysqldcb9.html]
[www.w3schools.com/sql/sql_between.html]
[www.w3schools.com/sql/trysqlce54.html]
[www.w3schools.com/sql/trysqlb41f.html]
[www.w3schools.com/sql/trysql2461.html]
[www.w3schools.com/sql/trysql4e8e.html]
[www.w3schools.com/sql/sql_alias.html]
[www.w3schools.com/sql/trysql2923.html]
[www.w3schools.com/sql/sql_join.html]
[www.w3schools.com/sql/trysqld4a8.html]
[www.w3schools.com/sql/img_innerjoin.gif]
[www.w3schools.com/sql/sql_join_inner.html]
[www.w3schools.com/sql/trysql2d1f.html]
[www.w3schools.com/sql/img_leftjoin.gif]
[www.w3schools.com/sql/sql_join_left.html]
[www.w3schools.com/sql/trysql4e45.html]
[www.w3schools.com/sql/img_rightjoin.gif]
[www.w3schools.com/sql/sql_join_right.html]
[www.w3schools.com/sql/trysql7699.html]
[www.w3schools.com/sql/sql_join_full.html]
[www.w3schools.com/sql/img_fulljoin.gif]
[www.w3schools.com/sql/trysqld1d0.html]
[www.w3schools.com/sql/trysqlb50d.html]
[www.w3schools.com/sql/sql_union.html]
[www.w3schools.com/sql/sql_select_into.html]
[www.w3schools.com/sql/trysqlc4c7.html]
[www.w3schools.com/sql/trysql8216.html]
[www.w3schools.com/sql/sql_insert_into_select.html]
[www.w3schools.com/sql/trysql77f2.html]
[www.w3schools.com/sql/sql_create_db.html]
[www.w3schools.com/sql/sql_create_table.html]
[www.w3schools.com/sql/sql_constraints.html]
[www.w3schools.com/sql/trysql0fa5.html]
[www.w3schools.com/sql/sql_notnull.html]
[www.w3schools.com/sql/sql_unique.html]
[www.w3schools.com/sql/sql_primarykey.html]
[www.w3schools.com/sql/sql_foreignkey.html]
[www.w3schools.com/sql/sql_check.html]
[www.w3schools.com/sql/sql_default.html]
[www.w3schools.com/sql/sql_create_index.html]
[www.w3schools.com/sql/sql_drop.html]
[www.w3schools.com/sql/sql_alter.html]
[www.w3schools.com/sql/sql_autoincrement.html]
[www.w3schools.com/sql/sql_view.html]
[www.w3schools.com/sql/trysqla4dd.html]
[www.w3schools.com/sql/func_now.html]
[www.w3schools.com/sql/func_curdate.html]
[www.w3schools.com/sql/func_curtime.html]
[www.w3schools.com/sql/func_date.html]
[www.w3schools.com/sql/func_extract.html]
[www.w3schools.com/sql/func_date_add.html]
[www.w3schools.com/sql/func_date_sub.html]
[www.w3schools.com/sql/func_datediff_mysql.html]
[www.w3schools.com/sql/func_date_format.html]
[www.w3schools.com/sql/func_getdate.html]
[www.w3schools.com/sql/func_datepart.html]
[www.w3schools.com/sql/func_dateadd.html]
[www.w3schools.com/sql/func_datediff.html]
[www.w3schools.com/sql/sql_dates.html]
[www.w3schools.com/sql/sql_null_values.html]
[www.w3schools.com/sql/sql_isnull.html]
[www.w3schools.com/sql/sql_datatypes_general.html]
[www.w3schools.com/sql/sql_datatypes.html]
[www.w3schools.com/sql/sql_functions.html]
[www.w3schools.com/sql/func_convert.html]
[www.w3schools.com/sql/trysql708d.html]
[www.w3schools.com/sql/sql_func_avg.html]
[www.w3schools.com/sql/trysql89d7.html]
[www.w3schools.com/sql/trysql7574.html]
[www.w3schools.com/sql/trysql724e.html]
[www.w3schools.com/sql/sql_func_count.html]
[www.w3schools.com/sql/trysql44a4.html]
[www.w3schools.com/sql/sql_func_first.html]
[www.w3schools.com/sql/trysqlc9c8.html]
[www.w3schools.com/sql/sql_func_last.html]
[www.w3schools.com/sql/trysqlcbad.html]
[www.w3schools.com/sql/sql_func_max.html]
[www.w3schools.com/sql/trysql4c2b.html]
[www.w3schools.com/sql/sql_func_min.html]
[www.w3schools.com/sql/trysqlc59d.html]
[www.w3schools.com/sql/sql_func_sum.html]
[www.w3schools.com/sql/trysqla86b.html]
[www.w3schools.com/sql/trysql2fd2.html]
[www.w3schools.com/sql/sql_groupby.html]
[www.w3schools.com/sql/trysqlbf58.html]
[www.w3schools.com/sql/trysqld5a7.html]
[www.w3schools.com/sql/sql_having.html]
[www.w3schools.com/sql/trysqlc5c8.html]
[www.w3schools.com/sql/sql_func_ucase.html]
[www.w3schools.com/sql/trysqle13e.html]
[www.w3schools.com/sql/sql_func_lcase.html]
[www.w3schools.com/sql/trysql8465.html]
[www.w3schools.com/sql/sql_func_mid.html]
[www.w3schools.com/sql/trysql76d0.html]
[www.w3schools.com/sql/sql_func_len.html]
[www.w3schools.com/sql/sql_func_round.html]
[www.w3schools.com/sql/trysql580c.html]
[www.w3schools.com/sql/trysql38df.html]
[www.w3schools.com/sql/sql_func_now.html]
[www.w3schools.com/sql/trysql0351.html]
[www.w3schools.com/sql/sql_func_format.html]
[www.w3schools.com/sql/sql_quickref.html]
[www.w3schools.com/sql/sql_hosting.html]
[www.w3schools.com/sql/sql_quiz.html]
[www.w3schools.com/sql/trysqlfa4e.html]
[www.w3schools.com/w3Database.js]
[www.w3schools.com/images/incompatible_ie2020.gif]
[www.w3schools.com/images/compatible_chrome2020.gif]
[www.w3schools.com/images/incompatible_firefox2020.gif]
[www.w3schools.com/images/compatible_safari2020.gif]
[www.w3schools.com/images/compatible_opera2020.gif]
[www.w3schools.com/sql/trysql786e.html]
[www.w3schools.com/sql/trysqld73d.html]
[www.w3schools.com/sql/trysql5458.html]
[www.w3schools.com/sql/trysql03b0.html]
[www.w3schools.com/sql/trysql3a0e.html]
[www.w3schools.com/sql/trysql78bc.html]
[www.w3schools.com/sql/trysql825f.html]
[www.w3schools.com/sql/trysql0a27.html]
[www.w3schools.com/sql/trysql5221.html]
[www.w3schools.com/sql/trysql26ab.html]
[www.w3schools.com/sql/trysqled6e.html]
[www.w3schools.com/sql/trysqleda3.html]
[www.w3schools.com/sql/trysqld73c.html]
[www.w3schools.com/sql/trysqlcc7f.html]
[www.w3schools.com/sql/trysql7a9a.html]
[www.w3schools.com/sql/trysql278d.html]
[www.w3schools.com/sql/trysqla7c9.html]
[www.w3schools.com/sql/trysql5cb4.html]
[www.w3schools.com/sql/trysql2c3e.html]
[www.w3schools.com/sql/trysql9d73.html]
[www.w3schools.com/sql/trysqle1fb.html]
[www.w3schools.com/sql/trysql1fc3.html]
[www.w3schools.com/sql/trysql0d68.html]
[www.w3schools.com/sql/trysqlde9a.html]
[www.w3schools.com/sql/trysqlfcd8.html]
[www.w3schools.com/sql/trysql7227.html]
[www.w3schools.com/sql/trysql22f7.html]
[www.w3schools.com/sql/trysqld17a.html]
[www.w3schools.com/sql/trysql5e85.html]
[www.w3schools.com/sql/trysql41d1.html]
[www.w3schools.com/sql/trysql16e2.html]
[www.w3schools.com/sql/trysql961d.html]
[www.w3schools.com/sql/trysqlae87.html]
[www.w3schools.com/sql/trysql702b.html]
[www.w3schools.com/sql/trysqldcb9.html]
[www.w3schools.com/sql/trysqlce54.html]
[www.w3schools.com/sql/trysqlb41f.html]
[www.w3schools.com/sql/trysql4e8e.html]
[www.w3schools.com/sql/trysql2461.html]
[www.w3schools.com/sql/trysql2923.html]
[www.w3schools.com/sql/trysqld4a8.html]
[www.w3schools.com/sql/trysql2d1f.html]
[www.w3schools.com/sql/trysql4e45.html]
[www.w3schools.com/sql/trysql7699.html]
[www.w3schools.com/sql/trysqld1d0.html]
[www.w3schools.com/sql/trysqlb50d.html]
[www.w3schools.com/sql/trysqlc4c7.html]
[www.w3schools.com/sql/trysql8216.html]
[www.w3schools.com/sql/trysql77f2.html]
[www.w3schools.com/sql/trysql0fa5.html]
[www.w3schools.com/sql/trysqla4dd.html]
[www.w3schools.com/sql/trysql_view52a0.html]
[www.w3schools.com/sql/func_now.html]
[www.w3schools.com/sql/func_curdate.html]
[www.w3schools.com/sql/func_curtime.html]
[www.w3schools.com/sql/func_date.html]
[www.w3schools.com/sql/func_extract.html]
[www.w3schools.com/sql/func_date_add.html]
[www.w3schools.com/sql/func_date_sub.html]
[www.w3schools.com/sql/func_datediff_mysql.html]
[www.w3schools.com/sql/func_date_format.html]
[www.w3schools.com/sql/func_getdate.html]
[www.w3schools.com/sql/func_datepart.html]
[www.w3schools.com/sql/func_dateadd.html]
[www.w3schools.com/sql/func_datediff.html]
[www.w3schools.com/sql/func_convert.html]
[www.w3schools.com/sql/trysql708d.html]
[www.w3schools.com/sql/trysql89d7.html]
[www.w3schools.com/sql/trysql7574.html]
[www.w3schools.com/sql/trysql724e.html]
[www.w3schools.com/sql/trysql44a4.html]
[www.w3schools.com/sql/trysqlc9c8.html]
[www.w3schools.com/sql/trysqlcbad.html]
[www.w3schools.com/sql/trysql4c2b.html]
[www.w3schools.com/sql/trysqlc59d.html]
[www.w3schools.com/sql/trysqla86b.html]
[www.w3schools.com/sql/trysql2fd2.html]
[www.w3schools.com/sql/trysqlbf58.html]
[www.w3schools.com/sql/trysqld5a7.html]
[www.w3schools.com/sql/trysqlc5c8.html]
[www.w3schools.com/sql/trysqle13e.html]
[www.w3schools.com/sql/trysql8465.html]
[www.w3schools.com/sql/trysql76d0.html]
[www.w3schools.com/sql/trysql38df.html]
[www.w3schools.com/sql/trysql580c.html]
[www.w3schools.com/sql/trysql0351.html]
[www.w3schools.com/sql/trysqlfa4e.html]
[www.w3schools.com/sql/trysql_view52a0.html]
[www.w3schools.com/images/up.gif]
[www.w3schools.com/bs/css/bootstrap_w3schools.css]
[www.w3schools.com/jquery.js]
[www.w3schools.com/bs/js/bootstrap.min.js]
[www.w3schools.com/images/home.png]
[www.w3schools.com/images/search.png]
[www.w3schools.com/images/translate.png]
[www.w3schools.com/stdtheme.css]
[www.w3schools.com/images/html5_badge20.png]
[www.w3schools.com/sql/sql_intro.html]
[www.w3schools.com/sql/trysql786e.html]
[www.w3schools.com/w3schools.js]
[translate.google.com/translate_a/elementa0d8.html]
[www.w3schools.com/err_sup.html]
[www.w3schools.com/sql/trysqld73d.html]
[www.w3schools.com/sql/trysql2d1f.html]
[www.w3schools.com/sql/trysql4e45.html]
[www.w3schools.com/sql/trysql7699.html]
[www.w3schools.com/sql/trysqld1d0.html]
[www.w3schools.com/w3Database.js]
[www.w3schools.com/sql/trysql_view52a0.html]
[www.w3schools.com/bs/fonts/glyphicons-halflings-regular.svg]
[www.w3schools.com/bs/fonts/glyphicons-regular.svg]
[www.w3schools.com/bs/fonts/glyphicons-social-regular.svg]
[www.w3schools.com/sql/Popover requires tooltip.html]
[www.w3schools.com/sql/POST.html]
[www.w3schools.com/err_sup.html]
