[www.tutorialspoint.com/design_pattern/index.html]
[backblue.gif]
[fade.gif]
[index.html]
[www.tutorialspoint.com/favicon.ico]
[cdn.tutorialspoint.com/theme/css/fonts/font-awesome/css/font-awesome.css]
[cdn.tutorialspoint.com/theme/css/custom-mini.css]
[cdn.tutorialspoint.com/theme/prettify.js]
[cdn.tutorialspoint.com/theme/vendor/modernizr.js]
[cdn.tutorialspoint.com/theme/js/jquery.js]
[www.tutorialspoint.com/images/pattern.png]
[www.tutorialspoint.com/design_pattern/images/logo.png]
[www.tutorialspoint.com/images/free-training.png]
[www.tutorialspoint.com/design_pattern/images/java-design-patterns-mini-logo.jpg]
[www.tutorialspoint.com/design_pattern/design_pattern_overview.html]
[www.tutorialspoint.com/design_pattern/factory_pattern.html]
[www.tutorialspoint.com/design_pattern/abstract_factory_pattern.html]
[www.tutorialspoint.com/design_pattern/singleton_pattern.html]
[www.tutorialspoint.com/design_pattern/builder_pattern.html]
[www.tutorialspoint.com/design_pattern/prototype_pattern.html]
[www.tutorialspoint.com/design_pattern/adapter_pattern.html]
[www.tutorialspoint.com/design_pattern/bridge_pattern.html]
[www.tutorialspoint.com/design_pattern/filter_pattern.html]
[www.tutorialspoint.com/design_pattern/composite_pattern.html]
[www.tutorialspoint.com/design_pattern/decorator_pattern.html]
[www.tutorialspoint.com/design_pattern/facade_pattern.html]
[www.tutorialspoint.com/design_pattern/flyweight_pattern.html]
[www.tutorialspoint.com/design_pattern/proxy_pattern.html]
[www.tutorialspoint.com/design_pattern/chain_of_responsibility_pattern.html]
[www.tutorialspoint.com/design_pattern/command_pattern.html]
[www.tutorialspoint.com/design_pattern/interpreter_pattern.html]
[www.tutorialspoint.com/design_pattern/iterator_pattern.html]
[www.tutorialspoint.com/design_pattern/mediator_pattern.html]
[www.tutorialspoint.com/design_pattern/memento_pattern.html]
[www.tutorialspoint.com/design_pattern/observer_pattern.html]
[www.tutorialspoint.com/design_pattern/state_pattern.html]
[www.tutorialspoint.com/design_pattern/null_object_pattern.html]
[www.tutorialspoint.com/design_pattern/strategy_pattern.html]
[www.tutorialspoint.com/design_pattern/template_pattern.html]
[www.tutorialspoint.com/design_pattern/visitor_pattern.html]
[www.tutorialspoint.com/design_pattern/mvc_pattern.html]
[www.tutorialspoint.com/design_pattern/business_delegate_pattern.html]
[www.tutorialspoint.com/design_pattern/composite_entity_pattern.html]
[www.tutorialspoint.com/design_pattern/data_access_object_pattern.html]
[www.tutorialspoint.com/design_pattern/front_controller_pattern.html]
[www.tutorialspoint.com/design_pattern/intercepting_filter_pattern.html]
[www.tutorialspoint.com/design_pattern/service_locator_pattern.html]
[www.tutorialspoint.com/design_pattern/transfer_object_pattern.html]
[www.tutorialspoint.com/design_pattern/design_pattern_quick_guide.html]
[www.tutorialspoint.com/design_pattern/design_pattern_useful_resources.html]
[www.tutorialspoint.com/design_pattern/images/java-design-patterns.jpg]
[www.tutorialspoint.com/design_pattern/design_pattern_pdf_version.html]
[pagead2.googlesyndication.com/pagead/f.txt]
[cdn.tutorialspoint.com/images/apple_store.png]
[cdn.tutorialspoint.com/images/google_play.png]
[s7.addthis.com/js/300/addthis_widget.js]
[cdn.tutorialspoint.com/scripts/img/logo-footer.png]
[cdn.tutorialspoint.com/theme/js/custom-mini.js]
[www.google-analytics.com/urchin.js]
[www.tutorialspoint.com/design_pattern/index.html]
[fonts.googleapis.com/cssf1e9.css]
[www.tutorialspoint.com/design_pattern/design_pattern_overview.html]
[www.tutorialspoint.com/design_pattern/factory_pattern.html]
[www.tutorialspoint.com/design_pattern/images/factory_pattern_uml_diagram.jpg]
[www.tutorialspoint.com/design_pattern/abstract_factory_pattern.html]
[www.tutorialspoint.com/design_pattern/images/abstractfactory_pattern_uml_diagram.jpg]
[www.tutorialspoint.com/design_pattern/singleton_pattern.html]
[www.tutorialspoint.com/design_pattern/images/singleton_pattern_uml_diagram.jpg]
[www.tutorialspoint.com/design_pattern/builder_pattern.html]
[www.tutorialspoint.com/design_pattern/images/builder_pattern_uml_diagram.jpg]
[www.tutorialspoint.com/design_pattern/prototype_pattern.html]
[www.tutorialspoint.com/design_pattern/images/prototype_pattern_uml_diagram.jpg]
[www.tutorialspoint.com/design_pattern/adapter_pattern.html]
[www.tutorialspoint.com/design_pattern/images/adapter_pattern_uml_diagram.jpg]
[www.tutorialspoint.com/design_pattern/bridge_pattern.html]
[www.tutorialspoint.com/design_pattern/images/bridge_pattern_uml_diagram.jpg]
[www.tutorialspoint.com/design_pattern/filter_pattern.html]
[www.tutorialspoint.com/design_pattern/images/filter_pattern_uml_diagram.jpg]
[www.tutorialspoint.com/design_pattern/composite_pattern.html]
[www.tutorialspoint.com/design_pattern/images/composite_pattern_uml_diagram.jpg]
[www.tutorialspoint.com/design_pattern/decorator_pattern.html]
[www.tutorialspoint.com/design_pattern/images/decorator_pattern_uml_diagram.jpg]
[www.tutorialspoint.com/design_pattern/facade_pattern.html]
[www.tutorialspoint.com/design_pattern/images/facade_pattern_uml_diagram.jpg]
[www.tutorialspoint.com/design_pattern/flyweight_pattern.html]
[www.tutorialspoint.com/design_pattern/images/flyweight_pattern_uml_diagram.jpg]
[www.tutorialspoint.com/design_pattern/proxy_pattern.html]
[www.tutorialspoint.com/design_pattern/images/proxy_pattern_uml_diagram.jpg]
[www.tutorialspoint.com/design_pattern/chain_of_responsibility_pattern.html]
[www.tutorialspoint.com/design_pattern/images/chain_pattern_uml_diagram.jpg]
[www.tutorialspoint.com/design_pattern/command_pattern.html]
[www.tutorialspoint.com/design_pattern/images/command_pattern_uml_diagram.jpg]
[www.tutorialspoint.com/design_pattern/interpreter_pattern.html]
[www.tutorialspoint.com/design_pattern/images/interpreter_pattern_uml_diagram.jpg]
[www.tutorialspoint.com/design_pattern/iterator_pattern.html]
[www.tutorialspoint.com/design_pattern/images/iterator_pattern_uml_diagram.jpg]
[www.tutorialspoint.com/design_pattern/mediator_pattern.html]
[www.tutorialspoint.com/design_pattern/images/mediator_pattern_uml_diagram.jpg]
[www.tutorialspoint.com/design_pattern/memento_pattern.html]
[www.tutorialspoint.com/design_pattern/images/memento_pattern_uml_diagram.jpg]
[www.tutorialspoint.com/design_pattern/observer_pattern.html]
[www.tutorialspoint.com/design_pattern/images/observer_pattern_uml_diagram.jpg]
[www.tutorialspoint.com/design_pattern/state_pattern.html]
[www.tutorialspoint.com/design_pattern/images/state_pattern_uml_diagram.jpg]
[www.tutorialspoint.com/design_pattern/null_object_pattern.html]
[www.tutorialspoint.com/design_pattern/images/null_pattern_uml_diagram.jpg]
[www.tutorialspoint.com/design_pattern/strategy_pattern.html]
[www.tutorialspoint.com/design_pattern/images/strategy_pattern_uml_diagram.jpg]
[www.tutorialspoint.com/design_pattern/template_pattern.html]
[www.tutorialspoint.com/design_pattern/images/template_pattern_uml_diagram.jpg]
[www.tutorialspoint.com/design_pattern/visitor_pattern.html]
[www.tutorialspoint.com/design_pattern/images/visitor_pattern_uml_diagram.jpg]
[www.tutorialspoint.com/design_pattern/mvc_pattern.html]
[www.tutorialspoint.com/design_pattern/images/mvc_pattern_uml_diagram.jpg]
[www.tutorialspoint.com/design_pattern/business_delegate_pattern.html]
[www.tutorialspoint.com/design_pattern/images/business_delegate_pattern_uml_diagram.jpg]
[www.tutorialspoint.com/design_pattern/composite_entity_pattern.html]
[www.tutorialspoint.com/design_pattern/images/compositeentity_pattern_uml_diagram.jpg]
[www.tutorialspoint.com/design_pattern/data_access_object_pattern.html]
[www.tutorialspoint.com/design_pattern/images/dao_pattern_uml_diagram.jpg]
[www.tutorialspoint.com/design_pattern/front_controller_pattern.html]
[www.tutorialspoint.com/design_pattern/images/frontcontroller_pattern_uml_diagram.jpg]
[www.tutorialspoint.com/design_pattern/intercepting_filter_pattern.html]
[www.tutorialspoint.com/design_pattern/images/interceptingfilter_pattern_uml_diagram.jpg]
[www.tutorialspoint.com/design_pattern/service_locator_pattern.html]
[www.tutorialspoint.com/design_pattern/images/servicelocator_pattern_uml_diagram.jpg]
[www.tutorialspoint.com/design_pattern/transfer_object_pattern.html]
[www.tutorialspoint.com/design_pattern/images/transferobject_pattern_uml_diagram.jpg]
[www.tutorialspoint.com/design_pattern/design_pattern_quick_guide.html]
[www.tutorialspoint.com/design_pattern/design_pattern_resources.html]
[ecx.images-amazon.com/images/I/417ZNWVhhuL._SY300_.jpg]
[ecx.images-amazon.com/images/I/51u3S8BHSpL.jpg]
[ecx.images-amazon.com/images/I/41USsp72CNL.jpg]
[ecx.images-amazon.com/images/I/51Q-RLSadrL.jpg]
[ecx.images-amazon.com/images/I/51CKocu-CVL.jpg]
[www.tutorialspoint.com/design_pattern/design_pattern_useful_resources.html]
[ecx.images-amazon.com/images/I/51S5DJN0P1L.jpg]
[www.paypalobjects.com/en_GB/i/btn/btn_buynowCC_LG.gif]
[www.paypalobjects.com/en_GB/i/scr/pixel.gif]
[www.tutorialspoint.com/design_pattern/design_pattern_tutorial.pdf]
[www.tutorialspoint.com/design_pattern/design_pattern_pdf_version.html]
[www.tutorialspoint.com/design_pattern/images/pdf.jpg]
[www.tutorialspoint.com/scripts/jquery.min.js]
[www.tutorialspoint.com/scripts/mobile.js]
[www.tutorialspoint.com/scripts/prettify.js]
[www.tutorialspoint.com/images/icon-search.png]
[www.tutorialspoint.com/images/home-icon.png]
[www.tutorialspoint.com/images/nav-icon.png]
[www.tutorialspoint.com/images/dp-mini-logo.png]
[pagead2.googlesyndication.com/pagead/js/f.txt]
[www.tutorialspoint.com/design_pattern/pdf/design_pattern_resources.pdf]
[www.tutorialspoint.com/design_pattern/design_pattern_resources.html]
[s7.addthis.com/js/250/addthis_widget.js]
[cdn.tutorialspoint.com/theme/js/jquery.js]
[cdn.tutorialspoint.com/theme/css/fonts/font-awesome/css/font-awesome.css]
[cdn.tutorialspoint.com/images/pattern.png]
[cdn.tutorialspoint.com/images/loading.gif]
[cdn.tutorialspoint.com/theme/css/fonts/font-awesome/fonts/fontawesome-webfont862f.svg]
[cdn.tutorialspoint.com/theme/vendor/modernizr.js]
[cdn.tutorialspoint.com/images/absolute-classes.png]
[cdn.tutorialspoint.com/images/absolute-classes-h.png]
[cdn.tutorialspoint.com/images/tutor.png]
[www.tutorialspoint.com/design_pattern/images/java-design-patterns-mini-logo.jpg]
[www.tutorialspoint.com/design_pattern/images/java-design-patterns.jpg]
[cdn.tutorialspoint.com/images/hook.png]
[cdn.tutorialspoint.com/images/apple_store.png]
[cdn.tutorialspoint.com/images/cdgrnd-sprite.jpg]
[cdn.tutorialspoint.com/images/google_play.png]
[cdn.tutorialspoint.com/theme/img/map-top.png]
[s7.addthis.com/js/300/addthis_widget.js]
[cdn.tutorialspoint.com/theme/img/map-bottom.png]
[cdn.tutorialspoint.com/theme/img/home-concept.png]
[cdn.tutorialspoint.com/theme/img/home-concept-item.png]
[cdn.tutorialspoint.com/theme/js/custom-mini.js]
[cdn.tutorialspoint.com/theme/img/home-concept-icons.png]
[www.tutorialspoint.com/design_pattern/images/factory_pattern_uml_diagram.jpg]
[www.tutorialspoint.com/design_pattern/images/abstractfactory_pattern_uml_diagram.jpg]
[www.tutorialspoint.com/design_pattern/images/singleton_pattern_uml_diagram.jpg]
[cdn.tutorialspoint.com/images/link.png]
[www.tutorialspoint.com/design_pattern/images/builder_pattern_uml_diagram.jpg]
[www.tutorialspoint.com/design_pattern/images/prototype_pattern_uml_diagram.jpg]
[www.tutorialspoint.com/design_pattern/images/adapter_pattern_uml_diagram.jpg]
[www.tutorialspoint.com/design_pattern/images/bridge_pattern_uml_diagram.jpg]
[cdn.tutorialspoint.com/images/list-icon.png]
[www.tutorialspoint.com/design_pattern/images/filter_pattern_uml_diagram.jpg]
[www.tutorialspoint.com/design_pattern/images/composite_pattern_uml_diagram.jpg]
[cdn.tutorialspoint.com/images/icon-bullet.png]
[www.tutorialspoint.com/design_pattern/images/decorator_pattern_uml_diagram.jpg]
[www.tutorialspoint.com/design_pattern/images/facade_pattern_uml_diagram.jpg]
[www.tutorialspoint.com/design_pattern/images/flyweight_pattern_uml_diagram.jpg]
[cdn.tutorialspoint.com/images/sprite.png]
[www.tutorialspoint.com/design_pattern/images/proxy_pattern_uml_diagram.jpg]
[cdn.tutorialspoint.com/images/controls.png]
[cdn.tutorialspoint.com/theme/css/custom-mini.css]
[www.tutorialspoint.com/design_pattern/images/chain_pattern_uml_diagram.jpg]
[www.tutorialspoint.com/design_pattern/images/command_pattern_uml_diagram.jpg]
[www.tutorialspoint.com/design_pattern/images/interpreter_pattern_uml_diagram.jpg]
[www.tutorialspoint.com/design_pattern/images/iterator_pattern_uml_diagram.jpg]
[www.tutorialspoint.com/design_pattern/images/mediator_pattern_uml_diagram.jpg]
[www.tutorialspoint.com/design_pattern/design_pattern_overview.html]
[www.tutorialspoint.com/design_pattern/images/memento_pattern_uml_diagram.jpg]
[www.tutorialspoint.com/design_pattern/images/observer_pattern_uml_diagram.jpg]
[www.tutorialspoint.com/design_pattern/images/state_pattern_uml_diagram.jpg]
[www.tutorialspoint.com/design_pattern/design_pattern_pdf_version.html]
[www.tutorialspoint.com/design_pattern/images/null_pattern_uml_diagram.jpg]
[www.tutorialspoint.com/design_pattern/images/strategy_pattern_uml_diagram.jpg]
[www.tutorialspoint.com/design/images/try_it.html]
[www.tutorialspoint.com/design_pattern/images/template_pattern_uml_diagram.jpg]
[www.tutorialspoint.com/design_pattern/images/visitor_pattern_uml_diagram.jpg]
[www.tutorialspoint.com/design_pattern/images/mvc_pattern_uml_diagram.jpg]
[ecx.images-amazon.com/images/I/417ZNWVhhuL._SY300_.jpg]
[www.tutorialspoint.com/design_pattern/design_pattern_resources.html]
[ecx.images-amazon.com/images/I/51u3S8BHSpL.jpg]
[ecx.images-amazon.com/images/I/41USsp72CNL.jpg]
[www.tutorialspoint.com/scripts/prettify.js]
[www.tutorialspoint.com/images/tp-simple3-logo.png]
[www.tutorialspoint.com/ruby/images/final-logo.png]
[www.tutorialspoint.com/images/icon-bullet.png]
[www.tutorialspoint.com/design_pattern/pdf/design_pattern_resources.pdf]
[www.tutorialspoint.com/images/list-icon.png]
[cdn.tutorialspoint.com/images/pattern.png]
[cdn.tutorialspoint.com/images/loading.gif]
[cdn.tutorialspoint.com/images/absolute-classes.png]
[www.tutorialspoint.com/images/list-icon-minus.png]
[cdn.tutorialspoint.com/images/absolute-classes-h.png]
[cdn.tutorialspoint.com/images/tutor.png]
[cdn.tutorialspoint.com/images/hook.png]
[www.tutorialspoint.com/images/sub-menu.gif]
[cdn.tutorialspoint.com/images/cdgrnd-sprite.jpg]
[cdn.tutorialspoint.com/theme/img/map-top.png]
[cdn.tutorialspoint.com/theme/img/map-bottom.png]
[cdn.tutorialspoint.com/theme/img/home-concept.png]
[www.tutorialspoint.com/images/sprite.png]
[cdn.tutorialspoint.com/theme/img/home-concept-item.png]
[cdn.tutorialspoint.com/theme/img/home-concept-icons.png]
[cdn.tutorialspoint.com/images/link.png]
[www.tutorialspoint.com/images/answer.png]
[cdn.tutorialspoint.com/images/list-icon.png]
[cdn.tutorialspoint.com/images/icon-bullet.png]
[cdn.tutorialspoint.com/images/sprite.png]
[www.tutorialspoint.com/images/footer.png]
[cdn.tutorialspoint.com/images/controls.png]
[cdn.tutorialspoint.com/images/loading-cg.gif]
[cdn.tutorialspoint.com/images/windows_store.png]
[www.tutorialspoint.com/images/icon-twitter.png]
[www.tutorialspoint.com/images/icon-facebook.png]
[www.tutorialspoint.com/images/icon-rss.png]
[www.tutorialspoint.com/images/quote.png]
[www.tutorialspoint.com/scripts/style.css]
[www.tutorialspoint.com/scripts/prettify.css]
[cdn.tutorialspoint.com/theme/css/fonts/font-awesome/fonts/fontawesome-webfont862f.svg]
[www.tutorialspoint.com/images/link.png]
[cdn.tutorialspoint.com/images/link-icon.png]
[www.tutorialspoint.com/scripts/star.html]
[cdn.tutorialspoint.com/images/tutor-h.png]
[cdn.tutorialspoint.com/theme/img/social-sprites.png]
[cdn.tutorialspoint.com/images/hits.gif]
