[zetcode.com/wxpython/index.html]
[backblue.gif]
[fade.gif]
[index.html]
[apis.google.com/js/platform.js]
[www.google-analytics.com/analytics.js]
[connect.facebook.net/en_US/sdk.js]
[zetcode.com/wxpython/index.html]
[pagead2.googlesyndication.com/pagead/js/f.txt]
[zetcode.com/wxpython/firststeps/index.html]
[zetcode.com/wxpython/menustoolbars/index.html]
[zetcode.com/img/gui/wxpython/simple.png]
[zetcode.com/wxpython/layout/index.html]
[zetcode.com/wxpython/events/index.html]
[zetcode.com/wxpython/dialogs/index.html]
[zetcode.com/img/gui/wxpython/nominimizebox.png]
[zetcode.com/wxpython/firststeps/index.html]
[zetcode.com/wxpython/widgets/index.html]
[zetcode.com/wxpython/advanced/index.html]
[zetcode.com/wxpython/draganddrop/index.html]
[zetcode.com/img/gui/wxpython/simplemenu.png]
[zetcode.com/wxpython/in18/index.html]
[zetcode.com/img/gui/wxpython/iconsshortcuts.png]
[zetcode.com/wxpython/skeletons/index.html]
[zetcode.com/img/gui/wxpython/submenu.png]
[zetcode.com/wxpython/gdi/index.html]
[zetcode.com/img/gui/wxpython/checkmenuitem.png]
[zetcode.com/wxpython/customwidgets/index.html]
[zetcode.com/wxpython/tips/index.html]
[zetcode.com/img/gui/wxpython/contextmenu.png]
[zetcode.com/wxpython/gripts/index.html]
[zetcode.com/img/gui/wxpython/simpletoolbar.png]
[zetcode.com/wxpython/thetetrisgame/index.html]
[zetcode.com/img/gui/wxpython/toolbars.png]
[zetcode.com/wxpython/introduction/index.html]
[zetcode.com/wxpython/menustoolbars/index.html]
[zetcode.com/img/gui/wxpython/undoredo.png]
[zetcode.com/img/gui/wxpython/absolute1.png]
[zetcode.com/img/gui/wxpython/absolute2.png]
[zetcode.com/img/gui/wxpython/sizer.png]
[zetcode.com/img/gui/wxpython/border.png]
[zetcode.com/img/gui/wxpython/gotoclass.png]
[zetcode.com/img/gui/wxpython/calculator.png]
[zetcode.com/img/gui/wxpython/review.png]
[zetcode.com/img/gui/wxpython/rename.png]
[zetcode.com/wxpython/layout/index.html]
[zetcode.com/img/gui/wxpython/newclass.png]
[zetcode.com/img/gui/wxpython/moveevent.png]
[zetcode.com/wxpython/events/index.html]
[zetcode.com/img/gui/wxpython/messagebox.png]
[zetcode.com/img/gui/wxpython/idialog.png]
[zetcode.com/img/gui/wxpython/hunter.png]
[zetcode.com/wxpython/dialogs/index.html]
[zetcode.com/img/gui/wxpython/customdialog.png]
[zetcode.com/img/gui/wxpython/button.png]
[zetcode.com/img/gui/wxpython/togglebuttons.png]
[zetcode.com/img/gui/wxpython/staticline.png]
[zetcode.com/img/gui/wxpython/statictext.png]
[zetcode.com/img/gui/wxpython/staticbox.png]
[zetcode.com/img/gui/wxpython/combobox.png]
[zetcode.com/img/gui/wxpython/checkbox.png]
[zetcode.com/img/gui/wxpython/statusbar.png]
[zetcode.com/img/gui/wxpython/radiobutton.png]
[zetcode.com/img/gui/wxpython/gauge.png]
[zetcode.com/wxpython/widgets/index.html]
[zetcode.com/img/gui/wxpython/helpwindow.png]
[zetcode.com/img/gui/wxpython/autowidthl.jpg]
[zetcode.com/img/gui/wxpython/autowidthw.jpg]
[zetcode.com/img/gui/wxpython/reader.png]
[zetcode.com/wxpython/advanced/index.html]
[zetcode.com/img/gui/wxpython/repository.png]
[zetcode.com/wxpython/draganddrop/index.html]
[zetcode.com/img/gui/wxpython/dragdrop.png]
[zetcode.com/img/gui/wxpython/worldtime.jpg]
[zetcode.com/img/gui/wxpython/collate.jpg]
[zetcode.com/img/gui/wxpython/translation.jpg]
[zetcode.com/wxpython/in18/index.html]
[zetcode.com/img/gui/wxpython/filehunter.png]
[zetcode.com/img/gui/wxpython/spreadsheet.png]
[zetcode.com/img/gui/wxpython/player.png]
[zetcode.com/wxpython/skeletons/index.html]
[zetcode.com/img/gui/wxpython/gdi2.png]
[zetcode.com/img/gui/wxpython/aline.png]
[zetcode.com/img/gui/wxpython/colors.png]
[zetcode.com/img/gui/wxpython/joinscaps.png]
[zetcode.com/img/gui/wxpython/gradients.png]
[zetcode.com/img/gui/wxpython/custompatterns.jpg]
[zetcode.com/img/gui/wxpython/points.png]
[zetcode.com/img/gui/wxpython/shapes.png]
[zetcode.com/img/gui/wxpython/lines.png]
[zetcode.com/img/gui/wxpython/star.png]
[zetcode.com/img/gui/wxpython/operations.png]
[zetcode.com/img/gui/wxpython/drawtextstring.jpg]
[zetcode.com/img/gui/wxpython/ruler.jpg]
[zetcode.com/img/gui/wxpython/linechart.png]
[zetcode.com/wxpython/gdi/index.html]
[zetcode.com/img/gui/wxpython/link.png]
[zetcode.com/img/gui/wxpython/burning.jpg]
[zetcode.com/img/gui/wxpython/burningw.jpg]
[zetcode.com/wxpython/customwidgets/index.html]
[zetcode.com/img/gui/wxpython/cpuwidget.png]
[zetcode.com/img/gui/wxpython/isabelle.png]
[zetcode.com/img/gui/wxpython/undoredo.jpg]
[zetcode.com/wxpython/tips/index.html]
[zetcode.com/img/gui/wxpython/myconfig.png]
[zetcode.com/img/gui/wxpython/tom.png]
[zetcode.com/img/gui/wxpython/kika.png]
[zetcode.com/img/gui/wxpython/puzzle.jpg]
[zetcode.com/wxpython/gripts/index.html]
[zetcode.com/img/gui/wxpython/tetrominoes.png]
[zetcode.com/img/gui/wxpython/coordinates.png]
[zetcode.com/wxpython/thetetrisgame/index.html]
[zetcode.com/img/gui/wxpython/tetris.png]
[zetcode.com/img/gui/wxpython/areas.jpg]
[zetcode.com/img/gui/wxpython/pythonlogo.png]
[zetcode.com/img/gui/wxpython/base.jpg]
[zetcode.com/img/gui/wxpython/containers.jpg]
[zetcode.com/img/gui/wxpython/dynamic.jpg]
[zetcode.com/img/gui/wxpython/staticwidgets.jpg]
[zetcode.com/wxpython/introduction/index.html]
[zetcode.com/img/gui/wxpython/inheritance.png]
[zetcode.com/img/cmn/stripe.jpg]
[zetcode.com/cfg/format2.css]
[zetcode.com/img/gui/wxpython/nominimizebox.png]
[apis.google.com/js/platform.js]
[connect.facebook.net/en_US/sdk.js]
[zetcode.com/img/gui/wxpython/simplemenu.png]
[zetcode.com/img/gui/wxpython/iconsshortcuts.png]
[zetcode.com/img/gui/wxpython/checkmenuitem.png]
[zetcode.com/img/gui/wxpython/submenu.png]
[zetcode.com/img/gui/wxpython/contextmenu.png]
[zetcode.com/wxpython/introduction/index.html]
[zetcode.com/img/gui/wxpython/simpletoolbar.png]
[zetcode.com/img/gui/wxpython/toolbars.png]
[zetcode.com/img/gui/wxpython/messagebox.png]
[zetcode.com/img/gui/wxpython/idialog.png]
[zetcode.com/img/gui/wxpython/helpwindow.png]
[zetcode.com/img/gui/wxpython/autowidthl.jpg]
[zetcode.com/img/gui/wxpython/autowidthw.jpg]
[zetcode.com/img/gui/wxpython/reader.png]
[zetcode.com/img/gui/wxpython/worldtime.jpg]
[zetcode.com/img/gui/wxpython/collate.jpg]
[zetcode.com/img/gui/wxpython/joinscaps.png]
[zetcode.com/img/gui/wxpython/custompatterns.jpg]
[zetcode.com/img/gui/wxpython/ruler.jpg]
[zetcode.com/img/gui/wxpython/link.png]
[zetcode.com/img/gui/wxpython/gdi2.png]
[zetcode.com/img/gui/wxpython/base.jpg]
[zetcode.com/img/gui/wxpython/containers.jpg]
[zetcode.com/img/gui/wxpython/inheritance.png]
[zetcode.com/wxpython/ABCDEFGHIJKLMNOPQRSTUVWXYZabcdefghijklmnopqrstuvwxyz0123456789+/index.html]
[zetcode.com/wxpython/dialog/index.html]
[zetcode.com/wxpython/%s/profile4d6d.html]
[zetcode.com/img/gui/wxpython/standardidentifiers.png]
[zetcode.com/img/gui/wxpython/focusevent.png]
[zetcode.com/img/gui/wxpython/slider.png]
[zetcode.com/img/gui/wxpython/listbox2.png]
[zetcode.com/img/gui/wxpython/spinctrl.png]
[zetcode.com/img/gui/wxpython/basicw.jpg]
[zetcode.com/img/gui/wxpython/unicode.jpg]
[zetcode.com/img/gui/wxpython/locale.jpg]
[zetcode.com/img/gui/wxpython/browser.png]
[zetcode.com/img/gui/wxpython/pens.png]
[zetcode.com/img/gui/wxpython/brushes.png]
[zetcode.com/img/gui/wxpython/note.jpg]
[zetcode.com/img/gui/wxpython/toplevel.jpg]
[zetcode.com/img/gui/wxpython/modules.jpg]
[zetcode.com/img/gui/wxpython/setmapmode.jpg]
[zetcode.com/img/gui/wxpython/bars.jpg]
