[www.tutorialspoint.com/php/index.html]
[backblue.gif]
[fade.gif]
[index.html]
[www.tutorialspoint.com/favicon.ico]
[www.google-analytics.com/urchin.js]
[www.tutorialspoint.com/images/tp-logo.gif]
[www.google.com/logos/Logo_25wht.gif]
[www.tutorialspoint.com/php/index-2.html]
[www.tutorialspoint.com/php/php_introduction.html]
[www.tutorialspoint.com/php/php_environment.html]
[www.tutorialspoint.com/php/php_syntax_overview.html]
[www.tutorialspoint.com/php/php_variable_types.html]
[www.tutorialspoint.com/php/php_constants.html]
[www.tutorialspoint.com/php/php_operator_types.html]
[www.tutorialspoint.com/php/php_decision_making.html]
[www.tutorialspoint.com/php/php_loop_types.html]
[www.tutorialspoint.com/php/php_arrays.html]
[www.tutorialspoint.com/php/php_strings.html]
[www.tutorialspoint.com/php/php_web_concepts.html]
[www.tutorialspoint.com/php/php_get_post.html]
[www.tutorialspoint.com/php/php_file_inclusion.html]
[www.tutorialspoint.com/php/php_files.html]
[www.tutorialspoint.com/php/php_functions.html]
[www.tutorialspoint.com/php/php_cookies.html]
[www.tutorialspoint.com/php/php_sessions.html]
[www.tutorialspoint.com/php/php_sending_emails.html]
[www.tutorialspoint.com/php/php_file_uploading.html]
[www.tutorialspoint.com/php/php_coding_standard.html]
[www.tutorialspoint.com/php/php_predefined_variables.html]
[www.tutorialspoint.com/php/php_regular_expression.html]
[www.tutorialspoint.com/php/php_error_handling.html]
[www.tutorialspoint.com/php/php_bugs_debugging.html]
[www.tutorialspoint.com/php/php_date_and_time.html]
[www.tutorialspoint.com/php/php_and_mysql.html]
[www.tutorialspoint.com/php/php_and_ajax.html]
[www.tutorialspoint.com/php/php_and_xml.html]
[www.tutorialspoint.com/php/php_object_oriented.html]
[www.tutorialspoint.com/php/php_for_c_developers.html]
[www.tutorialspoint.com/php/php_for_perl_developers.html]
[www.tutorialspoint.com/php/php_function_reference.html]
[www.tutorialspoint.com/php/php_useful_resources.html]
[www.tutorialspoint.com/images/php.jpg]
[www.tutorialspoint.com/images/previous.gif]
[www.tutorialspoint.com/images/next.gif]
[www.tutorialspoint.com/images/add-this.gif]
[pagead2.googlesyndication.com/pagead/f.txt]
[www.tutorialspoint.com/php/php_pdf_version.html]
[www.tutorialspoint.com/php/index.html]
[www.tutorialspoint.com/php/index-2.html]
[www.tutorialspoint.com/php/php_introduction.html]
[www.tutorialspoint.com/images/print.gif]
[www.tutorialspoint.com/php/php_installation_linux.html]
[www.tutorialspoint.com/php/php_installation_mac.html]
[www.tutorialspoint.com/php/php_installation_windows_iis.html]
[www.tutorialspoint.com/php/php_installation_windows_apache.html]
[www.tutorialspoint.com/php/php_apache_configuration.html]
[www.tutorialspoint.com/php/php_environment.html]
[www.tutorialspoint.com/php/php_syntax_overview.html]
[www.tutorialspoint.com/php/php_ini_configuration.html]
[www.tutorialspoint.com/php/php_local_variables.html]
[www.tutorialspoint.com/php/php_function_parameters.html]
[www.tutorialspoint.com/php/php_global_variables.html]
[www.tutorialspoint.com/php/php_variable_types.html]
[www.tutorialspoint.com/php/php_constants.html]
[www.tutorialspoint.com/php/php_static_variables.html]
[www.tutorialspoint.com/php/php_arithmatic_operators_examples.html]
[www.tutorialspoint.com/php/php_comparison_operators_examples.html]
[www.tutorialspoint.com/php/php_logical_operators_examples.html]
[www.tutorialspoint.com/php/php_assignment_operators_examples.html]
[www.tutorialspoint.com/php/php_operator_types.html]
[www.tutorialspoint.com/php/php_decision_making.html]
[www.tutorialspoint.com/php/php_loop_types.html]
[www.tutorialspoint.com/php/php_conditional_operator_examples.html]
[www.tutorialspoint.com/php/php_arrays.html]
[www.tutorialspoint.com/php/php_strings.html]
[www.tutorialspoint.com/php/php_web_concepts.html]
[www.tutorialspoint.com/php/php_get_post.html]
[www.tutorialspoint.com/php/php_file_inclusion.html]
[www.tutorialspoint.com/php/php_array_functions.html]
[www.tutorialspoint.com/php/php_files.html]
[www.tutorialspoint.com/php/php_functions.html]
[www.tutorialspoint.com/php/php_cookies.html]
[www.tutorialspoint.com/php/php_sessions.html]
[www.tutorialspoint.com/php/php_sending_emails.html]
[www.tutorialspoint.com/php/php_file_uploading.html]
[www.tutorialspoint.com/php/php_coding_standard.html]
[www.tutorialspoint.com/php/php_predefined_variables.html]
[www.tutorialspoint.com/php/php_file_system_functions.html]
[www.tutorialspoint.com/php/php_ereg.html]
[www.tutorialspoint.com/php/php_ereg_replace.html]
[www.tutorialspoint.com/php/php_eregi.html]
[www.tutorialspoint.com/php/php_eregi_replace.html]
[www.tutorialspoint.com/php/php_split.html]
[www.tutorialspoint.com/php/php_spliti.html]
[www.tutorialspoint.com/php/php_sql_regcase.html]
[www.tutorialspoint.com/php/php_preg_match.html]
[www.tutorialspoint.com/php/php_preg_match_all.html]
[www.tutorialspoint.com/php/php_preg_replace.html]
[www.tutorialspoint.com/php/php_preg_split.html]
[www.tutorialspoint.com/php/php_preg_grep.html]
[www.tutorialspoint.com/php/php_regular_expression.html]
[www.tutorialspoint.com/php/php_preg_quote.html]
[www.tutorialspoint.com/php/php_error_handling.html]
[www.tutorialspoint.com/php/php_bugs_debugging.html]
[www.tutorialspoint.com/php/php_error_handling_functions.html]
[www.tutorialspoint.com/php/php_date_and_time.html]
[www.tutorialspoint.com/php/php_date_time_functions.html]
[www.tutorialspoint.com/php/connect_to_mysql_using_php.html]
[www.tutorialspoint.com/php/create_mysql_database_using_php.html]
[www.tutorialspoint.com/php/delete_mysql_database_using_php.html]
[www.tutorialspoint.com/php/mysql_insert_php.html]
[www.tutorialspoint.com/php/mysql_select_php.html]
[www.tutorialspoint.com/php/mysql_paging_php.html]
[www.tutorialspoint.com/php/mysql_update_php.html]
[www.tutorialspoint.com/php/mysql_delete_php.html]
[www.tutorialspoint.com/php/php_and_mysql.html]
[www.tutorialspoint.com/php/php_and_ajax.html]
[www.tutorialspoint.com/php/php_and_xml.html]
[www.tutorialspoint.com/php/php_object_oriented.html]
[www.tutorialspoint.com/php/php_for_c_developers.html]
[www.tutorialspoint.com/php/php_for_perl_developers.html]
[www.tutorialspoint.com/php/perform_mysql_backup_php.html]
[www.tutorialspoint.com/php/php_calendar_functions.html]
[www.tutorialspoint.com/php/php_class_object_functions.html]
[www.tutorialspoint.com/php/php_character_functions.html]
[www.tutorialspoint.com/php/php_function_reference.html]
[www.tutorialspoint.com/php/php_useful_resources.html]
[www.tutorialspoint.com/php/php_directory_functions.html]
[www.tutorialspoint.com/php/php_tutorial.pdf]
[www.tutorialspoint.com/php/php_pdf_version.html]
[www.tutorialspoint.com/php/php_installation_linux.html]
[www.tutorialspoint.com/php/php_installation_mac.html]
[www.tutorialspoint.com/php/php_installation_windows_iis.html]
[www.tutorialspoint.com/php/php_installation_windows_apache.html]
[www.tutorialspoint.com/php/php_apache_configuration.html]
[www.tutorialspoint.com/php/php_ini_configuration.html]
[www.tutorialspoint.com/php/php_local_variables.html]
[www.tutorialspoint.com/php/php_function_parameters.html]
[www.tutorialspoint.com/php/php_global_variables.html]
[www.tutorialspoint.com/php/php_static_variables.html]
[www.tutorialspoint.com/php/php_arithmatic_operators_examples.html]
[www.tutorialspoint.com/php/php_comparison_operators_examples.html]
[www.tutorialspoint.com/php/php_logical_operators_examples.html]
[www.tutorialspoint.com/php/php_assignment_operators_examples.html]
[www.tutorialspoint.com/php/php_conditional_operator_examples.html]
[www.tutorialspoint.com/images/pdf.jpg]
[www.tutorialspoint.com/php/php_function_array.html]
[www.tutorialspoint.com/php/php_function_array_change_key_case.html]
[www.tutorialspoint.com/php/php_function_array_chunk.html]
[www.tutorialspoint.com/php/php_function_array_combine.html]
[www.tutorialspoint.com/php/php_function_array_count_values.html]
[www.tutorialspoint.com/php/php_function_array_diff.html]
[www.tutorialspoint.com/php/php_function_array_diff_assoc.html]
[www.tutorialspoint.com/php/php_function_array_diff_key.html]
[www.tutorialspoint.com/php/php_function_array_diff_uassoc.html]
[www.tutorialspoint.com/php/php_function_array_diff_ukey.html]
[www.tutorialspoint.com/php/php_function_array_fills.html]
[www.tutorialspoint.com/php/php_function_array_fill_keys.html]
[www.tutorialspoint.com/php/php_function_array_filter.html]
[www.tutorialspoint.com/php/php_function_array_flip.html]
[www.tutorialspoint.com/php/php_function_array_intersect.html]
[www.tutorialspoint.com/php/php_function_array_intersect_assoc.html]
[www.tutorialspoint.com/php/php_function_array_intersect_key.html]
[www.tutorialspoint.com/php/php_function_array_intersect_uassoc.html]
[www.tutorialspoint.com/php/php_function_array_intersect_ukey.html]
[www.tutorialspoint.com/php/php_function_array_key_exists.html]
[www.tutorialspoint.com/php/php_function_array_keys.html]
[www.tutorialspoint.com/php/php_function_array_map.html]
[www.tutorialspoint.com/php/php_function_array_merge.html]
[www.tutorialspoint.com/php/php_function_array_merge_recursive.html]
[www.tutorialspoint.com/php/php_function_array_multisort.html]
[www.tutorialspoint.com/php/php_function_array_pad.html]
[www.tutorialspoint.com/php/php_function_array_pop.html]
[www.tutorialspoint.com/php/php_function_array_product.html]
[www.tutorialspoint.com/php/php_function_array_push.html]
[www.tutorialspoint.com/php/php_function_array_rand.html]
[www.tutorialspoint.com/php/php_function_array_reduce.html]
[www.tutorialspoint.com/php/php_function_array_reverse.html]
[www.tutorialspoint.com/php/php_function_array_search.html]
[www.tutorialspoint.com/php/php_function_array_shift.html]
[www.tutorialspoint.com/php/php_function_array_slice.html]
[www.tutorialspoint.com/php/php_function_array_splice.html]
[www.tutorialspoint.com/php/php_function_array_sum.html]
[www.tutorialspoint.com/php/php_function_array_udiff.html]
[www.tutorialspoint.com/php/php_function_array_udiff_assoc.html]
[www.tutorialspoint.com/php/php_function_array_udiff_uassoc.html]
[www.tutorialspoint.com/php/php_function_array_uintersect.html]
[www.tutorialspoint.com/php/php_function_array_uintersect_assoc.html]
[www.tutorialspoint.com/php/php_function_array_uintersect_uassoc.html]
[www.tutorialspoint.com/php/php_function_array_unique.html]
[www.tutorialspoint.com/php/php_function_array_unshift.html]
[www.tutorialspoint.com/php/php_function_array_values.html]
[www.tutorialspoint.com/php/php_function_array_walk.html]
[www.tutorialspoint.com/php/php_function_array_walk_recursive.html]
[www.tutorialspoint.com/php/php_function_arsort.html]
[www.tutorialspoint.com/php/php_function_asort.html]
[www.tutorialspoint.com/php/php_function_compact.html]
[www.tutorialspoint.com/php/php_function_count.html]
[www.tutorialspoint.com/php/php_function_current.html]
[www.tutorialspoint.com/php/php_function_each.html]
[www.tutorialspoint.com/php/php_function_end.html]
[www.tutorialspoint.com/php/php_function_extract.html]
[www.tutorialspoint.com/php/php_function_in_array.html]
[www.tutorialspoint.com/php/php_function_key.html]
[www.tutorialspoint.com/php/php_function_krsort.html]
[www.tutorialspoint.com/php/php_function_ksort.html]
[www.tutorialspoint.com/php/php_function_list.html]
[www.tutorialspoint.com/php/php_function_natcasesort.html]
[www.tutorialspoint.com/php/php_function_natsort.html]
[www.tutorialspoint.com/php/php_function_next.html]
[www.tutorialspoint.com/php/php_function_pos.html]
[www.tutorialspoint.com/php/php_function_prev.html]
[www.tutorialspoint.com/php/php_function_range.html]
[www.tutorialspoint.com/php/php_function_reset.html]
[www.tutorialspoint.com/php/php_function_rsort.html]
[www.tutorialspoint.com/php/php_function_shuffle.html]
[www.tutorialspoint.com/php/php_function_sizeof.html]
[www.tutorialspoint.com/php/php_function_sort.html]
[www.tutorialspoint.com/php/php_function_uasort.html]
[www.tutorialspoint.com/php/php_function_uksort.html]
[www.tutorialspoint.com/php/php_array_functions.html]
[www.tutorialspoint.com/php/php_function_usort.html]
[www.tutorialspoint.com/php/php_function_basename.html]
[www.tutorialspoint.com/php/php_function_chgrp.html]
[www.tutorialspoint.com/php/php_function_chmod.html]
[www.tutorialspoint.com/php/php_function_chown.html]
[www.tutorialspoint.com/php/php_function_clearstatcache.html]
[www.tutorialspoint.com/php/php_function_copy.html]
[www.tutorialspoint.com/php/php_function_delete.html]
[www.tutorialspoint.com/php/php_function_dirname.html]
[www.tutorialspoint.com/php/php_function_disk_free_space.html]
[www.tutorialspoint.com/php/php_function_disk_total_space.html]
[www.tutorialspoint.com/php/php_function_diskfreespace.html]
[www.tutorialspoint.com/php/php_function_fclose.html]
[www.tutorialspoint.com/php/php_function_feof.html]
[www.tutorialspoint.com/php/php_function_fflush.html]
[www.tutorialspoint.com/php/php_function_fgetc.html]
[www.tutorialspoint.com/php/php_function_fgetcsv.html]
[www.tutorialspoint.com/php/php_function_fgets.html]
[www.tutorialspoint.com/php/php_function_fgetss.html]
[www.tutorialspoint.com/php/php_function_file_exists.html]
[www.tutorialspoint.com/php/php_function_file_get_contents.html]
[www.tutorialspoint.com/php/php_function_file_put_contents.html]
[www.tutorialspoint.com/php/php_function_file.html]
[www.tutorialspoint.com/php/php_function_fileatime.html]
[www.tutorialspoint.com/php/php_function_filectime.html]
[www.tutorialspoint.com/php/php_function_filegroup.html]
[www.tutorialspoint.com/php/php_function_fileinode.c1.delayed]
[www.tutorialspoint.com/php/php_function_filemtime.c2.delayed]
[www.tutorialspoint.com/php/php_function_fileowner.c3.delayed]
[www.tutorialspoint.com/php/php_function_fileperms.c4.delayed]
[www.tutorialspoint.com/php/php_function_filesize.c5.delayed]
[www.tutorialspoint.com/php/php_function_filetype.c6.delayed]
[www.tutorialspoint.com/php/php_function_flock.c7.delayed]
[www.tutorialspoint.com/php/php_function_fnmatch.c8.delayed]
[www.tutorialspoint.com/php/php_function_fopen.c9.delayed]
[www.tutorialspoint.com/php/php_function_fpassthru.ca.delayed]
[www.tutorialspoint.com/php/php_function_fputcsv.cb.delayed]
[www.tutorialspoint.com/php/php_function_fputs.cc.delayed]
[www.tutorialspoint.com/php/php_function_fread.cd.delayed]
[www.tutorialspoint.com/php/php_function_fscanf.ce.delayed]
[www.tutorialspoint.com/php/php_function_fseek.cf.delayed]
[www.tutorialspoint.com/php/php_function_fstat.d0.delayed]
[www.tutorialspoint.com/php/php_function_ftell.d1.delayed]
[www.tutorialspoint.com/php/php_function_ftruncate.d2.delayed]
[www.tutorialspoint.com/php/php_function_fwrite.d3.delayed]
[www.tutorialspoint.com/php/php_function_glob.d4.delayed]
[www.tutorialspoint.com/php/php_function_is_dir.d5.delayed]
[www.tutorialspoint.com/php/php_function_is_executable.d6.delayed]
[www.tutorialspoint.com/php/php_function_is_file.d7.delayed]
[www.tutorialspoint.com/php/php_function_is_link.d8.delayed]
[www.tutorialspoint.com/php/php_function_is_readable.d9.delayed]
[www.tutorialspoint.com/php/php_function_is_uploaded_file.da.delayed]
[www.tutorialspoint.com/php/php_function_is_writable.db.delayed]
[www.tutorialspoint.com/php/php_function_is_writeable.dc.delayed]
[www.tutorialspoint.com/php/php_function_lchgrp.dd.delayed]
[www.tutorialspoint.com/php/php_function_lchown.de.delayed]
[www.tutorialspoint.com/php/php_function_link.df.delayed]
[www.tutorialspoint.com/php/php_function_linkinfo.e0.delayed]
[www.tutorialspoint.com/php/php_function_lstat.e1.delayed]
[www.tutorialspoint.com/php/php_function_mkdir.e2.delayed]
[www.tutorialspoint.com/php/php_function_move_uploaded_file.e3.delayed]
[www.tutorialspoint.com/php/php_function_parse_ini_file.e4.delayed]
[www.tutorialspoint.com/php/php_function_pathinfo.e5.delayed]
[www.tutorialspoint.com/php/php_function_pclose.e6.delayed]
[www.tutorialspoint.com/php/php_function_popen.e7.delayed]
[www.tutorialspoint.com/php/php_function_readfile.e8.delayed]
[www.tutorialspoint.com/php/php_function_readlink.e9.delayed]
[www.tutorialspoint.com/php/php_function_realpath.ea.delayed]
[www.tutorialspoint.com/php/php_function_rename.eb.delayed]
[www.tutorialspoint.com/php/php_function_rewind.ec.delayed]
[www.tutorialspoint.com/php/php_function_rmdir.ed.delayed]
[www.tutorialspoint.com/php/php_function_set_file_buffer.ee.delayed]
[www.tutorialspoint.com/php/php_function_stat.ef.delayed]
[www.tutorialspoint.com/php/php_function_symlink.f0.delayed]
[www.tutorialspoint.com/php/php_function_tempnam.f1.delayed]
[www.tutorialspoint.com/php/php_function_tmpfile.f2.delayed]
[www.tutorialspoint.com/php/php_function_touch.f3.delayed]
[www.tutorialspoint.com/php/php_function_umask.f4.delayed]
[www.tutorialspoint.com/php/php_function_unlink.f5.delayed]
[www.tutorialspoint.com/php/php_file_system_functions.html]
[www.tutorialspoint.com/php/php_ereg.html]
[www.tutorialspoint.com/php/php_ereg_replace.html]
[www.tutorialspoint.com/php/php_eregi.html]
[www.tutorialspoint.com/php/php_eregi_replace.html]
[www.tutorialspoint.com/php/php_split.html]
[www.tutorialspoint.com/php/php_spliti.html]
[www.tutorialspoint.com/php/php_sql_regcase.html]
[www.tutorialspoint.com/php/php_preg_match.html]
[www.tutorialspoint.com/php/php_preg_match_all.html]
[www.tutorialspoint.com/php/php_preg_replace.html]
[www.tutorialspoint.com/php/php_preg_split.html]
[www.tutorialspoint.com/php/php_preg_grep.html]
[www.tutorialspoint.com/php/php_preg_quote.html]
[www.tutorialspoint.com/php/php_function_debug_backtrace.html]
[www.tutorialspoint.com/php/php_function_debug_print_backtrace.html]
[www.tutorialspoint.com/php/php_function_error_get_last.html]
[www.tutorialspoint.com/php/php_function_error_log.html]
[www.tutorialspoint.com/php/php_function_error_reporting.html]
[www.tutorialspoint.com/php/php_function_restore_error_handler.html]
[www.tutorialspoint.com/php/php_function_restore_exception_handler.html]
[www.tutorialspoint.com/php/php_function_set_error_handler.html]
[www.tutorialspoint.com/php/php_function_set_exception_handler.html]
[www.tutorialspoint.com/php/php_function_trigger_error.html]
[www.tutorialspoint.com/php/php_error_handling_functions.html]
[www.tutorialspoint.com/php/php_function_user_error.html]
[www.tutorialspoint.com/php/php_function_checkdate.html]
[www.tutorialspoint.com/php/php_function_date_create.html]
[www.tutorialspoint.com/php/php_function_date_date_set.html]
[www.tutorialspoint.com/php/php_function_default_timezone_get.html]
[www.tutorialspoint.com/php/php_function_default_timezone_set.html]
[www.tutorialspoint.com/php/php_function_date_format.html]
[www.tutorialspoint.com/php/php_function_date_isodate_set.html]
[www.tutorialspoint.com/php/php_function_date_modify.html]
[www.tutorialspoint.com/php/php_function_date_offset_get.html]
[www.tutorialspoint.com/php/php_function_date_parse.html]
[www.tutorialspoint.com/php/php_function_date_sun_info.html]
[www.tutorialspoint.com/php/php_function_sunrise.html]
[www.tutorialspoint.com/php/php_function_sunset.html]
[www.tutorialspoint.com/php/php_function_date_time_set.html]
[www.tutorialspoint.com/php/php_function_date_timezone_get.html]
[www.tutorialspoint.com/php/php_function_date_timezone_set.html]
[www.tutorialspoint.com/php/php_function_date.html]
[www.tutorialspoint.com/php/php_function_getdate.html]
[www.tutorialspoint.com/php/php_function_gettimeofday.html]
[www.tutorialspoint.com/php/php_function_gmdate.html]
[www.tutorialspoint.com/php/php_function_gmmktime.html]
[www.tutorialspoint.com/php/php_function_gmstrftime.html]
[www.tutorialspoint.com/php/php_function_idate.html]
[www.tutorialspoint.com/php/php_function_localtime.html]
[www.tutorialspoint.com/php/php_function_microtime.html]
[www.tutorialspoint.com/php/php_function_mktime.html]
[www.tutorialspoint.com/php/php_function_strftime.html]
[www.tutorialspoint.com/php/php_function_strptime.html]
[www.tutorialspoint.com/php/php_function_strtotime.html]
[www.tutorialspoint.com/php/php_function_time.html]
[www.tutorialspoint.com/php/php_function_timezone_abbreviations_list.html]
[www.tutorialspoint.com/php/php_function_timezone_identifiers_list.html]
[www.tutorialspoint.com/php/php_function_timezone_name_from_abbr.html]
[www.tutorialspoint.com/php/php_function_timezone_name_get.html]
[www.tutorialspoint.com/php/php_function_timezone_offset_get.html]
[www.tutorialspoint.com/php/php_function_timezone_open.html]
[www.tutorialspoint.com/php/php_date_time_functions.html]
[www.tutorialspoint.com/php/connect_to_mysql_using_php.html]
[www.tutorialspoint.com/php/create_mysql_database_using_php.html]
[www.tutorialspoint.com/php/delete_mysql_database_using_php.html]
[www.tutorialspoint.com/php/mysql_insert_php.html]
[www.tutorialspoint.com/php/mysql_select_php.html]
[www.tutorialspoint.com/php/mysql_paging_php.html]
[www.tutorialspoint.com/php/mysql_update_php.html]
[www.tutorialspoint.com/php/mysql_delete_php.html]
[www.tutorialspoint.com/php/perform_mysql_backup_php.html]
[www.tutorialspoint.com/php/php_function_timezone_transitions_get.html]
[www.tutorialspoint.com/php/php_function_cal_days_in_month.html]
[www.tutorialspoint.com/php/php_function_cal_from_jd.html]
[www.tutorialspoint.com/php/php_function_cal_info.html]
[www.tutorialspoint.com/php/php_function_cal_to_jd.html]
[www.tutorialspoint.com/php/php_function_easter_date.html]
[www.tutorialspoint.com/php/php_function_easter_days.html]
[www.tutorialspoint.com/php/php_function_frenchtojd.html]
[www.tutorialspoint.com/php/php_function_gregoriantojd.html]
[www.tutorialspoint.com/php/php_function_jddayofweek.html]
[www.tutorialspoint.com/php/php_function_jdmonthname.html]
[www.tutorialspoint.com/php/php_function_jdtofrench.html]
[www.tutorialspoint.com/php/php_function_jdtogregorian.html]
[www.tutorialspoint.com/php/php_function_jdtojewish.html]
[www.tutorialspoint.com/php/php_function_jdtojulian.html]
[www.tutorialspoint.com/php/php_function_jdtounix.html]
[www.tutorialspoint.com/php/php_function_jewishtojd.html]
[www.tutorialspoint.com/php/php_function_juliantojd.html]
[www.tutorialspoint.com/php/php_calendar_functions.html]
[www.tutorialspoint.com/php/php_function_unixtojd.html]
[www.tutorialspoint.com/php/php_function_class_exists.html]
[www.tutorialspoint.com/php/php_function_get_class_methods.html]
[www.tutorialspoint.com/php/php_function_get_class_vars.html]
[www.tutorialspoint.com/php/php_function_get_class.html]
[www.tutorialspoint.com/php/php_function_get_declared_classes.html]
[www.tutorialspoint.com/php/php_function_get_declared_interfaces.html]
[www.tutorialspoint.com/php/php_function_get_object_vars.html]
[www.tutorialspoint.com/php/php_function_get_parent_class.html]
[www.tutorialspoint.com/php/php_function_interface_exists.html]
[www.tutorialspoint.com/php/php_function_is_a.html]
[www.tutorialspoint.com/php/php_function_is_subclass_of.html]
[www.tutorialspoint.com/php/php_function_method_exists.html]
[www.tutorialspoint.com/php/php_class_object_functions.html]
[www.tutorialspoint.com/php/php_function_property_exists.html]
[www.tutorialspoint.com/php/php_function_ctype_alnum.html]
[www.tutorialspoint.com/php/php_function_ctype_alpha.html]
[www.tutorialspoint.com/php/php_function_ctype_cntrl.html]
[www.tutorialspoint.com/php/php_function_ctype_digit.html]
[www.tutorialspoint.com/php/php_function_ctype_graph.html]
[www.tutorialspoint.com/php/php_function_ctype_lower.html]
[www.tutorialspoint.com/php/php_function_ctype_print.html]
[www.tutorialspoint.com/php/php_function_ctype_punct.html]
[www.tutorialspoint.com/php/php_function_ctype_space.html]
[www.tutorialspoint.com/php/php_function_ctype_upper.html]
[www.tutorialspoint.com/php/php_character_functions.html]
[www.tutorialspoint.com/php/php_function_ctype_xdigit.html]
[www.tutorialspoint.com/php/php_function_chdir.html]
[www.tutorialspoint.com/php/php_function_chroot.html]
[www.tutorialspoint.com/php/php_function_dir.html]
[www.tutorialspoint.com/php/php_function_closedir.html]
[www.tutorialspoint.com/php/php_function_getcwd.html]
[www.tutorialspoint.com/php/php_function_opendir.html]
[www.tutorialspoint.com/php/php_function_readdir.html]
[www.tutorialspoint.com/php/php_function_rewinddir.html]
[www.tutorialspoint.com/php/php_directory_functions.html]
[www.tutorialspoint.com/php/php_function_array.html]
[www.tutorialspoint.com/php/php_function_array_change_key_case.html]
[www.tutorialspoint.com/php/php_function_array_chunk.html]
[www.tutorialspoint.com/php/php_function_array_combine.html]
[www.tutorialspoint.com/php/php_function_array_count_values.html]
[www.tutorialspoint.com/php/php_function_array_diff.html]
[www.tutorialspoint.com/php/php_function_array_diff_assoc.html]
[www.tutorialspoint.com/php/php_function_array_diff_key.html]
[www.tutorialspoint.com/php/php_function_array_diff_uassoc.html]
[www.tutorialspoint.com/php/php_function_array_diff_ukey.html]
[www.tutorialspoint.com/php/php_function_array_fills.html]
[www.tutorialspoint.com/php/php_function_array_fill_keys.html]
[www.tutorialspoint.com/php/php_function_array_filter.html]
[www.tutorialspoint.com/php/php_function_array_flip.html]
[www.tutorialspoint.com/php/php_function_array_intersect.html]
[www.tutorialspoint.com/php/php_function_array_intersect_assoc.html]
[www.tutorialspoint.com/php/php_function_array_intersect_key.html]
[www.tutorialspoint.com/php/php_function_array_intersect_uassoc.html]
[www.tutorialspoint.com/php/php_function_array_intersect_ukey.html]
[www.tutorialspoint.com/php/php_function_array_key_exists.html]
[www.tutorialspoint.com/php/php_function_array_keys.html]
[www.tutorialspoint.com/php/php_function_array_map.html]
[www.tutorialspoint.com/php/php_function_array_merge.html]
[www.tutorialspoint.com/php/php_function_array_merge_recursive.html]
[www.tutorialspoint.com/php/php_function_array_multisort.html]
[www.tutorialspoint.com/php/php_function_array_pad.html]
[www.tutorialspoint.com/php/php_function_array_pop.html]
[www.tutorialspoint.com/php/php_function_array_product.html]
[www.tutorialspoint.com/php/php_function_array_push.html]
[www.tutorialspoint.com/php/php_function_array_rand.html]
[www.tutorialspoint.com/php/php_function_array_reduce.html]
[www.tutorialspoint.com/php/php_function_array_reverse.html]
[www.tutorialspoint.com/php/php_function_array_search.html]
[www.tutorialspoint.com/php/php_function_array_shift.html]
[www.tutorialspoint.com/php/php_function_array_slice.html]
[www.tutorialspoint.com/php/php_function_array_splice.html]
[www.tutorialspoint.com/php/php_function_array_sum.html]
[www.tutorialspoint.com/php/php_function_array_udiff.html]
[www.tutorialspoint.com/php/php_function_array_udiff_assoc.html]
[www.tutorialspoint.com/php/php_function_array_udiff_uassoc.html]
[www.tutorialspoint.com/php/php_function_array_uintersect.html]
[www.tutorialspoint.com/php/php_function_array_uintersect_assoc.html]
[www.tutorialspoint.com/php/php_function_array_uintersect_uassoc.html]
[www.tutorialspoint.com/php/php_function_array_unique.html]
[www.tutorialspoint.com/php/php_function_array_unshift.html]
[www.tutorialspoint.com/php/php_function_array_values.html]
[www.tutorialspoint.com/php/php_function_array_walk.html]
[www.tutorialspoint.com/php/php_function_array_walk_recursive.html]
[www.tutorialspoint.com/php/php_function_arsort.html]
[www.tutorialspoint.com/php/php_function_asort.html]
[www.tutorialspoint.com/php/php_function_compact.html]
[www.tutorialspoint.com/php/php_function_count.html]
[www.tutorialspoint.com/php/php_function_current.html]
[www.tutorialspoint.com/php/php_function_each.html]
[www.tutorialspoint.com/php/php_function_end.html]
[www.tutorialspoint.com/php/php_function_extract.html]
[www.tutorialspoint.com/php/php_function_in_array.html]
[www.tutorialspoint.com/php/php_function_key.html]
[www.tutorialspoint.com/php/php_function_krsort.html]
[www.tutorialspoint.com/php/php_function_ksort.html]
[www.tutorialspoint.com/php/php_function_list.html]
[www.tutorialspoint.com/php/php_function_natcasesort.html]
[www.tutorialspoint.com/php/php_function_natsort.html]
[www.tutorialspoint.com/php/php_function_next.html]
[www.tutorialspoint.com/php/php_function_pos.html]
[www.tutorialspoint.com/php/php_function_prev.html]
[www.tutorialspoint.com/php/php_function_range.html]
[www.tutorialspoint.com/php/php_function_reset.html]
[www.tutorialspoint.com/php/php_function_rsort.html]
[www.tutorialspoint.com/php/php_function_shuffle.html]
[www.tutorialspoint.com/php/php_function_sizeof.html]
[www.tutorialspoint.com/php/php_function_sort.html]
[www.tutorialspoint.com/php/php_function_uasort.html]
[www.tutorialspoint.com/php/php_function_uksort.html]
[www.tutorialspoint.com/php/php_function_usort.html]
[www.tutorialspoint.com/php/php_function_basename.html]
[www.tutorialspoint.com/php/php_function_chgrp.html]
[www.tutorialspoint.com/php/php_function_chmod.html]
[www.tutorialspoint.com/php/php_function_chown.html]
[www.tutorialspoint.com/php/php_function_clearstatcache.html]
[www.tutorialspoint.com/php/php_function_copy.html]
[www.tutorialspoint.com/php/php_function_delete.html]
[www.tutorialspoint.com/php/php_function_dirname.html]
[www.tutorialspoint.com/php/php_function_disk_free_space.html]
[www.tutorialspoint.com/php/php_function_disk_total_space.html]
[www.tutorialspoint.com/php/php_function_diskfreespace.html]
[www.tutorialspoint.com/php/php_function_fclose.html]
[www.tutorialspoint.com/php/php_function_feof.html]
[www.tutorialspoint.com/php/php_function_fflush.html]
[www.tutorialspoint.com/php/php_function_fgetc.html]
[www.tutorialspoint.com/php/php_function_fgetcsv.html]
[www.tutorialspoint.com/php/php_function_fgets.html]
[www.tutorialspoint.com/php/php_function_fgetss.html]
[www.tutorialspoint.com/php/php_function_file_exists.html]
[www.tutorialspoint.com/php/php_function_file_get_contents.html]
[www.tutorialspoint.com/php/php_function_file_put_contents.html]
[www.tutorialspoint.com/php/php_function_file.html]
[www.tutorialspoint.com/php/php_function_fileatime.html]
[www.tutorialspoint.com/php/php_function_filectime.html]
[www.tutorialspoint.com/php/php_function_filegroup.html]
[www.tutorialspoint.com/php/php_function_fileinode.html]
[www.tutorialspoint.com/php/php_function_filemtime.html]
[www.tutorialspoint.com/php/php_function_fileowner.html]
[www.tutorialspoint.com/php/php_function_fileperms.html]
[www.tutorialspoint.com/php/php_function_filesize.html]
[www.tutorialspoint.com/php/php_function_filetype.html]
[www.tutorialspoint.com/php/php_function_flock.html]
[www.tutorialspoint.com/php/php_function_fnmatch.html]
[www.tutorialspoint.com/php/php_function_fopen.html]
[www.tutorialspoint.com/php/php_function_fpassthru.html]
[www.tutorialspoint.com/php/php_function_fputcsv.html]
[www.tutorialspoint.com/php/php_function_fputs.html]
[www.tutorialspoint.com/php/php_function_fread.html]
[www.tutorialspoint.com/php/php_function_fscanf.html]
[www.tutorialspoint.com/php/php_function_fseek.html]
[www.tutorialspoint.com/php/php_function_fstat.html]
[www.tutorialspoint.com/php/php_function_ftell.html]
[www.tutorialspoint.com/php/php_function_ftruncate.html]
[www.tutorialspoint.com/php/php_function_fwrite.html]
[www.tutorialspoint.com/php/php_function_glob.html]
[www.tutorialspoint.com/php/php_function_is_dir.html]
[www.tutorialspoint.com/php/php_function_is_executable.html]
[www.tutorialspoint.com/php/php_function_is_file.html]
[www.tutorialspoint.com/php/php_function_is_link.html]
[www.tutorialspoint.com/php/php_function_is_readable.html]
[www.tutorialspoint.com/php/php_function_is_uploaded_file.html]
[www.tutorialspoint.com/php/php_function_is_writable.html]
[www.tutorialspoint.com/php/php_function_is_writeable.html]
[www.tutorialspoint.com/php/php_function_lchgrp.html]
[www.tutorialspoint.com/php/php_function_lchown.html]
[www.tutorialspoint.com/php/php_function_link.html]
[www.tutorialspoint.com/php/php_function_linkinfo.html]
[www.tutorialspoint.com/php/php_function_lstat.html]
[www.tutorialspoint.com/php/php_function_mkdir.html]
[www.tutorialspoint.com/php/php_function_move_uploaded_file.html]
[www.tutorialspoint.com/php/php_function_parse_ini_file.html]
[www.tutorialspoint.com/php/php_function_pathinfo.html]
[www.tutorialspoint.com/php/php_function_pclose.html]
[www.tutorialspoint.com/php/php_function_popen.html]
[www.tutorialspoint.com/php/php_function_readfile.html]
[www.tutorialspoint.com/php/php_function_readlink.html]
[www.tutorialspoint.com/php/php_function_realpath.html]
[www.tutorialspoint.com/php/php_function_rename.html]
[www.tutorialspoint.com/php/php_function_rewind.html]
[www.tutorialspoint.com/php/php_function_rmdir.html]
[www.tutorialspoint.com/php/php_function_set_file_buffer.html]
[www.tutorialspoint.com/php/php_function_stat.html]
[www.tutorialspoint.com/php/php_function_symlink.html]
[www.tutorialspoint.com/php/php_function_tempnam.html]
[www.tutorialspoint.com/php/php_function_tmpfile.html]
[www.tutorialspoint.com/php/php_function_touch.html]
[www.tutorialspoint.com/php/php_function_umask.html]
[www.tutorialspoint.com/php/php_function_unlink.html]
[www.tutorialspoint.com/php/php_function_debug_backtrace.html]
[www.tutorialspoint.com/php/php_function_debug_print_backtrace.html]
[www.tutorialspoint.com/php/php_function_error_get_last.html]
[www.tutorialspoint.com/php/php_function_error_log.html]
[www.tutorialspoint.com/php/php_function_error_reporting.html]
[www.tutorialspoint.com/php/php_function_restore_error_handler.html]
[www.tutorialspoint.com/php/php_function_restore_exception_handler.html]
[www.tutorialspoint.com/php/php_function_set_error_handler.html]
[www.tutorialspoint.com/php/php_function_set_exception_handler.html]
[www.tutorialspoint.com/php/php_function_trigger_error.html]
[www.tutorialspoint.com/php/php_function_user_error.html]
[www.tutorialspoint.com/php/php_function_checkdate.html]
[www.tutorialspoint.com/php/php_function_date_create.html]
[www.tutorialspoint.com/php/php_function_date_date_set.html]
[www.tutorialspoint.com/php/php_function_default_timezone_get.html]
[www.tutorialspoint.com/php/php_function_default_timezone_set.html]
[www.tutorialspoint.com/php/php_function_date_format.html]
[www.tutorialspoint.com/php/php_function_date_isodate_set.html]
[www.tutorialspoint.com/php/php_function_date_modify.html]
[www.tutorialspoint.com/php/php_function_date_offset_get.html]
[www.tutorialspoint.com/php/php_function_date_parse.html]
[www.tutorialspoint.com/php/php_function_date_sun_info.html]
[www.tutorialspoint.com/php/php_function_sunrise.html]
[www.tutorialspoint.com/php/php_function_sunset.html]
[www.tutorialspoint.com/php/php_function_date_time_set.html]
[www.tutorialspoint.com/php/php_function_date_timezone_get.html]
[www.tutorialspoint.com/php/php_function_date_timezone_set.html]
[www.tutorialspoint.com/php/php_function_date.html]
[www.tutorialspoint.com/php/php_function_getdate.html]
[www.tutorialspoint.com/php/php_function_gettimeofday.html]
[www.tutorialspoint.com/php/php_function_gmdate.html]
[www.tutorialspoint.com/php/php_function_gmmktime.html]
[www.tutorialspoint.com/php/php_function_gmstrftime.html]
[www.tutorialspoint.com/php/php_function_idate.html]
[www.tutorialspoint.com/php/php_function_localtime.html]
[www.tutorialspoint.com/php/php_function_microtime.html]
[www.tutorialspoint.com/php/php_function_mktime.html]
[www.tutorialspoint.com/php/php_function_strftime.html]
[www.tutorialspoint.com/php/php_function_strptime.html]
[www.tutorialspoint.com/php/php_function_strtotime.html]
[www.tutorialspoint.com/php/php_function_time.html]
[www.tutorialspoint.com/php/php_function_timezone_abbreviations_list.html]
[www.tutorialspoint.com/php/php_function_timezone_identifiers_list.html]
[www.tutorialspoint.com/php/php_function_timezone_name_from_abbr.html]
[www.tutorialspoint.com/php/php_function_timezone_name_get.html]
[www.tutorialspoint.com/php/php_function_timezone_offset_get.html]
[www.tutorialspoint.com/php/php_function_timezone_open.html]
[www.tutorialspoint.com/php/php_function_timezone_transitions_get.html]
[www.tutorialspoint.com/php/php_function_cal_days_in_month.html]
[www.tutorialspoint.com/php/php_function_cal_from_jd.html]
[www.tutorialspoint.com/php/php_function_cal_info.html]
[www.tutorialspoint.com/php/php_function_cal_to_jd.html]
[www.tutorialspoint.com/php/php_function_easter_date.html]
[www.tutorialspoint.com/php/php_function_easter_days.html]
[www.tutorialspoint.com/php/php_function_frenchtojd.html]
[www.tutorialspoint.com/php/php_function_gregoriantojd.html]
[www.tutorialspoint.com/php/php_function_jddayofweek.html]
[www.tutorialspoint.com/php/php_function_jdmonthname.html]
[www.tutorialspoint.com/php/php_function_jdtofrench.html]
[www.tutorialspoint.com/php/php_function_jdtogregorian.html]
[www.tutorialspoint.com/php/php_function_jdtojewish.html]
[www.tutorialspoint.com/php/php_function_jdtojulian.html]
[www.tutorialspoint.com/php/php_function_jdtounix.html]
[www.tutorialspoint.com/php/php_function_jewishtojd.html]
[www.tutorialspoint.com/php/php_function_juliantojd.html]
[www.tutorialspoint.com/php/php_function_unixtojd.html]
[www.tutorialspoint.com/php/php_function_class_exists.html]
[www.tutorialspoint.com/php/php_function_get_class_methods.html]
[www.tutorialspoint.com/php/php_function_get_class_vars.html]
[www.tutorialspoint.com/php/php_function_get_class.html]
[www.tutorialspoint.com/php/php_function_get_declared_classes.html]
[www.tutorialspoint.com/php/php_function_get_declared_interfaces.html]
[www.tutorialspoint.com/php/php_function_get_object_vars.html]
[www.tutorialspoint.com/php/php_function_get_parent_class.html]
[www.tutorialspoint.com/php/php_function_interface_exists.html]
[www.tutorialspoint.com/php/php_function_is_a.html]
[www.tutorialspoint.com/php/php_function_is_subclass_of.html]
[www.tutorialspoint.com/php/php_function_method_exists.html]
[www.tutorialspoint.com/php/php_function_property_exists.html]
[www.tutorialspoint.com/php/php_function_ctype_alnum.html]
[www.tutorialspoint.com/php/php_function_ctype_alpha.html]
[www.tutorialspoint.com/php/php_function_ctype_cntrl.html]
[www.tutorialspoint.com/php/php_function_ctype_digit.html]
[www.tutorialspoint.com/php/php_function_ctype_graph.html]
[www.tutorialspoint.com/php/php_function_ctype_lower.html]
[www.tutorialspoint.com/php/php_function_ctype_print.html]
[www.tutorialspoint.com/php/php_function_ctype_punct.html]
[www.tutorialspoint.com/php/php_function_ctype_space.html]
[www.tutorialspoint.com/php/php_function_ctype_upper.html]
[www.tutorialspoint.com/php/php_function_ctype_xdigit.html]
[www.tutorialspoint.com/php/php_function_chdir.html]
[www.tutorialspoint.com/php/php_function_chroot.html]
[www.tutorialspoint.com/php/php_function_dir.html]
[www.tutorialspoint.com/php/php_function_closedir.html]
[www.tutorialspoint.com/php/php_function_getcwd.html]
[www.tutorialspoint.com/php/php_function_opendir.html]
[www.tutorialspoint.com/php/php_function_readdir.html]
[www.tutorialspoint.com/php/php_function_rewinddir.html]
[www.tutorialspoint.com/php/php_function_scandir.html]
[www.tutorialspoint.com/php/php_function_scandir.html]
[www.tutorialspoint.com/images/php.jpg]
[www.tutorialspoint.com/images/icon-twitter.png]
[www.tutorialspoint.com/images/icon-facebook.png]
[www.tutorialspoint.com/images/icon-rss.png]
[www.tutorialspoint.com/images/pdf.jpg]
[www.tutorialspoint.com/tp.css]
[www.tutorialspoint.com/php/php_tutorial.pdf]
[www.tutorialspoint.com/php/index-2.html]
[www.tutorialspoint.com/php/php_pdf_version.html]
[www.tutorialspoint.com/php/php_installation_linux.html]
[www.tutorialspoint.com/php/php_function_array.html]
[www.tutorialspoint.com/circle.html]
