[backblue.gif]
[fade.gif]
[index.html]
[apis.google.com/js/plusone.js]
[connect.facebook.net/en_GB/all.js]
[www.python-course.eu/favicon.ico]
[www.python-course.eu/images/python_head.jpg]
[www.python-course.eu/images/bodenseo_python_training.gif]
[www.python-course.eu/images/python-logo.png]
[www.python-course.eu/images/bodenseo_stairs_to_python2.png]
[www.python-course.eu/images/gooderham_building_toronto.jpg]
[www.python-course.eu/images/python_logo_3_130.jpg]
[www.python-course.eu/index.html]
[www.python-course.eu/index-2.html]
[www.python-course.eu/images/Teaching.png]
[www.python-course.eu/images/classroom_training_courses.jpg]
[www.python-course.eu/course.html]
[www.python-course.eu/images/python_animated150.gif]
[www.python-course.eu/images/toronto_building.jpg]
[www.python-course.eu/images/bodenseo_stairs_to_python.png]
[www.python-course.eu/images/python_3.png]
[www.python-course.eu/python3_course.html]
[www.python-course.eu/images/board4_100.jpg]
[www.python-course.eu/images/board3.jpg]
[www.python-course.eu/advanced_topics.html]
[www.python-course.eu/images/python_books_left.jpg]
[www.python-course.eu/python_books.html]
[www.python-course.eu/images/python_books3.jpg]
[www.python-course.eu/images/tk_want_to_quit.png]
[www.python-course.eu/images/tk_widgets.png]
[www.python-course.eu/python_tkinter.html]
[www.python-course.eu/images/letterbox100.jpg]
[www.python-course.eu/contact.html]
[www.python-course.eu/images/hamiltonian_path_lava.png]
[www.python-course.eu/images/koenigsberg_bridges.png]
[www.python-course.eu/images/simple_graph_isolated.png]
[www.python-course.eu/images/simple_graph_with_loop.png]
[www.python-course.eu/images/erdoes_gallai.png]
[www.python-course.eu/images/graph_density_formula.png]
[www.python-course.eu/images/connected_graph.png]
[www.python-course.eu/images/connected_graph_diameter.png]
[www.python-course.eu/examples/graph2.py]
[www.python-course.eu/images/tree_graph.png]
[www.python-course.eu/images/forest_graph.png]
[www.python-course.eu/images/forests_one_vertex.png]
[www.python-course.eu/images/forests_two_vertices.png]
[www.python-course.eu/images/forests_three_vertices.png]
[www.python-course.eu/images/connected_graph_2.png]
[www.python-course.eu/images/spanning_trees.png]
[www.python-course.eu/graphs_python.html]
[www.python-course.eu/images/hamiltonian_path.png]
[www.python-course.eu/images/Printer_in_1568_110.png]
[www.python-course.eu/images/Printer_in_1568.png]
[www.python-course.eu/images/string_modulo_overview.png]
[www.python-course.eu/images/format_string_value_set.png]
[www.python-course.eu/images/string_modulo_float.png]
[www.python-course.eu/images/formatting_floats.png]
[www.python-course.eu/images/format_method_positional_parameters.png]
[www.python-course.eu/images/format_method_keyword_parameters.png]
[www.python-course.eu/python3_formatted_output.html]
[www.python-course.eu/images/system_programming_100.png]
[www.python-course.eu/images/system_programming_300.png]
[www.python-course.eu/images/standard_data_streams.png]
[www.python-course.eu/images/umleitungen3.png]
[www.python-course.eu/sys_module.html]
[www.python-course.eu/images/python_eye.png]
[www.python-course.eu/os_module_shell.html]
[www.python-course.eu/images/python_shell_300.png]
[www.python-course.eu/images/baum100.jpg]
[www.python-course.eu/images/devils_fork.gif]
[www.python-course.eu/images/tree.jpg]
[www.python-course.eu/images/exec_functions.png]
[www.python-course.eu/forking.html]
[www.python-course.eu/images/threads_100.jpg]
[www.python-course.eu/images/threads.jpg]
[www.python-course.eu/images/threads_400.png]
[www.python-course.eu/threads.html]
[www.python-course.eu/images/network_ping.png]
[www.python-course.eu/images/pipes.jpg]
[www.python-course.eu/images/organ_pipes_small.jpg]
[www.python-course.eu/images/tunnels_pipes_300.jpg]
[www.python-course.eu/images/bottles_99.jpg]
[www.python-course.eu/images/game_bidirectional_pipes.png]
[www.python-course.eu/pipes.html]
[www.python-course.eu/images/named_pipes.png]
[www.python-course.eu/images/hinton_small.png]
[www.python-course.eu/images/radolfzell_segel_bodenseo_logo.jpg]
[www.python-course.eu/images/hinton.png]
[www.python-course.eu/images/axis1.jpg]
[www.python-course.eu/images/axis.jpg]
[www.python-course.eu/numpy.html]
[www.python-course.eu/images/abacus_small.png]
[www.python-course.eu/images/abacus.png]
[www.python-course.eu/images/vector_addition.png]
[www.python-course.eu/images/vector_subtraction.png]
[www.python-course.eu/images/scalar_product.jpg]
[www.python-course.eu/images/scalar_product1.jpg]
[www.python-course.eu/images/matrix_product.jpg]
[www.python-course.eu/images/matrix_product2.jpg]
[www.python-course.eu/images/pralinen.jpg]
[www.python-course.eu/images/Cross_product_vector.png]
[www.python-course.eu/matrix_arithmetic.html]
[www.python-course.eu/images/cross_product_definition.jpg]
[www.python-course.eu/images/weights_small.png]
[www.python-course.eu/images/weights.png]
[www.python-course.eu/linear_combinations.html]
[www.python-course.eu/images/Flying_machine_small.jpg]
[www.python-course.eu/images/Leonardo_da_vinci_Flying_machine.jpg]
[www.python-course.eu/images/finite_state_machine_example.png]
[www.python-course.eu/finite_state_machine.html]
[www.python-course.eu/images/turing_machine.gif]
[www.python-course.eu/turing_machine.html]
[www.python-course.eu/images/text_classification_formula_puzzle.png]
[www.python-course.eu/images/prisma.png]
[www.python-course.eu/images/supervised_learning.png]
[www.python-course.eu/images/text_classification_sphere.png]
[www.python-course.eu/images/naive_bayes_probability1.png]
[www.python-course.eu/images/naive_bayes_probability2.png]
[www.python-course.eu/images/naive_bayes_probability3.png]
[www.python-course.eu/images/naive_bayes_formula.png]
[www.python-course.eu/images/naive_bayes_formula_final.png]
[www.python-course.eu/text_classification_introduction.html]
[www.python-course.eu/images/bag_of_words.png]
[www.python-course.eu/images/document_representation.png]
[www.python-course.eu/learn_and_test.tbz2]
[www.python-course.eu/text_classification_python.html]
[www.python-course.eu/images/towers_of_hanoi_part.jpg]
[www.python-course.eu/images/towers_of_hanoi.jpg]
[www.python-course.eu/images/towers_of_hanoi_3_disks.jpg]
[www.python-course.eu/images/towers_of_hanoi_n_disks.jpg]
[www.python-course.eu/towers_of_hanoi.html]
[www.python-course.eu/images/Bull.jpg]
[www.python-course.eu/images/Bull_and_cows.jpg]
[www.python-course.eu/mastermind.html]
[www.python-course.eu/images/ColorCode.png]
[www.python-course.eu/images/sql_python_small.png]
[www.python-course.eu/images/sql_python_logo.png]
[www.python-course.eu/sql_python.html]
[www.python-course.eu/images/score_left.png]
[www.python-course.eu/images/lilypond.png]
[www.python-course.eu/images/score_example.png]
[www.python-course.eu/images/text_to_score.png]
[www.python-course.eu/images/piano_score.pdf]
[www.python-course.eu/python_scores.html]
[www.python-course.eu/python_classes.html]
[www.python-course.eu/interactive.html]
[www.python-course.eu/images/shells.jpg]
[www.python-course.eu/python3_interactive.html]
[www.python-course.eu/images/py_pyc_overview.gif]
[www.python-course.eu/execute_script.html]
[www.python-course.eu/images/python_script_start_windows.png]
[www.python-course.eu/python3_execute_script.html]
[www.python-course.eu/images/blocks100.jpg]
[www.python-course.eu/images/blocks.png]
[www.python-course.eu/blocks.html]
[www.python-course.eu/images/blocks_300.jpg]
[www.python-course.eu/python3_blocks.html]
[www.python-course.eu/images/containers100.jpg]
[www.python-course.eu/images/containers300.jpg]
[www.python-course.eu/images/variable_memory.gif]
[www.python-course.eu/images/string_indices.gif]
[www.python-course.eu/images/string_indices_negative.png]
[www.python-course.eu/variables.html]
[www.python-course.eu/images/string_slicing.png]
[www.python-course.eu/images/character_A.png]
[www.python-course.eu/python3_variables.html]
[www.python-course.eu/operators.html]
[www.python-course.eu/python3_operators.html]
[www.python-course.eu/images/Deep_Sea_Squid_copy.jpg]
[www.python-course.eu/images/Deep_Sea_Squid.jpg]
[www.python-course.eu/images/deep_copy_1.png]
[www.python-course.eu/images/deep_copy_2.png]
[www.python-course.eu/images/deep_copy_3.png]
[www.python-course.eu/images/deep_copy_4.png]
[www.python-course.eu/images/deep_copy_5.png]
[www.python-course.eu/deep_copy.html]
[www.python-course.eu/python3_deep_copy.html]
[www.python-course.eu/images/arrow.jpg]
[www.python-course.eu/conditional_statements.html]
[www.python-course.eu/images/decision_300.jpg]
[www.python-course.eu/images/Mainz_psalter_detail.jpg]
[www.python-course.eu/images/flowchart.png]
[www.python-course.eu/python3_conditional_statements.html]
[www.python-course.eu/images/stairs.jpg]
[www.python-course.eu/images/while_loop_1.png]
[www.python-course.eu/images/while_loop_with_else.png]
[www.python-course.eu/images/while_loop_with_else_break.png]
[www.python-course.eu/loops.html]
[www.python-course.eu/images/moebius_ring.png]
[www.python-course.eu/python3_loops.html]
[www.python-course.eu/images/logo100.png]
[www.python-course.eu/images/ring2.png]
[www.python-course.eu/images/pythagoras_proof.png]
[www.python-course.eu/for_loop.html]
[www.python-course.eu/images/CanOfSpam.jpg]
[www.python-course.eu/python3_for_loop.html]
[www.python-course.eu/images/infinite_python.jpg]
[www.python-course.eu/images/string_aufbau.gif]
[www.python-course.eu/images/green_tree_python3_250.jpg]
[www.python-course.eu/images/metermass.gif]
[www.python-course.eu/images/repetitions.png]
[www.python-course.eu/sequential_data_types.html]
[www.python-course.eu/python3_sequential_data_types.html]
[www.python-course.eu/images/zipper_sphere.gif]
[www.python-course.eu/dictionaries.html]
[www.python-course.eu/images/python_entry.jpg]
[www.python-course.eu/python3_dictionaries.html]
[www.python-course.eu/images/webster.jpg]
[www.python-course.eu/images/sets_with_notations.png]
[www.python-course.eu/sets_frozensets.html]
[www.python-course.eu/python3_sets_frozensets.html]
[www.python-course.eu/images/mandelbrot2.gif]
[www.python-course.eu/functions.html]
[www.python-course.eu/images/functions.png]
[www.python-course.eu/images/arrow.png]
[www.python-course.eu/python3_functions.html]
[www.python-course.eu/images/natural_language_recursion_small.png]
[www.python-course.eu/images/natural_language_recursion.png]
[www.python-course.eu/images/fib_calculation_tree.png]
[www.python-course.eu/recursive_functions.html]
[www.python-course.eu/images/mona_lisa_small.png]
[www.python-course.eu/images/mona_lisa.png]
[www.python-course.eu/images/fibonacci_squares.png]
[www.python-course.eu/examples/fibonacci.py]
[www.python-course.eu/examples/fibonacci_runit.py]
[www.python-course.eu/python3_recursive_functions.html]
[www.python-course.eu/images/towers_of_hanoi_2.jpg]
[www.python-course.eu/images/relay-race_small.jpg]
[www.python-course.eu/images/relay-race.jpg]
[www.python-course.eu/images/HumptyDumpty.jpg]
[www.python-course.eu/images/parameter_uebergabe1.png]
[www.python-course.eu/images/parameter_uebergabe2.png]
[www.python-course.eu/passing_arguments.html]
[www.python-course.eu/python3_passing_arguments.html]
[www.python-course.eu/images/atom.png]
[www.python-course.eu/namespaces.html]
[www.python-course.eu/images/names_as_namespaces.png]
[www.python-course.eu/python3_namespaces.html]
[www.python-course.eu/global_vs_local_variables.html]
[www.python-course.eu/images/earth_moon_small.jpg]
[www.python-course.eu/images/earth_moon.jpg]
[www.python-course.eu/python3_global_vs_local_variables.html]
[www.python-course.eu/images/files.png]
[www.python-course.eu/images/files2.png]
[www.python-course.eu/images/pickle.png]
[www.python-course.eu/file_management.html]
[www.python-course.eu/python3_file_management.html]
[www.python-course.eu/images/lego.jpg]
[www.python-course.eu/images/legos.jpg]
[www.python-course.eu/modules_and_modular_programming.html]
[www.python-course.eu/python3_modules_and_modular_programming.html]
[www.python-course.eu/images/brain_small.jpg]
[www.python-course.eu/images/brain.jpg]
[www.python-course.eu/python3_memoization.html]
[www.python-course.eu/images/scales_small.jpg]
[www.python-course.eu/images/RE_110.png]
[www.python-course.eu/images/RE.png]
[www.python-course.eu/images/regular_expression2.png]
[www.python-course.eu/images/regular_expression1.png]
[www.python-course.eu/images/regular_expression3.png]
[www.python-course.eu/images/regular_expression4.png]
[www.python-course.eu/images/regular_expression5.png]
[www.python-course.eu/images/regular_expression6.png]
[www.python-course.eu/images/regular_expression7.png]
[www.python-course.eu/images/re_matching_problem.png]
[www.python-course.eu/images/finite_state_machine_mayer.png]
[www.python-course.eu/simpsons_phone_book.txt]
[www.python-course.eu/images/word_boundary.png]
[www.python-course.eu/post_codes_germany.txt]
[www.python-course.eu/re.html]
[www.python-course.eu/python3_re.html]
[www.python-course.eu/images/stairs_green_small.jpg]
[www.python-course.eu/images/stairs_green_fog.jpg]
[www.python-course.eu/images/re_split.gif]
[www.python-course.eu/re_advanced.html]
[www.python-course.eu/python3_re_advanced.html]
[www.python-course.eu/images/lambda_cubism100.png]
[www.python-course.eu/images/lambda_cubism.png]
[www.python-course.eu/images/reduce_diagram.png]
[www.python-course.eu/lambda.html]
[www.python-course.eu/images/reduce.png]
[www.python-course.eu/python3_lambda.html]
[www.python-course.eu/images/no_lambda_small.png]
[www.python-course.eu/images/alternative_lambda_map.png]
[www.python-course.eu/list_comprehension.html]
[www.python-course.eu/python3_list_comprehension.html]
[www.python-course.eu/images/python_logo_band_aid_small.jpg]
[www.python-course.eu/images/python_logo_band_aid.jpg]
[www.python-course.eu/exception_handling.html]
[www.python-course.eu/python3_exception_handling.html]
[www.python-course.eu/images/wind_generators_small.png]
[www.python-course.eu/images/wind_generators_posterize.png]
[www.python-course.eu/images/permutationen.png]
[www.python-course.eu/generators.html]
[www.python-course.eu/python3_generators.html]
[www.python-course.eu/images/fruit.png]
[www.python-course.eu/images/library_eggshell.png]
[www.python-course.eu/images/robot_evolution.png]
[www.python-course.eu/images/marvin.png]
[www.python-course.eu/images/data_abstraction.png]
[www.python-course.eu/images/private_property_no_trespassing.png]
[www.python-course.eu/images/enter_at_your_own_risk.png]
[www.python-course.eu/python3_object_oriented_programming.html]
[www.python-course.eu/images/robots_asinow.png]
[www.python-course.eu/python3_class_and_instance_attributes.html]
[www.python-course.eu/images/venitian_masks.png]
[www.python-course.eu/images/marvin2.png]
[www.python-course.eu/images/green_arrow.png]
[www.python-course.eu/python3_properties.html]
[www.python-course.eu/images/vehicles_classification.png]
[www.python-course.eu/python3_inheritance.html]
[www.python-course.eu/images/diamond.png]
[www.python-course.eu/images/multiple_inheritance.png]
[www.python-course.eu/images/clock_calendar.png]
[www.python-course.eu/images/multiple_inheritance_diamond.png]
[www.python-course.eu/images/Morpheus_and_Iris.jpg]
[www.python-course.eu/python3_multiple_inheritance.html]
[www.python-course.eu/images/marvin_the_magician.png]
[www.python-course.eu/images/operator_overloading__add__.png]
[www.python-course.eu/images/operator_overloading__radd__.png]
[www.python-course.eu/python3_magic_methods.html]
[www.python-course.eu/images/hieroglyphen2_100.jpg]
[www.python-course.eu/images/Monty_Python_history.jpg]
[www.python-course.eu/history_and_philosophy.html]
[www.python-course.eu/why_python.html]
[www.python-course.eu/images/input_mini.jpg]
[www.python-course.eu/images/input_motion.gif]
[www.python-course.eu/input.html]
[www.python-course.eu/formatted_output.html]
[www.python-course.eu/images/letterbox_small.jpg]
[www.python-course.eu/print.html]
[www.python-course.eu/images/un.png]
[www.python-course.eu/images/to_err_is_human.png]
[www.python-course.eu/tests.html]
[www.python-course.eu/memoization.html]
[www.python-course.eu/images/strawberry_tart_as_class.png]
[www.python-course.eu/images/attributes_and_methods.png]
[www.python-course.eu/images/encapsulation.png]
[www.python-course.eu/images/inheritance.png]
[www.python-course.eu/images/inheritance_overview.png]
[www.python-course.eu/object_oriented_programming.html]
[www.python-course.eu/images/ClockCalendar_small.png]
[www.python-course.eu/images/ClockCalendar.png]
[www.python-course.eu/inheritance_example.html]
[www.python-course.eu/python3_history_and_philosophy.html]
[www.python-course.eu/images/input_motion.png]
[www.python-course.eu/images/input_difference_python2_python3.png]
[www.python-course.eu/python3_input.html]
[www.python-course.eu/images/letterbox2.png]
[www.python-course.eu/python3_print.html]
[www.python-course.eu/images/in.png]
[www.python-course.eu/images/thermometer.png]
[www.python-course.eu/python3_tests.html]
[www.python-course.eu/python3_inheritance_example.html]
[www.python-course.eu/python3_object_oriented_programming_old.html]
[www.python-course.eu/pygraph.html]
[www.python-course.eu/images/simple_path.png]
[www.python-course.eu/images/path_graph1.png]
[www.python-course.eu/images/path_graph_cities.png]
[www.python-course.eu/networkx.html]
[www.python-course.eu/images/filmstrip1.jpg]
[www.python-course.eu/images/filmstrip.jpg]
[www.python-course.eu/images/filmstrip3.jpg]
[www.python-course.eu/images/ulysses_start.png]
[www.python-course.eu/dynamic_websites_wsgi.html]
[www.python-course.eu/images/hello_python.png]
[www.python-course.eu/images/timesite.png]
[www.python-course.eu/images/timesite2_get_time.png]
[www.python-course.eu/images/timesite2.png]
[www.python-course.eu/images/form1.png]
[www.python-course.eu/images/form3.png]
[www.python-course.eu/dynamic_websites.html]
[www.python-course.eu/images/pylons_small.png]
[www.python-course.eu/images/pylons.png]
[www.python-course.eu/images/pylons_welcome_screen.png]
[www.python-course.eu/images/little_girl_and_rabbit.png]
[www.python-course.eu/images/petshop.png]
[www.python-course.eu/images/chrome_hello.png]
[www.python-course.eu/images/template1.png]
[www.python-course.eu/pylons.html]
[www.python-course.eu/images/learning_python.jpg]
[www.python-course.eu/learning_python.html]
[www.python-course.eu/images/programming_python.jpg]
[www.python-course.eu/programming_python.html]
[www.python-course.eu/images/dive_into_python_large.jpg]
[www.python-course.eu/dive_into_python.html]
[www.python-course.eu/images/natural_language_processing_with_python.gif]
[www.python-course.eu/natural_language_processing_with_python.html]
[www.python-course.eu/images/pyqtbookm.png]
[www.python-course.eu/rapid_gui_programming_with_python.html]
[www.python-course.eu/images/python_in_a_nutshell.jpg]
[www.python-course.eu/python_in_a_nutshell.html]
[www.python-course.eu/images/hello_tkinter_cartoon.png]
[www.python-course.eu/images/hello_tkinter.png]
[www.python-course.eu/images/hello_tkinter_windows.png]
[www.python-course.eu/images/label_with_image.png]
[www.python-course.eu/images/label_with_image2.png]
[www.python-course.eu/images/text_on_top_of_image.png]
[www.python-course.eu/images/colored_labels.png]
[www.python-course.eu/tkinter_labels.html]
[www.python-course.eu/images/dynamic_label.png]
[www.python-course.eu/images/ti_amo.jpg]
[www.python-course.eu/images/Love_message.jpg]
[www.python-course.eu/tkinter_message_widget.html]
[www.python-course.eu/images/whatever_you_do.png]
[www.python-course.eu/images/example_button_class.png]
[www.python-course.eu/tkinter_buttons.html]
[www.python-course.eu/tkinter_variable_classes.html]
[www.python-course.eu/images/old_radio_buttons.png]
[www.python-course.eu/images/old_radio.png]
[www.python-course.eu/images/radio_buttons1.png]
[www.python-course.eu/images/tkinter_radio_buttons.png]
[www.python-course.eu/images/indicatoron.png]
[www.python-course.eu/tkinter_radiobuttons.html]
[www.python-course.eu/images/checkbox.png]
[www.python-course.eu/images/python_perl_java_checkboxes.png]
[www.python-course.eu/images/male_female.png]
[www.python-course.eu/images/improved_version.png]
[www.python-course.eu/images/programming_languages.png]
[www.python-course.eu/tkinter_checkboxes.html]
[www.python-course.eu/images/entry_widgets_wall.jpg]
[www.python-course.eu/images/entry_wall.jpg]
[www.python-course.eu/images/entry_fields.png]
[www.python-course.eu/images/show_entry_content.png]
[www.python-course.eu/images/name_and_job.png]
[www.python-course.eu/images/expression_evaluation.png]
[www.python-course.eu/images/balance_after_k_payments.png]
[www.python-course.eu/images/formula_monthly_payment.png]
[www.python-course.eu/tkinter_entry_widgets.html]
[www.python-course.eu/images/loan_calculator_in_python_and_tkinter.png]
[www.python-course.eu/images/python_head.png]
[www.python-course.eu/images/python_cubism.png]
[www.python-course.eu/images/horizontal_line_canvas.png]
[www.python-course.eu/images/canvas_rectangle_lines.png]
[www.python-course.eu/images/canvas_rectangle_lines_coordinates.png]
[www.python-course.eu/images/canvas_with_text.png]
[www.python-course.eu/images/easily_adaptable.png]
[www.python-course.eu/images/canvas_oval.png]
[www.python-course.eu/images/Painting_on_canvas.png]
[www.python-course.eu/images/canvas_polygon.png]
[www.python-course.eu/images/star_1.png]
[www.python-course.eu/images/star_notations.png]
[www.python-course.eu/images/stars.png]
[www.python-course.eu/images/bitmap_on_canvas.png]
[www.python-course.eu/images/rocks.png]
[www.python-course.eu/images/line_distance.png]
[www.python-course.eu/images/checkered_canvas.png]
[www.python-course.eu/tkinter_canvas.html]
[www.python-course.eu/images/sliders.jpg]
[www.python-course.eu/images/mixer_with_sliders.jpg]
[www.python-course.eu/images/horizontal_and_vertical_sliders.png]
[www.python-course.eu/images/improved_slider_example.png]
[www.python-course.eu/images/smeared_tickintervals.png]
[www.python-course.eu/images/slider_length_increased.png]
[www.python-course.eu/tkinter_sliders.html]
[www.python-course.eu/images/open_book_small.png]
[www.python-course.eu/images/open_book.png]
[www.python-course.eu/images/text_widget_simple.png]
[www.python-course.eu/images/text_widget_simple_hamlet.png]
[www.python-course.eu/images/text_widget_simple_scollbar.png]
[www.python-course.eu/tkinter_text_widget.html]
[www.python-course.eu/images/text_widget_with_image.png]
[www.python-course.eu/images/dialogues_110.png]
[www.python-course.eu/images/dialogues.png]
[www.python-course.eu/images/dialog1.png]
[www.python-course.eu/images/dialog2.png]
[www.python-course.eu/images/dialog3.png]
[www.python-course.eu/images/dialog4.png]
[www.python-course.eu/images/dialog5.png]
[www.python-course.eu/images/tkinter_file_chooser.png]
[www.python-course.eu/images/tkinter_file_chooser_windows_7.png]
[www.python-course.eu/images/tkcolor_chooser1.png]
[www.python-course.eu/images/tkinter_colour_chooser.png]
[www.python-course.eu/images/tkinter_colour_chooser_windows_7.png]
[www.python-course.eu/tkinter_dialogs.html]
[www.python-course.eu/images/packed_suitcases_110.jpg]
[www.python-course.eu/images/packed_suitcases.jpg]
[www.python-course.eu/images/packing1.png]
[www.python-course.eu/images/packing2.png]
[www.python-course.eu/images/pack_padx.png]
[www.python-course.eu/images/pack_pady.png]
[www.python-course.eu/images/pack_ipadx.png]
[www.python-course.eu/images/pack_ipadx_ipady.png]
[www.python-course.eu/images/pack_side_left.png]
[www.python-course.eu/images/pack_side_right.png]
[www.python-course.eu/images/tkinter_place.png]
[www.python-course.eu/images/tkinter_grid.png]
[www.python-course.eu/tkinter_layout_management.html]
[www.python-course.eu/images/mastermind_mini.png]
[www.python-course.eu/tkinter_mastermind.html]
[www.python-course.eu/images/Mastermind_tk.png]
[www.python-course.eu/images/menu_of_your_life_130.jpg]
[www.python-course.eu/images/menu_of_your_life.jpg]
[www.python-course.eu/tkinter_menus.html]
[www.python-course.eu/images/tkinter_menu.png]
[www.python-course.eu/images/bind.jpg]
[www.python-course.eu/tkinter_events_binds.html]
[www.python-course.eu/images/binds.jpg]
[connect.facebook.net/en_GB/all.js]
[www.python-course.eu/images/image03.jpg]
[www.python-course.eu/moderna.css]
[www.python-course.eu/moderna_print.css]
[www.python-course.eu/graphs_python.html]
[www.python-course.eu/python_classes.html]
[www.python-course.eu/interactive.html]
[www.python-course.eu/history_and_philosophy.html]
[www.python-course.eu/python3_history_and_philosophy.html]
[www.python-course.eu/python3_object_oriented_programming_old.html]
[www.python-course.eu/dynamic_websites_wsgi.html]
[www.python-course.eu/learning_python.html]
[www.python-course.eu/tkinter_labels.html]
[www.python-course.eu/ABCDEFGHIJKLMNOPQRSTUVWXYZabcdefghijklmnopqrstuvwxyz0123456789+/index.html]
[www.python-course.eu/restserver.html]
[www.python-course.eu/dialog/index.html]
