[learnpythonthehardway.org/book/index.html]
[backblue.gif]
[fade.gif]
[index.html]
[learnpythonthehardway.org/book/index-2.html]
[learnpythonthehardway.org/book/images/3rd-edition-cloud.png]
[learnpythonthehardway.org/book/images/nav-contents.png]
[learnpythonthehardway.org/book/images/nav-play.png]
[learnpythonthehardway.org/book/images/nav-previous.png]
[learnpythonthehardway.org/book/images/nav-next.png]
[learnpythonthehardway.org/book/help.html]
[learnpythonthehardway.org/book/images/help-ambulance.png]
[learnpythonthehardway.org/book/preface.html]
[learnpythonthehardway.org/book/intro.html]
[learnpythonthehardway.org/book/ex0.html]
[learnpythonthehardway.org/book/ex1.html]
[learnpythonthehardway.org/book/ex2.html]
[learnpythonthehardway.org/book/ex3.html]
[learnpythonthehardway.org/book/ex4.html]
[learnpythonthehardway.org/book/ex5.html]
[learnpythonthehardway.org/book/ex6.html]
[learnpythonthehardway.org/book/ex7.html]
[learnpythonthehardway.org/book/ex8.html]
[learnpythonthehardway.org/book/ex9.html]
[learnpythonthehardway.org/book/ex10.html]
[learnpythonthehardway.org/book/ex11.html]
[learnpythonthehardway.org/book/ex12.html]
[learnpythonthehardway.org/book/ex13.html]
[learnpythonthehardway.org/book/ex14.html]
[learnpythonthehardway.org/book/ex15.html]
[learnpythonthehardway.org/book/ex16.html]
[learnpythonthehardway.org/book/ex17.html]
[learnpythonthehardway.org/book/ex18.html]
[learnpythonthehardway.org/book/ex19.html]
[learnpythonthehardway.org/book/ex20.html]
[learnpythonthehardway.org/book/ex21.html]
[learnpythonthehardway.org/book/ex22.html]
[learnpythonthehardway.org/book/ex23.html]
[learnpythonthehardway.org/book/ex24.html]
[learnpythonthehardway.org/book/ex25.html]
[learnpythonthehardway.org/book/ex26.html]
[learnpythonthehardway.org/book/ex27.html]
[learnpythonthehardway.org/book/ex28.html]
[learnpythonthehardway.org/book/ex29.html]
[learnpythonthehardway.org/book/ex30.html]
[learnpythonthehardway.org/book/ex31.html]
[learnpythonthehardway.org/book/ex32.html]
[learnpythonthehardway.org/book/ex33.html]
[learnpythonthehardway.org/book/ex34.html]
[learnpythonthehardway.org/book/ex35.html]
[learnpythonthehardway.org/book/ex36.html]
[learnpythonthehardway.org/book/ex37.html]
[learnpythonthehardway.org/book/ex38.html]
[learnpythonthehardway.org/book/ex39.html]
[learnpythonthehardway.org/book/ex40.html]
[learnpythonthehardway.org/book/ex41.html]
[learnpythonthehardway.org/book/ex42.html]
[learnpythonthehardway.org/book/ex43.html]
[learnpythonthehardway.org/book/ex44.html]
[learnpythonthehardway.org/book/ex45.html]
[learnpythonthehardway.org/book/ex46.html]
[learnpythonthehardway.org/book/ex47.html]
[learnpythonthehardway.org/book/ex48.html]
[learnpythonthehardway.org/book/ex49.html]
[learnpythonthehardway.org/book/ex50.html]
[learnpythonthehardway.org/book/ex51.html]
[learnpythonthehardway.org/book/ex52.html]
[learnpythonthehardway.org/book/advice.html]
[learnpythonthehardway.org/book/next.html]
[learnpythonthehardway.org/book/appendixa.html]
[paydiv.io/static/jzed.js]
[paydiv.io/static/js/videojs/video.js]
[paydiv.io/static/js/videojs/video-js.css]
[learnpythonthehardway.org/book/index.html]
[paydiv.io/static/api/v1/paydiv.js]
[learnpythonthehardway.org/book/fonts/dosis/v2/05xr33FHwecUTIADg28rEfesZW2xOQ-xsNqO47m55DA.ttf]
[learnpythonthehardway.org/book/fonts/dosis/v2/0b3R8ORT0i9mlMGM3BxXF_esZW2xOQ-xsNqO47m55DA.ttf]
[learnpythonthehardway.org/book/fonts/dosis/v2/guC5lwT5Dw7anV_xfpCGqw.ttf]
[learnpythonthehardway.org/book/fonts/dosis/v2/obisuY-MenYRAFwd-r2NhfesZW2xOQ-xsNqO47m55DA.ttf]
[learnpythonthehardway.org/book/fonts/dosis/v2/URSgP3aplSko3CQAzdXHwPesZW2xOQ-xsNqO47m55DA.ttf]
[learnpythonthehardway.org/book/fonts/dosis/v2/Luunk03-uSz9LnB7oNEUuvesZW2xOQ-xsNqO47m55DA.ttf]
[learnpythonthehardway.org/book/fonts/dosis/v2/T4JvHtpMHbjlr73o1YLMo_esZW2xOQ-xsNqO47m55DA.ttf]
[learnpythonthehardway.org/book/fonts/nunito/v5/1TiHc9yag0wq3lDO9cw0vqCWcynf_cDxXwCLxiixG1c.ttf]
[learnpythonthehardway.org/book/fonts/nunito/v5/kpI87QY2ce-mk2ZnKb-r0g.ttf]
[learnpythonthehardway.org/book/fonts/nunito/v5/TttUCfJ272GBgSKaOaD7KqCWcynf_cDxXwCLxiixG1c.ttf]
[learnpythonthehardway.org/book/fonts/roboto/v11/Jzo62I39jc0gQRrbndN6nfesZW2xOQ-xsNqO47m55DA.ttf]
[learnpythonthehardway.org/book/fonts/roboto/v11/Hgo13k-tfSpn0qi1SFdUfaCWcynf_cDxXwCLxiixG1c.ttf]
[learnpythonthehardway.org/book/fonts/roboto/v11/zN7GBFwfMP4uA6AR0HCoLQ.ttf]
[learnpythonthehardway.org/book/fonts/roboto/v11/RxZJdnzeo3R5zSexge8UUaCWcynf_cDxXwCLxiixG1c.ttf]
[learnpythonthehardway.org/book/fonts/roboto/v11/d-6IYplOFocCacKzxwXSOKCWcynf_cDxXwCLxiixG1c.ttf]
[learnpythonthehardway.org/book/fonts/roboto/v11/mnpfi9pxYH-Go5UiibESIqCWcynf_cDxXwCLxiixG1c.ttf]
[learnpythonthehardway.org/book/fonts/roboto/v11/12mE4jfMSBTmg-81EiS-YS3USBnSvpkopQaUR-2r7iU.ttf]
[learnpythonthehardway.org/book/fonts/roboto/v11/7m8l7TlFO-S3VkhHuR0at50EAVxt0G0biEntp43Qt6E.ttf]
[learnpythonthehardway.org/book/fonts/roboto/v11/W4wDsBUluyw0tK3tykhXEfesZW2xOQ-xsNqO47m55DA.ttf]
[learnpythonthehardway.org/book/fonts/roboto/v11/OLffGBTaF0XFOW1gnuHF0Z0EAVxt0G0biEntp43Qt6E.ttf]
[learnpythonthehardway.org/book/fonts/roboto/v11/t6Nd4cfPRhZP44Q5QAjcC50EAVxt0G0biEntp43Qt6E.ttf]
[learnpythonthehardway.org/book/fonts/roboto/v11/bmC0pGMXrhphrZJmniIZpZ0EAVxt0G0biEntp43Qt6E.ttf]
[learnpythonthehardway.org/book/fonts/robotocondensed/v9/b9QBgL0iMZfDSpmcXcE8nL3QFSXBldIn45k5A7iXhnc.ttf]
[learnpythonthehardway.org/book/fonts/robotocondensed/v9/Zd2E9abXLFGSr9G3YK2MsDR-eWpsHSw83BRsAQElGgc.ttf]
[learnpythonthehardway.org/book/fonts/robotocondensed/v9/b9QBgL0iMZfDSpmcXcE8nDokq8qT6AIiNJ07Vf_NrVA.ttf]
[learnpythonthehardway.org/book/fonts/robotocondensed/v9/mg0cGfGRUERshzBlvqxeAMgYS_4b_j8XZWrBSrn8QbY.ttf]
[learnpythonthehardway.org/book/fonts/robotocondensed/v9/BP5K8ZAJv9qEbmuFp8RpJdNyc1nIn01s4QPT2l20KA4.ttf]
[learnpythonthehardway.org/book/fonts/robotocondensed/v9/mg0cGfGRUERshzBlvqxeAIvse0WFWMXD6DWBLcV41iQ.ttf]
[learnpythonthehardway.org/book/fonts/dosis/v2/zuuDDmIlQfJeEM3Uf6kkpnYhjbSpvc47ee6xR_80Hnw.woff]
[learnpythonthehardway.org/book/fonts/dosis/v2/GpmMKE0dnXylect5ObzLR3YhjbSpvc47ee6xR_80Hnw.woff]
[learnpythonthehardway.org/book/fonts/dosis/v2/Ewe0SEXPrakEimFzbOGwB6CWcynf_cDxXwCLxiixG1c.woff]
[learnpythonthehardway.org/book/fonts/dosis/v2/A4RWZsncmJ25G8iqn2EHN3YhjbSpvc47ee6xR_80Hnw.woff]
[learnpythonthehardway.org/book/fonts/dosis/v2/f8qltGyj2S-SS_tsOHsjgXYhjbSpvc47ee6xR_80Hnw.woff]
[learnpythonthehardway.org/book/fonts/dosis/v2/x-7NZTw0n-ypOAaIE8uSrnYhjbSpvc47ee6xR_80Hnw.woff]
[learnpythonthehardway.org/book/fonts/dosis/v2/k9xA3bmr7wstksq4xsFJaXYhjbSpvc47ee6xR_80Hnw.woff]
[learnpythonthehardway.org/book/fonts/nunito/v5/1TiHc9yag0wq3lDO9cw0vrO3LdcAZYWl9Si6vvxL-qU.woff]
[learnpythonthehardway.org/book/fonts/nunito/v5/1D_AI14T6X7H5aa5BXWWyuvvDin1pK8aKteLpeZ5c0A.woff]
[learnpythonthehardway.org/book/fonts/nunito/v5/TttUCfJ272GBgSKaOaD7KrO3LdcAZYWl9Si6vvxL-qU.woff]
[learnpythonthehardway.org/book/fonts/roboto/v11/vzIUHo9z-oJ4WgkpPOtg13YhjbSpvc47ee6xR_80Hnw.woff]
[learnpythonthehardway.org/book/fonts/roboto/v11/Hgo13k-tfSpn0qi1SFdUfbO3LdcAZYWl9Si6vvxL-qU.woff]
[learnpythonthehardway.org/book/fonts/roboto/v11/CrYjSnGjrRCn0pd9VQsnFOvvDin1pK8aKteLpeZ5c0A.woff]
[learnpythonthehardway.org/book/fonts/roboto/v11/RxZJdnzeo3R5zSexge8UUbO3LdcAZYWl9Si6vvxL-qU.woff]
[learnpythonthehardway.org/book/fonts/roboto/v11/d-6IYplOFocCacKzxwXSOLO3LdcAZYWl9Si6vvxL-qU.woff]
[learnpythonthehardway.org/book/fonts/roboto/v11/mnpfi9pxYH-Go5UiibESIrO3LdcAZYWl9Si6vvxL-qU.woff]
[learnpythonthehardway.org/book/fonts/roboto/v11/12mE4jfMSBTmg-81EiS-Yb3hpw3pgy2gAi-Ip7WPMi0.woff]
[learnpythonthehardway.org/book/fonts/roboto/v11/7m8l7TlFO-S3VkhHuR0at7rIa-7acMAeDBVuclsi6Gc.woff]
[learnpythonthehardway.org/book/fonts/roboto/v11/1pO9eUAp8pSF8VnRTP3xnnYhjbSpvc47ee6xR_80Hnw.woff]
[learnpythonthehardway.org/book/fonts/roboto/v11/OLffGBTaF0XFOW1gnuHF0brIa-7acMAeDBVuclsi6Gc.woff]
[learnpythonthehardway.org/book/fonts/roboto/v11/t6Nd4cfPRhZP44Q5QAjcC7rIa-7acMAeDBVuclsi6Gc.woff]
[learnpythonthehardway.org/book/fonts/roboto/v11/bmC0pGMXrhphrZJmniIZpbrIa-7acMAeDBVuclsi6Gc.woff]
[learnpythonthehardway.org/book/fonts/robotocondensed/v9/b9QBgL0iMZfDSpmcXcE8nMrfajfqx5pse9BUPMmpr-I.woff]
[learnpythonthehardway.org/book/fonts/robotocondensed/v9/Zd2E9abXLFGSr9G3YK2MsNxB8OB85xaNTJvVSB9YUjQ.woff]
[learnpythonthehardway.org/book/fonts/robotocondensed/v9/b9QBgL0iMZfDSpmcXcE8nPZRQUbYfRc-1FWT9T9EE8M.woff]
[learnpythonthehardway.org/book/fonts/robotocondensed/v9/mg0cGfGRUERshzBlvqxeAHmtOlNhzYuCHuWdbmWr-YuglnMp3_3A8V8Ai8YosRtX.woff]
[learnpythonthehardway.org/book/fonts/robotocondensed/v9/BP5K8ZAJv9qEbmuFp8RpJUyuTvcJPSUMXo8_04ke-FA.woff]
[learnpythonthehardway.org/book/fonts/robotocondensed/v9/mg0cGfGRUERshzBlvqxeAM20tA0y-0vu5AcKm4ZPGa6glnMp3_3A8V8Ai8YosRtX.woff]
[learnpythonthehardway.org/book/stylesheets/fonts.css]
[learnpythonthehardway.org/book/stylesheets/pure.css]
[learnpythonthehardway.org/book/stylesheets/pygments.css]
[learnpythonthehardway.org/book/images/3rd.png]
[learnpythonthehardway.org/book/images/sprite-logo.png]
[learnpythonthehardway.org/book/images/ruby-hard-way-sprite.png]
[learnpythonthehardway.org/book/stylesheets/images/site-title.png]
[learnpythonthehardway.org/book/images/tip-wand.png]
[learnpythonthehardway.org/book/images/fa-bullhorn.png]
[learnpythonthehardway.org/book/stylesheets/main.css]
[learnpythonthehardway.org/book/stylesheets/nav.css]
[learnpythonthehardway.org/book/index-2.html]
[learnpythonthehardway.org/book/help.html]
[learnpythonthehardway.org/book/preface.html]
[learnpythonthehardway.org/book/intro.html]
[learnpythonthehardway.org/book/_static/python/search_python.png]
[learnpythonthehardway.org/book/ex0.html]
[learnpythonthehardway.org/book/_static/python/osx_textwrangler.png]
[learnpythonthehardway.org/book/_static/python/win_notepadpp_ex1.png]
[learnpythonthehardway.org/book/_static/python/osx_terminal_ex1.png]
[learnpythonthehardway.org/book/_static/python/win_powershell_ex1.png]
[learnpythonthehardway.org/book/ex1.html]
[learnpythonthehardway.org/book/ex2.html]
[learnpythonthehardway.org/book/ex3.html]
[learnpythonthehardway.org/book/ex4.html]
[learnpythonthehardway.org/book/ex5.html]
[learnpythonthehardway.org/book/ex6.html]
[learnpythonthehardway.org/book/ex7.html]
[learnpythonthehardway.org/book/ex8.html]
[learnpythonthehardway.org/book/ex9.html]
[learnpythonthehardway.org/book/ex10.html]
[learnpythonthehardway.org/book/ex11.html]
[learnpythonthehardway.org/book/ex12.html]
[learnpythonthehardway.org/book/ex13.html]
[learnpythonthehardway.org/book/ex14.html]
[learnpythonthehardway.org/book/ex15.html]
[learnpythonthehardway.org/book/ex16.html]
[learnpythonthehardway.org/book/ex17.html]
[learnpythonthehardway.org/book/ex18.html]
[learnpythonthehardway.org/book/ex19.html]
[learnpythonthehardway.org/book/ex20.html]
[learnpythonthehardway.org/book/ex21.html]
[learnpythonthehardway.org/book/ex22.html]
[learnpythonthehardway.org/book/ex23.html]
[learnpythonthehardway.org/book/ex24.html]
[learnpythonthehardway.org/book/ex25.html]
[learnpythonthehardway.org/book/exercise26.txt]
[learnpythonthehardway.org/book/ex26.html]
[learnpythonthehardway.org/book/ex27.html]
[learnpythonthehardway.org/book/ex28.html]
[learnpythonthehardway.org/book/ex29.html]
[learnpythonthehardway.org/book/ex30.html]
[learnpythonthehardway.org/book/ex31.html]
[learnpythonthehardway.org/book/ex32.html]
[learnpythonthehardway.org/book/ex33.html]
[learnpythonthehardway.org/book/ex34.html]
[learnpythonthehardway.org/book/ex35.html]
[learnpythonthehardway.org/book/ex36.html]
[learnpythonthehardway.org/book/ex37.html]
[learnpythonthehardway.org/book/ex38.html]
[learnpythonthehardway.org/book/ex39.html]
[learnpythonthehardway.org/book/ex40.html]
[learnpythonthehardway.org/book/ex41.html]
[learnpythonthehardway.org/book/ex42.html]
[learnpythonthehardway.org/book/ex43.html]
[learnpythonthehardway.org/book/ex44.html]
[learnpythonthehardway.org/book/ex45.html]
[learnpythonthehardway.org/book/ex46.html]
[learnpythonthehardway.org/book/ex47.html]
[learnpythonthehardway.org/book/ex48.html]
[learnpythonthehardway.org/book/ex49.html]
[learnpythonthehardway.org/book/ex50.html]
[learnpythonthehardway.org/book/_static/python/http_flow_graphic.png]
[learnpythonthehardway.org/book/ex51.html]
[learnpythonthehardway.org/book/ex52.html]
[learnpythonthehardway.org/book/advice.html]
[learnpythonthehardway.org/book/next.html]
[learnpythonthehardway.org/book/appendix-a-cli/introduction.html]
[learnpythonthehardway.org/book/appendix-a-cli/ex1.html]
[learnpythonthehardway.org/book/appendix-a-cli/ex2.html]
[learnpythonthehardway.org/book/appendix-a-cli/ex3.html]
[learnpythonthehardway.org/book/appendix-a-cli/ex4.html]
[learnpythonthehardway.org/book/appendix-a-cli/ex5.html]
[learnpythonthehardway.org/book/appendix-a-cli/ex6.html]
[learnpythonthehardway.org/book/appendix-a-cli/ex7.html]
[learnpythonthehardway.org/book/appendix-a-cli/ex8.html]
[learnpythonthehardway.org/book/appendix-a-cli/ex9.html]
[learnpythonthehardway.org/book/appendix-a-cli/ex10.html]
[learnpythonthehardway.org/book/appendix-a-cli/ex11.html]
[learnpythonthehardway.org/book/appendix-a-cli/ex12.html]
[learnpythonthehardway.org/book/appendix-a-cli/ex13.html]
[learnpythonthehardway.org/book/appendix-a-cli/ex14.html]
[learnpythonthehardway.org/book/appendix-a-cli/ex15.html]
[learnpythonthehardway.org/book/appendixa.html]
[learnpythonthehardway.org/book/javascripts/jquery.js]
[learnpythonthehardway.org/book/index.js]
[paydiv.io/static/jzed.js]
[learnpythonthehardway.org/book/appendix-a-cli/next.html]
[learnpythonthehardway.org/book/GET]
[paydiv.io/static/js/videojs/video.js]
[paydiv.io/static/js/videojs/font/vjs.eot]
[paydiv.io/static/js/videojs/font/vjsd41d.eot]
[paydiv.io/static/js/videojs/font/vjs.woff]
[paydiv.io/static/js/videojs/font/vjs.ttf]
[paydiv.io/static/js/videojs/video-js.css]
[paydiv.io/static/api/v1/paydiv.js]
[learnpythonthehardway.org/book/javascripts/app.js]
[learnpythonthehardway.org/book/javascripts/littools.js]
[learnpythonthehardway.org/book/stylesheets/images/site-title.html]
[learnpythonthehardway.org/book/appendix-a-cli/stylesheets/fonts.css]
[learnpythonthehardway.org/book/appendix-a-cli/index.html]
[learnpythonthehardway.org/book/appendix-a-cli/images/3rd-edition-cloud.png]
[learnpythonthehardway.org/book/appendix-a-cli/images/nav-contents.png]
[learnpythonthehardway.org/book/appendix-a-cli/images/nav-play.png]
[learnpythonthehardway.org/book/appendix-a-cli/images/nav-previous.png]
[learnpythonthehardway.org/book/appendix-a-cli/images/nav-next.png]
[learnpythonthehardway.org/book/appendix-a-cli/help.html]
[learnpythonthehardway.org/book/appendix-a-cli/images/help-ambulance.png]
[learnpythonthehardway.org/book/appendix-a-cli/introduction.html]
[learnpythonthehardway.org/book/appendix-a-cli/ex1.html]
[learnpythonthehardway.org/book/appendix-a-cli/ex2.html]
[learnpythonthehardway.org/book/appendix-a-cli/ex3.html]
[learnpythonthehardway.org/book/appendix-a-cli/ex4.html]
[learnpythonthehardway.org/book/appendix-a-cli/ex5.html]
[learnpythonthehardway.org/book/appendix-a-cli/ex6.html]
[learnpythonthehardway.org/book/appendix-a-cli/ex7.html]
[learnpythonthehardway.org/book/appendix-a-cli/ex8.html]
[learnpythonthehardway.org/book/appendix-a-cli/ex9.html]
[learnpythonthehardway.org/book/appendix-a-cli/ex10.html]
[learnpythonthehardway.org/book/appendix-a-cli/ex11.html]
[learnpythonthehardway.org/book/appendix-a-cli/ex12.html]
[learnpythonthehardway.org/book/appendix-a-cli/ex13.html]
[learnpythonthehardway.org/book/appendix-a-cli/ex14.html]
[learnpythonthehardway.org/book/appendix-a-cli/ex15.html]
[learnpythonthehardway.org/book/appendix-a-cli/next.html]
[learnpythonthehardway.org/book/GET.html]
[learnpythonthehardway.org/book/appendix-a-cli/stylesheets/fonts.html]
[learnpythonthehardway.org/book/appendix-a-cli/stylesheets/pure.css]
[learnpythonthehardway.org/book/appendix-a-cli/stylesheets/pygments.css]
[learnpythonthehardway.org/book/appendix-a-cli/images/3rd.png]
[learnpythonthehardway.org/book/appendix-a-cli/images/sprite-logo.png]
[learnpythonthehardway.org/book/appendix-a-cli/images/ruby-hard-way-sprite.png]
[learnpythonthehardway.org/book/appendix-a-cli/stylesheets/images/site-title.png]
[learnpythonthehardway.org/book/appendix-a-cli/images/tip-wand.png]
[learnpythonthehardway.org/book/appendix-a-cli/images/fa-bullhorn.png]
[learnpythonthehardway.org/book/appendix-a-cli/stylesheets/main.css]
[learnpythonthehardway.org/book/appendix-a-cli/stylesheets/nav.css]
[learnpythonthehardway.org/book/appendix-a-cli/index.html]
[learnpythonthehardway.org/book/appendix-a-cli/help.html]
[learnpythonthehardway.org/book/appendix-a-cli/javascripts/jquery.js]
[learnpythonthehardway.org/book/appendix-a-cli/index.js]
[learnpythonthehardway.org/book/appendix-a-cli/javascripts/app.js]
[learnpythonthehardway.org/book/appendix-a-cli/javascripts/littools.js]
[learnpythonthehardway.org/book/appendix-a-cli/stylesheets/images/site-title.html]
