[backblue.gif]
[fade.gif]
[index.html]
[developers.google.com/edu/python/index.html]
[plus.google.com/android-app_/com.google.android.apps.plus/https/plus.google.com/+GoogleDevelopers.14.delayed]
[lh3.googleusercontent.com/-M0wbooMN2x4/VW3z5zKQGWI/AAAAAAAAU0M/8gwAVFvwaC4/s630-fcrop64=1,02c80000ffffff60/02_g+_4banner_generic.png]
[lh3.googleusercontent.com/proxy/unnamed.jpg]
[lh3.googleusercontent.com/unnamed.png]
[lh3.googleusercontent.com/proxy/unnamed.png]
[lh3.googleusercontent.com/-36a15ARD92E/AAAAAAAAAAI/AAAAAAAAUdI/W2Kr1a7YgHs/s28-c-k-no/photo.png]
[lh3.googleusercontent.com/-9yESIa0sOHE/AAAAAAAAAAI/AAAAAAAAAFI/AGwSqpdyjYs/s28-c-k-no/photo.jpg]
[lh3.googleusercontent.com/-W6_W_KhM5nM/AAAAAAAAAAI/AAAAAAAAAn0/E-sSE6W2BFk/s28-c-k-no/f9a40c5b-9d81-4068-b127-5e6def478fe3.jpg]
[lh3.googleusercontent.com/proxy/unnamed-2.jpg]
[lh3.googleusercontent.com/-bW6vmT4BJnc/AAAAAAAAAAI/AAAAAAAAAXE/Itc8eaP24sE/s28-c-k-no/photo.jpg]
[lh3.googleusercontent.com/proxy/unnamed-3.jpg]
[lh3.googleusercontent.com/proxy/unnamed-2.png]
[lh3.googleusercontent.com/-YdoaGXZ9VM4/AAAAAAAAAAI/AAAAAAAAAB8/ACB3PMLBEoU/s28-c-k-no/photo.png]
[lh3.googleusercontent.com/-zgS6wO9Wc7E/AAAAAAAAAAI/AAAAAAAAAAA/gI7h0NeXF00/s46-c-k-no/Jun 23, 2015 5_02_16 PM.jpg]
[lh3.googleusercontent.com/-s6cVw7SNdFU/AAAAAAAAAAI/AAAAAAAAAAA/7w8g1ERaW_c/s46-c-k-no/photo.jpg]
[lh3.googleusercontent.com/-lhGVJJ74jUE/AAAAAAAAAAI/AAAAAAAAAAA/jAWOoHYS0BQ/s46-c-k-no/photo.jpg]
[lh3.googleusercontent.com/proxy/unnamed-4.jpg]
[lh3.googleusercontent.com/-NS4UIUiYFl0/AAAAAAAAAAI/AAAAAAAAMVw/HEnIKcIG_g4/s28-c-k-no/photo.jpg]
[lh3.googleusercontent.com/proxy/unnamed-5.jpg]
[lh4.googleusercontent.com/proxy/unnamed.png]
[lh3.googleusercontent.com/-5p_K0zeK8ks/AAAAAAAAAAI/AAAAAAAAAAg/kmpeuyXq9Ak/s28-c-k-no/photo.jpg]
[lh3.googleusercontent.com/proxy/unnamed-6.jpg]
[lh3.googleusercontent.com/-Obn9uahb0Tg/AAAAAAAAAAI/AAAAAAAAAKA/dSBJ2nmCIsQ/s28-c-k-no/photo.png]
[lh3.googleusercontent.com/proxy/unnamed-7.jpg]
[lh3.googleusercontent.com/-EEVO4HbUiDI/AAAAAAAAAAI/AAAAAAAACaE/9sfPuFn59OE/s28-c-k-no/photo.jpg]
[lh3.googleusercontent.com/-f2p3kMGhV48/AAAAAAAAAAI/AAAAAAAAAJk/DAXvyDsnGTI/s28-c-k-no/photo.jpg]
[lh3.googleusercontent.com/proxy/unnamed-8.jpg]
[lh3.googleusercontent.com/-C9Feof_ezik/AAAAAAAAAAI/AAAAAAAATQo/-PlxZxs79hY/s28-c-k-no/photo.jpg]
[lh3.googleusercontent.com/-m8pfMAPoDhM/AAAAAAAAAAI/AAAAAAAA04s/nN64FQNT9dw/s28-c-k-no/photo.png]
[plus.google.com/+GoogleDevelopers/index.html]
[lh3.googleusercontent.com/io15-hashtag.png]
[lh3.googleusercontent.com/015-Extending--Native--Elements-V7.png]
[lh3.googleusercontent.com/100-days-banner-small-icon.jpg]
[s2.googleusercontent.com/s2/faviconsc139.png]
[s2.googleusercontent.com/s2/faviconscdb3.png]
[s2.googleusercontent.com/s2/favicons60c1.png]
[fonts.googleapis.com/css5480.css]
[s2.googleusercontent.com/s2/favicons8149.png]
[developers.google.com/edu/python/set-up.html]
[developers.google.com/edu/python/introduction.html]
[lh3.googleusercontent.com/-tTcAevsr_9I/AAAAAAAAAAI/AAAAAAAAAAo/KJGbNkDj0ms/s28-c-k-no/ff0f839b-1c93-4020-bd5e-7f6f2073ab7c.jpg]
[developers.google.com/edu/python/strings.html]
[developers.google.com/edu/python/images/hello.png]
[developers.google.com/edu/python/lists.html]
[developers.google.com/edu/python/images/list1.png]
[developers.google.com/edu/python/sorting.html]
[developers.google.com/edu/python/images/sorted-key.png]
[developers.google.com/edu/python/dict-files.html]
[developers.google.com/edu/python/regular-expressions.html]
[developers.google.com/edu/python/utilities.html]
[developers.google.com/edu/python/images/dict.png]
[developers.google.com/edu/python/exercises/basic.html]
[developers.google.com/edu/python/exercises/baby-names.html]
[developers.google.com/edu/python/exercises/copy-special.html]
[developers.google.com/edu/python/exercises/log-puzzle.html]
[www.googleadservices.com/pagead/conversion/992540712/index60b7.html]
[plus.google.com/+GoogleDevelopers.html]
[plus.google.com/android-app_/com.google.android.apps.plus/https/plus.google.com/+GoogleDevelopers.html]
[plus.google.com/ios-app_/447119634/gplus/plus.google.com/+GoogleDevelopers.html]
[plus.google.com/app/basic/+GoogleDevelopers.html]
[plus.google.com/_/scs/apps-static/_/ss/k=oz.home.mqu49ohz9ktx.L.X.O/am=ALAgJUCgGQBIAgAIQAABABQ/d=0/rs=AGLTcCMxHxMWPk51b769gUMw7ubNgQ11_Q.css]
[www.gstatic.com/images/icons/material/product/2x/developers_32dp.png]
[www.gstatic.com/images/icons/material/product/2x/developers_64dp.png]
[developers.google.com/s/opensearch.xml]
[developers.google.com/_static/464fb7230d/js/script_foot_closure.js]
[developers.google.com/_static/464fb7230d/js/script_foot.js]
[www.googleadservices.com/pagead/f.txt]
[lh3.googleusercontent.com/-M0wbooMN2x4/VW3z5zKQGWI/AAAAAAAAU0M/8gwAVFvwaC4/s630-fcrop64=1,02c80000ffffff60_Soften=1,60,0/02_g+_4banner_generic.png]
[lh3.googleusercontent.com/-Fgp8KFpgQqE/AAAAAAAAAAI/AAAAAAAAU3M/foon5TUvBoU/s120-c/photo.png]
[lh3.googleusercontent.com/-Fgp8KFpgQqE/AAAAAAAAAAI/AAAAAAAAU3M/foon5TUvBoU/s46-c-k-no/photo.png]
[lh3.googleusercontent.com/proxy/unnamed.jpg]
[lh3.googleusercontent.com/unnamed.png]
[lh3.googleusercontent.com/-zwfl33f_HIg/AAAAAAAAAAI/AAAAAAAAZpo/RwE8nYmeGB4/s28-c-k-no/2015-04-24 11.12.29.jpg]
[lh3.googleusercontent.com/-FrYoMETaVHU/AAAAAAAAAAI/AAAAAAAABSM/BZCGiQthezQ/s28-c-k-no/photo.jpg]
[lh3.googleusercontent.com/-7xUwx2kcQBA/AAAAAAAAAAI/AAAAAAAAEvQ/9sE_IGIr3oo/s28-c-k-no/photo.jpg]
[lh3.googleusercontent.com/-yo9CygaDgo0/AAAAAAAAAAI/AAAAAAAAAA8/r9LW60dotKk/s28-c-k-no/28d86b13-548b-47f9-9504-887a2096f7a7.jpg]
[lh3.googleusercontent.com/proxy/unnamed.png]
[lh3.googleusercontent.com/-36vVPzWGLfE/AAAAAAAAAAI/AAAAAAAAAkI/84UXi8vVoBk/s28-c-k-no/IMG_16122014_164636.jpg]
[lh3.googleusercontent.com/-TSbmMO71sNI/AAAAAAAAAAI/AAAAAAAAAA0/Kmtivmjw0f0/s28-c-k-no/photo.jpg]
[developers.google.com/_static/464fb7230d/images/redesign-14/compare-no.svg]
[lh3.googleusercontent.com/-M0wbooMN2x4/VW3z5zKQGWI/AAAAAAAAU0M/8gwAVFvwaC4/s630-fcrop64=1,02c80000ffffff60/02_g+_4banner_generic.png]
[lh3.googleusercontent.com/-7cVc2G4F1qg/VYyC9-VJg_I/AAAAAAAAU9w/8cUf3k0rYo0/w426-h240/100Days-25.gif]
[lh3.googleusercontent.com/-36a15ARD92E/AAAAAAAAAAI/AAAAAAAAUdI/W2Kr1a7YgHs/s28-c-k-no/photo.png]
[lh3.googleusercontent.com/-9yESIa0sOHE/AAAAAAAAAAI/AAAAAAAAAFI/AGwSqpdyjYs/s28-c-k-no/photo.jpg]
[lh3.googleusercontent.com/proxy/unnamed-2.jpg]
[lh3.googleusercontent.com/-Td23URYAclA/AAAAAAAAAAI/AAAAAAAByi8/G7cq2_ZQuCY/s28-c-k-no/2ac993e2-a6d7-4aef-a002-107ed36c4e41.jpg]
[lh3.googleusercontent.com/-3Ij-iC_bxt8/AAAAAAAAAAI/AAAAAAAAABY/4O0Jm5gPTsQ/s28-c-k-no/photo.jpg]
[lh3.googleusercontent.com/-A3wLnyOwmvo/AAAAAAAAAAI/AAAAAAAABHU/UmeZ1by_GMI/s28-c-k-no/Football_Photo.jpg]
[lh3.googleusercontent.com/-kWG1gXuChIU/AAAAAAAAAAI/AAAAAAAAAWc/JCwAC4jFkck/s28-c-k-no/5360b8fa-af97-4a2d-886f-003eb3db9d4b.jpg]
[lh3.googleusercontent.com/proxy/unnamed-3.jpg]
[lh3.googleusercontent.com/-kxsvWYFEJP4/AAAAAAAAAAI/AAAAAAAARz0/m66bxNA9qdk/s28-c-k-no/photo.jpg]
[lh3.googleusercontent.com/-jQkRuWzMca8/AAAAAAAAAAI/AAAAAAAAJjQ/XHjWljPf9-8/s28-c-k-no/photo.jpg]
[lh3.googleusercontent.com/-rzAod_vLlGQ/AAAAAAAAAAI/AAAAAAAAANA/p8fKm-Wv7eU/s28-c-k-no/photo.png]
[lh3.googleusercontent.com/-5TaiygVIJ04/AAAAAAAAAAI/AAAAAAAAABs/G03oNEhJgKY/s28-c-k-no/photo.png]
[lh3.googleusercontent.com/-0CWpqLvlncQ/AAAAAAAAAAI/AAAAAAABcxE/AbMfrSL2LqU/s28-c-k-no/photo.jpg]
[lh3.googleusercontent.com/proxy/unnamed-2.png]
[developers.google.com/_static/464fb7230d/images/redesign-14/compare-yes.svg]
[lh3.googleusercontent.com/-W6_W_KhM5nM/AAAAAAAAAAI/AAAAAAAAAn0/E-sSE6W2BFk/s28-c-k-no/f9a40c5b-9d81-4068-b127-5e6def478fe3.jpg]
[lh3.googleusercontent.com/-CUYiShi6n68/AAAAAAAAAAI/AAAAAAAAF1w/uxqzeOtvJbo/s28-c-k-no/photo.jpg]
[lh3.googleusercontent.com/-pLiF_x1lPMY/AAAAAAAAAAI/AAAAAAAABWo/MC-8WRk2acE/s28-c-k-no/photo.png]
[lh3.googleusercontent.com/-fb1kFHZVpfs/AAAAAAAAAAI/AAAAAAAAXBg/YlhF8CfE6ak/s28-c-k-no/photo.jpg]
[lh3.googleusercontent.com/-GHRTwGW0wCQ/AAAAAAAAAAI/AAAAAAAAWiA/KHwz7yokj_w/s28-c-k-no/63ef2186-021b-463e-ab3b-01981630accf.jpg]
[lh3.googleusercontent.com/-1hVqw4SZRGo/AAAAAAAAAAI/AAAAAAAAAAA/EUieJteWSvU/s46-c-k-no/photo.png]
[lh3.googleusercontent.com/-okcYUyburGY/AAAAAAAAAAI/AAAAAAAAAAA/Q6NvvAnKTJQ/s46-c-k-no/photo.jpg]
[lh3.googleusercontent.com/-iQIlH22i6hw/AAAAAAAAAAI/AAAAAAAAAAA/gC3i2T91Wbc/s46-c-k-no/photo.jpg]
[lh3.googleusercontent.com/-BgbpmJxnjwc/AAAAAAAAAAI/AAAAAAAAAAA/ni7D5pooGuI/s46-c-k-no/7841_d810a_Gorilla_Branders_QuickComply_Scotts_Valley_Business_Portrait_Photography.jpg]
[lh3.googleusercontent.com/-bW6vmT4BJnc/AAAAAAAAAAI/AAAAAAAAAXE/Itc8eaP24sE/s28-c-k-no/photo.jpg]
[developers.google.com/_static/464fb7230d/images/redesign-14/aside-note.svg]
[lh3.googleusercontent.com/-YdoaGXZ9VM4/AAAAAAAAAAI/AAAAAAAAAB8/ACB3PMLBEoU/s28-c-k-no/photo.png]
[lh3.googleusercontent.com/-c5NsWb-ArSc/AAAAAAAAAAI/AAAAAAAAAAA/kWvzJ99r0-E/s46-c-k-no/photo.png]
[lh3.googleusercontent.com/-aTB2fJX0uL4/AAAAAAAAAAI/AAAAAAAAAAA/Yl-GbfCKHqw/s46-c-k-no/photo.png]
[lh3.googleusercontent.com/-vb8Xsv2zizk/AAAAAAAAAAI/AAAAAAAAAAA/X1Uy8eldkVs/s46-c-k-no/photo.png]
[lh3.googleusercontent.com/-Ejfi465MvqI/AAAAAAAAAAI/AAAAAAAAAAA/SzpULbq7DtQ/s46-c-k-no/photo.jpg]
[lh3.googleusercontent.com/-KK7BNrECkh8/AAAAAAAAAAI/AAAAAAAAAAA/iN7Y8J8OPmM/s46-c-k-no/photo.png]
[developers.google.com/_static/464fb7230d/images/redesign-14/aside-caution.svg]
[lh3.googleusercontent.com/-0xJNfY68VVI/AAAAAAAAAAI/AAAAAAAAABQ/YQA5-mLbCNE/s46-c-k/logo_cardboard_color_2x_web_512dp_big.png]
[lh3.googleusercontent.com/-s6cVw7SNdFU/AAAAAAAAAAI/AAAAAAAAAAA/7w8g1ERaW_c/s46-c-k-no/photo.jpg]
[lh3.googleusercontent.com/-LpTIWHMhLfw/AAAAAAAAAAI/AAAAAAAAAAY/FuZF7CfnSBA/s46-c-k/photo.png]
[lh3.googleusercontent.com/-zgS6wO9Wc7E/AAAAAAAAAAI/AAAAAAAAAAA/gI7h0NeXF00/s46-c-k-no/Jun 23, 2015 5_02_16 PM.jpg]
[lh3.googleusercontent.com/-0tRWB6MRwJM/AAAAAAAAAAI/AAAAAAAAACc/p51eGerdjPQ/s46-c-k/photo.png]
[lh3.googleusercontent.com/proxy/unnamed-4.jpg]
[lh3.googleusercontent.com/-bAEBxQ3NwGs/AAAAAAAAAAI/AAAAAAAAB78/NmGpT7gCeVg/s28-c-k-no/photo.jpg]
[lh3.googleusercontent.com/-lNokgLLtoeY/AAAAAAAAAAI/AAAAAAAAArI/Wd-n0fgJHuI/s28-c-k-no/photo.png]
[lh3.googleusercontent.com/-VVTKBPcrr_4/AAAAAAAAAAI/AAAAAAAA3FI/Addeu2S058k/s28-c-k-no/photo.jpg]
[lh3.googleusercontent.com/-dGJcpcW02-I/AAAAAAAAAAI/AAAAAAAABF4/LJF1UlzWg-k/s28-c-k-no/035113ba-b9f7-4e42-bd9c-a42ce3b94283.jpg]
[lh3.googleusercontent.com/proxy/unnamed-5.jpg]
[lh3.googleusercontent.com/-TlWdRsPg_rM/AAAAAAAAAAI/AAAAAAAAOYo/8rsq7bjSJgk/s28-c-k-no/dbe645b2-df8b-4b54-86f7-a2253e415c52.jpg]
[lh3.googleusercontent.com/-iBrLXKQJssU/AAAAAAAAAAI/AAAAAAAACK8/YtLqIP1uSvY/s28-c-k-no/photo.jpg]
[lh4.googleusercontent.com/proxy/unnamed.png]
[lh3.googleusercontent.com/-evaEDiKn9Bw/AAAAAAAAAAI/AAAAAAAASrQ/kPkc8HMiUMg/s28-c-k-no/photo.jpg]
[lh3.googleusercontent.com/-lhGVJJ74jUE/AAAAAAAAAAI/AAAAAAAAAAA/jAWOoHYS0BQ/s46-c-k-no/photo.jpg]
[lh3.googleusercontent.com/-rSYZ-s57atM/AAAAAAAAAAI/AAAAAAAAAFw/vBFPF2s4KLo/s28-c-k-no/photo.jpg]
[lh3.googleusercontent.com/-HUD0jo7_UfM/AAAAAAAAAAI/AAAAAAAAAIg/DKNzh0ajjN4/s28-c-k-no/photo.jpg]
[lh3.googleusercontent.com/proxy/unnamed-6.jpg]
[developers.google.com/_static/464fb7230d/images/redesign-14/aside-special.svg]
[lh3.googleusercontent.com/-NS4UIUiYFl0/AAAAAAAAAAI/AAAAAAAAMVw/HEnIKcIG_g4/s28-c-k-no/photo.jpg]
[lh3.googleusercontent.com/-4OVuC2XMy6E/AAAAAAAAAAI/AAAAAAAALF4/yn0kXKsM_Eg/s28-c-k-no/四色logo-r-w.png]
[lh3.googleusercontent.com/-V7DwSP8p2Sc/AAAAAAAAAAI/AAAAAAAAAqw/HxILfJ3GGOA/s28-c-k-no/IMG_20150527_011747.jpg]
[lh3.googleusercontent.com/proxy/unnamed-7.jpg]
[lh3.googleusercontent.com/-5p_K0zeK8ks/AAAAAAAAAAI/AAAAAAAAAAg/kmpeuyXq9Ak/s28-c-k-no/photo.jpg]
[lh3.googleusercontent.com/-3a5LVUZ0rQ0/AAAAAAAAAAI/AAAAAAAAABA/arW67MGV5ww/s28-c-k-no/photo.jpg]
[lh3.googleusercontent.com/--ci_hk0grkw/AAAAAAAAAAI/AAAAAAAABDE/ORbSqT4y7Qs/s28-c-k-no/photo.jpg]
[lh3.googleusercontent.com/-Obn9uahb0Tg/AAAAAAAAAAI/AAAAAAAAAKA/dSBJ2nmCIsQ/s28-c-k-no/photo.png]
[lh3.googleusercontent.com/proxy/unnamed-8.jpg]
[developers.google.com/_static/464fb7230d/images/redesign-14/aside-warning.svg]
[lh3.googleusercontent.com/-EEVO4HbUiDI/AAAAAAAAAAI/AAAAAAAACaE/9sfPuFn59OE/s28-c-k-no/photo.jpg]
[lh3.googleusercontent.com/-f2p3kMGhV48/AAAAAAAAAAI/AAAAAAAAAJk/DAXvyDsnGTI/s28-c-k-no/photo.jpg]
[developers.google.com/_static/464fb7230d/images/redesign-14/banner-warning.svg]
[lh3.googleusercontent.com/-C9Feof_ezik/AAAAAAAAAAI/AAAAAAAATQo/-PlxZxs79hY/s28-c-k-no/photo.jpg]
[lh3.googleusercontent.com/io15-hashtag.png]
[lh3.googleusercontent.com/015-Extending--Native--Elements-V7.png]
[lh3.googleusercontent.com/100-days-banner-small-icon.jpg]
[lh3.googleusercontent.com/-0xJNfY68VVI/AAAAAAAAAAI/AAAAAAAAABQ/YQA5-mLbCNE/s46-c-k-no/logo_cardboard_color_2x_web_512dp_big.png]
[lh3.googleusercontent.com/-LpTIWHMhLfw/AAAAAAAAAAI/AAAAAAAAAAY/FuZF7CfnSBA/s46-c-k-no/photo.png]
[lh3.googleusercontent.com/-0tRWB6MRwJM/AAAAAAAAAAI/AAAAAAAAACc/p51eGerdjPQ/s46-c-k-no/photo.png]
[s2.googleusercontent.com/s2/faviconsc139.png]
[s2.googleusercontent.com/s2/faviconscdb3.png]
[s2.googleusercontent.com/s2/favicons60c1.png]
[s2.googleusercontent.com/s2/favicons8149.png]
[developers.google.com/edu/python/google-python-exercises.zip]
[developers.google.com/edu/python/images/hello.png]
[lh3.googleusercontent.com/-m8pfMAPoDhM/AAAAAAAAAAI/AAAAAAAA04s/nN64FQNT9dw/s28-c-k-no/photo.png]
[developers.google.com/edu/python/images/list2.png]
[lh3.googleusercontent.com/-tTcAevsr_9I/AAAAAAAAAAI/AAAAAAAAAAo/KJGbNkDj0ms/s28-c-k-no/ff0f839b-1c93-4020-bd5e-7f6f2073ab7c.jpg]
[developers.google.com/edu/python/images/list1.png]
[developers.google.com/_static/464fb7230d/images/redesign-14/checkbox.svg]
[developers.google.com/edu/python/images/sorted-key.png]
[developers.google.com/edu/python/images/dict.png]
[developers.google.com/_static/464fb7230d/images/redesign-14/button-down-black.svg]
[developers.google.com/_static/464fb7230d/images/redesign-14/button-down-grey.svg]
[developers.google.com/_static/464fb7230d/images/redesign-14/search-btn-white.svg]
[developers.google.com/_static/464fb7230d/images/redesign-14/search-btn-black.svg]
[developers.google.com/_static/464fb7230d/images/redesign-14/cancel-grey.svg]
[developers.google.com/_static/464fb7230d/images/redesign-14/breadcrumb-black.svg]
[developers.google.com/_static/464fb7230d/images/redesign-14/nav-status-deprecated.svg]
[developers.google.com/_static/464fb7230d/images/redesign-14/nav-status-experimental.svg]
[developers.google.com/_static/464fb7230d/images/redesign-14/nav-status-new.svg]
[developers.google.com/_static/464fb7230d/images/redesign-14/button-down-dark-grey.svg]
[developers.google.com/_static/464fb7230d/images/redesign-14/explorer-cancel-white.svg]
[developers.google.com/_static/464fb7230d/images/credentials-spinner.svg]
[gstatic.com/images/icons/material/system/2x/close_grey600_16dp.png]
[gstatic.com/images/icons/material/system/2x/bug_report_white_24dp.png]
[gstatic.com/images/icons/material/system/2x/mode_edit_white_24dp.png]
[gstatic.com/images/icons/material/system/2x/swap_horiz_white_24dp.png]
[developers.google.com/_static/images/ic_star_outline_24px.svg]
[developers.google.com/_static/images/ic_star_24px.svg]
[developers.google.com/_static/464fb7230d/images/redesign-14/expandable-show.svg]
[developers.google.com/_static/464fb7230d/images/redesign-14/expandable-hide.svg]
[developers.google.com/_static/464fb7230d/images/redesign-14/explorer-switch-off.svg]
[developers.google.com/_static/464fb7230d/images/redesign-14/explorer-switch-on.svg]
[developers.google.com/_static/464fb7230d/images/redesign-14/explorer-warning-red.svg]
[developers.google.com/_static/464fb7230d/images/redesign-14/explorer-warning-blue.svg]
[developers.google.com/_static/464fb7230d/images/redesign-14/explorer-warning-yellow.svg]
[developers.google.com/_static/464fb7230d/images/redesign-14/explorer-add-grey.svg]
[developers.google.com/_static/464fb7230d/images/redesign-14/explorer-cancel-grey.svg]
[developers.google.com/_static/464fb7230d/images/redesign-14/explorer-info-grey.svg]
[developers.google.com/_static/464fb7230d/css/devsite-cyan.css]
[developers.google.com/_static/464fb7230d/images/redesign-14/devsite-logo-white-icon.svg]
[developers.google.com/_static/464fb7230d/images/redesign-14/devsite-logo-white-wordmark.svg]
[developers.google.com/_static/464fb7230d/images/redesign-14/compare-no.svg]
[developers.google.com/_static/464fb7230d/images/redesign-14/compare-yes.svg]
[developers.google.com/_static/464fb7230d/images/redesign-14/aside-note.svg]
[developers.google.com/_static/464fb7230d/images/redesign-14/aside-caution.svg]
[developers.google.com/_static/464fb7230d/images/redesign-14/aside-dogfood.svg]
[developers.google.com/_static/464fb7230d/images/redesign-14/aside-special.svg]
[developers.google.com/_static/464fb7230d/images/redesign-14/aside-warning.svg]
[developers.google.com/_static/464fb7230d/images/redesign-14/banner-warning.svg]
[developers.google.com/_static/464fb7230d/images/redesign-14/checkbox.svg]
[developers.google.com/_static/464fb7230d/images/redesign-14/button-down-black.svg]
[developers.google.com/_static/464fb7230d/images/redesign-14/button-down-grey.svg]
[developers.google.com/_static/464fb7230d/images/redesign-14/search-btn-white.svg]
[developers.google.com/_static/464fb7230d/images/redesign-14/search-btn-black.svg]
[developers.google.com/_static/464fb7230d/images/redesign-14/cancel.svg]
[developers.google.com/_static/464fb7230d/images/redesign-14/cancel-grey.svg]
[developers.google.com/_static/464fb7230d/images/redesign-14/history.svg]
[developers.google.com/_static/464fb7230d/images/redesign-14/breadcrumb.svg]
[developers.google.com/_static/464fb7230d/images/redesign-14/breadcrumb-black.svg]
[developers.google.com/_static/464fb7230d/images/redesign-14/nav-status-generic.svg]
[developers.google.com/_static/464fb7230d/images/redesign-14/nav-status-deprecated.svg]
[developers.google.com/_static/464fb7230d/images/redesign-14/nav-status-experimental.svg]
[developers.google.com/_static/464fb7230d/images/redesign-14/nav-status-external.svg]
[developers.google.com/_static/464fb7230d/images/redesign-14/nav-status-new.svg]
[developers.google.com/_static/464fb7230d/images/redesign-14/nav-arrow-down.svg]
[developers.google.com/_static/464fb7230d/images/redesign-14/ic_menu_24px.svg]
[developers.google.com/_static/464fb7230d/images/redesign-14/button-down-dark-grey.svg]
[developers.google.com/_static/464fb7230d/images/redesign-14/explorer-cancel-white.svg]
[developers.google.com/_static/464fb7230d/images/credentials-spinner.svg]
[developers.google.com/_static/images/ic_star_outline_24px.svg]
[developers.google.com/_static/images/ic_star_24px.svg]
[developers.google.com/_static/464fb7230d/images/redesign-14/expandable-show.svg]
[developers.google.com/_static/464fb7230d/images/redesign-14/expandable-hide.svg]
[developers.google.com/_static/464fb7230d/images/redesign-14/explorer-switch-off.svg]
[developers.google.com/_static/464fb7230d/images/redesign-14/explorer-switch-on.svg]
[developers.google.com/_static/464fb7230d/images/redesign-14/explorer-warning-red.svg]
[developers.google.com/_static/464fb7230d/images/redesign-14/explorer-warning-blue.svg]
[developers.google.com/_static/464fb7230d/images/redesign-14/explorer-warning-yellow.svg]
[developers.google.com/_static/464fb7230d/images/redesign-14/explorer-add-grey.svg]
[developers.google.com/_static/464fb7230d/images/redesign-14/explorer-cancel-grey.svg]
[developers.google.com/_static/464fb7230d/images/redesign-14/explorer-info-grey.svg]
[developers.google.com/_static/464fb7230d/images/gdg-directory-incubating-marker.png]
[ssl.gstatic.com/s2/oz/images/faviconr3.ico]
[ajax.googleapis.com/ajax/libs/jquery/2.1.1/jquery.min.js]
[www.gstatic.com/feedback/api.js]
[ajax.googleapis.com/ajax/libs/jqueryui/1.9.2/jquery-ui.min.js]
