[www.tutorialspoint.com/angularjs/index.html]
[backblue.gif]
[fade.gif]
[index.html]
[www.tutorialspoint.com/favicon.ico]
[cdn.tutorialspoint.com/theme/css/fonts/font-awesome/css/font-awesome.css]
[cdn.tutorialspoint.com/theme/css/custom-mini.css]
[cdn.tutorialspoint.com/theme/prettify.js]
[cdn.tutorialspoint.com/theme/js/jquery.js]
[cdn.tutorialspoint.com/theme/vendor/modernizr.js]
[www.tutorialspoint.com/images/pattern.png]
[www.tutorialspoint.com/angularjs/images/logo.png]
[www.tutorialspoint.com/images/free-training.png]
[www.tutorialspoint.com/angularjs/images/angularjs-mini-logo.jpg]
[www.tutorialspoint.com/angularjs/angularjs_overview.html]
[www.tutorialspoint.com/angularjs/angularjs_environment.html]
[www.tutorialspoint.com/angularjs/angularjs_mvc_architecture.html]
[www.tutorialspoint.com/angularjs/angularjs_first_application.html]
[www.tutorialspoint.com/angularjs/angularjs_directives.html]
[www.tutorialspoint.com/angularjs/angularjs_expressions.html]
[www.tutorialspoint.com/angularjs/angularjs_controllers.html]
[www.tutorialspoint.com/angularjs/angularjs_filters.html]
[www.tutorialspoint.com/angularjs/angularjs_tables.html]
[www.tutorialspoint.com/angularjs/angularjs_html_dom.html]
[www.tutorialspoint.com/angularjs/angularjs_modules.html]
[www.tutorialspoint.com/angularjs/angularjs_forms.html]
[www.tutorialspoint.com/angularjs/angularjs_includes.html]
[www.tutorialspoint.com/angularjs/angularjs_ajax.html]
[www.tutorialspoint.com/angularjs/angularjs_views.html]
[www.tutorialspoint.com/angularjs/angularjs_scopes.html]
[www.tutorialspoint.com/angularjs/angularjs_services.html]
[www.tutorialspoint.com/angularjs/angularjs_dependency_injection.html]
[www.tutorialspoint.com/angularjs/angularjs_custom_directives.html]
[www.tutorialspoint.com/angularjs/angularjs_internalization.html]
[www.tutorialspoint.com/angularjs/angularjs_quick_guide.html]
[www.tutorialspoint.com/angularjs/angularjs_useful_resources.html]
[www.tutorialspoint.com/angularjs/angularjs_discussion.html]
[www.tutorialspoint.com/angularjs/images/angularjs.jpg]
[www.tutorialspoint.com/angularjs/angularjs_pdf_version.html]
[pagead2.googlesyndication.com/pagead/f.txt]
[cdn.tutorialspoint.com/images/apple_store.png]
[cdn.tutorialspoint.com/images/google_play.png]
[cdn.tutorialspoint.com/images/windows_store.png]
[cdn.tutorialspoint.com/scripts/img/logo-footer.png]
[cdn.tutorialspoint.com/theme/js/custom-mini.js]
[www.google-analytics.com/urchin.js]
[cdn.tutorialspoint.com/theme/js/jquery.colorbox-min.js]
[s7.addthis.com/js/300/addthis_widget.js]
[www.tutorialspoint.com/angularjs/try_angularjs.html]
[www.tutorialspoint.com/angularjs/index.html]
[www.tutorialspoint.com/angularjs/images/try-it.jpg]
[fonts.googleapis.com/cssf1e9.css]
[pagead2.googlesyndication.com/pagead/js/f.txt]
[www.tutorialspoint.com/angularjs/angularjs_overview.html]
[www.tutorialspoint.com/angularjs/images/angularjs_concepts.jpg]
[www.tutorialspoint.com/angularjs/images/angularjs_environment_download.jpg]
[www.tutorialspoint.com/angularjs/images/angularjs_environment_download1.jpg]
[www.tutorialspoint.com/angularjs/angularjs_environment.html]
[www.tutorialspoint.com/angularjs/images/angularjs_environment_example_output.jpg]
[www.tutorialspoint.com/angularjs/angularjs_mvc_architecture.html]
[www.tutorialspoint.com/angularjs/images/angularjs_mvc.jpg]
[www.tutorialspoint.com/angularjs/angularjs_first_application.html]
[www.tutorialspoint.com/angularjs/images/angularjs_sample.jpg]
[www.tutorialspoint.com/angularjs/angularjs_directives.html]
[www.tutorialspoint.com/angularjs/images/angularjs_directives.jpg]
[www.tutorialspoint.com/angularjs/angularjs_expressions.html]
[www.tutorialspoint.com/angularjs/images/angularjs_expressions.jpg]
[www.tutorialspoint.com/angularjs/angularjs_controllers.html]
[www.tutorialspoint.com/angularjs/images/angularjs_controller.jpg]
[www.tutorialspoint.com/angularjs/angularjs_filters.html]
[www.tutorialspoint.com/angularjs/images/angularjs_filters.jpg]
[www.tutorialspoint.com/angularjs/angularjs_tables.html]
[www.tutorialspoint.com/angularjs/images/angularjs_tables.jpg]
[www.tutorialspoint.com/angularjs/angularjs_html_dom.html]
[www.tutorialspoint.com/angularjs/angularjs_modules.html]
[www.tutorialspoint.com/angularjs/images/angularjs_htmldom.jpg]
[www.tutorialspoint.com/angularjs/angularjs_forms.html]
[www.tutorialspoint.com/angularjs/images/angularjs_forms.jpg]
[www.tutorialspoint.com/angularjs/angularjs_includes.html]
[www.tutorialspoint.com/angularjs/images/angularjs_includes.jpg]
[www.tutorialspoint.com/angularjs/angularjs_ajax.html]
[www.tutorialspoint.com/angularjs/images/angularjs_httprequest.jpg]
[www.tutorialspoint.com/angularjs/angularjs_views.html]
[www.tutorialspoint.com/angularjs/images/angularjs_views.jpg]
[www.tutorialspoint.com/angularjs/angularjs_scopes.html]
[www.tutorialspoint.com/angularjs/images/angularjs_scopes.jpg]
[www.tutorialspoint.com/angularjs/angularjs_services.html]
[www.tutorialspoint.com/angularjs/images/angularjs_services.jpg]
[www.tutorialspoint.com/angularjs/angularjs_dependency_injection.html]
[www.tutorialspoint.com/angularjs/images/angularjs_dependency_injection.jpg]
[www.tutorialspoint.com/angularjs/angularjs_custom_directives.html]
[www.tutorialspoint.com/angularjs/images/angularjs_custom_directive.jpg]
[www.tutorialspoint.com/angularjs/images/angularjs_internalization.jpg]
[www.tutorialspoint.com/angularjs/angularjs_internalization.html]
[www.tutorialspoint.com/angularjs/images/angularjs_internalization1.jpg]
[www.tutorialspoint.com/angularjs/angularjs_quick_guide.html]
[www.tutorialspoint.com/angularjs/angularjs_httprequest.html]
[ecx.images-amazon.com/images/I/51jNjr8ruRL._AA160_.jpg]
[ecx.images-amazon.com/images/I/51rYlMsf49L._AA160_.jpg]
[ecx.images-amazon.com/images/I/51KdpP6t4XL._AA160_.jpg]
[ecx.images-amazon.com/images/I/51bInPtNDwL._AA160_.jpg]
[ecx.images-amazon.com/images/I/41tVsGAB0cL._AA160_.jpg]
[ecx.images-amazon.com/images/I/511QTZ-VXJL._AA160_.jpg]
[www.tutorialspoint.com/angularjs/angularjs_useful_resources.html]
[www.tutorialspoint.com/angularjs/angularjs_discussion.html]
[connect.facebook.net/en_US/sdk.js]
[www.paypalobjects.com/en_GB/i/btn/btn_buynowCC_LG.gif]
[www.paypalobjects.com/en_GB/i/scr/pixel.gif]
[www.tutorialspoint.com/angularjs/angularjs_tutorial.pdf]
[www.tutorialspoint.com/angularjs/angularjs_pdf_version.html]
[www.tutorialspoint.com/angularjs/images/pdf.jpg]
[www.tutorialspoint.com/scripts/easyui/jquery-1.8.1.min.js]
[www.tutorialspoint.com/scripts/easyui/jquery.easyui.min.js]
[www.tutorialspoint.com/scripts/jquery.ba-resize.min.js]
[www.tutorialspoint.com/images/final-logo.png]
[www.tutorialspoint.com/images/loading.gif]
[www.tutorialspoint.com/angularjs/try_angularjs.html]
[www.tutorialspoint.com/angularjs/angularjs_httprequest.html]
[www.tutorialspoint.com/ace/src-min/ace.js]
[cdn.tutorialspoint.com/theme/js/jquery.js]
[cdn.tutorialspoint.com/theme/css/fonts/font-awesome/css/font-awesome.css]
[cdn.tutorialspoint.com/theme/prettify.js]
[cdn.tutorialspoint.com/theme/vendor/modernizr.js]
[cdn.tutorialspoint.com/images/pattern.png]
[cdn.tutorialspoint.com/images/link-icon.png]
[cdn.tutorialspoint.com/images/loading.gif]
[cdn.tutorialspoint.com/images/absolute-classes.png]
[cdn.tutorialspoint.com/images/absolute-classes-h.png]
[cdn.tutorialspoint.com/images/tutor.png]
[cdn.tutorialspoint.com/images/tutor-h.png]
[cdn.tutorialspoint.com/images/hook.png]
[cdn.tutorialspoint.com/images/cdgrnd-sprite.jpg]
[cdn.tutorialspoint.com/theme/img/map-top.png]
[cdn.tutorialspoint.com/theme/img/map-bottom.png]
[cdn.tutorialspoint.com/theme/img/home-concept.png]
[www.tutorialspoint.com/angularjs/images/angularjs-mini-logo.jpg]
[www.tutorialspoint.com/angularjs/images/angularjs.jpg]
[cdn.tutorialspoint.com/theme/img/home-concept-icons.png]
[cdn.tutorialspoint.com/theme/img/social-sprites.png]
[cdn.tutorialspoint.com/images/link.png]
[cdn.tutorialspoint.com/images/hits.gif]
[cdn.tutorialspoint.com/images/list-icon.png]
[cdn.tutorialspoint.com/images/apple_store.png]
[cdn.tutorialspoint.com/images/icon-bullet.png]
[cdn.tutorialspoint.com/images/sprite.png]
[cdn.tutorialspoint.com/images/google_play.png]
[cdn.tutorialspoint.com/images/controls.png]
[cdn.tutorialspoint.com/theme/css/custom-mini.css]
[cdn.tutorialspoint.com/images/windows_store.png]
[cdn.tutorialspoint.com/scripts/img/logo-footer.png]
[cdn.tutorialspoint.com/theme/js/custom-mini.js]
[s7.addthis.com/js/300/addthis_widget.js]
[www.tutorialspoint.com/angularjs/angularjs_overview.html]
[www.tutorialspoint.com/angularjs/images/try-it.jpg]
[cdn.tutorialspoint.com/theme/js/jquery.colorbox-min.js]
[www.tutorialspoint.com/angularjs/images/angularjs_concepts.jpg]
[www.tutorialspoint.com/angularjs/images/angularjs_environment_download.jpg]
[www.tutorialspoint.com/angularjs/images/angularjs_environment_download1.jpg]
[www.tutorialspoint.com/angularjs/angularjs_pdf_version.html]
[www.tutorialspoint.com/angularjs/try_angularjs.html]
[ecx.images-amazon.com/images/I/51jNjr8ruRL._AA160_.jpg]
[ecx.images-amazon.com/images/I/51rYlMsf49L._AA160_.jpg]
[ecx.images-amazon.com/images/I/51KdpP6t4XL._AA160_.jpg]
[ecx.images-amazon.com/images/I/51bInPtNDwL._AA160_.jpg]
[ecx.images-amazon.com/images/I/41tVsGAB0cL._AA160_.jpg]
[www.tutorialspoint.com/angularjs/angularjs_httprequest.html]
[www.tutorialspoint.com/angularjs/%s/profile.734d6d.delayed]
[connect.facebook.net/en_US/sdk.js]
[www.tutorialspoint.com/angularjs/images/pdf.jpg]
[www.tutorialspoint.com/scripts/easyui/jquery-1.8.1.min.js]
[www.tutorialspoint.com/scripts/easyui/jquery.easyui.min.js]
[www.tutorialspoint.com/scripts/jquery.ba-resize.min.js]
[www.tutorialspoint.com/ace/src-min/ace.js]
[cdn.tutorialspoint.com/images/pattern.png]
[cdn.tutorialspoint.com/images/link-icon.png]
[cdn.tutorialspoint.com/images/loading.gif]
[cdn.tutorialspoint.com/images/absolute-classes.png]
[cdn.tutorialspoint.com/images/absolute-classes-h.png]
[cdn.tutorialspoint.com/images/tutor.png]
[cdn.tutorialspoint.com/images/tutor-h.png]
[cdn.tutorialspoint.com/images/hook.png]
[cdn.tutorialspoint.com/images/cdgrnd-sprite.jpg]
[cdn.tutorialspoint.com/theme/img/map-top.png]
[cdn.tutorialspoint.com/theme/img/map-bottom.png]
[cdn.tutorialspoint.com/theme/img/home-concept.png]
[cdn.tutorialspoint.com/theme/img/home-concept-icons.png]
[cdn.tutorialspoint.com/theme/img/social-sprites.png]
[www.paypalobjects.com/en_GB/i/scr/pixel.gif]
[www.paypalobjects.com/en_GB/i/btn/btn_buynowCC_LG.gif]
[cdn.tutorialspoint.com/images/link.png]
[cdn.tutorialspoint.com/images/hits.gif]
[cdn.tutorialspoint.com/images/list-icon.png]
[cdn.tutorialspoint.com/images/icon-bullet.png]
[cdn.tutorialspoint.com/images/sprite.png]
[cdn.tutorialspoint.com/images/controls.png]
[cdn.tutorialspoint.com/images/loading-cg.gif]
[www.tutorialspoint.com/angularjs/ABCDEFGHIJKLMNOPQRSTUVWXYZabcdefghijklmnopqrstuvwxyz0123456789+/index.html]
[www.tutorialspoint.com/angularjs/dialog/index.html]
[www.tutorialspoint.com/scripts/easyui/themes/gray/images/blank.gif]
[www.tutorialspoint.com/scripts/easyui/themes/gray/images/loading.gif]
[www.tutorialspoint.com/scripts/easyui/themes/gray/images/panel_tools.png]
[www.tutorialspoint.com/scripts/easyui/themes/gray/images/accordion_arrows.png]
[www.tutorialspoint.com/scripts/easyui/themes/gray/images/combo_arrow.png]
[www.tutorialspoint.com/scripts/easyui/themes/gray/images/layout_arrows.png]
[www.tutorialspoint.com/scripts/easyui/themes/gray/images/tabs_icons.png]
[www.tutorialspoint.com/scripts/easyui/themes/gray/images/linkbutton_bg.png]
[www.tutorialspoint.com/scripts/easyui/themes/gray/images/datagrid_icons.png]
[www.tutorialspoint.com/scripts/easyui/themes/gray/images/pagination_icons.png]
[www.tutorialspoint.com/scripts/easyui/themes/gray/images/calendar_arrows.png]
[www.tutorialspoint.com/scripts/easyui/themes/gray/images/datebox_arrow.png]
[www.tutorialspoint.com/scripts/easyui/themes/gray/images/spinner_arrows.png]
[www.tutorialspoint.com/scripts/easyui/themes/gray/images/searchbox_button.png]
[www.tutorialspoint.com/scripts/easyui/themes/gray/images/slider_handle.png]
[www.tutorialspoint.com/scripts/easyui/themes/gray/images/menu_arrows.png]
[www.tutorialspoint.com/scripts/easyui/themes/gray/images/messager_icons.png]
[www.tutorialspoint.com/scripts/easyui/themes/gray/images/tree_icons.png]
[www.tutorialspoint.com/scripts/easyui/themes/gray/images/validatebox_warning.png]
[www.tutorialspoint.com/scripts/easyui/themes/gray/easyui.css]
[www.tutorialspoint.com/scripts/easyui/themes/gray/images/validatebox_arrows.png]
[www.tutorialspoint.com/scripts/easyui/themes/icons/english.png]
[www.tutorialspoint.com/scripts/easyui/themes/icons/english-us.png]
[www.tutorialspoint.com/scripts/easyui/themes/icons/polish.png]
[www.tutorialspoint.com/scripts/easyui/themes/icons/german.png]
[www.tutorialspoint.com/scripts/easyui/themes/icons/portuguese.png]
[www.tutorialspoint.com/scripts/easyui/themes/icons/chinese.png]
[www.tutorialspoint.com/scripts/easyui/themes/icons/japanese.png]
[www.tutorialspoint.com/scripts/easyui/themes/icons/french.png]
[www.tutorialspoint.com/scripts/easyui/themes/icons/spanish.png]
[www.tutorialspoint.com/scripts/easyui/themes/icons/russia.png]
[www.tutorialspoint.com/scripts/easyui/themes/icons/blank.gif]
[www.tutorialspoint.com/scripts/easyui/themes/icons/about.png]
[www.tutorialspoint.com/scripts/easyui/themes/icons/download.png]
[www.tutorialspoint.com/scripts/easyui/themes/icons/result.png]
[www.tutorialspoint.com/scripts/easyui/themes/icons/home.png]
[www.tutorialspoint.com/scripts/easyui/themes/icons/languages.png]
[www.tutorialspoint.com/scripts/easyui/themes/icons/compile.png]
[www.tutorialspoint.com/scripts/easyui/themes/icons/edit_add.png]
[www.tutorialspoint.com/scripts/easyui/themes/icons/pencil.png]
[www.tutorialspoint.com/scripts/easyui/themes/icons/edit_remove.png]
[www.tutorialspoint.com/scripts/easyui/themes/icons/filesave.png]
[www.tutorialspoint.com/scripts/easyui/themes/icons/cut.png]
[www.tutorialspoint.com/scripts/easyui/themes/icons/ok.png]
[www.tutorialspoint.com/scripts/easyui/themes/icons/no.png]
[www.tutorialspoint.com/scripts/easyui/themes/icons/cancel.png]
[www.tutorialspoint.com/scripts/easyui/themes/icons/reload.png]
[www.tutorialspoint.com/scripts/easyui/themes/icons/search.png]
[www.tutorialspoint.com/scripts/easyui/themes/icons/print.png]
[www.tutorialspoint.com/scripts/easyui/themes/icons/help.png]
[www.tutorialspoint.com/scripts/easyui/themes/icons/undo.png]
[www.tutorialspoint.com/scripts/easyui/themes/icons/redo.png]
[www.tutorialspoint.com/scripts/easyui/themes/icons/back.png]
[www.tutorialspoint.com/scripts/easyui/themes/icons/sum.png]
[www.tutorialspoint.com/scripts/easyui/themes/icons/tip.png]
[www.tutorialspoint.com/scripts/easyui/themes/icons/mini_add.png]
[www.tutorialspoint.com/scripts/easyui/themes/icons/mini_edit.png]
[www.tutorialspoint.com/scripts/easyui/themes/icon.css]
[www.tutorialspoint.com/scripts/col.css]
[www.tutorialspoint.com/angularjs/ABCDEFGHIJKLMNOPQRSTUVWXYZabcdefghijklmnopqrstuvwxyz0123456789+/index.html]
[www.tutorialspoint.com/angularjs/dialog/index.html]
[www.tutorialspoint.com/angularjs/%s/profile4d6d.html]
[www.tutorialspoint.com/scripts/easyui/themes/icons/mini_refresh.png]
[cdn.tutorialspoint.com/theme/img/home-concept-item.png]
[cdn.tutorialspoint.com/theme/css/fonts/font-awesome/fonts/fontawesome-webfont862f.svg]
[cdn.tutorialspoint.com/theme/css/fonts/font-awesome/fonts/fontawesome-webfont862f.svg]
