[interactivepython.org/runestone/static/thinkcspy/toc.html]
[backblue.gif]
[fade.gif]
[index.html]
[interactivepython.org/runestone/static/thinkcspy/_static/basic.css]
[interactivepython.org/runestone/static/thinkcspy/_static/pygments.css]
[interactivepython.org/runestone/static/thinkcspy/_static/bootstrap-3.0.0/css/bootstrap.min.css]
[interactivepython.org/runestone/static/thinkcspy/_static/poll.css]
[interactivepython.org/runestone/static/thinkcspy/_static/video.css]
[interactivepython.org/runestone/static/thinkcspy/_static/modal-basic.css]
[interactivepython.org/runestone/static/thinkcspy/_static/activecode.css]
[interactivepython.org/runestone/static/thinkcspy/_static/tabbedstuff.css]
[interactivepython.org/runestone/static/thinkcspy/_static/parsons.css]
[interactivepython.org/runestone/static/thinkcspy/_static/lib/prettify.css]
[interactivepython.org/runestone/static/thinkcspy/_static/jquery-ui-1.10.3.custom.min.css]
[interactivepython.org/runestone/static/thinkcspy/_static/bootstrap-sphinx.css]
[interactivepython.org/runestone/static/thinkcspy/_static/user-highlights.css]
[interactivepython.org/runestone/static/thinkcspy/_static/runestone-custom-sphinx-bootstrap.css]
[interactivepython.org/runestone/static/thinkcspy/_static/underscore.js]
[interactivepython.org/runestone/static/thinkcspy/_static/jquery.js]
[interactivepython.org/runestone/static/thinkcspy/_static/doctools.js]
[interactivepython.org/runestone/static/thinkcspy/_static/poll.js]
[interactivepython.org/runestone/static/thinkcspy/_static/jquery.ba-bbq.min.js]
[interactivepython.org/runestone/static/thinkcspy/_static/jquery.highlight.js]
[interactivepython.org/runestone/static/thinkcspy/_static/d3.v2.min.js]
[interactivepython.org/runestone/static/thinkcspy/_static/bookfuncs.js]
[interactivepython.org/runestone/static/thinkcspy/_static/jquery.jsPlumb-1.3.10-all-min.js]
[interactivepython.org/runestone/static/thinkcspy/_static/css.js]
[interactivepython.org/runestone/static/thinkcspy/_static/pytutor.js]
[interactivepython.org/runestone/static/thinkcspy/_static/python.js]
[interactivepython.org/runestone/static/thinkcspy/_static/javascript.js]
[interactivepython.org/runestone/static/thinkcspy/_static/assess.js]
[interactivepython.org/runestone/static/thinkcspy/_static/animationbase.js]
[interactivepython.org/runestone/static/thinkcspy/_static/codemirror.js]
[interactivepython.org/runestone/static/thinkcspy/_static/lib/jquery.min.js]
[interactivepython.org/runestone/static/thinkcspy/_static/skulpt-stdlib.js]
[interactivepython.org/runestone/static/thinkcspy/_static/lib/prettify.js]
[interactivepython.org/runestone/static/thinkcspy/_static/lib/underscore-min.js]
[interactivepython.org/runestone/static/thinkcspy/_static/skulpt.min.js]
[interactivepython.org/runestone/static/thinkcspy/_static/lib/jquery-ui.min.js]
[interactivepython.org/runestone/static/thinkcspy/_static/parsons.js]
[cdn.mathjax.org/mathjax/latest/MathJaxdda6.js]
[interactivepython.org/runestone/static/thinkcspy/_static/jquery-fix.js]
[interactivepython.org/runestone/static/thinkcspy/_static/bootstrap-3.0.0/js/bootstrap.min.js]
[interactivepython.org/runestone/static/thinkcspy/_static/bootstrap-sphinx.js]
[interactivepython.org/runestone/static/thinkcspy/_static/waypoints.min.js]
[interactivepython.org/runestone/static/thinkcspy/_static/rangy-core.js]
[interactivepython.org/runestone/static/thinkcspy/_static/rangy-textrange.js]
[interactivepython.org/runestone/static/thinkcspy/_static/rangy-cssclassapplier.js]
[interactivepython.org/runestone/static/thinkcspy/_static/user-highlights.js]
[interactivepython.org/runestone/static/thinkcspy/_static/jquery.idle-timer.js]
[interactivepython.org/runestone/static/thinkcspy/_static/jquery.hotkey.js]
[interactivepython.org/runestone/static/thinkcspy/_static/jquery-migrate-1.2.1.min.js]
[interactivepython.org/runestone/static/thinkcspy/index.html]
[connect.facebook.net/en_US/all.js]
[interactivepython.org/runestone/static/thinkcspy/GeneralIntro/intro-TheWayoftheProgram.html]
[interactivepython.org/runestone/static/thinkcspy/_static/processing-1.4.1.min.js]
[www.paypalobjects.com/en_US/i/btn/btn_donate_SM.gif]
[www.paypalobjects.com/en_US/i/scr/pixel.gif]
[interactivepython.org/runestone/static/thinkcspy/navhelp.html]
[interactivepython.org/runestone/static/thinkcspy/GeneralIntro/Algorithms.html]
[interactivepython.org/runestone/static/thinkcspy/GeneralIntro/ThePythonProgrammingLanguage.html]
[interactivepython.org/runestone/static/thinkcspy/GeneralIntro/SpecialWaystoExecutePythoninthisBook.html]
[interactivepython.org/runestone/static/thinkcspy/GeneralIntro/MoreAboutPrograms.html]
[interactivepython.org/runestone/static/thinkcspy/GeneralIntro/WhatisDebugging.html]
[interactivepython.org/runestone/static/thinkcspy/GeneralIntro/Syntaxerrors.html]
[interactivepython.org/runestone/static/thinkcspy/GeneralIntro/RuntimeErrors.html]
[interactivepython.org/runestone/static/thinkcspy/GeneralIntro/SemanticErrors.html]
[interactivepython.org/runestone/static/thinkcspy/GeneralIntro/ExperimentalDebugging.html]
[interactivepython.org/runestone/static/thinkcspy/GeneralIntro/FormalandNaturalLanguages.html]
[interactivepython.org/runestone/static/thinkcspy/GeneralIntro/ATypicalFirstProgram.html]
[interactivepython.org/runestone/static/thinkcspy/GeneralIntro/Comments.html]
[interactivepython.org/runestone/static/thinkcspy/GeneralIntro/Glossary.html]
[interactivepython.org/runestone/static/thinkcspy/SimplePythonData/intro-VariablesExpressionsandStatements.html]
[interactivepython.org/runestone/static/thinkcspy/SimplePythonData/ValuesandDataTypes.html]
[interactivepython.org/runestone/static/thinkcspy/SimplePythonData/Typeconversionfunctions.html]
[interactivepython.org/runestone/static/thinkcspy/SimplePythonData/Variables.html]
[interactivepython.org/runestone/static/thinkcspy/SimplePythonData/VariableNamesandKeywords.html]
[interactivepython.org/runestone/static/thinkcspy/SimplePythonData/OperatorsandOperands.html]
[interactivepython.org/runestone/static/thinkcspy/SimplePythonData/Input.html]
[interactivepython.org/runestone/static/thinkcspy/SimplePythonData/OrderofOperations.html]
[interactivepython.org/runestone/static/thinkcspy/SimplePythonData/Reassignment.html]
[interactivepython.org/runestone/static/thinkcspy/SimplePythonData/UpdatingVariables.html]
[interactivepython.org/runestone/static/thinkcspy/SimplePythonData/Glossary.html]
[interactivepython.org/runestone/static/thinkcspy/SimplePythonData/Exercises.html]
[interactivepython.org/runestone/static/thinkcspy/Debugging/HowtoAvoidDebugging.html]
[interactivepython.org/runestone/static/thinkcspy/Debugging/BeginningtipsforDebugging.html]
[interactivepython.org/runestone/static/thinkcspy/Debugging/KnowyourerrorMessages.html]
[interactivepython.org/runestone/static/thinkcspy/Debugging/Summary.html]
[interactivepython.org/runestone/static/thinkcspy/PythonTurtle/intro-HelloLittleTurtles.html]
[interactivepython.org/runestone/static/thinkcspy/PythonTurtle/InstancesAHerdofTurtles.html]
[interactivepython.org/runestone/static/thinkcspy/PythonTurtle/TheforLoop.html]
[interactivepython.org/runestone/static/thinkcspy/PythonTurtle/FlowofExecutionoftheforLoop.html]
[interactivepython.org/runestone/static/thinkcspy/PythonTurtle/IterationSimplifiesourTurtleProgram.html]
[interactivepython.org/runestone/static/thinkcspy/PythonTurtle/TherangeFunction.html]
[interactivepython.org/runestone/static/thinkcspy/PythonTurtle/AFewMoreturtleMethodsandObservations.html]
[interactivepython.org/runestone/static/thinkcspy/PythonTurtle/SummaryofTurtleMethods.html]
[interactivepython.org/runestone/static/thinkcspy/PythonTurtle/Glossary.html]
[interactivepython.org/runestone/static/thinkcspy/PythonTurtle/Exercises.html]
[interactivepython.org/runestone/static/thinkcspy/PythonModules/modules.html]
[interactivepython.org/runestone/static/thinkcspy/PythonModules/MoreAboutUsingModules.html]
[interactivepython.org/runestone/static/thinkcspy/PythonModules/Therandommodule.html]
[interactivepython.org/runestone/static/thinkcspy/PythonModules/Glossary.html]
[interactivepython.org/runestone/static/thinkcspy/PythonModules/Exercises.html]
[interactivepython.org/runestone/static/thinkcspy/Functions/functions.html]
[interactivepython.org/runestone/static/thinkcspy/Functions/Functionsthatreturnvalues.html]
[interactivepython.org/runestone/static/thinkcspy/Functions/Variablesandparametersarelocal.html]
[interactivepython.org/runestone/static/thinkcspy/Functions/Functionscancallotherfunctions.html]
[interactivepython.org/runestone/static/thinkcspy/Functions/FlowofExecutionSummary.html]
[interactivepython.org/runestone/static/thinkcspy/Functions/mainfunction.html]
[interactivepython.org/runestone/static/thinkcspy/Functions/ProgramDevelopment.html]
[interactivepython.org/runestone/static/thinkcspy/Functions/ATurtleBarChart.html]
[interactivepython.org/runestone/static/thinkcspy/Functions/Glossary.html]
[interactivepython.org/runestone/static/thinkcspy/Selection/BooleanValuesandBooleanExpressions.html]
[interactivepython.org/runestone/static/thinkcspy/Functions/thinkcspyExercises.html]
[interactivepython.org/runestone/static/thinkcspy/Selection/Logicaloperators.html]
[interactivepython.org/runestone/static/thinkcspy/Selection/PrecedenceofOperators.html]
[interactivepython.org/runestone/static/thinkcspy/Selection/ConditionalExecutionBinarySelection.html]
[interactivepython.org/runestone/static/thinkcspy/Selection/OmittingtheelseClauseUnarySelection.html]
[interactivepython.org/runestone/static/thinkcspy/Selection/Nestedconditionals.html]
[interactivepython.org/runestone/static/thinkcspy/Selection/BooleanFunctions.html]
[interactivepython.org/runestone/static/thinkcspy/Selection/Glossary.html]
[interactivepython.org/runestone/static/thinkcspy/Selection/Exercises.html]
[interactivepython.org/runestone/static/thinkcspy/MoreAboutIteration/intro-IterationRevisited.html]
[interactivepython.org/runestone/static/thinkcspy/MoreAboutIteration/Theforlooprevisited.html]
[interactivepython.org/runestone/static/thinkcspy/MoreAboutIteration/ThewhileStatement.html]
[interactivepython.org/runestone/static/thinkcspy/MoreAboutIteration/RandomlyWalkingTurtles.html]
[interactivepython.org/runestone/static/thinkcspy/MoreAboutIteration/The3n1Sequence.html]
[interactivepython.org/runestone/static/thinkcspy/MoreAboutIteration/AlgorithmsRevisited.html]
[interactivepython.org/runestone/static/thinkcspy/MoreAboutIteration/Newton'sMethod.html]
[interactivepython.org/runestone/static/thinkcspy/MoreAboutIteration/SimpleTables.html]
[interactivepython.org/runestone/static/thinkcspy/MoreAboutIteration/ImageProcessingonYourOwn.html]
[interactivepython.org/runestone/static/thinkcspy/MoreAboutIteration/2DimensionalIterationImageProcessing.html]
[interactivepython.org/runestone/static/thinkcspy/MoreAboutIteration/Glossary.html]
[interactivepython.org/runestone/static/thinkcspy/Strings/StringsRevisited.html]
[interactivepython.org/runestone/static/thinkcspy/MoreAboutIteration/Exercises.html]
[interactivepython.org/runestone/static/thinkcspy/Strings/ACollectionDataType.html]
[interactivepython.org/runestone/static/thinkcspy/Strings/OperationsonStrings.html]
[interactivepython.org/runestone/static/thinkcspy/Strings/IndexOperatorWorkingwiththeCharactersofaString.html]
[interactivepython.org/runestone/static/thinkcspy/Strings/StringMethods.html]
[interactivepython.org/runestone/static/thinkcspy/Strings/Length.html]
[interactivepython.org/runestone/static/thinkcspy/Strings/TheSliceOperator.html]
[interactivepython.org/runestone/static/thinkcspy/Strings/StringComparison.html]
[interactivepython.org/runestone/static/thinkcspy/Strings/StringsareImmutable.html]
[interactivepython.org/runestone/static/thinkcspy/Strings/TraversalandtheforLoopByItem.html]
[interactivepython.org/runestone/static/thinkcspy/Strings/TraversalandtheforLoopByIndex.html]
[interactivepython.org/runestone/static/thinkcspy/Strings/TraversalandthewhileLoop.html]
[interactivepython.org/runestone/static/thinkcspy/Strings/Theinandnotinoperators.html]
[interactivepython.org/runestone/static/thinkcspy/Strings/TheAccumulatorPatternwithStrings.html]
[interactivepython.org/runestone/static/thinkcspy/Strings/TurtlesandStringsandLSystems.html]
[interactivepython.org/runestone/static/thinkcspy/Strings/Loopingandcounting.html]
[interactivepython.org/runestone/static/thinkcspy/Strings/Afindfunction.html]
[interactivepython.org/runestone/static/thinkcspy/Strings/Optionalparameters.html]
[interactivepython.org/runestone/static/thinkcspy/Strings/Characterclassification.html]
[interactivepython.org/runestone/static/thinkcspy/Strings/Summary.html]
[interactivepython.org/runestone/static/thinkcspy/Strings/Glossary.html]
[interactivepython.org/runestone/static/thinkcspy/Lists/intro-Lists.html]
[interactivepython.org/runestone/static/thinkcspy/Lists/ListValues.html]
[interactivepython.org/runestone/static/thinkcspy/Strings/Exercises.html]
[interactivepython.org/runestone/static/thinkcspy/Lists/ListLength.html]
[interactivepython.org/runestone/static/thinkcspy/Lists/AccessingElements.html]
[interactivepython.org/runestone/static/thinkcspy/Lists/ListMembership.html]
[interactivepython.org/runestone/static/thinkcspy/Lists/ConcatenationandRepetition.html]
[interactivepython.org/runestone/static/thinkcspy/Lists/ListSlices.html]
[interactivepython.org/runestone/static/thinkcspy/Lists/ListsareMutable.html]
[interactivepython.org/runestone/static/thinkcspy/Lists/ObjectsandReferences.html]
[interactivepython.org/runestone/static/thinkcspy/Lists/Aliasing.html]
[interactivepython.org/runestone/static/thinkcspy/Lists/CloningLists.html]
[interactivepython.org/runestone/static/thinkcspy/Lists/RepetitionandReferences.html]
[interactivepython.org/runestone/static/thinkcspy/Lists/ListMethods.html]
[interactivepython.org/runestone/static/thinkcspy/Lists/TheReturnofLSystems.html]
[interactivepython.org/runestone/static/thinkcspy/Lists/AppendversusConcatenate.html]
[interactivepython.org/runestone/static/thinkcspy/Lists/Listsandforloops.html]
[interactivepython.org/runestone/static/thinkcspy/Lists/UsingListsasParameters.html]
[interactivepython.org/runestone/static/thinkcspy/Lists/PureFunctions.html]
[interactivepython.org/runestone/static/thinkcspy/Lists/WhichisBetter.html]
[interactivepython.org/runestone/static/thinkcspy/Lists/FunctionsthatProduceLists.html]
[interactivepython.org/runestone/static/thinkcspy/Lists/ListComprehensions.html]
[interactivepython.org/runestone/static/thinkcspy/Lists/NestedLists.html]
[interactivepython.org/runestone/static/thinkcspy/Lists/StringsandLists.html]
[interactivepython.org/runestone/static/thinkcspy/Lists/listTypeConversionFunction.html]
[interactivepython.org/runestone/static/thinkcspy/Lists/TuplesandMutability.html]
[interactivepython.org/runestone/static/thinkcspy/Lists/TupleAssignment.html]
[interactivepython.org/runestone/static/thinkcspy/Lists/TuplesasReturnValues.html]
[interactivepython.org/runestone/static/thinkcspy/Lists/Glossary.html]
[interactivepython.org/runestone/static/thinkcspy/Files/intro-WorkingwithDataFiles.html]
[interactivepython.org/runestone/static/thinkcspy/Lists/Exercises.html]
[interactivepython.org/runestone/static/thinkcspy/Files/FindingaFileonyourDisk.html]
[interactivepython.org/runestone/static/thinkcspy/Files/ReadingaFile.html]
[interactivepython.org/runestone/static/thinkcspy/Files/Iteratingoverlinesinafile.html]
[interactivepython.org/runestone/static/thinkcspy/Files/AlternativeFileReadingMethods.html]
[interactivepython.org/runestone/static/thinkcspy/Files/WritingTextFiles.html]
[interactivepython.org/runestone/static/thinkcspy/Files/Glossary.html]
[interactivepython.org/runestone/static/thinkcspy/Files/Exercises.html]
[interactivepython.org/runestone/static/thinkcspy/Dictionaries/intro-Dictionaries.html]
[interactivepython.org/runestone/static/thinkcspy/Dictionaries/Dictionaryoperations.html]
[interactivepython.org/runestone/static/thinkcspy/Dictionaries/Dictionarymethods.html]
[interactivepython.org/runestone/static/thinkcspy/Dictionaries/Aliasingandcopying.html]
[interactivepython.org/runestone/static/thinkcspy/Dictionaries/Sparsematrices.html]
[interactivepython.org/runestone/static/thinkcspy/Dictionaries/Glossary.html]
[interactivepython.org/runestone/static/thinkcspy/Dictionaries/Exercises.html]
[interactivepython.org/runestone/static/thinkcspy/Recursion/WhatIsRecursion.html]
[interactivepython.org/runestone/static/thinkcspy/Recursion/CalculatingtheSumofaListofNumbers.html]
[interactivepython.org/runestone/static/thinkcspy/Recursion/TheThreeLawsofRecursion.html]
[interactivepython.org/runestone/static/thinkcspy/Recursion/ConvertinganIntegertoaStringinAnyBase.html]
[interactivepython.org/runestone/static/thinkcspy/Recursion/intro-VisualizingRecursion.html]
[interactivepython.org/runestone/static/thinkcspy/Recursion/SierpinskiTriangle.html]
[interactivepython.org/runestone/static/thinkcspy/Recursion/Glossary.html]
[interactivepython.org/runestone/static/thinkcspy/Recursion/ProgrammingExercises.html]
[interactivepython.org/runestone/static/thinkcspy/ClassesBasics/Objectorientedprogramming.html]
[interactivepython.org/runestone/static/thinkcspy/ClassesBasics/Achangeofperspective.html]
[interactivepython.org/runestone/static/thinkcspy/ClassesBasics/ObjectsRevisited.html]
[interactivepython.org/runestone/static/thinkcspy/ClassesBasics/UserDefinedClasses.html]
[interactivepython.org/runestone/static/thinkcspy/ClassesBasics/ImprovingourConstructor.html]
[interactivepython.org/runestone/static/thinkcspy/ClassesBasics/AddingOtherMethodstoourClass.html]
[interactivepython.org/runestone/static/thinkcspy/ClassesBasics/ObjectsasArgumentsandParameters.html]
[interactivepython.org/runestone/static/thinkcspy/ClassesBasics/ConvertinganObjecttoaString.html]
[interactivepython.org/runestone/static/thinkcspy/ClassesBasics/InstancesasReturnValues.html]
[interactivepython.org/runestone/static/thinkcspy/ClassesBasics/Glossary.html]
[interactivepython.org/runestone/static/thinkcspy/ClassesBasics/Exercises.html]
[interactivepython.org/runestone/static/thinkcspy/ClassesDiggingDeeper/Fractions.html]
[interactivepython.org/runestone/static/thinkcspy/ClassesDiggingDeeper/ObjectsareMutable.html]
[interactivepython.org/runestone/static/thinkcspy/ClassesDiggingDeeper/ArithmeticMethods.html]
[interactivepython.org/runestone/static/thinkcspy/ClassesDiggingDeeper/Glossary.html]
[interactivepython.org/runestone/static/thinkcspy/Labs/astronomylab.html]
[interactivepython.org/runestone/static/thinkcspy/ClassesDiggingDeeper/Exercises.html]
[interactivepython.org/runestone/static/thinkcspy/Labs/lab03_01.html]
[interactivepython.org/runestone/static/thinkcspy/Labs/lab04_01.html]
[interactivepython.org/runestone/static/thinkcspy/Labs/lab12_02.html]
[interactivepython.org/runestone/static/thinkcspy/Labs/pythonshell.html]
[interactivepython.org/runestone/static/thinkcspy/Labs/sequencelab.html]
[interactivepython.org/runestone/static/thinkcspy/Labs/sinlab.html]
[interactivepython.org/runestone/static/thinkcspy/Appendices/errorsAndDebug.html]
[interactivepython.org/runestone/static/thinkcspy/SimplePythonData/at_1_1.html]
[interactivepython.org/runestone/static/thinkcspy/FrontBackMatter/copyright.html]
[interactivepython.org/runestone/static/thinkcspy/FrontBackMatter/prefaceinteractive.html]
[interactivepython.org/runestone/static/thinkcspy/FrontBackMatter/foreword.html]
[interactivepython.org/runestone/static/thinkcspy/FrontBackMatter/preface.html]
[interactivepython.org/runestone/static/thinkcspy/FrontBackMatter/preface2e.html]
[interactivepython.org/runestone/static/thinkcspy/FrontBackMatter/contrib.html]
[interactivepython.org/runestone/static/thinkcspy/FrontBackMatter/fdl-1.3.html]
[interactivepython.org/runestone/static/thinkcspy/py-modindex.104.delayed]
[interactivepython.org/runestone/static/thinkcspy/toc.html]
[interactivepython.org/runestone/static/thinkcspy/index.html]
[interactivepython.org/runestone/static/thinkcspy/GeneralIntro/intro-TheWayoftheProgram.html]
[interactivepython.org/runestone/static/thinkcspy/search.html]
[interactivepython.org/runestone/static/thinkcspy/_images/navbar_logo_link.png]
[interactivepython.org/runestone/static/thinkcspy/_images/navbar_title_link.png]
[interactivepython.org/runestone/static/thinkcspy/_images/navbar_page_dropdown.png]
[interactivepython.org/runestone/static/thinkcspy/genindex.html]
[interactivepython.org/runestone/static/thinkcspy/_images/navbar_search_dropdown.png]
[interactivepython.org/runestone/static/thinkcspy/_images/navbar_user_dropdown.png]
[interactivepython.org/runestone/static/thinkcspy/_static/activecodethumb.png]
[media.interactivepython.org/thinkcsVideos/activecodelens.qt]
[interactivepython.org/runestone/static/thinkcspy/navhelp.html]
[interactivepython.org/runestone/static/thinkcspy/GeneralIntro/Algorithms.html]
[interactivepython.org/runestone/static/thinkcspy/GeneralIntro/ThePythonProgrammingLanguage.html]
[interactivepython.org/runestone/static/thinkcspy/GeneralIntro/SpecialWaystoExecutePythoninthisBook.html]
[interactivepython.org/runestone/static/thinkcspy/GeneralIntro/MoreAboutPrograms.html]
[interactivepython.org/runestone/static/thinkcspy/_images/compile.png]
[interactivepython.org/runestone/static/thinkcspy/GeneralIntro/WhatisDebugging.html]
[interactivepython.org/runestone/static/thinkcspy/GeneralIntro/Syntaxerrors.html]
[interactivepython.org/runestone/static/thinkcspy/GeneralIntro/RuntimeErrors.html]
[interactivepython.org/runestone/static/thinkcspy/GeneralIntro/SemanticErrors.html]
[interactivepython.org/runestone/static/thinkcspy/GeneralIntro/ExperimentalDebugging.html]
[interactivepython.org/runestone/static/thinkcspy/GeneralIntro/FormalandNaturalLanguages.html]
[interactivepython.org/runestone/static/thinkcspy/GeneralIntro/ATypicalFirstProgram.html]
[interactivepython.org/runestone/static/thinkcspy/GeneralIntro/Comments.html]
[interactivepython.org/runestone/static/thinkcspy/GeneralIntro/Glossary.html]
[en.wikipedia.org/wiki/File_H96566k.html]
[interactivepython.org/runestone/static/thinkcspy/SimplePythonData/intro-VariablesExpressionsandStatements.html]
[interactivepython.org/runestone/static/thinkcspy/SimplePythonData/ValuesandDataTypes.html]
[interactivepython.org/runestone/static/thinkcspy/SimplePythonData/Typeconversionfunctions.html]
[media.interactivepython.org/thinkcsVideos/TypesNTypeConversion.qt]
[interactivepython.org/runestone/static/thinkcspy/_static/assignment.png]
[media.interactivepython.org/thinkcsVideos/Variables.qt]
[interactivepython.org/runestone/static/thinkcspy/SimplePythonData/Variables.html]
[interactivepython.org/runestone/static/thinkcspy/SimplePythonData/VariableNamesandKeywords.html]
[interactivepython.org/runestone/static/thinkcspy/SimplePythonData/StatementsandExpressions.html]
[interactivepython.org/runestone/static/thinkcspy/SimplePythonData/OperatorsandOperands.html]
[interactivepython.org/runestone/static/thinkcspy/_static/inputthumb.png]
[media.interactivepython.org/thinkcsVideos/input.qt]
[interactivepython.org/runestone/static/thinkcspy/SimplePythonData/Input.html]
[interactivepython.org/runestone/static/thinkcspy/SimplePythonData/OrderofOperations.html]
[interactivepython.org/runestone/static/thinkcspy/SimplePythonData/Reassignment.html]
[interactivepython.org/runestone/static/thinkcspy/SimplePythonData/UpdatingVariables.html]
[interactivepython.org/runestone/static/thinkcspy/SimplePythonData/Glossary.html]
[interactivepython.org/runestone/static/thinkcspy/SimplePythonData/Exercises.html]
[interactivepython.org/runestone/static/thinkcspy/Debugging/HowtoAvoidDebugging.html]
[interactivepython.org/runestone/static/thinkcspy/Debugging/BeginningtipsforDebugging.html]
[interactivepython.org/runestone/static/thinkcspy/Debugging/KnowyourerrorMessages.html]
[interactivepython.org/runestone/static/thinkcspy/Debugging/Summary.html]
[interactivepython.org/runestone/static/thinkcspy/PythonTurtle/intro-HelloLittleTurtles.html]
[interactivepython.org/runestone/static/thinkcspy/PythonTurtle/InstancesAHerdofTurtles.html]
[interactivepython.org/runestone/static/thinkcspy/PythonTurtle/TheforLoop.html]
[interactivepython.org/runestone/static/thinkcspy/PythonTurtle/FlowofExecutionoftheforLoop.html]
[interactivepython.org/runestone/static/thinkcspy/PythonTurtle/IterationSimplifiesourTurtleProgram.html]
[interactivepython.org/runestone/static/thinkcspy/PythonTurtle/TherangeFunction.html]
[interactivepython.org/runestone/static/thinkcspy/PythonTurtle/AFewMoreturtleMethodsandObservations.html]
[interactivepython.org/runestone/static/thinkcspy/PythonTurtle/SummaryofTurtleMethods.html]
[interactivepython.org/runestone/static/thinkcspy/PythonTurtle/Glossary.html]
[interactivepython.org/runestone/static/thinkcspy/PythonTurtle/Exercises.html]
[interactivepython.org/runestone/static/thinkcspy/PythonModules/modules.html]
[interactivepython.org/runestone/static/thinkcspy/PythonModules/MoreAboutUsingModules.html]
[interactivepython.org/runestone/static/thinkcspy/PythonModules/Therandommodule.html]
[interactivepython.org/runestone/static/thinkcspy/PythonModules/Glossary.html]
[interactivepython.org/runestone/static/thinkcspy/PythonModules/Exercises.html]
[interactivepython.org/runestone/static/thinkcspy/Functions/functions.html]
[interactivepython.org/runestone/static/thinkcspy/Functions/Functionsthatreturnvalues.html]
[interactivepython.org/runestone/static/thinkcspy/Functions/Variablesandparametersarelocal.html]
[interactivepython.org/runestone/static/thinkcspy/Functions/Functionscancallotherfunctions.html]
[interactivepython.org/runestone/static/thinkcspy/Functions/FlowofExecutionSummary.html]
[interactivepython.org/runestone/static/thinkcspy/Functions/mainfunction.html]
[interactivepython.org/runestone/static/thinkcspy/Functions/ProgramDevelopment.html]
[interactivepython.org/runestone/static/thinkcspy/Functions/ATurtleBarChart.html]
[interactivepython.org/runestone/static/thinkcspy/Functions/Glossary.html]
[interactivepython.org/runestone/static/thinkcspy/Functions/thinkcspyExercises.html]
[interactivepython.org/runestone/static/thinkcspy/Selection/BooleanValuesandBooleanExpressions.html]
[interactivepython.org/runestone/static/thinkcspy/Selection/Logicaloperators.html]
[interactivepython.org/runestone/static/thinkcspy/Selection/PrecedenceofOperators.html]
[interactivepython.org/runestone/static/thinkcspy/Selection/ConditionalExecutionBinarySelection.html]
[interactivepython.org/runestone/static/thinkcspy/Selection/OmittingtheelseClauseUnarySelection.html]
[interactivepython.org/runestone/static/thinkcspy/Selection/Nestedconditionals.html]
[interactivepython.org/runestone/static/thinkcspy/Selection/BooleanFunctions.html]
[interactivepython.org/runestone/static/thinkcspy/Selection/Glossary.html]
[interactivepython.org/runestone/static/thinkcspy/Selection/Exercises.html]
[interactivepython.org/runestone/static/thinkcspy/MoreAboutIteration/intro-IterationRevisited.html]
[interactivepython.org/runestone/static/thinkcspy/MoreAboutIteration/Theforlooprevisited.html]
[interactivepython.org/runestone/static/thinkcspy/MoreAboutIteration/ThewhileStatement.html]
[interactivepython.org/runestone/static/thinkcspy/MoreAboutIteration/RandomlyWalkingTurtles.html]
[interactivepython.org/runestone/static/thinkcspy/MoreAboutIteration/The3n1Sequence.html]
[interactivepython.org/runestone/static/thinkcspy/MoreAboutIteration/Newton'sMethod.html]
[interactivepython.org/runestone/static/thinkcspy/MoreAboutIteration/AlgorithmsRevisited.html]
[interactivepython.org/runestone/static/thinkcspy/MoreAboutIteration/SimpleTables.html]
[interactivepython.org/runestone/static/thinkcspy/MoreAboutIteration/2DimensionalIterationImageProcessing.html]
[interactivepython.org/runestone/static/thinkcspy/MoreAboutIteration/ImageProcessingonYourOwn.html]
[interactivepython.org/runestone/static/thinkcspy/MoreAboutIteration/Glossary.html]
[interactivepython.org/runestone/static/thinkcspy/MoreAboutIteration/Exercises.html]
[interactivepython.org/runestone/static/thinkcspy/Strings/StringsRevisited.html]
[interactivepython.org/runestone/static/thinkcspy/Strings/ACollectionDataType.html]
[interactivepython.org/runestone/static/thinkcspy/Strings/OperationsonStrings.html]
[interactivepython.org/runestone/static/thinkcspy/Strings/IndexOperatorWorkingwiththeCharactersofaString.html]
[interactivepython.org/runestone/static/thinkcspy/Strings/StringMethods.html]
[interactivepython.org/runestone/static/thinkcspy/Strings/Length.html]
[interactivepython.org/runestone/static/thinkcspy/Strings/TheSliceOperator.html]
[interactivepython.org/runestone/static/thinkcspy/Strings/StringComparison.html]
[interactivepython.org/runestone/static/thinkcspy/Strings/StringsareImmutable.html]
[interactivepython.org/runestone/static/thinkcspy/Strings/TraversalandtheforLoopByItem.html]
[interactivepython.org/runestone/static/thinkcspy/Strings/TraversalandtheforLoopByIndex.html]
[interactivepython.org/runestone/static/thinkcspy/Strings/TraversalandthewhileLoop.html]
[interactivepython.org/runestone/static/thinkcspy/Strings/Theinandnotinoperators.html]
[interactivepython.org/runestone/static/thinkcspy/Strings/TheAccumulatorPatternwithStrings.html]
[interactivepython.org/runestone/static/thinkcspy/Strings/TurtlesandStringsandLSystems.html]
[interactivepython.org/runestone/static/thinkcspy/Strings/Loopingandcounting.html]
[interactivepython.org/runestone/static/thinkcspy/Strings/Afindfunction.html]
[interactivepython.org/runestone/static/thinkcspy/Strings/Optionalparameters.html]
[interactivepython.org/runestone/static/thinkcspy/Strings/Characterclassification.html]
[interactivepython.org/runestone/static/thinkcspy/Strings/Summary.html]
[interactivepython.org/runestone/static/thinkcspy/Strings/Glossary.html]
[interactivepython.org/runestone/static/thinkcspy/Strings/Exercises.html]
[interactivepython.org/runestone/static/thinkcspy/Lists/intro-Lists.html]
[interactivepython.org/runestone/static/thinkcspy/Lists/ListValues.html]
[interactivepython.org/runestone/static/thinkcspy/Lists/ListLength.html]
[interactivepython.org/runestone/static/thinkcspy/Lists/AccessingElements.html]
[interactivepython.org/runestone/static/thinkcspy/Lists/ListMembership.html]
[interactivepython.org/runestone/static/thinkcspy/Lists/ConcatenationandRepetition.html]
[interactivepython.org/runestone/static/thinkcspy/Lists/ListSlices.html]
[interactivepython.org/runestone/static/thinkcspy/Lists/ListsareMutable.html]
[interactivepython.org/runestone/static/thinkcspy/Lists/ObjectsandReferences.html]
[interactivepython.org/runestone/static/thinkcspy/Lists/Aliasing.html]
[interactivepython.org/runestone/static/thinkcspy/Lists/CloningLists.html]
[interactivepython.org/runestone/static/thinkcspy/Lists/RepetitionandReferences.html]
[interactivepython.org/runestone/static/thinkcspy/Lists/ListMethods.html]
[interactivepython.org/runestone/static/thinkcspy/Lists/TheReturnofLSystems.html]
[interactivepython.org/runestone/static/thinkcspy/Lists/AppendversusConcatenate.html]
[interactivepython.org/runestone/static/thinkcspy/Lists/Listsandforloops.html]
[interactivepython.org/runestone/static/thinkcspy/Lists/UsingListsasParameters.html]
[interactivepython.org/runestone/static/thinkcspy/Lists/PureFunctions.html]
[interactivepython.org/runestone/static/thinkcspy/Lists/WhichisBetter.html]
[interactivepython.org/runestone/static/thinkcspy/Lists/FunctionsthatProduceLists.html]
[interactivepython.org/runestone/static/thinkcspy/Lists/ListComprehensions.html]
[interactivepython.org/runestone/static/thinkcspy/Lists/NestedLists.html]
[interactivepython.org/runestone/static/thinkcspy/Lists/StringsandLists.html]
[interactivepython.org/runestone/static/thinkcspy/Lists/listTypeConversionFunction.html]
[interactivepython.org/runestone/static/thinkcspy/Lists/TuplesandMutability.html]
[interactivepython.org/runestone/static/thinkcspy/Lists/TupleAssignment.html]
[interactivepython.org/runestone/static/thinkcspy/Lists/TuplesasReturnValues.html]
[interactivepython.org/runestone/static/thinkcspy/Lists/Glossary.html]
[interactivepython.org/runestone/static/thinkcspy/Lists/Exercises.html]
[interactivepython.org/runestone/static/thinkcspy/Files/intro-WorkingwithDataFiles.html]
[interactivepython.org/runestone/static/thinkcspy/Files/FindingaFileonyourDisk.html]
[interactivepython.org/runestone/static/thinkcspy/Files/ReadingaFile.html]
[interactivepython.org/runestone/static/thinkcspy/Files/Iteratingoverlinesinafile.html]
[interactivepython.org/runestone/static/thinkcspy/Files/AlternativeFileReadingMethods.html]
[interactivepython.org/runestone/static/thinkcspy/Files/WritingTextFiles.html]
[interactivepython.org/runestone/static/thinkcspy/Files/Glossary.html]
[interactivepython.org/runestone/static/thinkcspy/Files/Exercises.html]
[interactivepython.org/runestone/static/thinkcspy/Dictionaries/intro-Dictionaries.html]
[interactivepython.org/runestone/static/thinkcspy/Dictionaries/Dictionaryoperations.html]
[interactivepython.org/runestone/static/thinkcspy/Dictionaries/Dictionarymethods.html]
[interactivepython.org/runestone/static/thinkcspy/Dictionaries/Aliasingandcopying.html]
[interactivepython.org/runestone/static/thinkcspy/Dictionaries/Sparsematrices.html]
[interactivepython.org/runestone/static/thinkcspy/Dictionaries/Glossary.html]
[interactivepython.org/runestone/static/thinkcspy/Dictionaries/Exercises.html]
[interactivepython.org/runestone/static/thinkcspy/Recursion/WhatIsRecursion.html]
[interactivepython.org/runestone/static/thinkcspy/Recursion/CalculatingtheSumofaListofNumbers.html]
[interactivepython.org/runestone/static/thinkcspy/Recursion/TheThreeLawsofRecursion.html]
[interactivepython.org/runestone/static/thinkcspy/Recursion/ConvertinganIntegertoaStringinAnyBase.html]
[interactivepython.org/runestone/static/thinkcspy/Recursion/intro-VisualizingRecursion.html]
[interactivepython.org/runestone/static/thinkcspy/Recursion/SierpinskiTriangle.html]
[interactivepython.org/runestone/static/thinkcspy/Recursion/Glossary.html]
[interactivepython.org/runestone/static/thinkcspy/Recursion/ProgrammingExercises.html]
[interactivepython.org/runestone/static/thinkcspy/ClassesBasics/Objectorientedprogramming.html]
[interactivepython.org/runestone/static/thinkcspy/ClassesBasics/Achangeofperspective.html]
[interactivepython.org/runestone/static/thinkcspy/ClassesBasics/ObjectsRevisited.html]
[interactivepython.org/runestone/static/thinkcspy/ClassesBasics/UserDefinedClasses.html]
[interactivepython.org/runestone/static/thinkcspy/ClassesBasics/ImprovingourConstructor.html]
[interactivepython.org/runestone/static/thinkcspy/ClassesBasics/AddingOtherMethodstoourClass.html]
[interactivepython.org/runestone/static/thinkcspy/ClassesBasics/ObjectsasArgumentsandParameters.html]
[interactivepython.org/runestone/static/thinkcspy/ClassesBasics/ConvertinganObjecttoaString.html]
[interactivepython.org/runestone/static/thinkcspy/ClassesBasics/InstancesasReturnValues.html]
[interactivepython.org/runestone/static/thinkcspy/ClassesBasics/Glossary.html]
[interactivepython.org/runestone/static/thinkcspy/ClassesBasics/Exercises.html]
[interactivepython.org/runestone/static/thinkcspy/ClassesDiggingDeeper/Fractions.html]
[interactivepython.org/runestone/static/thinkcspy/ClassesDiggingDeeper/ObjectsareMutable.html]
[interactivepython.org/runestone/static/thinkcspy/ClassesDiggingDeeper/ArithmeticMethods.html]
[interactivepython.org/runestone/static/thinkcspy/ClassesDiggingDeeper/Glossary.html]
[interactivepython.org/runestone/static/thinkcspy/ClassesDiggingDeeper/Exercises.html]
[interactivepython.org/runestone/static/thinkcspy/Labs/astronomylab.html]
[interactivepython.org/runestone/static/thinkcspy/Labs/lab03_01.html]
[interactivepython.org/runestone/static/thinkcspy/Labs/lab04_01.html]
[interactivepython.org/runestone/static/thinkcspy/Labs/lab12_02.html]
[interactivepython.org/runestone/static/thinkcspy/Labs/pythonshell.html]
[interactivepython.org/runestone/static/thinkcspy/Labs/sequencelab.html]
[interactivepython.org/runestone/static/thinkcspy/Labs/sinlab.html]
[interactivepython.org/runestone/static/thinkcspy/Appendices/errorsAndDebug.html]
[interactivepython.org/runestone/static/thinkcspy/SimplePythonData/at_1_1.html]
[interactivepython.org/runestone/static/thinkcspy/FrontBackMatter/copyright.html]
[interactivepython.org/runestone/static/thinkcspy/FrontBackMatter/prefaceinteractive.html]
[interactivepython.org/runestone/static/thinkcspy/FrontBackMatter/foreword.html]
[interactivepython.org/runestone/static/thinkcspy/FrontBackMatter/preface.html]
[interactivepython.org/runestone/static/thinkcspy/FrontBackMatter/preface2e.html]
[interactivepython.org/runestone/static/thinkcspy/FrontBackMatter/contrib.html]
[interactivepython.org/runestone/static/thinkcspy/FrontBackMatter/fdl-1.3.html]
[interactivepython.org/runestone/static/thinkcspy/py-modindex.html]
[interactivepython.org/runestone/static/thinkcspy/search.html]
[interactivepython.org/runestone/static/thinkcspy/genindex.html]
[interactivepython.org/runestone/static/thinkcspy/SimplePythonData/StatementsandExpressions.html]
[interactivepython.org/runestone/static/thinkcspy/Debugging/intro-HowtobeaSuccessfulProgrammer.html]
[interactivepython.org/runestone/static/thinkcspy/PythonTurtle/OurFirstTurtleProgram.html]
[interactivepython.org/runestone/static/thinkcspy/PythonModules/Themathmodule.html]
[interactivepython.org/runestone/static/thinkcspy/Functions/TheAccumulatorPattern.html]
[interactivepython.org/runestone/static/thinkcspy/Functions/Composition.html]
[interactivepython.org/runestone/static/thinkcspy/Selection/Chainedconditionals.html]
[interactivepython.org/runestone/static/thinkcspy/Lists/ListDeletion.html]
[interactivepython.org/runestone/static/thinkcspy/ClassesDiggingDeeper/Sameness.html]
[interactivepython.org/runestone/static/thinkcspy/Labs/lab04_01a.html]
[interactivepython.org/runestone/static/thinkcspy/Labs/lab12_01.html]
[interactivepython.org/runestone/static/thinkcspy/Labs/montepi.html]
[interactivepython.org/runestone/static/thinkcspy/_static/basic.css]
[interactivepython.org/runestone/static/thinkcspy/_static/pygments.css]
[interactivepython.org/runestone/static/thinkcspy/_static/bootstrap-3.0.0/css/bootstrap.min.css]
[interactivepython.org/runestone/static/thinkcspy/_static/poll.css]
[interactivepython.org/runestone/static/thinkcspy/_static/video.css]
[interactivepython.org/runestone/static/thinkcspy/_static/modal-basic.css]
[interactivepython.org/runestone/static/thinkcspy/_static/activecode.css]
[interactivepython.org/runestone/static/thinkcspy/_static/tabbedstuff.css]
[interactivepython.org/runestone/static/thinkcspy/_static/parsons.css]
[interactivepython.org/runestone/static/thinkcspy/_static/lib/prettify.css]
[interactivepython.org/runestone/static/thinkcspy/_static/jquery-ui-1.10.3.custom.min.css]
[interactivepython.org/runestone/static/thinkcspy/_static/bootstrap-sphinx.css]
[interactivepython.org/runestone/static/thinkcspy/_static/user-highlights.css]
[interactivepython.org/runestone/static/thinkcspy/_static/runestone-custom-sphinx-bootstrap.css]
[connect.facebook.net/en_US/all.js]
[en.wikipedia.org/wiki/File_H96566k.html]
[interactivepython.org/runestone/static/thinkcspy/_static/pytutor.css]
[interactivepython.org/runestone/static/thinkcspy/_static/codemirror.css]
[interactivepython.org/runestone/static/thinkcspy/_static/xml.js]
[interactivepython.org/runestone/static/thinkcspy/_static/htmlmixed.js]
[interactivepython.org/runestone/static/thinkcspy/_static/activecode.js]
[interactivepython.org/runestone/static/thinkcspy/_static/lib/lis.js]
[interactivepython.org/runestone/static/thinkcspy/_static/parsons-noconflict.js]
[interactivepython.org/runestone/static/thinkcspy/_static/jquery-ui-1.10.3.custom.min.js]
[interactivepython.org/runestone/static/thinkcspy/index.html]
[interactivepython.org/runestone/static/thinkcspy/_static/img/logo_small.png]
[media.interactivepython.org/thinkcsVideos/activecodelens.qt]
[interactivepython.org/runestone/static/thinkcspy/_static/guiders-1.3.0.css]
[interactivepython.org/runestone/static/thinkcspy/_static/guiders-1.3.0.js]
[interactivepython.org/runestone/static/thinkcspy/_static/navhelp.js]
[interactivepython.org/runestone/static/thinkcspy/_images/interpret.png]
[interactivepython.org/runestone/static/thinkcspy/_static/valuesNtypes.png]
[media.interactivepython.org/thinkcsVideos/TypesNTypeConversion.qt]
[media.interactivepython.org/thinkcsVideos/Variables.qt]
[interactivepython.org/runestone/static/thinkcspy/_images/refdiagram1.png]
[media.interactivepython.org/thinkcsVideos/input.qt]
[interactivepython.org/runestone/static/thinkcspy/_static/precedencethumb.png]
[media.interactivepython.org/thinkcsVideos/precedence.mov]
[interactivepython.org/runestone/static/thinkcspy/_static/associativitythumb.png]
[media.interactivepython.org/thinkcsVideos/associativity.mov]
[interactivepython.org/runestone/static/thinkcspy/_static/reassignmentthumb.png]
[media.interactivepython.org/thinkcsVideos/reassignment.mov]
[interactivepython.org/runestone/static/thinkcspy/_images/reassign1.png]
[interactivepython.org/runestone/static/thinkcspy/_static/updatethumb.png]
[media.interactivepython.org/thinkcsVideos/update.mov]
[interactivepython.org/runestone/static/thinkcspy/_images/compoundInterest.png]
[interactivepython.org/runestone/static/thinkcspy/_static/turtleintro.png]
[media.interactivepython.org/thinkcsVideos/turtleintro.mov]
[interactivepython.org/runestone/static/thinkcspy/_static/TwoTurtles1.png]
[interactivepython.org/runestone/static/thinkcspy/_static/TwoTurtlesL.png]
[interactivepython.org/runestone/static/thinkcspy/_static/for_loop.png]
[media.interactivepython.org/thinkcsVideos/for_loop.mov]
[interactivepython.org/runestone/static/thinkcspy/_images/new_flowchart_for.png]
[interactivepython.org/runestone/static/thinkcspy/_static/TurtleTriangle.png]
[interactivepython.org/runestone/static/thinkcspy/_static/TurtleRect.png]
[interactivepython.org/runestone/static/thinkcspy/_static/advrange.png]
[media.interactivepython.org/thinkcsVideos/AdvancedRange.mov]
[interactivepython.org/runestone/static/thinkcspy/_static/TurtleCircle.png]
[interactivepython.org/runestone/static/thinkcspy/_static/Turtle3Stamp.png]
[interactivepython.org/runestone/static/thinkcspy/_images/star1.png]
[interactivepython.org/runestone/static/thinkcspy/_images/tess_clock1.png]
[interactivepython.org/runestone/static/thinkcspy/_static/modules.png]
[media.interactivepython.org/thinkcsVideos/modules.mov]
[interactivepython.org/runestone/static/thinkcspy/_images/pythondocmedium.png]
[interactivepython.org/runestone/static/thinkcspy/_images/moduleindexmedium.png]
[interactivepython.org/runestone/static/thinkcspy/_images/turtlemodmedium.png]
[interactivepython.org/runestone/static/thinkcspy/_images/modreference.png]
[interactivepython.org/runestone/static/thinkcspy/_static/mathrandommodule.png]
[media.interactivepython.org/thinkcsVideos/mathrandommodule.mov]
[interactivepython.org/runestone/static/thinkcspy/_static/function_intro.png]
[media.interactivepython.org/thinkcsVideos/FunctionsIntro.mov]
[interactivepython.org/runestone/static/thinkcspy/_images/blackboxproc.png]
[interactivepython.org/runestone/static/thinkcspy/_images/turtleproc.png]
[interactivepython.org/runestone/static/thinkcspy/_images/blackboxfun.png]
[interactivepython.org/runestone/static/thinkcspy/_images/squarefun.png]
[interactivepython.org/runestone/static/thinkcspy/_images/distance_formula.png]
[interactivepython.org/runestone/static/thinkcspy/_images/tess_bar_1.png]
[interactivepython.org/runestone/static/thinkcspy/_images/five_squares.png]
[interactivepython.org/runestone/static/thinkcspy/_images/nested_squares.png]
[interactivepython.org/runestone/static/thinkcspy/_images/regularpolygon.png]
[interactivepython.org/runestone/static/thinkcspy/_images/tess08.png]
[interactivepython.org/runestone/static/thinkcspy/_images/tess_spirals.png]
[interactivepython.org/runestone/static/thinkcspy/_images/star.png]
[interactivepython.org/runestone/static/thinkcspy/_images/five_stars.png]
[interactivepython.org/runestone/static/thinkcspy/_static/booleanexpressions.png]
[media.interactivepython.org/thinkcsVideos/booleanexpressions.mov]
[interactivepython.org/runestone/static/thinkcspy/_static/binaryselection.png]
[media.interactivepython.org/thinkcsVideos/binaryselection.mov]
[interactivepython.org/runestone/static/thinkcspy/_images/flowchart_if_else.png]
[interactivepython.org/runestone/static/thinkcspy/_static/unaryselection.png]
[media.interactivepython.org/thinkcsVideos/unaryselection.mov]
[interactivepython.org/runestone/static/thinkcspy/_images/flowchart_if_only.png]
[interactivepython.org/runestone/static/thinkcspy/_images/flowchart_nested_conditional.png]
[interactivepython.org/runestone/static/thinkcspy/_static/whileloop.png]
[media.interactivepython.org/thinkcsVideos/whileloop.mov]
[interactivepython.org/runestone/static/thinkcspy/_images/while_flow.png]
[interactivepython.org/runestone/static/thinkcspy/_images/image.png]
[interactivepython.org/runestone/static/thinkcspy/_static/LutherBellPic.jpg]
[interactivepython.org/runestone/static/thinkcspy/_static/cy.png]
[interactivepython.org/runestone/static/thinkcspy/_static/goldygopher.png]
[interactivepython.org/runestone/static/thinkcspy/_images/indexvalues.png]
[interactivepython.org/runestone/static/thinkcspy/_images/refdiag1.png]
[interactivepython.org/runestone/static/thinkcspy/_images/refdiag2.png]
[interactivepython.org/runestone/static/thinkcspy/_images/refdiag3.png]
[interactivepython.org/runestone/static/thinkcspy/_images/refdiag4.png]
[interactivepython.org/runestone/static/thinkcspy/_images/refrep1.png]
[interactivepython.org/runestone/static/thinkcspy/_images/refrep2.png]
[interactivepython.org/runestone/static/thinkcspy/_images/references4.png]
[interactivepython.org/runestone/static/thinkcspy/_images/sparse.png]
[interactivepython.org/runestone/static/thinkcspy/_images/sumlistIn.png]
[interactivepython.org/runestone/static/thinkcspy/_images/sumlistOut.png]
[interactivepython.org/runestone/static/thinkcspy/_images/toStr.png]
[interactivepython.org/runestone/static/thinkcspy/_images/toStrBase2.png]
[interactivepython.org/runestone/static/thinkcspy/_images/tree1.png]
[interactivepython.org/runestone/static/thinkcspy/_images/tree2.png]
[interactivepython.org/runestone/static/thinkcspy/_images/sierpinski.png]
[interactivepython.org/runestone/static/thinkcspy/_images/stCallTree.png]
[interactivepython.org/runestone/static/thinkcspy/_images/objectpic1.png]
[interactivepython.org/runestone/static/thinkcspy/_images/objectpic2.png]
[interactivepython.org/runestone/static/thinkcspy/_images/objectpic3.png]
[interactivepython.org/runestone/static/thinkcspy/_images/objectpic4.png]
[interactivepython.org/runestone/static/thinkcspy/_images/objectpic5.png]
[interactivepython.org/runestone/static/thinkcspy/_images/fractionpic1.png]
[interactivepython.org/runestone/static/thinkcspy/_images/python_shell.png]
[interactivepython.org/runestone/static/thinkcspy/_images/shell_expressions.png]
[interactivepython.org/runestone/static/thinkcspy/_images/sinpic.png]
[interactivepython.org/runestone/static/thinkcspy/_images/graphpaper.jpg]
[interactivepython.org/runestone/static/thinkcspy/_images/python_shell1.png]
[interactivepython.org/runestone/static/thinkcspy/_images/shell_expressions1.png]
[interactivepython.org/runestone/static/thinkcspy/_static/searchtools.js]
[interactivepython.org/runestone/static/thinkcspy/searchindex.js]
[interactivepython.org/runestone/static/thinkcspy/_static/expressions.png]
[media.interactivepython.org/thinkcsVideos/Expressions.mov]
[interactivepython.org/runestone/static/thinkcspy/_static/file.png]
[interactivepython.org/runestone/static/thinkcspy/_static/bootstrap-3.0.0/fonts/glyphicons-halflings-regular.eot]
[interactivepython.org/runestone/static/thinkcspy/_static/bootstrap-3.0.0/fonts/glyphicons-halflings-regulard41d.eot]
[interactivepython.org/runestone/static/thinkcspy/_static/bootstrap-3.0.0/fonts/glyphicons-halflings-regular.woff]
[interactivepython.org/runestone/static/thinkcspy/_static/bootstrap-3.0.0/fonts/glyphicons-halflings-regular.ttf]
[interactivepython.org/runestone/static/thinkcspy/_static/bootstrap-3.0.0/fonts/glyphicons-halflings-regular.svg]
[interactivepython.org/runestone/static/thinkcspy/_static/x.png]
[interactivepython.org/runestone/static/thinkcspy/_static/close.png]
[interactivepython.org/runestone/static/thinkcspy/_static/completed.png]
[interactivepython.org/runestone/static/thinkcspy/_static/active.png]
[interactivepython.org/runestone/static/thinkcspy/ABCDEFGHIJKLMNOPQRSTUVWXYZabcdefghijklmnopqrstuvwxyz0123456789+/index.html]
[interactivepython.org/runestone/static/thinkcspy/dialog/index.html]
[bits.wikimedia.org/apple-touch/wikipedia.png]
[bits.wikimedia.org/favicon/wikipedia.ico]
[en.wikipedia.org/w/opensearch_desc.php]
[en.wikipedia.org/w/api251f.php]
[creativecommons.org/licenses/by-sa/3.0/index.html]
[en.wikipedia.org/w/index890f.php]
[commons.wikimedia.org/wiki/File_H96566k.jpg]
[bits.wikimedia.org/en.wikipedia.org/loadb588.php]
[commons.wikimedia.org/w/index2c99.php]
[bits.wikimedia.org/en.wikipedia.org/loadc6d2.php]
[meta.wikimedia.org/index.html]
[upload.wikimedia.org/wikipedia/commons/8/8a/H96566k.jpg]
[en.wikipedia.org/wiki/File_Commons-logo.svg]
[upload.wikimedia.org/wikipedia/en/thumb/4/4a/Commons-logo.svg/30px-Commons-logo.svg.png]
[upload.wikimedia.org/wikipedia/en/thumb/4/4a/Commons-logo.svg/14px-Commons-logo.svg.png]
[upload.wikimedia.org/wikipedia/commons/thumb/6/62/PD-icon.svg/64px-PD-icon.svg.png]
[en.wikipedia.org/wiki/United_States_Navy]
[en.wikipedia.org/wiki/Work_of_the_United_States_Government]
[en.wikipedia.org/wiki/Federal_government_of_the_United_States]
[en.wikipedia.org/wiki/public_domain]
[upload.wikimedia.org/wikipedia/commons/thumb/c/cb/United_States_Department_of_the_Navy_Seal.svg/64px-United_States_Department_of_the_Navy_Seal.svg.png]
[upload.wikimedia.org/wikipedia/commons/thumb/8/8a/H96566k.jpg/120px-H96566k.jpg]
[upload.wikimedia.org/wikipedia/commons/archive/8/8a/20120721080226!H96566k.jpg]
[upload.wikimedia.org/wikipedia/commons/thumb/archive/8/8a/20120721080226!H96566k.jpg/93px-H96566k.jpg]
[upload.wikimedia.org/wikipedia/commons/archive/8/8a/20120720053404!H96566k.jpg]
[upload.wikimedia.org/wikipedia/commons/thumb/archive/8/8a/20120720053404!H96566k.jpg/120px-H96566k.jpg]
[upload.wikimedia.org/wikipedia/commons/archive/8/8a/20070323210436!H96566k.jpg]
[upload.wikimedia.org/wikipedia/commons/thumb/archive/8/8a/20070323210436!H96566k.jpg/120px-H96566k.jpg]
[en.wikipedia.org/wiki/Computer_bug]
[en.wikipedia.org/wiki/Computer]
[en.wikipedia.org/wiki/Computer_programming]
[en.wikipedia.org/wiki/Grace_Hopper]
[en.wikipedia.org/wiki/List_of_computer_term_etymologies]
[en.wikipedia.org/wiki/Software_bug]
[en.wikipedia.org/wiki/User_Ghaag/Software_engineering]
[en.wikipedia.org/wiki/User_Moogsi/List_of_computer_term_etymologies]
[en.wikipedia.org/wiki/User_talk_West.andrew.g/Archive_8]
[en.wikipedia.org/wiki/Portal_Software_testing]
[en.wikipedia.org/wiki/Portal_Software_testing/Selected_picture]
[en.wikipedia.org/wiki/Book_Software_testing]
[en.wikipedia.org/wiki/Special_GlobalUsage/H96566k.jpg]
[en.wikipedia.org/wiki/Special_CentralAutoLogin/starte375]
[en.wikipedia.org/w/index6767.php]
[en.wikipedia.org/wiki/File_talk_H96566k.jpg]
[en.wikipedia.org/wiki/Main_Page]
[en.wikipedia.org/wiki/Portal_Contents]
[en.wikipedia.org/wiki/Portal_Featured_content]
[en.wikipedia.org/wiki/Portal_Current_events]
[en.wikipedia.org/wiki/Special_Random]
[en.wikipedia.org/wiki/Help_Contents]
[en.wikipedia.org/wiki/Wikipedia_About]
[en.wikipedia.org/wiki/Wikipedia_Community_portal]
[en.wikipedia.org/wiki/Special_RecentChanges]
[en.wikipedia.org/wiki/Wikipedia_Contact_us]
[en.wikipedia.org/wiki/Special_WhatLinksHere/File_H96566k.jpg]
[en.wikipedia.org/wiki/Wikipedia_File_Upload_Wizard]
[en.wikipedia.org/wiki/Special_SpecialPages]
[en.wikipedia.org/wiki/Wikipedia_General_disclaimer]
[bits.wikimedia.org/images/wikimedia-button.png]
[bits.wikimedia.org/static-1.25wmf12/resources/assets/poweredby_mediawiki_88x31.png]
