[www.tutorialspoint.com/vba/index.html]
[backblue.gif]
[fade.gif]
[index.html]
[www.tutorialspoint.com/favicon.ico]
[www.tutorialspoint.com/theme/vendor/jquery.js]
[www.tutorialspoint.com/theme/prettify.js]
[www.tutorialspoint.com/theme/vendor/modernizr.js]
[www.tutorialspoint.com/images/pattern.png]
[www.tutorialspoint.com/images/loading-cg.gif]
[www.tutorialspoint.com/vba/images/logo.png]
[www.tutorialspoint.com/images/hiring.png]
[www.tutorialspoint.com/vba/images/vba-mini-logo.png]
[www.tutorialspoint.com/vba/index-2.html]
[www.tutorialspoint.com/vba/vba_overview.html]
[www.tutorialspoint.com/vba/vba_excel_macros.html]
[www.tutorialspoint.com/vba/vba_excel_terms.html]
[www.tutorialspoint.com/vba/vba_macro_comments.html]
[www.tutorialspoint.com/vba/vba_message_box.html]
[www.tutorialspoint.com/vba/vba_input_box.html]
[www.tutorialspoint.com/vba/vba_variables.html]
[www.tutorialspoint.com/vba/vba_constants.html]
[www.tutorialspoint.com/vba/vba_operators.html]
[www.tutorialspoint.com/vba/vba_decisions.html]
[www.tutorialspoint.com/vba/vba_loops.html]
[www.tutorialspoint.com/vba/vba_date_time.html]
[www.tutorialspoint.com/vba/vba_strings.html]
[www.tutorialspoint.com/vba/vba_arrays.html]
[www.tutorialspoint.com/vba/vba_sub_procedure.html]
[www.tutorialspoint.com/vba/vba_events.html]
[www.tutorialspoint.com/vba/vba_functions.html]
[www.tutorialspoint.com/vba/vba_error_handling.html]
[www.tutorialspoint.com/vba/vba_excel_objects.html]
[www.tutorialspoint.com/vba/vba_text_files.html]
[www.tutorialspoint.com/vba/vba_programming_charts.html]
[www.tutorialspoint.com/vba/vba_userforms.html]
[www.tutorialspoint.com/vba/vba_quick_guide.html]
[www.tutorialspoint.com/vba/images/vba.jpg]
[pagead2.googlesyndication.com/pagead/js/f.txt]
[www.tutorialspoint.com/vba/vba_useful_resources.html]
[pagead2.googlesyndication.com/pagead/f.txt]
[s7.addthis.com/js/300/addthis_widget.js]
[www.tutorialspoint.com/images/apple_store.png]
[www.tutorialspoint.com/images/google_play.png]
[www.tutorialspoint.com/images/windows_store.png]
[www.tutorialspoint.com/scripts/img/logo-footer.png]
[www.tutorialspoint.com/theme/js/theme.js]
[www.tutorialspoint.com/vba/index.html]
[www.google-analytics.com/urchin.js]
[fonts.googleapis.com/cssf1e9.css]
[www.tutorialspoint.com/vba/index-2.html]
[www.tutorialspoint.com/vba/images/vba_01.jpg]
[www.tutorialspoint.com/vba/vba_overview.html]
[www.tutorialspoint.com/vba/images/excel_macro_1.jpg]
[www.tutorialspoint.com/vba/images/excel_macro_2.jpg]
[www.tutorialspoint.com/vba/images/vba_module_1.jpg]
[www.tutorialspoint.com/vba/images/excel_macro_3.jpg]
[www.tutorialspoint.com/vba/images/excel_macro_4.jpg]
[www.tutorialspoint.com/vba/images/excel_macro_5.jpg]
[www.tutorialspoint.com/vba/images/excel_macro_6.jpg]
[www.tutorialspoint.com/vba/images/excel_macro_7.jpg]
[www.tutorialspoint.com/vba/vba_excel_macros.html]
[www.tutorialspoint.com/vba/images/vba_module_1_1.jpg]
[www.tutorialspoint.com/vba/vba_excel_terms.html]
[www.tutorialspoint.com/vba/vba_macro_comments.html]
[www.tutorialspoint.com/vba/images/vba_module_2.jpg]
[www.tutorialspoint.com/vba/images/vba_message_box_1.jpg]
[www.tutorialspoint.com/vba/images/vba_message_box_2.jpg]
[www.tutorialspoint.com/vba/images/vba_message_box_3.jpg]
[www.tutorialspoint.com/vba/images/vba_message_box_4.jpg]
[www.tutorialspoint.com/vba/vba_message_box.html]
[www.tutorialspoint.com/vba/images/vba_inputbox_1.jpg]
[www.tutorialspoint.com/vba/images/vba_inputbox_2.jpg]
[www.tutorialspoint.com/vba/images/vba_inputbox_3.jpg]
[www.tutorialspoint.com/vba/vba_input_box.html]
[www.tutorialspoint.com/vba/images/vba_inputbox_4.jpg]
[www.tutorialspoint.com/vba/images/vba_02.jpg]
[www.tutorialspoint.com/vba/images/vba_03.jpg]
[www.tutorialspoint.com/vba/vba_variables.html]
[www.tutorialspoint.com/vba/images/vba_05.jpg]
[www.tutorialspoint.com/vba/vba_constants.html]
[www.tutorialspoint.com/vba/vba_arithmetic_operators.html]
[www.tutorialspoint.com/vba/vba_comparison_operators.html]
[www.tutorialspoint.com/vba/vba_logical_operators.html]
[www.tutorialspoint.com/vba/vba_concatenation_operators.html]
[www.tutorialspoint.com/vba/vba_operators.html]
[www.tutorialspoint.com/vba/images/decision_making.jpg]
[www.tutorialspoint.com/vba/vba_if_statement.html]
[www.tutorialspoint.com/vba/vba_if_else_statement.html]
[www.tutorialspoint.com/vba/vba_if_elseif_else_statement.html]
[www.tutorialspoint.com/vba/vba_nested_if_statements.html]
[www.tutorialspoint.com/vba/vba_decisions.html]
[www.tutorialspoint.com/vba/vba_switch_statement.html]
[www.tutorialspoint.com/vba/images/loop_architecture.jpg]
[www.tutorialspoint.com/vba/vba_for_loop.html]
[www.tutorialspoint.com/vba/vba_while_wend_loop.html]
[www.tutorialspoint.com/vba/vba_foreach_loop.html]
[www.tutorialspoint.com/vba/vba_do_while_loop.html]
[www.tutorialspoint.com/vba/vba_do_until_loop.html]
[www.tutorialspoint.com/vba/vba_exit_for_statement.html]
[www.tutorialspoint.com/vba/vba_loops.html]
[www.tutorialspoint.com/vba/vba_instr_function.html]
[www.tutorialspoint.com/vba/vba_exit_do_statement.html]
[www.tutorialspoint.com/vba/vba_instrrev_function.html]
[www.tutorialspoint.com/vba/vba_ucase_function.html]
[www.tutorialspoint.com/vba/vba_lcase_function.html]
[www.tutorialspoint.com/vba/vba_left_function.html]
[www.tutorialspoint.com/vba/vba_right_function.html]
[www.tutorialspoint.com/vba/vba_mid_function.html]
[www.tutorialspoint.com/vba/vba_ltrim_function.html]
[www.tutorialspoint.com/vba/vba_rtrim_function.html]
[www.tutorialspoint.com/vba/vba_trim_function.html]
[www.tutorialspoint.com/vba/vba_len_function.html]
[www.tutorialspoint.com/vba/vba_replace_function.html]
[www.tutorialspoint.com/vba/vba_space_function.html]
[www.tutorialspoint.com/vba/vba_strcomp_function.html]
[www.tutorialspoint.com/vba/vba_string_function.html]
[www.tutorialspoint.com/vba/vba_strings.html]
[www.tutorialspoint.com/vba/vba_strreverse_function.html]
[www.tutorialspoint.com/vba/vba_cdate_function.html]
[www.tutorialspoint.com/vba/vba_date_function.html]
[www.tutorialspoint.com/vba/vba_dateadd_function.html]
[www.tutorialspoint.com/vba/vba_datediff_function.html]
[www.tutorialspoint.com/vba/vba_datepart_function.html]
[www.tutorialspoint.com/vba/vba_dateserial_function.html]
[www.tutorialspoint.com/vba/vba_formatdatetime_function.html]
[www.tutorialspoint.com/vba/vba_isdate_function.html]
[www.tutorialspoint.com/vba/vba_day_function.html]
[www.tutorialspoint.com/vba/vba_month_function.html]
[www.tutorialspoint.com/vba/vba_year_function.html]
[www.tutorialspoint.com/vba/vba_monthname_function.html]
[www.tutorialspoint.com/vba/vba_weekday_function.html]
[www.tutorialspoint.com/vba/vba_weekdayname_function.html]
[www.tutorialspoint.com/vba/vba_now_function.html]
[www.tutorialspoint.com/vba/vba_hour_function.html]
[www.tutorialspoint.com/vba/vba_minute_function.html]
[www.tutorialspoint.com/vba/vba_second_function.html]
[www.tutorialspoint.com/vba/vba_time_function.html]
[www.tutorialspoint.com/vba/vba_timer_function.html]
[www.tutorialspoint.com/vba/vba_timeserial_function.html]
[www.tutorialspoint.com/vba/vba_date_time.html]
[www.tutorialspoint.com/vba/vba_timevalue_function.html]
[www.tutorialspoint.com/vba/vba_lbound_function.html]
[www.tutorialspoint.com/vba/vba_ubound_function.html]
[www.tutorialspoint.com/vba/vba_split_function.html]
[www.tutorialspoint.com/vba/vba_join_function.html]
[www.tutorialspoint.com/vba/vba_filter_function.html]
[www.tutorialspoint.com/vba/vba_isarray_function.html]
[www.tutorialspoint.com/vba/vba_arrays.html]
[www.tutorialspoint.com/vba/vba_erase_function.html]
[www.tutorialspoint.com/vba/images/calculate_area.jpg]
[www.tutorialspoint.com/vba/vba_functions.html]
[www.tutorialspoint.com/vba/images/sub_procedure.jpg]
[www.tutorialspoint.com/vba/images/calculate_area_sub_2.jpg]
[www.tutorialspoint.com/vba/vba_sub_procedure.html]
[www.tutorialspoint.com/vba/images/calculate_area_sub_3.jpg]
[www.tutorialspoint.com/vba/images/excel_macro_9.jpg]
[www.tutorialspoint.com/vba/images/excel_macro_11.jpg]
[www.tutorialspoint.com/vba/images/excel_macro_10.jpg]
[www.tutorialspoint.com/vba/vba_events.html]
[www.tutorialspoint.com/vba/vba_error_handling.html]
[www.tutorialspoint.com/vba/vba_excel_objects.html]
[www.tutorialspoint.com/vba/images/excel_macro_12.jpg]
[www.tutorialspoint.com/vba/images/excel_fso_1.jpg]
[www.tutorialspoint.com/vba/images/excel_fso_2.jpg]
[www.tutorialspoint.com/vba/images/excel_fso_3.jpg]
[www.tutorialspoint.com/vba/images/excel_fso_4.jpg]
[www.tutorialspoint.com/vba/images/excel_fso_5.jpg]
[www.tutorialspoint.com/vba/images/excel_fso_6.jpg]
[www.tutorialspoint.com/vba/vba_text_files.html]
[www.tutorialspoint.com/vba/images/excel_graph_1.jpg]
[www.tutorialspoint.com/vba/images/excel_graph_2.jpg]
[www.tutorialspoint.com/vba/images/excel_graph_3.jpg]
[www.tutorialspoint.com/vba/vba_programming_charts.html]
[www.tutorialspoint.com/vba/images/vba_user_form_1.jpg]
[www.tutorialspoint.com/vba/images/vba_user_form_2.jpg]
[www.tutorialspoint.com/vba/images/vba_user_form_2_1.jpg]
[www.tutorialspoint.com/vba/images/vba_user_form_3.jpg]
[www.tutorialspoint.com/vba/images/vba_user_form_4.jpg]
[www.tutorialspoint.com/vba/images/vba_user_form_5.jpg]
[www.tutorialspoint.com/vba/vba_userforms.html]
[www.tutorialspoint.com/vba/vba_quick_guide.html]
[ecx.images-amazon.com/images/I/51tBIIOFiIL._SY344_BO1,204,203,200_.jpg]
[ecx.images-amazon.com/images/I/41DWu++iW0L._BO2,204,203,200_PIsitb-sticker-v3-big,TopRight,0,-55_SX278_SY278_PIkin4,BottomRight,1,22_AA300_SH20_OU01_.jpg]
[www.tutorialspoint.com/vba/vba_useful_resources.html]
[www.tutorialspoint.com/vba/vba_arithmetic_operators.html]
[www.tutorialspoint.com/vba/vba_comparison_operators.html]
[www.tutorialspoint.com/vba/vba_logical_operators.html]
[www.tutorialspoint.com/vba/vba_concatenation_operators.html]
[www.tutorialspoint.com/vba/vba_if_statement.html]
[www.tutorialspoint.com/images/if_statement.jpg]
[www.tutorialspoint.com/images/if_else_statement.jpg]
[www.tutorialspoint.com/vba/vba_if_else_statement.html]
[www.tutorialspoint.com/vba/vba_if_elseif_else_statement.html]
[www.tutorialspoint.com/vba/vba_nested_if_statements.html]
[www.tutorialspoint.com/vba/vba_switch_statement.html]
[www.tutorialspoint.com/vba/vba_for_loop.html]
[www.tutorialspoint.com/vba/vba_foreach_loop.html]
[www.tutorialspoint.com/vba/images/vba_for_loop.jpg]
[www.tutorialspoint.com/vba/vba_while_wend_loop.html]
[www.tutorialspoint.com/vba/images/vba_while_wend_loop.jpg]
[www.tutorialspoint.com/vba/images/vba_do_while_loop1.jpg]
[www.tutorialspoint.com/vba/vba_do_while_loop.html]
[www.tutorialspoint.com/vba/images/vba_do_until_loop1.jpg]
[www.tutorialspoint.com/vba/vba_do_until_loop.html]
[www.tutorialspoint.com/vba/images/vba_do_until_loop2.jpg]
[www.tutorialspoint.com/vba/vba_exit_for_statement.html]
[www.tutorialspoint.com/vba/images/vba_exit_for_loop.jpg]
[www.tutorialspoint.com/vba/vba_exit_do_statement.html]
[www.tutorialspoint.com/vba/vba_instr_function.html]
[www.tutorialspoint.com/vba/vba_instrrev_function.html]
[www.tutorialspoint.com/vba/vba_lcase_function.html]
[www.tutorialspoint.com/vba/vba_ucase_function.html]
[www.tutorialspoint.com/vba/vba_left_function.html]
[www.tutorialspoint.com/vba/vba_right_function.html]
[www.tutorialspoint.com/vba/vba_mid_function.html]
[www.tutorialspoint.com/vba/vba_ltrim_function.html]
[www.tutorialspoint.com/vba/vba_rtrim_function.html]
[www.tutorialspoint.com/vba/vba_trim_function.html]
[www.tutorialspoint.com/vba/vba_len_function.html]
[www.tutorialspoint.com/vba/vba_replace_function.html]
[www.tutorialspoint.com/vba/vba_space_function.html]
[www.tutorialspoint.com/vba/vba_strcomp_function.html]
[www.tutorialspoint.com/vba/vba_string_function.html]
[www.tutorialspoint.com/vba/vba_strreverse_function.html]
[www.tutorialspoint.com/vba/vba_date_function.html]
[www.tutorialspoint.com/vba/vba_cdate_function.html]
[www.tutorialspoint.com/vba/vba_dateadd_function.html]
[www.tutorialspoint.com/vba/vba_datediff_function.html]
[www.tutorialspoint.com/vba/vba_datepart_function.html]
[www.tutorialspoint.com/vba/vba_dateserial_function.html]
[www.tutorialspoint.com/vba/vba_formatdatetime_function.html]
[www.tutorialspoint.com/vba/vba_isdate_function.html]
[www.tutorialspoint.com/vba/vba_day_function.html]
[www.tutorialspoint.com/vba/vba_month_function.html]
[www.tutorialspoint.com/vba/vba_year_function.html]
[www.tutorialspoint.com/vba/vba_monthname_function.html]
[www.tutorialspoint.com/vba/vba_weekday_function.html]
[www.tutorialspoint.com/vba/vba_weekdayname_function.html]
[www.tutorialspoint.com/vba/vba_now_function.html]
[www.tutorialspoint.com/vba/vba_hour_function.html]
[www.tutorialspoint.com/vba/vba_minute_function.html]
[www.tutorialspoint.com/vba/vba_second_function.html]
[www.tutorialspoint.com/vba/vba_time_function.html]
[www.tutorialspoint.com/vba/vba_timer_function.html]
[www.tutorialspoint.com/vba/vba_timeserial_function.html]
[www.tutorialspoint.com/vba/vba_timevalue_function.html]
[www.tutorialspoint.com/vba/vba_lbound_function.html]
[www.tutorialspoint.com/vba/vba_ubound_function.html]
[www.tutorialspoint.com/vba/vba_split_function.html]
[www.tutorialspoint.com/vba/vba_join_function.html]
[www.tutorialspoint.com/vba/vba_filter_function.html]
[www.tutorialspoint.com/vba/vba_isarray_function.html]
[www.tutorialspoint.com/vba/vba_erase_function.html]
[www.tutorialspoint.com/theme/vendor/jquery.js]
[www.tutorialspoint.com/theme/prettify.js]
[www.tutorialspoint.com/theme/vendor/modernizr.js]
[www.tutorialspoint.com/theme/css/fonts/font-awesome/css/font-awesome.css]
[s7.addthis.com/js/300/addthis_widget.js]
[www.tutorialspoint.com/absoluteclasses/images/cdgrnd-newss.jpg]
[www.tutorialspoint.com/theme/img/map-top.png]
[www.tutorialspoint.com/theme/img/map-bottom.png]
[www.tutorialspoint.com/theme/img/home-concept.png]
[www.tutorialspoint.com/theme/img/home-concept-item.png]
[www.tutorialspoint.com/theme/img/home-concept-icons.png]
[www.tutorialspoint.com/theme/img/social-sprites.png]
[www.tutorialspoint.com/images/link.png]
[www.tutorialspoint.com/images/hits.gif]
[www.tutorialspoint.com/images/list-icon.png]
[www.tutorialspoint.com/theme/js/theme.js]
[www.tutorialspoint.com/images/icon-bullet.png]
[www.tutorialspoint.com/images/sprite.png]
[www.tutorialspoint.com/theme/css/custom.css]
[www.tutorialspoint.com/images/google+.png]
[www.tutorialspoint.com/images/facebook.png]
[www.tutorialspoint.com/images/absolute-classes.png]
[www.tutorialspoint.com/images/absolute-classes-h.png]
[www.tutorialspoint.com/images/tutor.png]
[www.tutorialspoint.com/images/tutor-h.png]
[www.tutorialspoint.com/images/banner-bg.jpg]
[www.tutorialspoint.com/images/top-banners.png]
[www.tutorialspoint.com/images/cdgrnd-sprite.jpg]
[www.tutorialspoint.com/theme/css/abc-style.css]
[www.tutorialspoint.com/theme/css/theme-responsive.css]
[www.tutorialspoint.com/images/loading.gif]
[www.tutorialspoint.com/images/controls.png]
[www.tutorialspoint.com/theme/colorbox.css]
[www.tutorialspoint.com/theme/prettify.css]
[www.tutorialspoint.com/vba/index-2.html]
[www.tutorialspoint.com/vba/vba_arithmetic_operators.html]
[www.tutorialspoint.com/vba/vba_if_statement.html]
[www.tutorialspoint.com/vba/vba_for_loop.html]
[www.tutorialspoint.com/vba/images/calculate_area1.html]
[www.tutorialspoint.com/images/vbscript_if_elseif_else_statement.html]
[www.tutorialspoint.com/vba/images/vbscript_do_while_loop2.html]
[www.tutorialspoint.com/vba/images/vbscript_exit_do_loop.html]
[www.tutorialspoint.com/theme/css/fonts/font-awesome/fonts/fontawesome-webfont862f.svg]
[www.tutorialspoint.com/theme/css/images/absolute-classes-h.html]
[www.tutorialspoint.com/theme/css/absoluteclasses/images/corporate.html]
[www.tutorialspoint.com/theme/css/absoluteclasses/images/corporate-h.html]
