[www.tutorialspoint.com/web_developers_guide/web_server_types.html]
[backblue.gif]
[fade.gif]
[index.html]
[www.tutorialspoint.com/favicon.ico]
[www.tutorialspoint.com/scripts/jquery.min.js]
[www.tutorialspoint.com/scripts/mobile.js]
[www.tutorialspoint.com/scripts/prettify.js]
[www.google-analytics.com/urchin.js]
[www.tutorialspoint.com/images/icon-search.png]
[www.tutorialspoint.com/images/home-icon.png]
[www.tutorialspoint.com/images/nav-icon.png]
[www.tutorialspoint.com/images/web-mini-logo.png]
[www.tutorialspoint.com/web_developers_guide/index.html]
[www.tutorialspoint.com/web_developers_guide/web_basic_concepts.html]
[www.tutorialspoint.com/web_developers_guide/web_how_it_works.html]
[www.tutorialspoint.com/web_developers_guide/web_browser_types.html]
[www.tutorialspoint.com/web_developers_guide/web_site_advantages.html]
[www.tutorialspoint.com/web_developers_guide/web_skills_required.html]
[www.tutorialspoint.com/web_developers_guide/web_tools_required.html]
[www.tutorialspoint.com/web_developers_guide/web_domain_names.html]
[www.tutorialspoint.com/web_developers_guide/web_site_construction.html]
[www.tutorialspoint.com/web_developers_guide/web_hosting_concepts.html]
[www.tutorialspoint.com/web_developers_guide/web_ecommerce_hosting.html]
[www.tutorialspoint.com/web_developers_guide/web_site_backup.html]
[www.tutorialspoint.com/web_developers_guide/web_site_statistics.html]
[www.tutorialspoint.com/web_developers_guide/web_site_popularity.html]
[www.tutorialspoint.com/web_developers_guide/web_free_graphics.html]
[www.tutorialspoint.com/web_developers_guide/web_summary.html]
[www.tutorialspoint.com/web_developers_guide/useful_web_resources.html]
[www.tutorialspoint.com/web_developers_guide/web_quick_guide.html]
[pagead2.googlesyndication.com/pagead/js/f.txt]
[www.tutorialspoint.com/images/apache_server.jpg]
[www.tutorialspoint.com/images/iis_server.jpg]
[www.tutorialspoint.com/images/light_server.jpg]
[www.tutorialspoint.com/images/sun_server.jpg]
[www.tutorialspoint.com/images/jigsaw_server.jpg]
[www.tutorialspoint.com/web_developers_guide/web_server_types.html]
[pagead2.googlesyndication.com/pagead/f.txt]
[www.tutorialspoint.com/web_developers_guide/index.html]
[www.tutorialspoint.com/web_developers_guide/web_basic_concepts.html]
[www.tutorialspoint.com/web_developers_guide/web_how_it_works.html]
[www.tutorialspoint.com/images/web_developers_guide.jpg]
[s7.addthis.com/js/250/addthis_widget.js]
[www.tutorialspoint.com/web_developers_guide/web_browser_statistics.html]
[www.tutorialspoint.com/images/bie.jpg]
[www.tutorialspoint.com/images/bns.jpg]
[www.tutorialspoint.com/images/bmz.jpg]
[www.tutorialspoint.com/images/bkq.jpg]
[www.tutorialspoint.com/images/bff.jpg]
[www.tutorialspoint.com/images/bsf.jpg]
[www.tutorialspoint.com/images/bop.jpg]
[www.tutorialspoint.com/web_developers_guide/web_browser_types.html]
[www.tutorialspoint.com/web_developers_guide/web_site_advantages.html]
[www.tutorialspoint.com/web_developers_guide/web_skills_required.html]
[www.tutorialspoint.com/web_developers_guide/web_tools_required.html]
[www.tutorialspoint.com/web_developers_guide/web_domain_names.html]
[www.tutorialspoint.com/web_developers_guide/web_site_construction.html]
[www.tutorialspoint.com/web_developers_guide/web_hosting_concepts.html]
[www.tutorialspoint.com/web_developers_guide/web_ecommerce_hosting.html]
[www.tutorialspoint.com/web_developers_guide/web_site_backup.html]
[www.tutorialspoint.com/web_developers_guide/web_site_statistics.html]
[www.tutorialspoint.com/web_developers_guide/web_site_popularity.html]
[www.tutorialspoint.com/images/bln.jpg]
[www.tutorialspoint.com/images/clipart/flow/flow1.gif]
[www.tutorialspoint.com/images/clipart/flow/flow1.jpg]
[www.tutorialspoint.com/images/clipart/flow/flow2.gif]
[www.tutorialspoint.com/images/clipart/flow/flow2.jpg]
[www.tutorialspoint.com/images/clipart/flow/flow3.gif]
[www.tutorialspoint.com/images/clipart/flow/flow3.jpg]
[www.tutorialspoint.com/images/clipart/flow/flow4.gif]
[www.tutorialspoint.com/images/clipart/flow/flow4.jpg]
[www.tutorialspoint.com/images/clipart/flow/flow5.gif]
[www.tutorialspoint.com/images/clipart/flow/flow5.jpg]
[www.tutorialspoint.com/images/clipart/flow/flow6.gif]
[www.tutorialspoint.com/images/clipart/flow/flow6.jpg]
[www.tutorialspoint.com/images/clipart/flow/flow7.gif]
[www.tutorialspoint.com/images/clipart/flow/flow7.jpg]
[www.tutorialspoint.com/images/clipart/flow/flow8.gif]
[www.tutorialspoint.com/images/clipart/flow/flow8.jpg]
[www.tutorialspoint.com/images/clipart/flow/flow9.gif]
[www.tutorialspoint.com/images/clipart/flow/flow9.jpg]
[www.tutorialspoint.com/images/clipart/flow/flow10.gif]
[www.tutorialspoint.com/images/clipart/flow/flow10.jpg]
[www.tutorialspoint.com/images/clipart/flow/flow11.gif]
[www.tutorialspoint.com/images/clipart/flow/flow11.jpg]
[www.tutorialspoint.com/images/clipart/flow/flow12.gif]
[www.tutorialspoint.com/images/clipart/flow/flow12.jpg]
[www.tutorialspoint.com/images/clipart/flow/flow13.gif]
[www.tutorialspoint.com/images/clipart/flow/flow13.jpg]
[www.tutorialspoint.com/images/clipart/flow/flow14.gif]
[www.tutorialspoint.com/images/clipart/flow/flow14.jpg]
[www.tutorialspoint.com/images/clipart/flow/flow15.gif]
[www.tutorialspoint.com/images/clipart/flow/flow15.jpg]
[www.tutorialspoint.com/images/clipart/flow/flow16.gif]
[www.tutorialspoint.com/images/clipart/flow/flow16.jpg]
[www.tutorialspoint.com/images/clipart/flow/flow17.gif]
[www.tutorialspoint.com/images/clipart/flow/flow17.jpg]
[www.tutorialspoint.com/images/clipart/flow/flow18.gif]
[www.tutorialspoint.com/images/clipart/flow/flow18.jpg]
[www.tutorialspoint.com/images/clipart/flow/flow19.gif]
[www.tutorialspoint.com/images/clipart/flow/flow19.jpg]
[www.tutorialspoint.com/images/clipart/flow/flow20.gif]
[www.tutorialspoint.com/web_developers_guide/web_free_graphics.html]
[www.tutorialspoint.com/web_developers_guide/web_summary.html]
[www.tutorialspoint.com/web_developers_guide/web_quick_guide.html]
[www.tutorialspoint.com/images/clipart/flow/flow20.jpg]
[ecx.images-amazon.com/images/I/51B-na9SupL.jpg]
[ecx.images-amazon.com/images/I/41-TNhUrR2L.jpg]
[ecx.images-amazon.com/images/I/51H2UwquLTL.jpg]
[ecx.images-amazon.com/images/I/510pqvD2NIL.jpg]
[ecx.images-amazon.com/images/I/41Q0cd+CmuL.jpg]
[www.tutorialspoint.com/web_developers_guide/useful_web_resources.html]
[www.tutorialspoint.com/web_developers_guide/web_browser_statistics.html]
[ecx.images-amazon.com/images/I/51e3Nq0ItVL.jpg]
[www.tutorialspoint.com/scripts/prettify.js]
[www.tutorialspoint.com/images/tp-simple3-logo.png]
[www.tutorialspoint.com/ruby/images/final-logo.png]
[www.tutorialspoint.com/images/apache_server.jpg]
[www.tutorialspoint.com/images/iis_server.jpg]
[www.tutorialspoint.com/images/icon-bullet.png]
[www.tutorialspoint.com/images/light_server.jpg]
[www.tutorialspoint.com/images/sun_server.jpg]
[www.tutorialspoint.com/images/jigsaw_server.jpg]
[www.tutorialspoint.com/images/list-icon.png]
[www.tutorialspoint.com/images/web_developers_guide.jpg]
[s7.addthis.com/js/250/addthis_widget.js]
[www.tutorialspoint.com/images/list-icon-minus.png]
[www.tutorialspoint.com/images/bie.jpg]
[www.tutorialspoint.com/images/bns.jpg]
[www.tutorialspoint.com/images/bmz.jpg]
[www.tutorialspoint.com/images/sub-menu.gif]
[www.tutorialspoint.com/images/bkq.jpg]
[www.tutorialspoint.com/images/bff.jpg]
[www.tutorialspoint.com/images/bsf.jpg]
[www.tutorialspoint.com/images/sprite.png]
[www.tutorialspoint.com/images/bop.jpg]
[www.tutorialspoint.com/images/bln.jpg]
[www.tutorialspoint.com/images/answer.png]
[www.tutorialspoint.com/images/clipart/flow/flow1.jpg]
[www.tutorialspoint.com/images/clipart/flow/flow2.jpg]
[www.tutorialspoint.com/images/footer.png]
[www.tutorialspoint.com/images/clipart/flow/flow3.jpg]
[www.tutorialspoint.com/images/clipart/flow/flow4.jpg]
[www.tutorialspoint.com/images/icon-twitter.png]
[www.tutorialspoint.com/images/icon-facebook.png]
[www.tutorialspoint.com/images/clipart/flow/flow5.jpg]
[www.tutorialspoint.com/images/icon-rss.png]
[www.tutorialspoint.com/images/clipart/flow/flow6.jpg]
[www.tutorialspoint.com/images/clipart/flow/flow7.jpg]
[www.tutorialspoint.com/images/quote.png]
[www.tutorialspoint.com/images/clipart/flow/flow8.jpg]
[www.tutorialspoint.com/images/clipart/flow/flow9.jpg]
[www.tutorialspoint.com/images/clipart/flow/flow10.jpg]
[www.tutorialspoint.com/images/link.png]
[www.tutorialspoint.com/scripts/style.css]
[www.tutorialspoint.com/images/clipart/flow/flow11.jpg]
[www.tutorialspoint.com/scripts/prettify.css]
[www.tutorialspoint.com/images/clipart/flow/flow12.jpg]
[www.tutorialspoint.com/web_developers_guide/index.html]
[www.tutorialspoint.com/images/clipart/flow/flow13.jpg]
[www.tutorialspoint.com/images/clipart/flow/flow14.jpg]
[www.tutorialspoint.com/web_developers_guide/web_browser_statistics.html]
[www.tutorialspoint.com/images/clipart/flow/flow15.jpg]
[www.tutorialspoint.com/scripts/star.html]
