[backblue.gif]
[fade.gif]
[index.html]
[projecteuler.net/favicon.ico]
[projecteuler.net/rss2_euler.xml]
[projecteuler.net/images/icon_rss.png]
[projecteuler.net/images/icon_lock.png]
[projecteuler.net/images/euler_portrait.png]
[projecteuler.net/index.html]
[projecteuler.net/about.html]
[cdn.mathjax.org/mathjax/latest/MathJax7b8b.js]
[projecteuler.net/problems.html]
[projecteuler.net/news.html]
[projecteuler.net/captcha/show_captcha.png]
[projecteuler.net/register.html]
[projecteuler.net/captcha/show_captchad41d.png]
[projecteuler.net/sign_in.html]
[projecteuler.net/copyright.html]
[projecteuler.net/privacy.html]
[projecteuler.net/problems;page=2.html]
[projecteuler.net/problems;page=3.html]
[projecteuler.net/problems;page=4.html]
[projecteuler.net/problems;page=5.html]
[projecteuler.net/problems;page=6.html]
[projecteuler.net/problems;page=7.html]
[projecteuler.net/problems;page=8.html]
[projecteuler.net/problems;page=9.html]
[projecteuler.net/problems;page=10.html]
[projecteuler.net/problem=1.html]
[projecteuler.net/images/print_page_logo.png]
[projecteuler.net/problem=2.html]
[projecteuler.net/problem=3.html]
[projecteuler.net/problem=4.html]
[projecteuler.net/problem=5.html]
[projecteuler.net/problem=6.html]
[projecteuler.net/problem=7.html]
[projecteuler.net/problem=8.html]
[projecteuler.net/problem=9.html]
[projecteuler.net/problem=10.html]
[projecteuler.net/problem=11.html]
[projecteuler.net/problem=12.html]
[projecteuler.net/problem=13.html]
[projecteuler.net/problem=14.html]
[projecteuler.net/problem=15.html]
[projecteuler.net/project/images/p015.gif]
[projecteuler.net/problem=16.html]
[projecteuler.net/problem=17.html]
[projecteuler.net/problem=18.html]
[projecteuler.net/problem=19.html]
[projecteuler.net/problem=20.html]
[projecteuler.net/problem=21.html]
[projecteuler.net/project/resources/p022_names.txt]
[projecteuler.net/problem=22.html]
[projecteuler.net/problem=23.html]
[projecteuler.net/problem=24.html]
[projecteuler.net/problem=25.html]
[projecteuler.net/problem=26.html]
[projecteuler.net/problem=27.html]
[projecteuler.net/problem=28.html]
[projecteuler.net/problem=29.html]
[projecteuler.net/problem=30.html]
[projecteuler.net/problem=31.html]
[projecteuler.net/problem=32.html]
[projecteuler.net/problem=33.html]
[projecteuler.net/problem=34.html]
[projecteuler.net/problem=35.html]
[projecteuler.net/problem=36.html]
[projecteuler.net/problem=37.html]
[projecteuler.net/problem=38.html]
[projecteuler.net/problem=39.html]
[projecteuler.net/problem=40.html]
[projecteuler.net/problem=41.html]
[projecteuler.net/problem=42.html]
[projecteuler.net/project/resources/p042_words.txt]
[projecteuler.net/problem=43.html]
[projecteuler.net/problem=44.html]
[projecteuler.net/problem=45.html]
[projecteuler.net/problem=46.html]
[projecteuler.net/problem=47.html]
[projecteuler.net/problem=48.html]
[projecteuler.net/problem=49.html]
[projecteuler.net/problem=50.html]
[projecteuler.net/recovery.html]
[projecteuler.net/about=account_recovery.html]
[projecteuler.net/problem=51.html]
[projecteuler.net/problem=52.html]
[projecteuler.net/problem=53.html]
[projecteuler.net/problem=54.html]
[projecteuler.net/project/resources/p054_poker.txt]
[projecteuler.net/problem=55.html]
[projecteuler.net/problem=56.html]
[projecteuler.net/problem=57.html]
[projecteuler.net/problem=58.html]
[projecteuler.net/problem=59.html]
[projecteuler.net/project/resources/p059_cipher.txt]
[projecteuler.net/problem=60.html]
[projecteuler.net/problem=61.html]
[projecteuler.net/problem=62.html]
[projecteuler.net/problem=63.html]
[projecteuler.net/problem=64.html]
[projecteuler.net/problem=65.html]
[projecteuler.net/problem=66.html]
[projecteuler.net/problem=67.html]
[projecteuler.net/project/resources/p067_triangle.txt]
[projecteuler.net/project/images/p068_1.gif]
[projecteuler.net/project/images/p068_2.gif]
[projecteuler.net/problem=68.html]
[projecteuler.net/problem=69.html]
[projecteuler.net/problem=70.html]
[projecteuler.net/problem=71.html]
[projecteuler.net/problem=72.html]
[projecteuler.net/problem=73.html]
[projecteuler.net/problem=74.html]
[projecteuler.net/problem=75.html]
[projecteuler.net/problem=76.html]
[projecteuler.net/problem=77.html]
[projecteuler.net/problem=78.html]
[projecteuler.net/problem=79.html]
[projecteuler.net/project/resources/p079_keylog.txt]
[projecteuler.net/problem=80.html]
[projecteuler.net/problem=81.html]
[projecteuler.net/project/resources/p081_matrix.txt]
[projecteuler.net/problem=82.html]
[projecteuler.net/project/resources/p082_matrix.txt]
[projecteuler.net/problem=83.html]
[projecteuler.net/project/resources/p083_matrix.txt]
[projecteuler.net/problem=84.html]
[projecteuler.net/project/images/p085.gif]
[projecteuler.net/problem=85.html]
[projecteuler.net/project/images/p086.gif]
[projecteuler.net/problem=86.html]
[projecteuler.net/problem=87.html]
[projecteuler.net/problem=88.html]
[projecteuler.net/project/resources/p089_roman.txt]
[projecteuler.net/problem=89.html]
[projecteuler.net/project/images/p090.gif]
[projecteuler.net/problem=90.html]
[projecteuler.net/project/images/p091_1.gif]
[projecteuler.net/project/images/p091_2.gif]
[projecteuler.net/problem=91.html]
[projecteuler.net/problem=92.html]
[projecteuler.net/problem=93.html]
[projecteuler.net/problem=94.html]
[projecteuler.net/problem=95.html]
[projecteuler.net/images/spacer.gif]
[projecteuler.net/project/resources/p096_sudoku.txt]
[projecteuler.net/problem=96.html]
[projecteuler.net/problem=97.html]
[projecteuler.net/problem=98.html]
[projecteuler.net/project/resources/p098_words.txt]
[projecteuler.net/problem=99.html]
[projecteuler.net/project/resources/p099_base_exp.txt]
[projecteuler.net/problem=100.html]
[projecteuler.net/problem=101.html]
[projecteuler.net/problem=102.html]
[projecteuler.net/project/resources/p102_triangles.txt]
[projecteuler.net/problem=103.html]
[projecteuler.net/problem=104.html]
[projecteuler.net/problem=105.html]
[projecteuler.net/project/resources/p105_sets.txt]
[projecteuler.net/problem=106.html]
[projecteuler.net/project/images/p107_1.gif]
[projecteuler.net/project/images/p107_2.gif]
[projecteuler.net/problem=107.html]
[projecteuler.net/project/resources/p107_network.txt]
[projecteuler.net/problem=108.html]
[projecteuler.net/project/images/p109.gif]
[projecteuler.net/problem=109.html]
[projecteuler.net/problem=110.html]
[projecteuler.net/problem=111.html]
[projecteuler.net/problem=112.html]
[projecteuler.net/problem=113.html]
[projecteuler.net/problem=114.html]
[projecteuler.net/problem=115.html]
[projecteuler.net/problem=116.html]
[projecteuler.net/problem=117.html]
[projecteuler.net/problem=118.html]
[projecteuler.net/problem=119.html]
[projecteuler.net/problem=120.html]
[projecteuler.net/problem=121.html]
[projecteuler.net/problem=122.html]
[projecteuler.net/problem=123.html]
[projecteuler.net/problem=124.html]
[projecteuler.net/problem=125.html]
[projecteuler.net/project/images/p126.gif]
[projecteuler.net/problem=126.html]
[projecteuler.net/problem=127.html]
[projecteuler.net/problem=128.html]
[projecteuler.net/project/images/p128.gif]
[projecteuler.net/problem=129.html]
[projecteuler.net/problem=130.html]
[projecteuler.net/problem=131.html]
[projecteuler.net/problem=132.html]
[projecteuler.net/problem=133.html]
[projecteuler.net/problem=134.html]
[projecteuler.net/problem=135.html]
[projecteuler.net/problem=136.html]
[projecteuler.net/problem=137.html]
[projecteuler.net/problem=138.html]
[projecteuler.net/project/images/p138.gif]
[projecteuler.net/problem=139.html]
[projecteuler.net/project/images/p139.gif]
[projecteuler.net/problem=140.html]
[projecteuler.net/problem=141.html]
[projecteuler.net/problem=142.html]
[projecteuler.net/problem=143.html]
[projecteuler.net/project/images/p143_torricelli.gif]
[projecteuler.net/project/images/p144_1.gif]
[projecteuler.net/project/images/p144_2.gif]
[projecteuler.net/problem=144.html]
[projecteuler.net/problem=145.html]
[projecteuler.net/problem=146.html]
[projecteuler.net/project/images/p147.gif]
[projecteuler.net/problem=147.html]
[projecteuler.net/problem=148.html]
[projecteuler.net/problem=149.html]
[projecteuler.net/problem=150.html]
[projecteuler.net/project/images/p150.gif]
[projecteuler.net/problem=151.html]
[projecteuler.net/project/images/p151.gif]
[projecteuler.net/problem=152.html]
[projecteuler.net/project/images/p152_sum.gif]
[projecteuler.net/project/images/p153_formule1.gif]
[projecteuler.net/project/images/p153_formule2.gif]
[projecteuler.net/project/images/p153_formule5.gif]
[projecteuler.net/problem=153.html]
[projecteuler.net/project/images/p153_formule6.gif]
[projecteuler.net/problem=154.html]
[projecteuler.net/project/images/p154_pyramid.gif]
[projecteuler.net/project/images/p155_capsmu.gif]
[projecteuler.net/project/images/p155_capacitors1.gif]
[projecteuler.net/problem=155.html]
[projecteuler.net/project/images/p155_capsform.gif]
[projecteuler.net/problem=156.html]
[projecteuler.net/problem=157.html]
[projecteuler.net/problem=158.html]
[projecteuler.net/problem=159.html]
[projecteuler.net/problem=160.html]
[projecteuler.net/project/images/p161_trio1.gif]
[projecteuler.net/project/images/p161_trio3.gif]
[projecteuler.net/problem=161.html]
[projecteuler.net/project/images/p161_k9.gif]
[projecteuler.net/problem=162.html]
[projecteuler.net/problem=163.html]
[projecteuler.net/project/images/p163.gif]
[projecteuler.net/problem=164.html]
[projecteuler.net/problem=165.html]
[projecteuler.net/problem=166.html]
[projecteuler.net/problem=167.html]
[projecteuler.net/problem=168.html]
[projecteuler.net/problem=169.html]
[projecteuler.net/problem=170.html]
[projecteuler.net/problem=171.html]
[projecteuler.net/problem=172.html]
[projecteuler.net/problem=173.html]
[projecteuler.net/project/images/p173_square_laminas.gif]
[projecteuler.net/problem=174.html]
[projecteuler.net/problem=175.html]
[projecteuler.net/problem=176.html]
[projecteuler.net/problem=177.html]
[projecteuler.net/project/images/p177_quad.gif]
[projecteuler.net/problem=178.html]
[projecteuler.net/problem=179.html]
[projecteuler.net/problem=180.html]
[projecteuler.net/problem=181.html]
[projecteuler.net/problem=182.html]
[projecteuler.net/problem=183.html]
[projecteuler.net/project/images/p184.gif]
[projecteuler.net/problem=184.html]
[projecteuler.net/problem=185.html]
[projecteuler.net/problem=186.html]
[projecteuler.net/problem=187.html]
[projecteuler.net/problem=188.html]
[projecteuler.net/project/images/p189_grid.gif]
[projecteuler.net/project/images/p189_colours.gif]
[projecteuler.net/problem=189.html]
[projecteuler.net/problem=190.html]
[projecteuler.net/problem=191.html]
[projecteuler.net/problem=192.html]
[projecteuler.net/problem=193.html]
[projecteuler.net/project/images/p194_GraphA.png]
[projecteuler.net/project/images/p194_GraphB.png]
[projecteuler.net/problem=194.html]
[projecteuler.net/project/images/p194_Fig.png]
[projecteuler.net/problem=195.html]
[projecteuler.net/problem=196.html]
[projecteuler.net/problem=197.html]
[projecteuler.net/problem=198.html]
[projecteuler.net/problem=199.html]
[projecteuler.net/project/images/p199_circles_in_circles.gif]
[projecteuler.net/problem=200.html]
[projecteuler.net/problem=201.html]
[projecteuler.net/project/images/p201_laserbeam.gif]
[projecteuler.net/problem=202.html]
[projecteuler.net/problem=203.html]
[projecteuler.net/problem=204.html]
[projecteuler.net/problem=205.html]
[projecteuler.net/problem=206.html]
[projecteuler.net/problem=207.html]
[projecteuler.net/project/images/p208_robotwalk.gif]
[projecteuler.net/problem=208.html]
[projecteuler.net/problem=209.html]
[projecteuler.net/problem=210.html]
[projecteuler.net/problem=211.html]
[projecteuler.net/problem=212.html]
[projecteuler.net/problem=213.html]
[projecteuler.net/problem=214.html]
[projecteuler.net/problem=215.html]
[projecteuler.net/project/images/p215_crackfree.gif]
[projecteuler.net/problem=216.html]
[projecteuler.net/problem=217.html]
[projecteuler.net/problem=218.html]
[projecteuler.net/problem=219.html]
[projecteuler.net/project/images/p220.gif]
[projecteuler.net/problem=220.html]
[projecteuler.net/problem=221.html]
[projecteuler.net/problem=222.html]
[projecteuler.net/problem=223.html]
[projecteuler.net/problem=224.html]
[projecteuler.net/problem=225.html]
[projecteuler.net/project/images/p226_formula.gif]
[projecteuler.net/problem=226.html]
[projecteuler.net/project/images/p226_scoop2.gif]
[projecteuler.net/problem=227.html]
[projecteuler.net/project/images/p228.png]
[projecteuler.net/problem=228.html]
[projecteuler.net/problem=229.html]
[projecteuler.net/problem=230.html]
[projecteuler.net/problem=231.html]
[projecteuler.net/problem=232.html]
[projecteuler.net/problem=233.html]
[projecteuler.net/problem=234.html]
[projecteuler.net/problem=235.html]
[projecteuler.net/problem=236.html]
[projecteuler.net/problem=237.html]
[projecteuler.net/project/images/p237.gif]
[projecteuler.net/problem=238.html]
[projecteuler.net/problem=239.html]
[projecteuler.net/problem=240.html]
[projecteuler.net/problem=241.html]
[projecteuler.net/problem=242.html]
[projecteuler.net/problem=243.html]
[projecteuler.net/project/images/p244_start.gif]
[projecteuler.net/project/images/p244_example.gif]
[projecteuler.net/project/images/p244_target.gif]
[projecteuler.net/problem=244.html]
[projecteuler.net/problem=245.html]
[projecteuler.net/project/images/p246_anim.gif]
[projecteuler.net/project/images/p246_ellipse.gif]
[projecteuler.net/problem=246.html]
[projecteuler.net/problem=247.html]
[projecteuler.net/project/images/p247_hypersquares.gif]
[projecteuler.net/problem=248.html]
[projecteuler.net/problem=249.html]
[projecteuler.net/problem=250.html]
[projecteuler.net/project/images/p251_cardano.gif]
[projecteuler.net/problem=251.html]
[projecteuler.net/project/images/p252_convexhole.gif]
[projecteuler.net/problem=252.html]
[projecteuler.net/problem=253.html]
[projecteuler.net/problem=254.html]
[projecteuler.net/project/images/p255_Heron.gif]
[projecteuler.net/project/images/p255_Example.gif]
[projecteuler.net/problem=255.html]
[projecteuler.net/project/images/p256_tatami3.gif]
[projecteuler.net/problem=256.html]
[projecteuler.net/project/images/p257_bisector.gif]
[projecteuler.net/problem=257.html]
[projecteuler.net/problem=258.html]
[projecteuler.net/problem=259.html]
[projecteuler.net/problem=260.html]
[projecteuler.net/problem=261.html]
[projecteuler.net/problem=262.html]
[projecteuler.net/project/images/p262_formula1.gif]
[projecteuler.net/problem=263.html]
[projecteuler.net/problem=264.html]
[projecteuler.net/project/images/p264_TriangleCentres.gif]
[projecteuler.net/problem=265.html]
[projecteuler.net/project/images/p265_BinaryCircles.gif]
[projecteuler.net/problem=266.html]
[projecteuler.net/problem=267.html]
[projecteuler.net/problem=268.html]
[projecteuler.net/problem=269.html]
[projecteuler.net/problem=270.html]
[projecteuler.net/project/images/p270_CutSquare.gif]
[projecteuler.net/problem=271.html]
[projecteuler.net/problem=272.html]
[projecteuler.net/problem=273.html]
[projecteuler.net/problem=274.html]
[projecteuler.net/project/images/p275_sculptures2.gif]
[projecteuler.net/problem=275.html]
[projecteuler.net/problem=276.html]
[projecteuler.net/problem=277.html]
[projecteuler.net/fastest=277.html]
[projecteuler.net/problem=278.html]
[projecteuler.net/fastest=278.html]
[projecteuler.net/problem=279.html]
[projecteuler.net/fastest=279.html]
[projecteuler.net/problem=280.html]
[projecteuler.net/fastest=280.html]
[projecteuler.net/project/images/p281_pizza.gif]
[projecteuler.net/problem=281.html]
[projecteuler.net/fastest=281.html]
[projecteuler.net/project/images/p282_formula.gif]
[projecteuler.net/project/images/p282formula3.gif]
[projecteuler.net/problem=282.html]
[projecteuler.net/fastest=282.html]
[projecteuler.net/problem=283.html]
[projecteuler.net/fastest=283.html]
[projecteuler.net/problem=284.html]
[projecteuler.net/fastest=284.html]
[projecteuler.net/problem=285.html]
[projecteuler.net/fastest=285.html]
[projecteuler.net/problem=286.html]
[projecteuler.net/fastest=286.html]
[projecteuler.net/problem=287.html]
[projecteuler.net/project/images/p287_quadtree.gif]
[projecteuler.net/fastest=287.html]
[projecteuler.net/problem=288.html]
[projecteuler.net/fastest=288.html]
[projecteuler.net/project/images/p289_euler.gif]
[projecteuler.net/problem=289.html]
[projecteuler.net/fastest=289.html]
[projecteuler.net/problem=290.html]
[projecteuler.net/fastest=290.html]
[projecteuler.net/project/images/p291_formula.gif]
[projecteuler.net/problem=291.html]
[projecteuler.net/fastest=291.html]
[projecteuler.net/problem=292.html]
[projecteuler.net/fastest=292.html]
[projecteuler.net/problem=293.html]
[projecteuler.net/fastest=293.html]
[projecteuler.net/problem=294.html]
[projecteuler.net/fastest=294.html]
[projecteuler.net/project/images/p295_lenticular.gif]
[projecteuler.net/problem=295.html]
[projecteuler.net/fastest=295.html]
[projecteuler.net/problem=296.html]
[projecteuler.net/project/images/p296_bisector.gif]
[projecteuler.net/fastest=296.html]
[projecteuler.net/problem=297.html]
[projecteuler.net/fastest=297.html]
[projecteuler.net/problem=298.html]
[projecteuler.net/fastest=298.html]
[projecteuler.net/problem=299.html]
[projecteuler.net/project/images/p299_ThreeSimTri.gif]
[projecteuler.net/fastest=299.html]
[projecteuler.net/problem=300.html]
[projecteuler.net/project/images/p300_protein.gif]
[projecteuler.net/fastest=300.html]
[projecteuler.net/problem=301.html]
[projecteuler.net/fastest=301.html]
[projecteuler.net/problem=302.html]
[projecteuler.net/fastest=302.html]
[projecteuler.net/project/images/p303_formula100.gif]
[projecteuler.net/project/images/p303_formula10000.gif]
[projecteuler.net/problem=303.html]
[projecteuler.net/fastest=303.html]
[projecteuler.net/problem=304.html]
[projecteuler.net/fastest=304.html]
[projecteuler.net/problem=305.html]
[projecteuler.net/fastest=305.html]
[projecteuler.net/project/images/p306_pstrip.gif]
[projecteuler.net/problem=306.html]
[projecteuler.net/fastest=306.html]
[projecteuler.net/problem=307.html]
[projecteuler.net/fastest=307.html]
[projecteuler.net/problem=308.html]
[projecteuler.net/fastest=308.html]
[projecteuler.net/problem=309.html]
[projecteuler.net/project/images/p309_ladders.gif]
[projecteuler.net/fastest=309.html]
[projecteuler.net/problem=310.html]
[projecteuler.net/fastest=310.html]
[projecteuler.net/problem=311.html]
[projecteuler.net/project/images/p311_biclinic.gif]
[projecteuler.net/fastest=311.html]
[projecteuler.net/project/images/p312_sierpinskyAt.gif]
[projecteuler.net/project/images/p312_sierpinsky8t.gif]
[projecteuler.net/problem=312.html]
[projecteuler.net/fastest=312.html]
[projecteuler.net/project/images/p313_sliding_game_1.gif]
[projecteuler.net/project/images/p313_sliding_game_2.gif]
[projecteuler.net/problem=313.html]
[projecteuler.net/fastest=313.html]
[projecteuler.net/problem=314.html]
[projecteuler.net/project/images/p314_landgrab.gif]
[projecteuler.net/fastest=314.html]
[projecteuler.net/project/images/p315_clocks.gif]
[projecteuler.net/problem=315.html]
[projecteuler.net/fastest=315.html]
[projecteuler.net/project/images/p316_decexp1.gif]
[projecteuler.net/project/images/p316_decexp2.gif]
[projecteuler.net/project/images/p316_decexp3.gif]
[projecteuler.net/problem=316.html]
[projecteuler.net/fastest=316.html]
[projecteuler.net/problem=317.html]
[projecteuler.net/fastest=317.html]
[projecteuler.net/problem=318.html]
[projecteuler.net/fastest=318.html]
[projecteuler.net/problem=319.html]
[projecteuler.net/fastest=319.html]
[projecteuler.net/problem=320.html]
[projecteuler.net/fastest=320.html]
[projecteuler.net/project/images/p321_swapping_counters_1.gif]
[projecteuler.net/project/images/p321_swapping_counters_2.gif]
[projecteuler.net/problem=321.html]
[projecteuler.net/fastest=321.html]
[projecteuler.net/problem=322.html]
[projecteuler.net/fastest=322.html]
[projecteuler.net/problem=323.html]
[projecteuler.net/fastest=323.html]
[projecteuler.net/problem=324.html]
[projecteuler.net/fastest=324.html]
[projecteuler.net/problem=325.html]
[projecteuler.net/fastest=325.html]
[projecteuler.net/project/images/p326_formula1.gif]
[projecteuler.net/problem=326.html]
[projecteuler.net/project/images/p326_formula2.gif]
[projecteuler.net/fastest=326.html]
[projecteuler.net/problem=327.html]
[projecteuler.net/project/images/p327_rooms_of_doom.gif]
[projecteuler.net/fastest=327.html]
[projecteuler.net/project/images/p328_sum1.gif]
[projecteuler.net/problem=328.html]
[projecteuler.net/project/images/p328_sum2.gif]
[projecteuler.net/fastest=328.html]
[projecteuler.net/problem=329.html]
[projecteuler.net/fastest=329.html]
[projecteuler.net/project/images/p330_formula.gif]
[projecteuler.net/problem=330.html]
[projecteuler.net/fastest=330.html]
[projecteuler.net/project/images/p331_crossflips3.gif]
[projecteuler.net/project/images/p331_crossflips1.gif]
[projecteuler.net/project/images/p331_crossflips2.gif]
[projecteuler.net/problem=331.html]
[projecteuler.net/fastest=331.html]
[projecteuler.net/project/images/p332_spherical.jpg]
[projecteuler.net/project/images/p332_sum.gif]
[projecteuler.net/problem=332.html]
[projecteuler.net/fastest=332.html]
[projecteuler.net/problem=333.html]
[projecteuler.net/fastest=333.html]
[projecteuler.net/project/images/p334_beans.gif]
[projecteuler.net/project/images/p334_cases.gif]
[projecteuler.net/project/images/p334_lfloor.gif]
[projecteuler.net/project/images/p334_rfloor.gif]
[projecteuler.net/project/images/p334_oplus.gif]
[projecteuler.net/problem=334.html]
[projecteuler.net/fastest=334.html]
[projecteuler.net/project/images/p335_mancala.gif]
[projecteuler.net/problem=335.html]
[projecteuler.net/project/images/p335_sum.gif]
[projecteuler.net/fastest=335.html]
[projecteuler.net/project/images/p336_maximix.gif]
[projecteuler.net/problem=336.html]
[projecteuler.net/fastest=336.html]
[projecteuler.net/problem=337.html]
[projecteuler.net/fastest=337.html]
[projecteuler.net/problem=338.html]
[projecteuler.net/project/images/p338_gridpaper.gif]
[projecteuler.net/fastest=338.html]
[projecteuler.net/problem=339.html]
[projecteuler.net/fastest=339.html]
[projecteuler.net/problem=340.html]
[projecteuler.net/project/images/p340_formula.gif]
[projecteuler.net/fastest=340.html]
[projecteuler.net/problem=341.html]
[projecteuler.net/fastest=341.html]
[projecteuler.net/problem=342.html]
[projecteuler.net/fastest=342.html]
[projecteuler.net/problem=343.html]
[projecteuler.net/fastest=343.html]
[projecteuler.net/problem=344.html]
[projecteuler.net/project/images/p344_silverdollar.gif]
[projecteuler.net/fastest=344.html]
[projecteuler.net/problem=345.html]
[projecteuler.net/fastest=345.html]
[projecteuler.net/problem=346.html]
[projecteuler.net/fastest=346.html]
[projecteuler.net/problem=347.html]
[projecteuler.net/fastest=347.html]
[projecteuler.net/problem=348.html]
[projecteuler.net/fastest=348.html]
[projecteuler.net/problem=349.html]
[projecteuler.net/fastest=349.html]
[projecteuler.net/problem=350.html]
[projecteuler.net/fastest=350.html]
[projecteuler.net/project/images/p351_hexorchard.png]
[projecteuler.net/problem=351.html]
[projecteuler.net/fastest=351.html]
[projecteuler.net/problem=352.html]
[projecteuler.net/fastest=352.html]
[projecteuler.net/problem=353.html]
[projecteuler.net/fastest=353.html]
[projecteuler.net/project/images/p354_bee_honeycomb.png]
[projecteuler.net/problem=354.html]
[projecteuler.net/fastest=354.html]
[projecteuler.net/problem=355.html]
[projecteuler.net/fastest=355.html]
[projecteuler.net/project/images/p356_cubicpoly1.gif]
[projecteuler.net/problem=356.html]
[projecteuler.net/project/images/p356_cubicpoly2.gif]
[projecteuler.net/fastest=356.html]
[projecteuler.net/problem=357.html]
[projecteuler.net/fastest=357.html]
[projecteuler.net/problem=358.html]
[projecteuler.net/fastest=358.html]
[projecteuler.net/problem=359.html]
[projecteuler.net/fastest=359.html]
[projecteuler.net/problem=360.html]
[projecteuler.net/fastest=360.html]
[projecteuler.net/problem=361.html]
[projecteuler.net/project/images/p361_Thue-Morse1.gif]
[projecteuler.net/fastest=361.html]
[projecteuler.net/problem=362.html]
[projecteuler.net/fastest=362.html]
[projecteuler.net/problem=363.html]
[projecteuler.net/project/images/p363_bezier.png]
[projecteuler.net/fastest=363.html]
[projecteuler.net/problem=364.html]
[projecteuler.net/project/images/p364_comf_dist.gif]
[projecteuler.net/fastest=364.html]
[projecteuler.net/problem=365.html]
[projecteuler.net/fastest=365.html]
[projecteuler.net/problem=366.html]
[projecteuler.net/fastest=366.html]
[projecteuler.net/problem=367.html]
[projecteuler.net/fastest=367.html]
[projecteuler.net/problem=368.html]
[projecteuler.net/fastest=368.html]
[projecteuler.net/problem=369.html]
[projecteuler.net/fastest=369.html]
[projecteuler.net/problem=370.html]
[projecteuler.net/fastest=370.html]
[projecteuler.net/problem=371.html]
[projecteuler.net/fastest=371.html]
[projecteuler.net/project/images/p372_pencilray1.jpg]
[projecteuler.net/problem=372.html]
[projecteuler.net/project/images/p372_pencilray2.gif]
[projecteuler.net/fastest=372.html]
[projecteuler.net/problem=373.html]
[projecteuler.net/fastest=373.html]
[projecteuler.net/problem=374.html]
[projecteuler.net/fastest=374.html]
[projecteuler.net/problem=375.html]
[projecteuler.net/fastest=375.html]
[projecteuler.net/problem=376.html]
[projecteuler.net/fastest=376.html]
[projecteuler.net/problem=377.html]
[projecteuler.net/fastest=377.html]
[projecteuler.net/problem=378.html]
[projecteuler.net/fastest=378.html]
[projecteuler.net/problem=379.html]
[projecteuler.net/fastest=379.html]
[projecteuler.net/project/images/p380_mazes.gif]
[projecteuler.net/problem=380.html]
[projecteuler.net/fastest=380.html]
[projecteuler.net/problem=381.html]
[projecteuler.net/fastest=381.html]
[projecteuler.net/problem=382.html]
[projecteuler.net/fastest=382.html]
[projecteuler.net/problem=383.html]
[projecteuler.net/fastest=383.html]
[projecteuler.net/problem=384.html]
[projecteuler.net/project/images/p384_formula.gif]
[projecteuler.net/fastest=384.html]
[projecteuler.net/project/images/p385_ellipsetriangle.png]
[projecteuler.net/problem=385.html]
[projecteuler.net/fastest=385.html]
[projecteuler.net/problem=386.html]
[projecteuler.net/fastest=386.html]
[projecteuler.net/problem=387.html]
[projecteuler.net/fastest=387.html]
[projecteuler.net/problem=388.html]
[projecteuler.net/fastest=388.html]
[projecteuler.net/problem=389.html]
[projecteuler.net/fastest=389.html]
[projecteuler.net/problem=390.html]
[projecteuler.net/fastest=390.html]
[projecteuler.net/problem=391.html]
[projecteuler.net/fastest=391.html]
[projecteuler.net/project/images/p392_gridlines.png]
[projecteuler.net/problem=392.html]
[projecteuler.net/fastest=392.html]
[projecteuler.net/problem=393.html]
[projecteuler.net/fastest=393.html]
[projecteuler.net/project/images/p394_eatpie.gif]
[projecteuler.net/problem=394.html]
[projecteuler.net/fastest=394.html]
[projecteuler.net/problem=395.html]
[projecteuler.net/project/images/p395_pythagorean.gif]
[projecteuler.net/fastest=395.html]
[projecteuler.net/problem=396.html]
[projecteuler.net/fastest=396.html]
[projecteuler.net/problem=397.html]
[projecteuler.net/fastest=397.html]
[projecteuler.net/problem=398.html]
[projecteuler.net/fastest=398.html]
[projecteuler.net/problem=399.html]
[projecteuler.net/fastest=399.html]
[projecteuler.net/problem=400.html]
[projecteuler.net/project/images/p400_winning.png]
[projecteuler.net/fastest=400.html]
[projecteuler.net/problem=401.html]
[projecteuler.net/fastest=401.html]
[projecteuler.net/problem=402.html]
[projecteuler.net/fastest=402.html]
[projecteuler.net/problem=403.html]
[projecteuler.net/fastest=403.html]
[projecteuler.net/problem=404.html]
[projecteuler.net/project/images/p404_c_ellipse.gif]
[projecteuler.net/fastest=404.html]
[projecteuler.net/project/images/p405_tile1.png]
[projecteuler.net/project/images/p405_tile2.gif]
[projecteuler.net/problem=405.html]
[projecteuler.net/fastest=405.html]
[projecteuler.net/problem=406.html]
[projecteuler.net/fastest=406.html]
[projecteuler.net/problem=407.html]
[projecteuler.net/fastest=407.html]
[projecteuler.net/problem=408.html]
[projecteuler.net/fastest=408.html]
[projecteuler.net/problem=409.html]
[projecteuler.net/fastest=409.html]
[projecteuler.net/problem=410.html]
[projecteuler.net/fastest=410.html]
[projecteuler.net/problem=411.html]
[projecteuler.net/project/images/p411_longpath.png]
[projecteuler.net/fastest=411.html]
[projecteuler.net/project/images/p412_table53.png]
[projecteuler.net/problem=412.html]
[projecteuler.net/project/images/p412_tablenums.png]
[projecteuler.net/fastest=412.html]
[projecteuler.net/problem=413.html]
[projecteuler.net/fastest=413.html]
[projecteuler.net/problem=414.html]
[projecteuler.net/fastest=414.html]
[projecteuler.net/problem=415.html]
[projecteuler.net/fastest=415.html]
[projecteuler.net/problem=416.html]
[projecteuler.net/fastest=416.html]
[projecteuler.net/problem=417.html]
[projecteuler.net/fastest=417.html]
[projecteuler.net/problem=418.html]
[projecteuler.net/fastest=418.html]
[projecteuler.net/problem=419.html]
[projecteuler.net/fastest=419.html]
[projecteuler.net/problem=420.html]
[projecteuler.net/project/images/p420_matrix.gif]
[projecteuler.net/fastest=420.html]
[projecteuler.net/problem=421.html]
[projecteuler.net/fastest=421.html]
[projecteuler.net/problem=422.html]
[projecteuler.net/project/images/p422_hyperbola.gif]
[projecteuler.net/fastest=422.html]
[projecteuler.net/problem=423.html]
[projecteuler.net/fastest=423.html]
[projecteuler.net/project/images/p424_kakuro1.gif]
[projecteuler.net/problem=424.html]
[projecteuler.net/project/resources/p424_kakuro200.txt]
[projecteuler.net/fastest=424.html]
[projecteuler.net/problem=425.html]
[projecteuler.net/fastest=425.html]
[projecteuler.net/project/images/p426_baxball1.gif]
[projecteuler.net/project/images/p426_baxball2.gif]
[projecteuler.net/problem=426.html]
[projecteuler.net/fastest=426.html]
[projecteuler.net/problem=427.html]
[projecteuler.net/fastest=427.html]
[projecteuler.net/problem=428.html]
[projecteuler.net/project/images/p428_necklace.png]
[projecteuler.net/fastest=428.html]
[projecteuler.net/problem=429.html]
[projecteuler.net/fastest=429.html]
[projecteuler.net/problem=430.html]
[projecteuler.net/project/images/p430_flips.gif]
[projecteuler.net/fastest=430.html]
[projecteuler.net/project/images/p431_grain_silo.png]
[projecteuler.net/problem=431.html]
[projecteuler.net/fastest=431.html]
[projecteuler.net/problem=432.html]
[projecteuler.net/fastest=432.html]
[projecteuler.net/problem=433.html]
[projecteuler.net/fastest=433.html]
[projecteuler.net/project/images/p434_rigid.gif]
[projecteuler.net/problem=434.html]
[projecteuler.net/project/images/p434_rigid23.png]
[projecteuler.net/fastest=434.html]
[projecteuler.net/problem=435.html]
[projecteuler.net/fastest=435.html]
[projecteuler.net/problem=436.html]
[projecteuler.net/fastest=436.html]
[projecteuler.net/problem=437.html]
[projecteuler.net/fastest=437.html]
[projecteuler.net/problem=438.html]
[projecteuler.net/fastest=438.html]
[projecteuler.net/problem=439.html]
[projecteuler.net/fastest=439.html]
[projecteuler.net/project/images/p440_tiles.png]
[projecteuler.net/problem=440.html]
[projecteuler.net/project/images/p440_some8.png]
[projecteuler.net/fastest=440.html]
[projecteuler.net/problem=441.html]
[projecteuler.net/fastest=441.html]
[projecteuler.net/problem=442.html]
[projecteuler.net/fastest=442.html]
[projecteuler.net/problem=443.html]
[projecteuler.net/fastest=443.html]
[projecteuler.net/problem=444.html]
[projecteuler.net/project/images/p444_sum.png]
[projecteuler.net/fastest=444.html]
[projecteuler.net/problem=445.html]
[projecteuler.net/fastest=445.html]
[projecteuler.net/problem=446.html]
[projecteuler.net/fastest=446.html]
[projecteuler.net/problem=447.html]
[projecteuler.net/fastest=447.html]
[projecteuler.net/problem=448.html]
[projecteuler.net/fastest=448.html]
[projecteuler.net/problem=449.html]
[projecteuler.net/fastest=449.html]
[projecteuler.net/problem=450.html]
[projecteuler.net/fastest=450.html]
[projecteuler.net/problem=451.html]
[projecteuler.net/fastest=451.html]
[projecteuler.net/problem=452.html]
[projecteuler.net/fastest=452.html]
[projecteuler.net/problem=453.html]
[projecteuler.net/project/images/p453_quad.png]
[projecteuler.net/fastest=453.html]
[projecteuler.net/problem=454.html]
[projecteuler.net/fastest=454.html]
[projecteuler.net/problem=455.html]
[projecteuler.net/fastest=455.html]
[projecteuler.net/problem=456.html]
[projecteuler.net/fastest=456.html]
[projecteuler.net/problem=457.html]
[projecteuler.net/fastest=457.html]
[projecteuler.net/problem=458.html]
[projecteuler.net/fastest=458.html]
[projecteuler.net/project/images/p459-flipping-game-0.png]
[projecteuler.net/project/images/p459-flipping-game-1.png]
[projecteuler.net/project/images/p459-flipping-game-2.png]
[projecteuler.net/problem=459.html]
[projecteuler.net/fastest=459.html]
[projecteuler.net/problem=460.html]
[projecteuler.net/project/images/p460_ant.jpg]
[projecteuler.net/fastest=460.html]
[projecteuler.net/problem=461.html]
[projecteuler.net/fastest=461.html]
[projecteuler.net/problem=462.html]
[projecteuler.net/fastest=462.html]
[projecteuler.net/problem=463.html]
[projecteuler.net/fastest=463.html]
[projecteuler.net/problem=464.html]
[projecteuler.net/fastest=464.html]
[projecteuler.net/problem=465.html]
[projecteuler.net/project/images/p465_polygons.png]
[projecteuler.net/fastest=465.html]
[projecteuler.net/problem=466.html]
[projecteuler.net/fastest=466.html]
[projecteuler.net/problem=467.html]
[projecteuler.net/fastest=467.html]
[projecteuler.net/problem=468.html]
[projecteuler.net/fastest=468.html]
[projecteuler.net/problem=469.html]
[projecteuler.net/fastest=469.html]
[projecteuler.net/problem=470.html]
[projecteuler.net/fastest=470.html]
[projecteuler.net/project/images/p471-triangle-inscribed-in-ellipse-1.png]
[projecteuler.net/problem=471.html]
[projecteuler.net/project/images/p471-triangle-inscribed-in-ellipse-2.png]
[projecteuler.net/fastest=471.html]
[projecteuler.net/problem=472.html]
[projecteuler.net/project/images/p472_n15.png]
[projecteuler.net/fastest=472.html]
[projecteuler.net/problem=473.html]
[projecteuler.net/fastest=473.html]
[projecteuler.net/problem=474.html]
[projecteuler.net/fastest=474.html]
[projecteuler.net/problem=475.html]
[projecteuler.net/fastest=475.html]
[projecteuler.net/problem=476.html]
[projecteuler.net/fastest=476.html]
[projecteuler.net/problem=477.html]
[projecteuler.net/fastest=477.html]
[projecteuler.net/problem=478.html]
[projecteuler.net/fastest=478.html]
[projecteuler.net/problem=479.html]
[projecteuler.net/fastest=479.html]
[projecteuler.net/problem=480.html]
[projecteuler.net/fastest=480.html]
[projecteuler.net/problem=481.html]
[projecteuler.net/fastest=481.html]
[projecteuler.net/problem=482.html]
[projecteuler.net/fastest=482.html]
[projecteuler.net/problem=483.html]
[projecteuler.net/fastest=483.html]
[projecteuler.net/problem=484.html]
[projecteuler.net/fastest=484.html]
[projecteuler.net/problem=485.html]
[projecteuler.net/fastest=485.html]
[projecteuler.net/problem=486.html]
[projecteuler.net/fastest=486.html]
[projecteuler.net/problem=487.html]
[projecteuler.net/fastest=487.html]
[projecteuler.net/problem=488.html]
[projecteuler.net/fastest=488.html]
[projecteuler.net/problem=489.html]
[projecteuler.net/fastest=489.html]
[projecteuler.net/problem=490.html]
[projecteuler.net/fastest=490.html]
[projecteuler.net/problem=491.html]
[projecteuler.net/fastest=491.html]
[projecteuler.net/problem=492.html]
[projecteuler.net/fastest=492.html]
[projecteuler.net/problem=493.html]
[projecteuler.net/fastest=493.html]
[projecteuler.net/about=roman_numerals.html]
[projecteuler.net/themes/default/pe_logo_default.png]
[projecteuler.net/themes/default/style_default.css]
[cdn.mathjax.org/mathjax/latest/MathJax7b8b.js]
[projecteuler.net/copyright.html]
[projecteuler.net/problems;page=2.html]
[projecteuler.net/recovery.html]
[projecteuler.net/about=roman_numerals.html]
