[www.tutorialspoint.com/postgresql/index.html]
[backblue.gif]
[fade.gif]
[index.html]
[www.tutorialspoint.com/scripts/jquery.min.js]
[www.tutorialspoint.com/scripts/mobile.js]
[www.tutorialspoint.com/scripts/prettify.js]
[www.google-analytics.com/urchin.js]
[www.tutorialspoint.com/images/icon-search.png]
[www.tutorialspoint.com/images/home-icon.png]
[www.tutorialspoint.com/images/nav-icon.png]
[www.tutorialspoint.com/images/postgresql-mini-logo.png]
[www.tutorialspoint.com/postgresql/index-2.html]
[www.tutorialspoint.com/postgresql/postgresql_overview.html]
[www.tutorialspoint.com/postgresql/postgresql_environment.html]
[www.tutorialspoint.com/postgresql/postgresql_syntax.html]
[www.tutorialspoint.com/postgresql/postgresql_data_types.html]
[www.tutorialspoint.com/postgresql/postgresql_create_database.html]
[www.tutorialspoint.com/postgresql/postgresql_select_database.html]
[www.tutorialspoint.com/postgresql/postgresql_drop_database.html]
[www.tutorialspoint.com/postgresql/postgresql_create_table.html]
[www.tutorialspoint.com/postgresql/postgresql_drop_table.html]
[www.tutorialspoint.com/postgresql/postgresql_schema.html]
[www.tutorialspoint.com/postgresql/postgresql_insert_query.html]
[www.tutorialspoint.com/postgresql/postgresql_select_query.html]
[www.tutorialspoint.com/postgresql/postgresql_operators.html]
[www.tutorialspoint.com/postgresql/postgresql_expressions.html]
[www.tutorialspoint.com/postgresql/postgresql_where_clause.html]
[www.tutorialspoint.com/postgresql/postgresql_and_or_clauses.html]
[www.tutorialspoint.com/postgresql/postgresql_update_query.html]
[www.tutorialspoint.com/postgresql/postgresql_delete_query.html]
[www.tutorialspoint.com/postgresql/postgresql_like_clause.html]
[www.tutorialspoint.com/postgresql/postgresql_limit_clause.html]
[www.tutorialspoint.com/postgresql/postgresql_order_by.html]
[www.tutorialspoint.com/postgresql/postgresql_group_by.html]
[www.tutorialspoint.com/postgresql/postgresql_with_clause.html]
[www.tutorialspoint.com/postgresql/postgresql_having_clause.html]
[www.tutorialspoint.com/postgresql/postgresql_distinct_keyword.html]
[www.tutorialspoint.com/postgresql/postgresql_constraints.html]
[www.tutorialspoint.com/postgresql/postgresql_using_joins.html]
[www.tutorialspoint.com/postgresql/postgresql_unions_clause.html]
[www.tutorialspoint.com/postgresql/postgresql_null_values.html]
[www.tutorialspoint.com/postgresql/postgresql_alias_syntax.html]
[www.tutorialspoint.com/postgresql/postgresql_triggers.html]
[www.tutorialspoint.com/postgresql/postgresql_indexes.html]
[www.tutorialspoint.com/postgresql/postgresql_alter_command.html]
[www.tutorialspoint.com/postgresql/postgresql_truncate_table.html]
[www.tutorialspoint.com/postgresql/postgresql_views.html]
[www.tutorialspoint.com/postgresql/postgresql_transactions.html]
[www.tutorialspoint.com/postgresql/postgresql_locks.html]
[www.tutorialspoint.com/postgresql/postgresql_sub_queries.html]
[www.tutorialspoint.com/postgresql/postgresql_using_autoincrement.html]
[www.tutorialspoint.com/postgresql/postgresql_privileges.html]
[www.tutorialspoint.com/postgresql/postgresql_date_time.html]
[www.tutorialspoint.com/postgresql/postgresql_functions.html]
[www.tutorialspoint.com/postgresql/postgresql_useful_functions.html]
[www.tutorialspoint.com/postgresql/postgresql_c_cpp.html]
[www.tutorialspoint.com/postgresql/postgresql_java.html]
[www.tutorialspoint.com/postgresql/postgresql_php.html]
[www.tutorialspoint.com/postgresql/postgresql_perl.html]
[www.tutorialspoint.com/postgresql/postgresql_python.html]
[www.tutorialspoint.com/postgresql/postgresql_quick_guide.html]
[www.tutorialspoint.com/postgresql/postgresql_useful_resources.html]
[www.tutorialspoint.com/images/postgresql.jpg]
[www.tutorialspoint.com/postgresql/postgresql_pdf_version.html]
[www.tutorialspoint.com/postgresql/pdf/index.pdf]
[pagead2.googlesyndication.com/pagead/js/f.txt]
[pagead2.googlesyndication.com/pagead/f.txt]
[www.tutorialspoint.com/postgresql/index.html]
[s7.addthis.com/js/250/addthis_widget.js]
[www.tutorialspoint.com/images/tp-simple3-logo.png]
[www.tutorialspoint.com/ruby/images/final-logo.png]
[www.tutorialspoint.com/images/icon-bullet.png]
[www.tutorialspoint.com/images/list-icon.png]
[www.tutorialspoint.com/images/list-icon-minus.png]
[www.tutorialspoint.com/images/sub-menu.gif]
[www.tutorialspoint.com/images/sprite.png]
[www.tutorialspoint.com/images/answer.png]
[www.tutorialspoint.com/images/footer.png]
[www.tutorialspoint.com/images/icon-twitter.png]
[www.tutorialspoint.com/images/icon-facebook.png]
[www.tutorialspoint.com/images/icon-rss.png]
[www.tutorialspoint.com/images/quote.png]
[www.tutorialspoint.com/images/link.png]
[www.tutorialspoint.com/scripts/style.css]
[www.tutorialspoint.com/scripts/prettify.css]
[www.tutorialspoint.com/postgresql/index-2.html]
[www.tutorialspoint.com/postgresql/pdf/postgresql_overview.pdf]
[www.tutorialspoint.com/postgresql/postgresql_overview.html]
[www.tutorialspoint.com/postgresql/images/postgresql-install-dir.jpg]
[www.tutorialspoint.com/postgresql/images/postgresql-install-data.jpg]
[www.tutorialspoint.com/postgresql/images/postgresql-install-password.jpg]
[www.tutorialspoint.com/postgresql/images/postgresql-install-port.jpg]
[www.tutorialspoint.com/postgresql/images/postgresql-install-finish.jpg]
[www.tutorialspoint.com/postgresql/images/postgresql-install-mac.jpg]
[www.tutorialspoint.com/postgresql/images/postgresql-password-mac.jpg]
[www.tutorialspoint.com/postgresql/images/postgresql-startinstall-mac.jpg]
[www.tutorialspoint.com/postgresql/images/postgresql-application-mac.jpg]
[www.tutorialspoint.com/postgresql/images/postgresql-sqlshell-mac.jpg]
[www.tutorialspoint.com/postgresql/pdf/postgresql_environment.pdf]
[www.tutorialspoint.com/postgresql/postgresql_environment.html]
[www.tutorialspoint.com/postgresql/pdf/postgresql_syntax.pdf]
[www.tutorialspoint.com/postgresql/postgresql_syntax.html]
[www.tutorialspoint.com/postgresql/pdf/postgresql_data_types.pdf]
[www.tutorialspoint.com/postgresql/postgresql_data_types.html]
[www.tutorialspoint.com/postgresql/pdf/postgresql_create_database.pdf]
[www.tutorialspoint.com/postgresql/postgresql_create_database.html]
[www.tutorialspoint.com/postgresql/pdf/postgresql_select_database.pdf]
[www.tutorialspoint.com/postgresql/postgresql_select_database.html]
[www.tutorialspoint.com/postgresql/pdf/postgresql_drop_database.pdf]
[www.tutorialspoint.com/postgresql/postgresql_drop_database.html]
[www.tutorialspoint.com/postgresql/pdf/postgresql_create_table.pdf]
[www.tutorialspoint.com/postgresql/postgresql_create_table.html]
[www.tutorialspoint.com/postgresql/pdf/postgresql_drop_table.pdf]
[www.tutorialspoint.com/postgresql/postgresql_drop_table.html]
[www.tutorialspoint.com/postgresql/pdf/postgresql_schema.pdf]
[www.tutorialspoint.com/postgresql/postgresql_schema.html]
[www.tutorialspoint.com/postgresql/pdf/postgresql_insert_query.pdf]
[www.tutorialspoint.com/postgresql/postgresql_insert_query.html]
[www.tutorialspoint.com/postgresql/company.sql]
[www.tutorialspoint.com/postgresql/pdf/postgresql_select_query.pdf]
[www.tutorialspoint.com/postgresql/postgresql_select_query.html]
[www.tutorialspoint.com/postgresql/postgresql_arithmetic-operators.html]
[www.tutorialspoint.com/postgresql/postgresql_comparison-operators.html]
[www.tutorialspoint.com/postgresql/postgresql_logical-operators.html]
[www.tutorialspoint.com/postgresql/postgresql_bitwise-operators.html]
[www.tutorialspoint.com/postgresql/pdf/postgresql_operators.pdf]
[www.tutorialspoint.com/postgresql/postgresql_operators.html]
[www.tutorialspoint.com/postgresql/pdf/postgresql_expressions.pdf]
[www.tutorialspoint.com/postgresql/postgresql_expressions.html]
[www.tutorialspoint.com/postgresql/pdf/postgresql_where_clause.pdf]
[www.tutorialspoint.com/postgresql/postgresql_where_clause.html]
[www.tutorialspoint.com/postgresql/pdf/postgresql_and_or_clauses.pdf]
[www.tutorialspoint.com/postgresql/postgresql_and_or_clauses.html]
[www.tutorialspoint.com/postgresql/pdf/postgresql_update_query.pdf]
[www.tutorialspoint.com/postgresql/postgresql_update_query.html]
[www.tutorialspoint.com/postgresql/pdf/postgresql_delete_query.pdf]
[www.tutorialspoint.com/postgresql/postgresql_delete_query.html]
[www.tutorialspoint.com/postgresql/pdf/postgresql_like_clause.pdf]
[www.tutorialspoint.com/postgresql/postgresql_like_clause.html]
[www.tutorialspoint.com/postgresql/pdf/postgresql_limit_clause.pdf]
[www.tutorialspoint.com/postgresql/postgresql_limit_clause.html]
[www.tutorialspoint.com/postgresql/pdf/postgresql_order_by.pdf]
[www.tutorialspoint.com/postgresql/postgresql_order_by.html]
[www.tutorialspoint.com/postgresql/pdf/postgresql_group_by.pdf]
[www.tutorialspoint.com/postgresql/postgresql_group_by.html]
[www.tutorialspoint.com/postgresql/pdf/postgresql_with_clause.pdf]
[www.tutorialspoint.com/postgresql/postgresql_with_clause.html]
[www.tutorialspoint.com/postgresql/pdf/postgresql_having_clause.pdf]
[www.tutorialspoint.com/postgresql/postgresql_having_clause.html]
[www.tutorialspoint.com/postgresql/pdf/postgresql_distinct_keyword.pdf]
[www.tutorialspoint.com/postgresql/postgresql_distinct_keyword.html]
[www.tutorialspoint.com/postgresql/pdf/postgresql_constraints.pdf]
[www.tutorialspoint.com/postgresql/postgresql_constraints.html]
[www.tutorialspoint.com/postgresql/pdf/postgresql_using_joins.pdf]
[www.tutorialspoint.com/postgresql/postgresql_using_joins.html]
[www.tutorialspoint.com/postgresql/department.sql]
[www.tutorialspoint.com/postgresql/pdf/postgresql_unions_clause.pdf]
[www.tutorialspoint.com/postgresql/postgresql_unions_clause.html]
[www.tutorialspoint.com/postgresql/pdf/postgresql_null_values.pdf]
[www.tutorialspoint.com/postgresql/postgresql_null_values.html]
[www.tutorialspoint.com/postgresql/pdf/postgresql_alias_syntax.pdf]
[www.tutorialspoint.com/postgresql/postgresql_alias_syntax.html]
[www.tutorialspoint.com/postgresql/pdf/postgresql_triggers.pdf]
[www.tutorialspoint.com/postgresql/postgresql_triggers.html]
[www.tutorialspoint.com/postgresql/pdf/postgresql_indexes.pdf]
[www.tutorialspoint.com/postgresql/postgresql_indexes.html]
[www.tutorialspoint.com/postgresql/pdf/postgresql_alter_command.pdf]
[www.tutorialspoint.com/postgresql/postgresql_alter_command.html]
[www.tutorialspoint.com/postgresql/pdf/postgresql_truncate_table.pdf]
[www.tutorialspoint.com/postgresql/postgresql_truncate_table.html]
[www.tutorialspoint.com/postgresql/pdf/postgresql_views.pdf]
[www.tutorialspoint.com/postgresql/postgresql_views.html]
[www.tutorialspoint.com/postgresql/pdf/postgresql_transactions.pdf]
[www.tutorialspoint.com/postgresql/postgresql_transactions.html]
[www.tutorialspoint.com/postgresql/pdf/postgresql_locks.pdf]
[www.tutorialspoint.com/postgresql/postgresql_locks.html]
[www.tutorialspoint.com/postgresql/pdf/postgresql_sub_queries.pdf]
[www.tutorialspoint.com/postgresql/postgresql_sub_queries.html]
[www.tutorialspoint.com/postgresql/pdf/postgresql_using_autoincrement.pdf]
[www.tutorialspoint.com/postgresql/postgresql_using_autoincrement.html]
[www.tutorialspoint.com/postgresql/pdf/postgresql_privileges.pdf]
[www.tutorialspoint.com/postgresql/postgresql_privileges.html]
[www.tutorialspoint.com/postgresql/pdf/postgresql_date_time.pdf]
[www.tutorialspoint.com/postgresql/postgresql_date_time.html]
[www.tutorialspoint.com/postgresql/pdf/postgresql_functions.pdf]
[www.tutorialspoint.com/postgresql/postgresql_functions.html]
[www.tutorialspoint.com/postgresql/postgresql_count_function.html]
[www.tutorialspoint.com/postgresql/postgresql_max_function.html]
[www.tutorialspoint.com/postgresql/postgresql_min_function.html]
[www.tutorialspoint.com/postgresql/postgresql_avg_function.html]
[www.tutorialspoint.com/postgresql/postgresql_sum_function.html]
[www.tutorialspoint.com/postgresql/postgresql_array_functions.html]
[www.tutorialspoint.com/postgresql/postgresql_numeric_functions.html]
[www.tutorialspoint.com/postgresql/postgresql_string_functions.html]
[www.tutorialspoint.com/postgresql/pdf/postgresql_useful_functions.pdf]
[www.tutorialspoint.com/postgresql/postgresql_useful_functions.html]
[www.tutorialspoint.com/postgresql/pdf/postgresql_c_cpp.pdf]
[www.tutorialspoint.com/postgresql/postgresql_c_cpp.html]
[www.tutorialspoint.com/postgresql/pdf/postgresql_java.pdf]
[www.tutorialspoint.com/postgresql/postgresql_java.html]
[www.tutorialspoint.com/postgresql/pdf/postgresql_php.pdf]
[www.tutorialspoint.com/postgresql/postgresql_php.html]
[www.tutorialspoint.com/postgresql/pdf/postgresql_perl.pdf]
[www.tutorialspoint.com/postgresql/postgresql_perl.html]
[www.tutorialspoint.com/postgresql/pdf/postgresql_python.pdf]
[www.tutorialspoint.com/postgresql/postgresql_python.html]
[www.tutorialspoint.com/postgresql/pdf/postgresql_quick_guide.pdf]
[www.tutorialspoint.com/postgresql/postgresql_quick_guide.html]
[ecx.images-amazon.com/images/I/51lc35xyuUL.jpg]
[ecx.images-amazon.com/images/I/51ZikyNCATL.jpg]
[ecx.images-amazon.com/images/I/519-ypaqptL.jpg]
[ecx.images-amazon.com/images/I/51OwH++4AHL.jpg]
[ecx.images-amazon.com/images/I/51EL0wD7xHL.jpg]
[ecx.images-amazon.com/images/I/51R1eBQiQPL.jpg]
[www.tutorialspoint.com/postgresql/pdf/postgresql_useful_resources.pdf]
[www.tutorialspoint.com/postgresql/postgresql_useful_resources.html]
[www.tutorialspoint.com/postgresql/postgresql_injection.a2.delayed]
[www.paypalobjects.com/en_GB/i/btn/btn_buynowCC_LG.gif]
[www.paypalobjects.com/en_GB/i/scr/pixel.gif]
[www.tutorialspoint.com/postgresql/postgresql_tutorial.pdf]
[www.tutorialspoint.com/images/pdf.jpg]
[www.tutorialspoint.com/postgresql/postgresql_pdf_version.html]
[www.tutorialspoint.com/scripts/star.html]
[www.tutorialspoint.com/postgresql/pdf/postgresql_arithmetic-operators.pdf]
[www.tutorialspoint.com/postgresql/postgresql_arithmetic-operators.html]
[www.tutorialspoint.com/postgresql/pdf/postgresql_comparison-operators.pdf]
[www.tutorialspoint.com/postgresql/postgresql_comparison-operators.html]
[www.tutorialspoint.com/postgresql/pdf/postgresql_logical-operators.pdf]
[www.tutorialspoint.com/postgresql/postgresql_logical-operators.html]
[www.tutorialspoint.com/postgresql/pdf/postgresql_bitwise-operators.pdf]
[www.tutorialspoint.com/postgresql/postgresql_bitwise-operators.html]
[www.tutorialspoint.com/postgresql/pdf/postgresql_count_function.pdf]
[www.tutorialspoint.com/postgresql/postgresql_count_function.html]
[www.tutorialspoint.com/postgresql/pdf/postgresql_max_function.pdf]
[www.tutorialspoint.com/postgresql/postgresql_max_function.html]
[www.tutorialspoint.com/postgresql/pdf/postgresql_min_function.pdf]
[www.tutorialspoint.com/postgresql/postgresql_min_function.html]
[www.tutorialspoint.com/postgresql/pdf/postgresql_avg_function.pdf]
[www.tutorialspoint.com/postgresql/postgresql_avg_function.html]
[www.tutorialspoint.com/postgresql/pdf/postgresql_sum_function.pdf]
[www.tutorialspoint.com/postgresql/postgresql_sum_function.html]
[www.tutorialspoint.com/postgresql/pdf/postgresql_array_functions.pdf]
[www.tutorialspoint.com/postgresql/postgresql_array_functions.html]
[www.tutorialspoint.com/postgresql/pdf/postgresql_numeric_functions.pdf]
[www.tutorialspoint.com/postgresql/postgresql_numeric_functions.html]
[www.tutorialspoint.com/postgresql/pdf/postgresql_string_functions.pdf]
[www.tutorialspoint.com/postgresql/postgresql_string_functions.html]
[www.tutorialspoint.com/postgresql/postgresql_injection.html]
